Command line invocation:
    /Applications/Xcode.app/Contents/Developer/usr/bin/xcodebuild test-without-building -xctestrun /private/tmp/k0506-disposal-b198e2e37/ios/VoiceKernelDriver/.derived/Build/Products/DriverUITests_iphoneos26.2-arm64.xctestrun -destination id=00008140-00163D9922E0801C -collect-test-diagnostics never "-only-testing:DriverUITests/K00DriverTests/testTerminateOnly"

2026-09-15 14:13:13.654 xcodebuild[21587:31505395] [MT] IDERunDestination: Supported platforms for the buildables in the current scheme is empty.
2026-09-15 14:13:13.657 xcodebuild[21587:31505395] [MT] IDERunDestination: Supported platforms for the buildables in the current scheme is empty.
2026-09-15 14:13:13.755 xcodebuild[21587:31505395] [MT] IDERunDestination: Supported platforms for the buildables in the current scheme is empty.
2026-09-15 14:13:13.861 xcodebuild[21587:31505395] [MT] IDERunDestination: Supported platforms for the buildables in the current scheme is empty.
--- xcodebuild: WARNING: Using the first of multiple matching destinations:
{ platform:iOS, arch:arm64e, id:00008140-00163D9922E0801C, name:Kelly Nezat’s iPhone }
{ platform:iOS, arch:arm64, id:00008140-00163D9922E0801C, name:Kelly Nezat’s iPhone }
2026-09-15 14:13:14.061 xcodebuild[21587:31505395] [MT] IDERunDestination: Supported platforms for the buildables in the current scheme is empty.
2026-09-15 14:13:14.262 xcodebuild[21587:31505395] [MT] IDERunDestination: Supported platforms for the buildables in the current scheme is empty.
2026-09-15 14:13:17.082859-0400 DriverUITests-Runner[2363:386256] [Default] Running tests...
    t =      nans Interface orientation changed to Portrait
Test Suite 'Selected tests' started at 2026-09-15 14:13:17.661.
Test Suite 'DriverUITests.xctest' started at 2026-09-15 14:13:17.661.
Test Suite 'K00DriverTests' started at 2026-09-15 14:13:17.662.
Test Case '-[DriverUITests.K00DriverTests testTerminateOnly]' started.
    t =     0.00s Start Test at 2026-09-15 14:13:17.662
    t =     0.02s Set Up
    t =     0.02s Terminate life.soullab.voicekernel.vpio01:2099
2026-09-15 14:13:17.836 xcodebuild[21587:31505395] [MT] IDERunDestination: Supported platforms for the buildables in the current scheme is empty.
    t =     1.07s Wait for life.soullab.voicekernel.vpio01 to become Not Running
    t =     1.07s Tear Down
Test Case '-[DriverUITests.K00DriverTests testTerminateOnly]' passed (1.080 seconds).
Test Suite 'K00DriverTests' passed at 2026-09-15 14:13:18.744.
	 Executed 1 test, with 0 failures (0 unexpected) in 1.080 (1.082) seconds
Test Suite 'DriverUITests.xctest' passed at 2026-09-15 14:13:18.745.
	 Executed 1 test, with 0 failures (0 unexpected) in 1.080 (1.084) seconds
Test Suite 'Selected tests' passed at 2026-09-15 14:13:18.751.
	 Executed 1 test, with 0 failures (0 unexpected) in 1.080 (1.090) seconds
2026-09-15 14:13:18.879 xcodebuild[21587:31505395] [MT] IDERunDestination: Supported platforms for the buildables in the current scheme is empty.
2026-09-15 14:13:19.023 xcodebuild[21587:31505395] [MT] IDETestOperationsObserverDebug: 4.961 elapsed -- Testing started completed.
2026-09-15 14:13:19.023 xcodebuild[21587:31505395] [MT] IDETestOperationsObserverDebug: 0.000 sec, +0.000 sec -- start
2026-09-15 14:13:19.023 xcodebuild[21587:31505395] [MT] IDETestOperationsObserverDebug: 4.961 sec, +4.961 sec -- end

Test session results, code coverage, and logs:
	/Users/soullab/Library/Developer/Xcode/DerivedData/VoiceKernelDriver-gdugjzlbdbwixdfwpjrfftcqtzgk/Logs/Test/Test-DriverUITests-2026.09.15_14-13-13--0400.xcresult

** TEST EXECUTE SUCCEEDED **

Testing started
