[19:19:55] xcodegen generate (driver project only; gitignored, regenerated per checkout)
[19:19:55] build-for-testing (driver only; the harness is untouched)
[19:19:56] xctestrun: /private/tmp/voice-driver-01/ios/VoiceKernelDriver/.derived/Build/Products/DriverUITests_iphoneos26.2-arm64.xctestrun
[19:19:57] sample 1/30 — precondition
[19:19:57] sample 1/30 — driver (testOneSample, mode L)
[19:20:30] sample 1 ledgered: kernel00-K00-5798eff1-1789240822.jsonl
[19:20:30] sample 2/30 — precondition
[19:20:30] sample 2/30 — driver (testOneSample, mode L)
[19:21:03] sample 2 ledgered: kernel00-K00-8718c7e0-1789240855.jsonl
[19:21:03] sample 3/30 — precondition
[19:21:04] sample 3/30 — driver (testOneSample, mode L)
[19:21:36] sample 3 ledgered: kernel00-K00-541b50c9-1789240888.jsonl
[19:21:36] sample 4/30 — precondition
[19:21:36] sample 4/30 — driver (testOneSample, mode L)
[19:22:09] sample 4 ledgered: kernel00-K00-075125a0-1789240921.jsonl
[19:22:09] sample 5/30 — precondition
[19:22:09] sample 5/30 — driver (testOneSample, mode L)
[19:22:43] sample 5 ledgered: kernel00-K00-faf8fa3e-1789240954.jsonl
[19:22:43] sample 6/30 — precondition
[19:22:43] sample 6/30 — driver (testOneSample, mode L)
[19:23:16] sample 6 ledgered: kernel00-K00-064f9168-1789240988.jsonl
[19:23:16] sample 7/30 — precondition
[19:23:17] sample 7/30 — driver (testOneSample, mode L)
[19:23:50] sample 8/30 — precondition
[19:23:50] sample 8/30 — driver (testOneSample, mode L)
[19:24:24] sample 8 ledgered: kernel00-K00-00ac884a-1789238530.jsonl
[19:24:24] sample 8 ledgered: kernel00-K00-029de96a-1789239880.jsonl
[19:24:24] sample 8 ledgered: kernel00-K00-04ea1b8a-1789238621.jsonl
[19:24:24] sample 8 ledgered: kernel00-K00-064f9168-1789240988.jsonl
[19:24:24] sample 8 ledgered: kernel00-K00-075125a0-1789240921.jsonl
[19:24:25] sample 8 ledgered: kernel00-K00-15ea8bfa-1789238440.jsonl
[19:24:25] sample 8 ledgered: kernel00-K00-18f515e1-1789225392.jsonl
[19:24:25] sample 8 ledgered: kernel00-K00-1962f04b-1789231600.jsonl
[19:24:25] sample 8 ledgered: kernel00-K00-19dcd43c-1789238826.jsonl
[19:24:25] sample 8 ledgered: kernel00-K00-24694629-1789225445.jsonl
[19:24:25] sample 8 ledgered: kernel00-K00-248d5aa6-1789223647.jsonl
[19:24:26] sample 8 ledgered: kernel00-K00-248d5aa6-1789223989.jsonl
[19:24:26] sample 8 ledgered: kernel00-K00-251a87ec-1789238888.jsonl
[19:24:26] sample 8 ledgered: kernel00-K00-330a0a3d-1789232732.jsonl
[19:24:26] sample 8 ledgered: kernel00-K00-3328bd74-1789231654.jsonl
[19:24:26] sample 8 ledgered: kernel00-K00-3585a3c7-1789152361.jsonl
[19:24:27] sample 8 ledgered: kernel00-K00-39f20e70-1789239232.jsonl
[19:24:27] sample 8 ledgered: kernel00-K00-42e53402-1789229978.jsonl
[19:24:27] sample 8 ledgered: kernel00-K00-49d51376-1789239137.jsonl
[19:24:27] sample 8 ledgered: kernel00-K00-4d509ee9-1789234066.jsonl
[19:24:27] sample 8 ledgered: kernel00-K00-52781559-1789239945.jsonl
[19:24:27] sample 8 ledgered: kernel00-K00-533addf9-1789226767.jsonl
[19:24:28] sample 8 ledgered: kernel00-K00-541b50c9-1789240888.jsonl
[19:24:28] sample 8 ledgered: kernel00-K00-55471e75-1789231684.jsonl
[19:24:28] sample 8 ledgered: kernel00-K00-5798eff1-1789240822.jsonl
[19:24:28] sample 8 ledgered: kernel00-K00-5af7c962-1789238221.jsonl
[19:24:28] sample 8 ledgered: kernel00-K00-5f2c9cb1-1789226936.jsonl
[19:24:28] sample 8 ledgered: kernel00-K00-5f5aa5e1-1789238734.jsonl
[19:24:29] sample 8 ledgered: kernel00-K00-60b39da7-1789239200.jsonl
[19:24:29] sample 8 ledgered: kernel00-K00-66cb68e9-1789238919.jsonl
[19:24:29] sample 8 ledgered: kernel00-K00-6cd646bc-1789239264.jsonl
[19:24:29] sample 8 ledgered: kernel00-K00-7368ad1a-1789239912.jsonl
[19:24:29] sample 8 ledgered: kernel00-K00-73b1c610-1789224075.jsonl
[19:24:30] sample 8 ledgered: kernel00-K00-7723640f-1789238765.jsonl
[19:24:30] sample 8 ledgered: kernel00-K00-8718c7e0-1789240855.jsonl
[19:24:30] sample 8 ledgered: kernel00-K00-89a13224-1789229935.jsonl
[19:24:30] sample 8 ledgered: kernel00-K00-916ed35a-1789232767.jsonl
[19:24:30] sample 8 ledgered: kernel00-K00-91ae0f84-1789241055.jsonl
[19:24:30] sample 8 ledgered: kernel00-K00-935a2760-1789238950.jsonl
[19:24:31] sample 8 ledgered: kernel00-K00-983b2f79-1789223298.jsonl
[19:24:31] sample 8 ledgered: kernel00-K00-9a6fba43-1789239012.jsonl
[19:24:31] sample 8 ledgered: kernel00-K00-9fc34c4b-1789239782.jsonl
[19:24:31] sample 8 ledgered: kernel00-K00-a34c0c26-1789239329.jsonl
[19:24:31] sample 8 ledgered: kernel00-K00-a366bc91-1789238591.jsonl
[19:24:31] sample 8 ledgered: kernel00-K00-a54bc8ee-1789232649.jsonl
[19:24:32] sample 8 ledgered: kernel00-K00-a746f2db-1789238704.jsonl
[19:24:32] sample 8 ledgered: kernel00-K00-a7d20733-1789239847.jsonl
[19:24:32] sample 8 ledgered: kernel00-K00-aab70794-1789239075.jsonl
[19:24:32] sample 8 ledgered: kernel00-K00-af35a0a8-1789238500.jsonl
[19:24:32] sample 8 ledgered: kernel00-K00-b0066fcf-1789226572.jsonl
[19:24:32] sample 8 ledgered: kernel00-K00-b4e85554-1789238796.jsonl
[19:24:33] sample 8 ledgered: kernel00-K00-b6458f90-1789241021.jsonl
[19:24:33] sample 8 ledgered: kernel00-K00-b999b93c-1789238410.jsonl
[19:24:33] sample 8 ledgered: kernel00-K00-be40c1cb-1789232676.jsonl
[19:24:33] sample 8 ledgered: kernel00-K00-c0deb027-1789238162.jsonl
[19:24:33] sample 8 ledgered: kernel00-K00-c187e547-1789232545.jsonl
[19:24:34] sample 8 ledgered: kernel00-K00-c3308f83-1789238192.jsonl
[19:24:34] sample 8 ledgered: kernel00-K00-c3c4333d-1789239717.jsonl
[19:24:34] sample 8 ledgered: kernel00-K00-c66629be-1789239043.jsonl
[19:24:34] sample 8 ledgered: kernel00-K00-c7385590-1789239815.jsonl
[19:24:34] sample 8 ledgered: kernel00-K00-c8f13ca9-1789230011.jsonl
[19:24:34] sample 8 ledgered: kernel00-K00-c9bdd9a0-1789222918.jsonl
[19:24:35] sample 8 ledgered: kernel00-K00-ca747f10-1789239296.jsonl
[19:24:35] sample 8 ledgered: kernel00-K00-cb592536-1789238981.jsonl
[19:24:35] sample 8 ledgered: kernel00-K00-cdfb41a9-1789239169.jsonl
[19:24:35] sample 8 ledgered: kernel00-K00-ce69303e-1789228839.jsonl
[19:24:35] sample 8 ledgered: kernel00-K00-ce7a7e48-1789228757.jsonl
[19:24:35] sample 8 ledgered: kernel00-K00-cf71e6ed-1789238470.jsonl
[19:24:36] sample 8 ledgered: kernel00-K00-d2780a55-1789231556.jsonl
[19:24:36] sample 8 ledgered: kernel00-K00-d2b86a41-1789239106.jsonl
[19:24:36] sample 8 ledgered: kernel00-K00-dd33d8f4-1789158225.jsonl
[19:24:36] sample 8 ledgered: kernel00-K00-e5767d78-1789238857.jsonl
[19:24:36] sample 8 ledgered: kernel00-K00-e7376ee7-1789239750.jsonl
[19:24:36] sample 8 ledgered: kernel00-K00-ea8d431d-1789232840.jsonl
[19:24:37] sample 8 ledgered: kernel00-K00-edce7a4e-1789238651.jsonl
[19:24:37] sample 8 ledgered: kernel00-K00-ee851a05-1789238560.jsonl
[19:24:37] sample 8 ledgered: kernel00-K00-f808cb65-1789228808.jsonl
[19:24:37] sample 8 ledgered: kernel00-K00-faf8fa3e-1789240954.jsonl
[19:24:37] sample 8 ledgered: kernel00-K00-fe6593f4-1789227524.jsonl
[19:24:37] sample 9/30 — precondition
[19:24:38] sample 9/30 — driver (testOneSample, mode L)
[19:25:12] sample 9 ledgered: kernel00-K00-30b56212-1789241102.jsonl
[19:25:12] sample 10/30 — precondition
[19:25:13] sample 10/30 — driver (testOneSample, mode L)
[19:25:48] sample 10 ledgered: kernel00-K00-514464fd-1789241137.jsonl
[19:25:48] sample 11/30 — precondition
[19:25:48] sample 11/30 — driver (testOneSample, mode L)
[19:26:23] sample 11 ledgered: kernel00-K00-ff7c4dd9-1789241172.jsonl
[19:26:23] sample 12/30 — precondition
[19:26:23] sample 12/30 — driver (testOneSample, mode L)
[19:26:58] sample 12 ledgered: kernel00-K00-496783f7-1789241207.jsonl
[19:26:58] sample 13/30 — precondition
[19:26:58] sample 13/30 — driver (testOneSample, mode L)
[19:27:33] sample 13 ledgered: kernel00-K00-6086905e-1789241243.jsonl
[19:27:33] sample 14/30 — precondition
[19:27:33] sample 14/30 — driver (testOneSample, mode L)
[19:28:09] sample 14 ledgered: kernel00-K00-d952665a-1789241278.jsonl
[19:28:09] sample 15/30 — precondition
[19:28:09] sample 15/30 — driver (testOneSample, mode L)
[19:28:44] sample 16/30 — precondition
[19:28:44] sample 16/30 — driver (testOneSample, mode L)
[19:29:22] sample 16 ledgered: kernel00-K00-00ac884a-1789238530.jsonl
[19:29:22] sample 16 ledgered: kernel00-K00-029de96a-1789239880.jsonl
[19:29:22] sample 16 ledgered: kernel00-K00-04ea1b8a-1789238621.jsonl
[19:29:23] sample 16 ledgered: kernel00-K00-064f9168-1789240988.jsonl
[19:29:23] sample 16 ledgered: kernel00-K00-075125a0-1789240921.jsonl
[19:29:23] sample 16 ledgered: kernel00-K00-11ba3904-1789241314.jsonl
[19:29:23] sample 16 ledgered: kernel00-K00-15ea8bfa-1789238440.jsonl
[19:29:23] sample 16 ledgered: kernel00-K00-18f515e1-1789225392.jsonl
[19:29:23] sample 16 ledgered: kernel00-K00-1962f04b-1789231600.jsonl
[19:29:24] sample 16 ledgered: kernel00-K00-19dcd43c-1789238826.jsonl
[19:29:24] sample 16 ledgered: kernel00-K00-24694629-1789225445.jsonl
[19:29:24] sample 16 ledgered: kernel00-K00-248d5aa6-1789223647.jsonl
[19:29:24] sample 16 ledgered: kernel00-K00-248d5aa6-1789223989.jsonl
[19:29:24] sample 16 ledgered: kernel00-K00-251a87ec-1789238888.jsonl
[19:29:25] sample 16 ledgered: kernel00-K00-30b56212-1789241102.jsonl
[19:29:25] sample 16 ledgered: kernel00-K00-330a0a3d-1789232732.jsonl
[19:29:25] sample 16 ledgered: kernel00-K00-3328bd74-1789231654.jsonl
[19:29:25] sample 16 ledgered: kernel00-K00-3585a3c7-1789152361.jsonl
[19:29:25] sample 16 ledgered: kernel00-K00-39f20e70-1789239232.jsonl
[19:29:26] sample 16 ledgered: kernel00-K00-42e53402-1789229978.jsonl
[19:29:26] sample 16 ledgered: kernel00-K00-496783f7-1789241207.jsonl
[19:29:26] sample 16 ledgered: kernel00-K00-49d51376-1789239137.jsonl
[19:29:26] sample 16 ledgered: kernel00-K00-4d509ee9-1789234066.jsonl
[19:29:26] sample 16 ledgered: kernel00-K00-514464fd-1789241137.jsonl
[19:29:27] sample 16 ledgered: kernel00-K00-52781559-1789239945.jsonl
[19:29:27] sample 16 ledgered: kernel00-K00-533addf9-1789226767.jsonl
[19:29:27] sample 16 ledgered: kernel00-K00-541b50c9-1789240888.jsonl
[19:29:27] sample 16 ledgered: kernel00-K00-55471e75-1789231684.jsonl
[19:29:27] sample 16 ledgered: kernel00-K00-5798eff1-1789240822.jsonl
[19:29:27] sample 16 ledgered: kernel00-K00-5a298e70-1789241350.jsonl
[19:29:28] sample 16 ledgered: kernel00-K00-5af7c962-1789238221.jsonl
[19:29:28] sample 16 ledgered: kernel00-K00-5f2c9cb1-1789226936.jsonl
[19:29:28] sample 16 ledgered: kernel00-K00-5f5aa5e1-1789238734.jsonl
[19:29:28] sample 16 ledgered: kernel00-K00-6086905e-1789241243.jsonl
[19:29:28] sample 16 ledgered: kernel00-K00-60b39da7-1789239200.jsonl
[19:29:29] sample 16 ledgered: kernel00-K00-66cb68e9-1789238919.jsonl
[19:29:29] sample 16 ledgered: kernel00-K00-6cd646bc-1789239264.jsonl
[19:29:29] sample 16 ledgered: kernel00-K00-7368ad1a-1789239912.jsonl
[19:29:29] sample 16 ledgered: kernel00-K00-73b1c610-1789224075.jsonl
[19:29:29] sample 16 ledgered: kernel00-K00-7723640f-1789238765.jsonl
[19:29:30] sample 16 ledgered: kernel00-K00-8718c7e0-1789240855.jsonl
[19:29:30] sample 16 ledgered: kernel00-K00-89a13224-1789229935.jsonl
[19:29:30] sample 16 ledgered: kernel00-K00-916ed35a-1789232767.jsonl
[19:29:30] sample 16 ledgered: kernel00-K00-91ae0f84-1789241055.jsonl
[19:29:30] sample 16 ledgered: kernel00-K00-935a2760-1789238950.jsonl
[19:29:31] sample 16 ledgered: kernel00-K00-983b2f79-1789223298.jsonl
[19:29:31] sample 16 ledgered: kernel00-K00-9a6fba43-1789239012.jsonl
[19:29:31] sample 16 ledgered: kernel00-K00-9fc34c4b-1789239782.jsonl
[19:29:31] sample 16 ledgered: kernel00-K00-a34c0c26-1789239329.jsonl
[19:29:31] sample 16 ledgered: kernel00-K00-a366bc91-1789238591.jsonl
[19:29:31] sample 16 ledgered: kernel00-K00-a54bc8ee-1789232649.jsonl
[19:29:32] sample 16 ledgered: kernel00-K00-a746f2db-1789238704.jsonl
[19:29:32] sample 16 ledgered: kernel00-K00-a7d20733-1789239847.jsonl
[19:29:32] sample 16 ledgered: kernel00-K00-aab70794-1789239075.jsonl
[19:29:32] sample 16 ledgered: kernel00-K00-af35a0a8-1789238500.jsonl
[19:29:32] sample 16 ledgered: kernel00-K00-b0066fcf-1789226572.jsonl
[19:29:33] sample 16 ledgered: kernel00-K00-b4e85554-1789238796.jsonl
[19:29:33] sample 16 ledgered: kernel00-K00-b6458f90-1789241021.jsonl
[19:29:33] sample 16 ledgered: kernel00-K00-b999b93c-1789238410.jsonl
[19:29:33] sample 16 ledgered: kernel00-K00-be40c1cb-1789232676.jsonl
[19:29:33] sample 16 ledgered: kernel00-K00-c0deb027-1789238162.jsonl
[19:29:33] sample 16 ledgered: kernel00-K00-c187e547-1789232545.jsonl
[19:29:34] sample 16 ledgered: kernel00-K00-c3308f83-1789238192.jsonl
[19:29:34] sample 16 ledgered: kernel00-K00-c3c4333d-1789239717.jsonl
[19:29:34] sample 16 ledgered: kernel00-K00-c66629be-1789239043.jsonl
[19:29:34] sample 16 ledgered: kernel00-K00-c7385590-1789239815.jsonl
[19:29:34] sample 16 ledgered: kernel00-K00-c8f13ca9-1789230011.jsonl
[19:29:35] sample 16 ledgered: kernel00-K00-c9bdd9a0-1789222918.jsonl
[19:29:35] sample 16 ledgered: kernel00-K00-ca747f10-1789239296.jsonl
[19:29:35] sample 16 ledgered: kernel00-K00-cb592536-1789238981.jsonl
[19:29:35] sample 16 ledgered: kernel00-K00-cdfb41a9-1789239169.jsonl
[19:29:35] sample 16 ledgered: kernel00-K00-ce69303e-1789228839.jsonl
[19:29:35] sample 16 ledgered: kernel00-K00-ce7a7e48-1789228757.jsonl
[19:29:36] sample 16 ledgered: kernel00-K00-cf71e6ed-1789238470.jsonl
[19:29:36] sample 16 ledgered: kernel00-K00-d2780a55-1789231556.jsonl
[19:29:36] sample 16 ledgered: kernel00-K00-d2b86a41-1789239106.jsonl
[19:29:36] sample 16 ledgered: kernel00-K00-d952665a-1789241278.jsonl
[19:29:36] sample 16 ledgered: kernel00-K00-dd33d8f4-1789158225.jsonl
[19:29:37] sample 16 ledgered: kernel00-K00-e5767d78-1789238857.jsonl
[19:29:37] sample 16 ledgered: kernel00-K00-e7376ee7-1789239750.jsonl
[19:29:37] sample 16 ledgered: kernel00-K00-ea8d431d-1789232840.jsonl
[19:29:37] sample 16 ledgered: kernel00-K00-edce7a4e-1789238651.jsonl
[19:29:37] sample 16 ledgered: kernel00-K00-ee851a05-1789238560.jsonl
[19:29:37] sample 16 ledgered: kernel00-K00-f808cb65-1789228808.jsonl
[19:29:38] sample 16 ledgered: kernel00-K00-faf8fa3e-1789240954.jsonl
[19:29:38] sample 16 ledgered: kernel00-K00-fe6593f4-1789227524.jsonl
[19:29:38] sample 16 ledgered: kernel00-K00-ff7c4dd9-1789241172.jsonl
[19:29:38] sample 17/30 — precondition
[19:29:38] sample 17/30 — driver (testOneSample, mode L)
[19:30:16] sample 18/30 — precondition
[19:30:17] sample 18/30 — driver (testOneSample, mode L)
[19:30:54] sample 18 ledgered: kernel00-K00-00ac884a-1789238530.jsonl
[19:30:54] sample 18 ledgered: kernel00-K00-029de96a-1789239880.jsonl
[19:30:54] sample 18 ledgered: kernel00-K00-04ea1b8a-1789238621.jsonl
[19:30:54] sample 18 ledgered: kernel00-K00-064f9168-1789240988.jsonl
[19:30:55] sample 18 ledgered: kernel00-K00-075125a0-1789240921.jsonl
[19:30:55] sample 18 ledgered: kernel00-K00-094aefed-1789241404.jsonl
[19:30:55] sample 18 ledgered: kernel00-K00-11ba3904-1789241314.jsonl
[19:30:55] sample 18 ledgered: kernel00-K00-15ea8bfa-1789238440.jsonl
[19:30:55] sample 18 ledgered: kernel00-K00-18f515e1-1789225392.jsonl
[19:30:56] sample 18 ledgered: kernel00-K00-1962f04b-1789231600.jsonl
[19:30:56] sample 18 ledgered: kernel00-K00-19dcd43c-1789238826.jsonl
[19:30:56] sample 18 ledgered: kernel00-K00-24694629-1789225445.jsonl
[19:30:56] sample 18 ledgered: kernel00-K00-248d5aa6-1789223647.jsonl
[19:30:56] sample 18 ledgered: kernel00-K00-248d5aa6-1789223989.jsonl
[19:30:57] sample 18 ledgered: kernel00-K00-251a87ec-1789238888.jsonl
[19:30:57] sample 18 ledgered: kernel00-K00-30b56212-1789241102.jsonl
[19:30:57] sample 18 ledgered: kernel00-K00-330a0a3d-1789232732.jsonl
[19:30:57] sample 18 ledgered: kernel00-K00-3328bd74-1789231654.jsonl
[19:30:57] sample 18 ledgered: kernel00-K00-3585a3c7-1789152361.jsonl
[19:30:57] sample 18 ledgered: kernel00-K00-39f20e70-1789239232.jsonl
[19:30:58] sample 18 ledgered: kernel00-K00-3ed37c7c-1789241441.jsonl
[19:30:58] sample 18 ledgered: kernel00-K00-42e53402-1789229978.jsonl
[19:30:58] sample 18 ledgered: kernel00-K00-496783f7-1789241207.jsonl
[19:30:58] sample 18 ledgered: kernel00-K00-49d51376-1789239137.jsonl
[19:30:59] sample 18 ledgered: kernel00-K00-4d509ee9-1789234066.jsonl
[19:30:59] sample 18 ledgered: kernel00-K00-514464fd-1789241137.jsonl
[19:30:59] sample 18 ledgered: kernel00-K00-52781559-1789239945.jsonl
[19:30:59] sample 18 ledgered: kernel00-K00-533addf9-1789226767.jsonl
[19:30:59] sample 18 ledgered: kernel00-K00-541b50c9-1789240888.jsonl
[19:31:00] sample 18 ledgered: kernel00-K00-55471e75-1789231684.jsonl
[19:31:00] sample 18 ledgered: kernel00-K00-5798eff1-1789240822.jsonl
[19:31:00] sample 18 ledgered: kernel00-K00-5a298e70-1789241350.jsonl
[19:31:00] sample 18 ledgered: kernel00-K00-5af7c962-1789238221.jsonl
[19:31:00] sample 18 ledgered: kernel00-K00-5f2c9cb1-1789226936.jsonl
[19:31:00] sample 18 ledgered: kernel00-K00-5f5aa5e1-1789238734.jsonl
[19:31:01] sample 18 ledgered: kernel00-K00-6086905e-1789241243.jsonl
[19:31:01] sample 18 ledgered: kernel00-K00-60b39da7-1789239200.jsonl
[19:31:01] sample 18 ledgered: kernel00-K00-66cb68e9-1789238919.jsonl
[19:31:01] sample 18 ledgered: kernel00-K00-6cd646bc-1789239264.jsonl
[19:31:01] sample 18 ledgered: kernel00-K00-7368ad1a-1789239912.jsonl
[19:31:02] sample 18 ledgered: kernel00-K00-73b1c610-1789224075.jsonl
[19:31:02] sample 18 ledgered: kernel00-K00-7723640f-1789238765.jsonl
[19:31:02] sample 18 ledgered: kernel00-K00-8718c7e0-1789240855.jsonl
[19:31:02] sample 18 ledgered: kernel00-K00-89a13224-1789229935.jsonl
[19:31:02] sample 18 ledgered: kernel00-K00-916ed35a-1789232767.jsonl
[19:31:02] sample 18 ledgered: kernel00-K00-91ae0f84-1789241055.jsonl
[19:31:03] sample 18 ledgered: kernel00-K00-935a2760-1789238950.jsonl
[19:31:03] sample 18 ledgered: kernel00-K00-983b2f79-1789223298.jsonl
[19:31:03] sample 18 ledgered: kernel00-K00-9a6fba43-1789239012.jsonl
[19:31:03] sample 18 ledgered: kernel00-K00-9fc34c4b-1789239782.jsonl
[19:31:03] sample 18 ledgered: kernel00-K00-a34c0c26-1789239329.jsonl
[19:31:04] sample 18 ledgered: kernel00-K00-a366bc91-1789238591.jsonl
[19:31:04] sample 18 ledgered: kernel00-K00-a54bc8ee-1789232649.jsonl
[19:31:04] sample 18 ledgered: kernel00-K00-a746f2db-1789238704.jsonl
[19:31:04] sample 18 ledgered: kernel00-K00-a7d20733-1789239847.jsonl
[19:31:04] sample 18 ledgered: kernel00-K00-aab70794-1789239075.jsonl
[19:31:04] sample 18 ledgered: kernel00-K00-af35a0a8-1789238500.jsonl
[19:31:05] sample 18 ledgered: kernel00-K00-b0066fcf-1789226572.jsonl
[19:31:05] sample 18 ledgered: kernel00-K00-b4e85554-1789238796.jsonl
[19:31:05] sample 18 ledgered: kernel00-K00-b6458f90-1789241021.jsonl
[19:31:05] sample 18 ledgered: kernel00-K00-b999b93c-1789238410.jsonl
[19:31:05] sample 18 ledgered: kernel00-K00-be40c1cb-1789232676.jsonl
[19:31:06] sample 18 ledgered: kernel00-K00-c0deb027-1789238162.jsonl
[19:31:06] sample 18 ledgered: kernel00-K00-c187e547-1789232545.jsonl
[19:31:06] sample 18 ledgered: kernel00-K00-c3308f83-1789238192.jsonl
[19:31:06] sample 18 ledgered: kernel00-K00-c3c4333d-1789239717.jsonl
[19:31:06] sample 18 ledgered: kernel00-K00-c66629be-1789239043.jsonl
[19:31:06] sample 18 ledgered: kernel00-K00-c7385590-1789239815.jsonl
[19:31:07] sample 18 ledgered: kernel00-K00-c8f13ca9-1789230011.jsonl
[19:31:07] sample 18 ledgered: kernel00-K00-c9bdd9a0-1789222918.jsonl
[19:31:07] sample 18 ledgered: kernel00-K00-ca747f10-1789239296.jsonl
[19:31:07] sample 18 ledgered: kernel00-K00-cb592536-1789238981.jsonl
[19:31:07] sample 18 ledgered: kernel00-K00-cdfb41a9-1789239169.jsonl
[19:31:08] sample 18 ledgered: kernel00-K00-ce69303e-1789228839.jsonl
[19:31:08] sample 18 ledgered: kernel00-K00-ce7a7e48-1789228757.jsonl
[19:31:08] sample 18 ledgered: kernel00-K00-cf71e6ed-1789238470.jsonl
[19:31:08] sample 18 ledgered: kernel00-K00-d2780a55-1789231556.jsonl
[19:31:08] sample 18 ledgered: kernel00-K00-d2b86a41-1789239106.jsonl
[19:31:08] sample 18 ledgered: kernel00-K00-d952665a-1789241278.jsonl
[19:31:09] sample 18 ledgered: kernel00-K00-dd33d8f4-1789158225.jsonl
[19:31:09] sample 18 ledgered: kernel00-K00-e5767d78-1789238857.jsonl
[19:31:09] sample 18 ledgered: kernel00-K00-e7376ee7-1789239750.jsonl
[19:31:09] sample 18 ledgered: kernel00-K00-ea8d431d-1789232840.jsonl
[19:31:09] sample 18 ledgered: kernel00-K00-edce7a4e-1789238651.jsonl
[19:31:10] sample 18 ledgered: kernel00-K00-ee851a05-1789238560.jsonl
[19:31:10] sample 18 ledgered: kernel00-K00-f808cb65-1789228808.jsonl
[19:31:10] sample 18 ledgered: kernel00-K00-faf8fa3e-1789240954.jsonl
[19:31:10] sample 18 ledgered: kernel00-K00-fe6593f4-1789227524.jsonl
[19:31:10] sample 18 ledgered: kernel00-K00-ff7c4dd9-1789241172.jsonl
[19:31:10] sample 19/30 — precondition
[19:31:10] sample 19/30 — driver (testOneSample, mode L)
[19:31:50] sample 20/30 — precondition
[19:31:50] sample 20/30 — driver (testOneSample, mode L)
[19:32:30] sample 20 ledgered: kernel00-K00-00ac884a-1789238530.jsonl
[19:32:30] sample 20 ledgered: kernel00-K00-029de96a-1789239880.jsonl
[19:32:30] sample 20 ledgered: kernel00-K00-04ea1b8a-1789238621.jsonl
[19:32:30] sample 20 ledgered: kernel00-K00-064f9168-1789240988.jsonl
[19:32:30] sample 20 ledgered: kernel00-K00-075125a0-1789240921.jsonl
[19:32:31] sample 20 ledgered: kernel00-K00-094aefed-1789241404.jsonl
[19:32:31] sample 20 ledgered: kernel00-K00-11ba3904-1789241314.jsonl
[19:32:31] sample 20 ledgered: kernel00-K00-15ea8bfa-1789238440.jsonl
[19:32:31] sample 20 ledgered: kernel00-K00-18f515e1-1789225392.jsonl
[19:32:31] sample 20 ledgered: kernel00-K00-1962f04b-1789231600.jsonl
[19:32:31] sample 20 ledgered: kernel00-K00-19dcd43c-1789238826.jsonl
[19:32:32] sample 20 ledgered: kernel00-K00-24694629-1789225445.jsonl
[19:32:32] sample 20 ledgered: kernel00-K00-248d5aa6-1789223647.jsonl
[19:32:32] sample 20 ledgered: kernel00-K00-248d5aa6-1789223989.jsonl
[19:32:32] sample 20 ledgered: kernel00-K00-251a87ec-1789238888.jsonl
[19:32:32] sample 20 ledgered: kernel00-K00-30b56212-1789241102.jsonl
[19:32:33] sample 20 ledgered: kernel00-K00-330a0a3d-1789232732.jsonl
[19:32:33] sample 20 ledgered: kernel00-K00-3328bd74-1789231654.jsonl
[19:32:33] sample 20 ledgered: kernel00-K00-3585a3c7-1789152361.jsonl
[19:32:33] sample 20 ledgered: kernel00-K00-39f20e70-1789239232.jsonl
[19:32:33] sample 20 ledgered: kernel00-K00-3ed37c7c-1789241441.jsonl
[19:32:34] sample 20 ledgered: kernel00-K00-42e53402-1789229978.jsonl
[19:32:34] sample 20 ledgered: kernel00-K00-496783f7-1789241207.jsonl
[19:32:34] sample 20 ledgered: kernel00-K00-49d51376-1789239137.jsonl
[19:32:34] sample 20 ledgered: kernel00-K00-4d509ee9-1789234066.jsonl
[19:32:34] sample 20 ledgered: kernel00-K00-514464fd-1789241137.jsonl
[19:32:34] sample 20 ledgered: kernel00-K00-52781559-1789239945.jsonl
[19:32:35] sample 20 ledgered: kernel00-K00-533addf9-1789226767.jsonl
[19:32:35] sample 20 ledgered: kernel00-K00-541b50c9-1789240888.jsonl
[19:32:35] sample 20 ledgered: kernel00-K00-55471e75-1789231684.jsonl
[19:32:35] sample 20 ledgered: kernel00-K00-5798eff1-1789240822.jsonl
[19:32:35] sample 20 ledgered: kernel00-K00-5a298e70-1789241350.jsonl
[19:32:36] sample 20 ledgered: kernel00-K00-5af7c962-1789238221.jsonl
[19:32:36] sample 20 ledgered: kernel00-K00-5f2c9cb1-1789226936.jsonl
[19:32:36] sample 20 ledgered: kernel00-K00-5f5aa5e1-1789238734.jsonl
[19:32:36] sample 20 ledgered: kernel00-K00-6086905e-1789241243.jsonl
[19:32:36] sample 20 ledgered: kernel00-K00-60b39da7-1789239200.jsonl
[19:32:37] sample 20 ledgered: kernel00-K00-66cb68e9-1789238919.jsonl
[19:32:37] sample 20 ledgered: kernel00-K00-67ecbe44-1789241535.jsonl
[19:32:37] sample 20 ledgered: kernel00-K00-6cd646bc-1789239264.jsonl
[19:32:37] sample 20 ledgered: kernel00-K00-7368ad1a-1789239912.jsonl
[19:32:37] sample 20 ledgered: kernel00-K00-73b1c610-1789224075.jsonl
[19:32:37] sample 20 ledgered: kernel00-K00-7723640f-1789238765.jsonl
[19:32:38] sample 20 ledgered: kernel00-K00-8718c7e0-1789240855.jsonl
[19:32:38] sample 20 ledgered: kernel00-K00-89a13224-1789229935.jsonl
[19:32:38] sample 20 ledgered: kernel00-K00-916ed35a-1789232767.jsonl
[19:32:38] sample 20 ledgered: kernel00-K00-91ae0f84-1789241055.jsonl
[19:32:38] sample 20 ledgered: kernel00-K00-935a2760-1789238950.jsonl
[19:32:39] sample 20 ledgered: kernel00-K00-983b2f79-1789223298.jsonl
[19:32:39] sample 20 ledgered: kernel00-K00-9a6fba43-1789239012.jsonl
[19:32:39] sample 20 ledgered: kernel00-K00-9fc34c4b-1789239782.jsonl
[19:32:39] sample 20 ledgered: kernel00-K00-a34c0c26-1789239329.jsonl
[19:32:39] sample 20 ledgered: kernel00-K00-a366bc91-1789238591.jsonl
[19:32:40] sample 20 ledgered: kernel00-K00-a54bc8ee-1789232649.jsonl
[19:32:40] sample 20 ledgered: kernel00-K00-a746f2db-1789238704.jsonl
[19:32:40] sample 20 ledgered: kernel00-K00-a7d20733-1789239847.jsonl
[19:32:40] sample 20 ledgered: kernel00-K00-aab70794-1789239075.jsonl
[19:32:40] sample 20 ledgered: kernel00-K00-af17ce4a-1789241495.jsonl
[19:32:40] sample 20 ledgered: kernel00-K00-af35a0a8-1789238500.jsonl
[19:32:41] sample 20 ledgered: kernel00-K00-b0066fcf-1789226572.jsonl
[19:32:41] sample 20 ledgered: kernel00-K00-b4e85554-1789238796.jsonl
[19:32:41] sample 20 ledgered: kernel00-K00-b6458f90-1789241021.jsonl
[19:32:41] sample 20 ledgered: kernel00-K00-b999b93c-1789238410.jsonl
[19:32:41] sample 20 ledgered: kernel00-K00-be40c1cb-1789232676.jsonl
[19:32:42] sample 20 ledgered: kernel00-K00-c0deb027-1789238162.jsonl
[19:32:42] sample 20 ledgered: kernel00-K00-c187e547-1789232545.jsonl
[19:32:42] sample 20 ledgered: kernel00-K00-c3308f83-1789238192.jsonl
[19:32:42] sample 20 ledgered: kernel00-K00-c3c4333d-1789239717.jsonl
[19:32:42] sample 20 ledgered: kernel00-K00-c66629be-1789239043.jsonl
[19:32:43] sample 20 ledgered: kernel00-K00-c7385590-1789239815.jsonl
[19:32:43] sample 20 ledgered: kernel00-K00-c8f13ca9-1789230011.jsonl
[19:32:43] sample 20 ledgered: kernel00-K00-c9bdd9a0-1789222918.jsonl
[19:32:43] sample 20 ledgered: kernel00-K00-ca747f10-1789239296.jsonl
[19:32:43] sample 20 ledgered: kernel00-K00-cb592536-1789238981.jsonl
[19:32:43] sample 20 ledgered: kernel00-K00-cdfb41a9-1789239169.jsonl
[19:32:44] sample 20 ledgered: kernel00-K00-ce69303e-1789228839.jsonl
[19:32:44] sample 20 ledgered: kernel00-K00-ce7a7e48-1789228757.jsonl
[19:32:44] sample 20 ledgered: kernel00-K00-cf71e6ed-1789238470.jsonl
[19:32:44] sample 20 ledgered: kernel00-K00-d2780a55-1789231556.jsonl
[19:32:44] sample 20 ledgered: kernel00-K00-d2b86a41-1789239106.jsonl
[19:32:45] sample 20 ledgered: kernel00-K00-d952665a-1789241278.jsonl
[19:32:45] sample 20 ledgered: kernel00-K00-dd33d8f4-1789158225.jsonl
[19:32:45] sample 20 ledgered: kernel00-K00-e5767d78-1789238857.jsonl
[19:32:45] sample 20 ledgered: kernel00-K00-e7376ee7-1789239750.jsonl
[19:32:45] sample 20 ledgered: kernel00-K00-ea8d431d-1789232840.jsonl
[19:32:46] sample 20 ledgered: kernel00-K00-edce7a4e-1789238651.jsonl
[19:32:46] sample 20 ledgered: kernel00-K00-ee851a05-1789238560.jsonl
[19:32:46] sample 20 ledgered: kernel00-K00-f808cb65-1789228808.jsonl
[19:32:46] sample 20 ledgered: kernel00-K00-faf8fa3e-1789240954.jsonl
[19:32:46] sample 20 ledgered: kernel00-K00-fe6593f4-1789227524.jsonl
[19:32:46] sample 20 ledgered: kernel00-K00-ff7c4dd9-1789241172.jsonl
[19:32:46] sample 21/30 — precondition
[19:32:47] sample 21/30 — driver (testOneSample, mode L)
[19:33:28] sample 22/30 — precondition
[19:33:29] sample 22/30 — driver (testOneSample, mode L)
[19:34:11] sample 22 ledgered: kernel00-K00-00ac884a-1789238530.jsonl
[19:34:11] sample 22 ledgered: kernel00-K00-029de96a-1789239880.jsonl
[19:34:11] sample 22 ledgered: kernel00-K00-04ea1b8a-1789238621.jsonl
[19:34:11] sample 22 ledgered: kernel00-K00-064f9168-1789240988.jsonl
[19:34:11] sample 22 ledgered: kernel00-K00-075125a0-1789240921.jsonl
[19:34:12] sample 22 ledgered: kernel00-K00-094aefed-1789241404.jsonl
[19:34:12] sample 22 ledgered: kernel00-K00-11ba3904-1789241314.jsonl
[19:34:12] sample 22 ledgered: kernel00-K00-15ea8bfa-1789238440.jsonl
[19:34:12] sample 22 ledgered: kernel00-K00-18f515e1-1789225392.jsonl
[19:34:12] sample 22 ledgered: kernel00-K00-1962f04b-1789231600.jsonl
[19:34:12] sample 22 ledgered: kernel00-K00-19dcd43c-1789238826.jsonl
[19:34:13] sample 22 ledgered: kernel00-K00-24694629-1789225445.jsonl
[19:34:13] sample 22 ledgered: kernel00-K00-248d5aa6-1789223647.jsonl
[19:34:13] sample 22 ledgered: kernel00-K00-248d5aa6-1789223989.jsonl
[19:34:13] sample 22 ledgered: kernel00-K00-251a87ec-1789238888.jsonl
[19:34:13] sample 22 ledgered: kernel00-K00-30b56212-1789241102.jsonl
[19:34:14] sample 22 ledgered: kernel00-K00-330a0a3d-1789232732.jsonl
[19:34:14] sample 22 ledgered: kernel00-K00-3328bd74-1789231654.jsonl
[19:34:14] sample 22 ledgered: kernel00-K00-3585a3c7-1789152361.jsonl
[19:34:14] sample 22 ledgered: kernel00-K00-39f20e70-1789239232.jsonl
[19:34:14] sample 22 ledgered: kernel00-K00-3d104b77-1789241633.jsonl
[19:34:15] sample 22 ledgered: kernel00-K00-3ed37c7c-1789241441.jsonl
[19:34:15] sample 22 ledgered: kernel00-K00-42e53402-1789229978.jsonl
[19:34:15] sample 22 ledgered: kernel00-K00-496783f7-1789241207.jsonl
[19:34:15] sample 22 ledgered: kernel00-K00-49d51376-1789239137.jsonl
[19:34:15] sample 22 ledgered: kernel00-K00-4ba9ce99-1789241591.jsonl
[19:34:15] sample 22 ledgered: kernel00-K00-4d509ee9-1789234066.jsonl
[19:34:16] sample 22 ledgered: kernel00-K00-514464fd-1789241137.jsonl
[19:34:16] sample 22 ledgered: kernel00-K00-52781559-1789239945.jsonl
[19:34:16] sample 22 ledgered: kernel00-K00-533addf9-1789226767.jsonl
[19:34:16] sample 22 ledgered: kernel00-K00-541b50c9-1789240888.jsonl
[19:34:16] sample 22 ledgered: kernel00-K00-55471e75-1789231684.jsonl
[19:34:17] sample 22 ledgered: kernel00-K00-5798eff1-1789240822.jsonl
[19:34:17] sample 22 ledgered: kernel00-K00-5a298e70-1789241350.jsonl
[19:34:17] sample 22 ledgered: kernel00-K00-5af7c962-1789238221.jsonl
[19:34:17] sample 22 ledgered: kernel00-K00-5f2c9cb1-1789226936.jsonl
[19:34:17] sample 22 ledgered: kernel00-K00-5f5aa5e1-1789238734.jsonl
[19:34:18] sample 22 ledgered: kernel00-K00-6086905e-1789241243.jsonl
[19:34:18] sample 22 ledgered: kernel00-K00-60b39da7-1789239200.jsonl
[19:34:18] sample 22 ledgered: kernel00-K00-66cb68e9-1789238919.jsonl
[19:34:18] sample 22 ledgered: kernel00-K00-67ecbe44-1789241535.jsonl
[19:34:18] sample 22 ledgered: kernel00-K00-6cd646bc-1789239264.jsonl
[19:34:18] sample 22 ledgered: kernel00-K00-7368ad1a-1789239912.jsonl
[19:34:19] sample 22 ledgered: kernel00-K00-73b1c610-1789224075.jsonl
[19:34:19] sample 22 ledgered: kernel00-K00-7723640f-1789238765.jsonl
[19:34:19] sample 22 ledgered: kernel00-K00-8718c7e0-1789240855.jsonl
[19:34:19] sample 22 ledgered: kernel00-K00-89a13224-1789229935.jsonl
[19:34:19] sample 22 ledgered: kernel00-K00-916ed35a-1789232767.jsonl
[19:34:20] sample 22 ledgered: kernel00-K00-91ae0f84-1789241055.jsonl
[19:34:20] sample 22 ledgered: kernel00-K00-935a2760-1789238950.jsonl
[19:34:20] sample 22 ledgered: kernel00-K00-983b2f79-1789223298.jsonl
[19:34:20] sample 22 ledgered: kernel00-K00-9a6fba43-1789239012.jsonl
[19:34:20] sample 22 ledgered: kernel00-K00-9fc34c4b-1789239782.jsonl
[19:34:21] sample 22 ledgered: kernel00-K00-a34c0c26-1789239329.jsonl
[19:34:21] sample 22 ledgered: kernel00-K00-a366bc91-1789238591.jsonl
[19:34:21] sample 22 ledgered: kernel00-K00-a54bc8ee-1789232649.jsonl
[19:34:21] sample 22 ledgered: kernel00-K00-a746f2db-1789238704.jsonl
[19:34:21] sample 22 ledgered: kernel00-K00-a7d20733-1789239847.jsonl
[19:34:21] sample 22 ledgered: kernel00-K00-aab70794-1789239075.jsonl
[19:34:22] sample 22 ledgered: kernel00-K00-af17ce4a-1789241495.jsonl
[19:34:22] sample 22 ledgered: kernel00-K00-af35a0a8-1789238500.jsonl
[19:34:22] sample 22 ledgered: kernel00-K00-b0066fcf-1789226572.jsonl
[19:34:22] sample 22 ledgered: kernel00-K00-b4e85554-1789238796.jsonl
[19:34:22] sample 22 ledgered: kernel00-K00-b6458f90-1789241021.jsonl
[19:34:23] sample 22 ledgered: kernel00-K00-b999b93c-1789238410.jsonl
[19:34:23] sample 22 ledgered: kernel00-K00-be40c1cb-1789232676.jsonl
[19:34:23] sample 22 ledgered: kernel00-K00-c0deb027-1789238162.jsonl
[19:34:23] sample 22 ledgered: kernel00-K00-c187e547-1789232545.jsonl
[19:34:23] sample 22 ledgered: kernel00-K00-c3308f83-1789238192.jsonl
[19:34:24] sample 22 ledgered: kernel00-K00-c3c4333d-1789239717.jsonl
[19:34:24] sample 22 ledgered: kernel00-K00-c66629be-1789239043.jsonl
[19:34:24] sample 22 ledgered: kernel00-K00-c7385590-1789239815.jsonl
[19:34:24] sample 22 ledgered: kernel00-K00-c8f13ca9-1789230011.jsonl
[19:34:24] sample 22 ledgered: kernel00-K00-c9bdd9a0-1789222918.jsonl
[19:34:24] sample 22 ledgered: kernel00-K00-ca747f10-1789239296.jsonl
[19:34:25] sample 22 ledgered: kernel00-K00-cb592536-1789238981.jsonl
[19:34:25] sample 22 ledgered: kernel00-K00-cdfb41a9-1789239169.jsonl
[19:34:25] sample 22 ledgered: kernel00-K00-ce69303e-1789228839.jsonl
[19:34:25] sample 22 ledgered: kernel00-K00-ce7a7e48-1789228757.jsonl
[19:34:25] sample 22 ledgered: kernel00-K00-cf71e6ed-1789238470.jsonl
[19:34:26] sample 22 ledgered: kernel00-K00-d2780a55-1789231556.jsonl
[19:34:26] sample 22 ledgered: kernel00-K00-d2b86a41-1789239106.jsonl
[19:34:26] sample 22 ledgered: kernel00-K00-d952665a-1789241278.jsonl
[19:34:26] sample 22 ledgered: kernel00-K00-dd33d8f4-1789158225.jsonl
[19:34:26] sample 22 ledgered: kernel00-K00-e5767d78-1789238857.jsonl
[19:34:27] sample 22 ledgered: kernel00-K00-e7376ee7-1789239750.jsonl
[19:34:27] sample 22 ledgered: kernel00-K00-ea8d431d-1789232840.jsonl
[19:34:27] sample 22 ledgered: kernel00-K00-edce7a4e-1789238651.jsonl
[19:34:27] sample 22 ledgered: kernel00-K00-ee851a05-1789238560.jsonl
[19:34:27] sample 22 ledgered: kernel00-K00-f808cb65-1789228808.jsonl
[19:34:27] sample 22 ledgered: kernel00-K00-faf8fa3e-1789240954.jsonl
[19:34:28] sample 22 ledgered: kernel00-K00-fe6593f4-1789227524.jsonl
[19:34:28] sample 22 ledgered: kernel00-K00-ff7c4dd9-1789241172.jsonl
[19:34:28] sample 23/30 — precondition
[19:34:28] sample 23/30 — driver (testOneSample, mode L)
[19:35:13] sample 24/30 — precondition
[19:35:13] sample 24/30 — driver (testOneSample, mode L)
[19:35:58] sample 24 ledgered: kernel00-K00-00ac884a-1789238530.jsonl
[19:35:58] sample 24 ledgered: kernel00-K00-029de96a-1789239880.jsonl
[19:35:59] sample 24 ledgered: kernel00-K00-04ea1b8a-1789238621.jsonl
[19:35:59] sample 24 ledgered: kernel00-K00-064f9168-1789240988.jsonl
[19:35:59] sample 24 ledgered: kernel00-K00-075125a0-1789240921.jsonl
[19:35:59] sample 24 ledgered: kernel00-K00-094aefed-1789241404.jsonl
[19:35:59] sample 24 ledgered: kernel00-K00-11ba3904-1789241314.jsonl
[19:35:59] sample 24 ledgered: kernel00-K00-15ea8bfa-1789238440.jsonl
[19:36:00] sample 24 ledgered: kernel00-K00-18f515e1-1789225392.jsonl
[19:36:00] sample 24 ledgered: kernel00-K00-1962f04b-1789231600.jsonl
[19:36:00] sample 24 ledgered: kernel00-K00-19dcd43c-1789238826.jsonl
[19:36:00] sample 24 ledgered: kernel00-K00-24694629-1789225445.jsonl
[19:36:00] sample 24 ledgered: kernel00-K00-248d5aa6-1789223647.jsonl
[19:36:01] sample 24 ledgered: kernel00-K00-248d5aa6-1789223989.jsonl
[19:36:01] sample 24 ledgered: kernel00-K00-251a87ec-1789238888.jsonl
[19:36:01] sample 24 ledgered: kernel00-K00-30b56212-1789241102.jsonl
[19:36:01] sample 24 ledgered: kernel00-K00-330a0a3d-1789232732.jsonl
[19:36:01] sample 24 ledgered: kernel00-K00-3328bd74-1789231654.jsonl
[19:36:02] sample 24 ledgered: kernel00-K00-3585a3c7-1789152361.jsonl
[19:36:02] sample 24 ledgered: kernel00-K00-39f20e70-1789239232.jsonl
[19:36:02] sample 24 ledgered: kernel00-K00-3d104b77-1789241633.jsonl
[19:36:02] sample 24 ledgered: kernel00-K00-3ed37c7c-1789241441.jsonl
[19:36:02] sample 24 ledgered: kernel00-K00-42e53402-1789229978.jsonl
[19:36:02] sample 24 ledgered: kernel00-K00-496783f7-1789241207.jsonl
[19:36:03] sample 24 ledgered: kernel00-K00-49d51376-1789239137.jsonl
[19:36:03] sample 24 ledgered: kernel00-K00-4ba9ce99-1789241591.jsonl
[19:36:03] sample 24 ledgered: kernel00-K00-4d509ee9-1789234066.jsonl
[19:36:03] sample 24 ledgered: kernel00-K00-514464fd-1789241137.jsonl
[19:36:03] sample 24 ledgered: kernel00-K00-52781559-1789239945.jsonl
[19:36:04] sample 24 ledgered: kernel00-K00-533addf9-1789226767.jsonl
[19:36:04] sample 24 ledgered: kernel00-K00-541b50c9-1789240888.jsonl
[19:36:04] sample 24 ledgered: kernel00-K00-55471e75-1789231684.jsonl
[19:36:04] sample 24 ledgered: kernel00-K00-5798eff1-1789240822.jsonl
[19:36:04] sample 24 ledgered: kernel00-K00-5a298e70-1789241350.jsonl
[19:36:05] sample 24 ledgered: kernel00-K00-5af7c962-1789238221.jsonl
[19:36:05] sample 24 ledgered: kernel00-K00-5f2c9cb1-1789226936.jsonl
[19:36:05] sample 24 ledgered: kernel00-K00-5f5aa5e1-1789238734.jsonl
[19:36:05] sample 24 ledgered: kernel00-K00-6086905e-1789241243.jsonl
[19:36:05] sample 24 ledgered: kernel00-K00-60b39da7-1789239200.jsonl
[19:36:06] sample 24 ledgered: kernel00-K00-66cb68e9-1789238919.jsonl
[19:36:06] sample 24 ledgered: kernel00-K00-67ecbe44-1789241535.jsonl
[19:36:06] sample 24 ledgered: kernel00-K00-6cd646bc-1789239264.jsonl
[19:36:06] sample 24 ledgered: kernel00-K00-7368ad1a-1789239912.jsonl
[19:36:06] sample 24 ledgered: kernel00-K00-73b1c610-1789224075.jsonl
[19:36:06] sample 24 ledgered: kernel00-K00-7723640f-1789238765.jsonl
[19:36:07] sample 24 ledgered: kernel00-K00-8718c7e0-1789240855.jsonl
[19:36:07] sample 24 ledgered: kernel00-K00-89a13224-1789229935.jsonl
[19:36:07] sample 24 ledgered: kernel00-K00-90a49e10-1789241738.jsonl
[19:36:07] sample 24 ledgered: kernel00-K00-916ed35a-1789232767.jsonl
[19:36:07] sample 24 ledgered: kernel00-K00-91ae0f84-1789241055.jsonl
[19:36:08] sample 24 ledgered: kernel00-K00-935a2760-1789238950.jsonl
[19:36:08] sample 24 ledgered: kernel00-K00-983b2f79-1789223298.jsonl
[19:36:08] sample 24 ledgered: kernel00-K00-9a6fba43-1789239012.jsonl
[19:36:08] sample 24 ledgered: kernel00-K00-9fc34c4b-1789239782.jsonl
[19:36:08] sample 24 ledgered: kernel00-K00-a34c0c26-1789239329.jsonl
[19:36:09] sample 24 ledgered: kernel00-K00-a366bc91-1789238591.jsonl
[19:36:09] sample 24 ledgered: kernel00-K00-a54bc8ee-1789232649.jsonl
[19:36:09] sample 24 ledgered: kernel00-K00-a746f2db-1789238704.jsonl
[19:36:09] sample 24 ledgered: kernel00-K00-a7d20733-1789239847.jsonl
[19:36:09] sample 24 ledgered: kernel00-K00-aab70794-1789239075.jsonl
[19:36:10] sample 24 ledgered: kernel00-K00-af17ce4a-1789241495.jsonl
[19:36:10] sample 24 ledgered: kernel00-K00-af35a0a8-1789238500.jsonl
[19:36:10] sample 24 ledgered: kernel00-K00-b0066fcf-1789226572.jsonl
[19:36:10] sample 24 ledgered: kernel00-K00-b4e85554-1789238796.jsonl
[19:36:10] sample 24 ledgered: kernel00-K00-b6458f90-1789241021.jsonl
[19:36:11] sample 24 ledgered: kernel00-K00-b999b93c-1789238410.jsonl
[19:36:11] sample 24 ledgered: kernel00-K00-be40c1cb-1789232676.jsonl
[19:36:11] sample 24 ledgered: kernel00-K00-c0deb027-1789238162.jsonl
[19:36:11] sample 24 ledgered: kernel00-K00-c187e547-1789232545.jsonl
[19:36:11] sample 24 ledgered: kernel00-K00-c3308f83-1789238192.jsonl
[19:36:11] sample 24 ledgered: kernel00-K00-c3c4333d-1789239717.jsonl
[19:36:12] sample 24 ledgered: kernel00-K00-c66629be-1789239043.jsonl
[19:36:12] sample 24 ledgered: kernel00-K00-c7385590-1789239815.jsonl
[19:36:12] sample 24 ledgered: kernel00-K00-c8f13ca9-1789230011.jsonl
[19:36:12] sample 24 ledgered: kernel00-K00-c9bdd9a0-1789222918.jsonl
[19:36:12] sample 24 ledgered: kernel00-K00-ca747f10-1789239296.jsonl
[19:36:13] sample 24 ledgered: kernel00-K00-cb592536-1789238981.jsonl
[19:36:13] sample 24 ledgered: kernel00-K00-cdfb41a9-1789239169.jsonl
[19:36:13] sample 24 ledgered: kernel00-K00-ce69303e-1789228839.jsonl
[19:36:13] sample 24 ledgered: kernel00-K00-ce7a7e48-1789228757.jsonl
[19:36:13] sample 24 ledgered: kernel00-K00-cf71e6ed-1789238470.jsonl
[19:36:13] sample 24 ledgered: kernel00-K00-d1b70c43-1789241693.jsonl
[19:36:14] sample 24 ledgered: kernel00-K00-d2780a55-1789231556.jsonl
[19:36:14] sample 24 ledgered: kernel00-K00-d2b86a41-1789239106.jsonl
[19:36:14] sample 24 ledgered: kernel00-K00-d952665a-1789241278.jsonl
[19:36:14] sample 24 ledgered: kernel00-K00-dd33d8f4-1789158225.jsonl
[19:36:14] sample 24 ledgered: kernel00-K00-e5767d78-1789238857.jsonl
[19:36:15] sample 24 ledgered: kernel00-K00-e7376ee7-1789239750.jsonl
[19:36:15] sample 24 ledgered: kernel00-K00-ea8d431d-1789232840.jsonl
[19:36:15] sample 24 ledgered: kernel00-K00-edce7a4e-1789238651.jsonl
[19:36:15] sample 24 ledgered: kernel00-K00-ee851a05-1789238560.jsonl
[19:36:15] sample 24 ledgered: kernel00-K00-f808cb65-1789228808.jsonl
[19:36:16] sample 24 ledgered: kernel00-K00-faf8fa3e-1789240954.jsonl
[19:36:16] sample 24 ledgered: kernel00-K00-fe6593f4-1789227524.jsonl
[19:36:16] sample 24 ledgered: kernel00-K00-ff7c4dd9-1789241172.jsonl
[19:36:16] sample 25/30 — precondition
[19:36:16] sample 25/30 — driver (testOneSample, mode L)
[19:37:04] sample 26/30 — precondition
[19:37:04] sample 26/30 — driver (testOneSample, mode L)
[19:37:53] sample 26 ledgered: kernel00-K00-00ac884a-1789238530.jsonl
[19:37:53] sample 26 ledgered: kernel00-K00-029de96a-1789239880.jsonl
[19:37:53] sample 26 ledgered: kernel00-K00-04ea1b8a-1789238621.jsonl
[19:37:53] sample 26 ledgered: kernel00-K00-064f9168-1789240988.jsonl
[19:37:54] sample 26 ledgered: kernel00-K00-075125a0-1789240921.jsonl
[19:37:54] sample 26 ledgered: kernel00-K00-094aefed-1789241404.jsonl
[19:37:54] sample 26 ledgered: kernel00-K00-11ba3904-1789241314.jsonl
[19:37:54] sample 26 ledgered: kernel00-K00-15ea8bfa-1789238440.jsonl
[19:37:54] sample 26 ledgered: kernel00-K00-18f515e1-1789225392.jsonl
[19:37:55] sample 26 ledgered: kernel00-K00-1962f04b-1789231600.jsonl
[19:37:55] sample 26 ledgered: kernel00-K00-19dcd43c-1789238826.jsonl
[19:37:55] sample 26 ledgered: kernel00-K00-24694629-1789225445.jsonl
[19:37:55] sample 26 ledgered: kernel00-K00-248d5aa6-1789223647.jsonl
[19:37:55] sample 26 ledgered: kernel00-K00-248d5aa6-1789223989.jsonl
[19:37:55] sample 26 ledgered: kernel00-K00-251a87ec-1789238888.jsonl
[19:37:56] sample 26 ledgered: kernel00-K00-30b56212-1789241102.jsonl
[19:37:56] sample 26 ledgered: kernel00-K00-330a0a3d-1789232732.jsonl
[19:37:56] sample 26 ledgered: kernel00-K00-3328bd74-1789231654.jsonl
[19:37:56] sample 26 ledgered: kernel00-K00-3585a3c7-1789152361.jsonl
[19:37:56] sample 26 ledgered: kernel00-K00-39f20e70-1789239232.jsonl
[19:37:57] sample 26 ledgered: kernel00-K00-3d104b77-1789241633.jsonl
[19:37:57] sample 26 ledgered: kernel00-K00-3ed37c7c-1789241441.jsonl
[19:37:57] sample 26 ledgered: kernel00-K00-42e53402-1789229978.jsonl
[19:37:57] sample 26 ledgered: kernel00-K00-496783f7-1789241207.jsonl
[19:37:57] sample 26 ledgered: kernel00-K00-49d51376-1789239137.jsonl
[19:37:58] sample 26 ledgered: kernel00-K00-4ba9ce99-1789241591.jsonl
[19:37:58] sample 26 ledgered: kernel00-K00-4d509ee9-1789234066.jsonl
[19:37:58] sample 26 ledgered: kernel00-K00-514464fd-1789241137.jsonl
[19:37:58] sample 26 ledgered: kernel00-K00-52781559-1789239945.jsonl
[19:37:58] sample 26 ledgered: kernel00-K00-533addf9-1789226767.jsonl
[19:37:58] sample 26 ledgered: kernel00-K00-541b50c9-1789240888.jsonl
[19:37:59] sample 26 ledgered: kernel00-K00-55471e75-1789231684.jsonl
[19:37:59] sample 26 ledgered: kernel00-K00-5798eff1-1789240822.jsonl
[19:37:59] sample 26 ledgered: kernel00-K00-5a298e70-1789241350.jsonl
[19:37:59] sample 26 ledgered: kernel00-K00-5af7c962-1789238221.jsonl
[19:38:00] sample 26 ledgered: kernel00-K00-5f2c9cb1-1789226936.jsonl
[19:38:00] sample 26 ledgered: kernel00-K00-5f5aa5e1-1789238734.jsonl
[19:38:00] sample 26 ledgered: kernel00-K00-6086905e-1789241243.jsonl
[19:38:00] sample 26 ledgered: kernel00-K00-60b39da7-1789239200.jsonl
[19:38:00] sample 26 ledgered: kernel00-K00-66cb68e9-1789238919.jsonl
[19:38:01] sample 26 ledgered: kernel00-K00-67ecbe44-1789241535.jsonl
[19:38:01] sample 26 ledgered: kernel00-K00-6cd646bc-1789239264.jsonl
[19:38:01] sample 26 ledgered: kernel00-K00-7368ad1a-1789239912.jsonl
[19:38:01] sample 26 ledgered: kernel00-K00-73b1c610-1789224075.jsonl
[19:38:01] sample 26 ledgered: kernel00-K00-7723640f-1789238765.jsonl
[19:38:01] sample 26 ledgered: kernel00-K00-8718c7e0-1789240855.jsonl
[19:38:02] sample 26 ledgered: kernel00-K00-89a13224-1789229935.jsonl
[19:38:02] sample 26 ledgered: kernel00-K00-90a49e10-1789241738.jsonl
[19:38:02] sample 26 ledgered: kernel00-K00-916ed35a-1789232767.jsonl
[19:38:02] sample 26 ledgered: kernel00-K00-91ae0f84-1789241055.jsonl
[19:38:02] sample 26 ledgered: kernel00-K00-935a2760-1789238950.jsonl
[19:38:03] sample 26 ledgered: kernel00-K00-983b2f79-1789223298.jsonl
[19:38:03] sample 26 ledgered: kernel00-K00-994492d9-1789241849.jsonl
[19:38:03] sample 26 ledgered: kernel00-K00-9a6fba43-1789239012.jsonl
[19:38:03] sample 26 ledgered: kernel00-K00-9fc34c4b-1789239782.jsonl
[19:38:03] sample 26 ledgered: kernel00-K00-a34c0c26-1789239329.jsonl
[19:38:04] sample 26 ledgered: kernel00-K00-a366bc91-1789238591.jsonl
[19:38:04] sample 26 ledgered: kernel00-K00-a54bc8ee-1789232649.jsonl
[19:38:04] sample 26 ledgered: kernel00-K00-a746f2db-1789238704.jsonl
[19:38:04] sample 26 ledgered: kernel00-K00-a7d20733-1789239847.jsonl
[19:38:04] sample 26 ledgered: kernel00-K00-aab70794-1789239075.jsonl
[19:38:04] sample 26 ledgered: kernel00-K00-af17ce4a-1789241495.jsonl
[19:38:05] sample 26 ledgered: kernel00-K00-af35a0a8-1789238500.jsonl
[19:38:05] sample 26 ledgered: kernel00-K00-b0066fcf-1789226572.jsonl
[19:38:05] sample 26 ledgered: kernel00-K00-b4e85554-1789238796.jsonl
[19:38:05] sample 26 ledgered: kernel00-K00-b6458f90-1789241021.jsonl
[19:38:06] sample 26 ledgered: kernel00-K00-b999b93c-1789238410.jsonl
[19:38:06] sample 26 ledgered: kernel00-K00-be40c1cb-1789232676.jsonl
[19:38:06] sample 26 ledgered: kernel00-K00-c0deb027-1789238162.jsonl
[19:38:06] sample 26 ledgered: kernel00-K00-c187e547-1789232545.jsonl
[19:38:06] sample 26 ledgered: kernel00-K00-c3308f83-1789238192.jsonl
[19:38:07] sample 26 ledgered: kernel00-K00-c3c4333d-1789239717.jsonl
[19:38:07] sample 26 ledgered: kernel00-K00-c66629be-1789239043.jsonl
[19:38:07] sample 26 ledgered: kernel00-K00-c7385590-1789239815.jsonl
[19:38:07] sample 26 ledgered: kernel00-K00-c8f13ca9-1789230011.jsonl
[19:38:07] sample 26 ledgered: kernel00-K00-c9bdd9a0-1789222918.jsonl
[19:38:07] sample 26 ledgered: kernel00-K00-ca747f10-1789239296.jsonl
[19:38:08] sample 26 ledgered: kernel00-K00-cb592536-1789238981.jsonl
[19:38:08] sample 26 ledgered: kernel00-K00-cdfb41a9-1789239169.jsonl
[19:38:08] sample 26 ledgered: kernel00-K00-ce69303e-1789228839.jsonl
[19:38:08] sample 26 ledgered: kernel00-K00-ce7a7e48-1789228757.jsonl
[19:38:08] sample 26 ledgered: kernel00-K00-cf71e6ed-1789238470.jsonl
[19:38:09] sample 26 ledgered: kernel00-K00-d1b70c43-1789241693.jsonl
[19:38:09] sample 26 ledgered: kernel00-K00-d2780a55-1789231556.jsonl
[19:38:09] sample 26 ledgered: kernel00-K00-d2b86a41-1789239106.jsonl
[19:38:09] sample 26 ledgered: kernel00-K00-d952665a-1789241278.jsonl
[19:38:09] sample 26 ledgered: kernel00-K00-dd33d8f4-1789158225.jsonl
[19:38:10] sample 26 ledgered: kernel00-K00-e5767d78-1789238857.jsonl
[19:38:10] sample 26 ledgered: kernel00-K00-e7376ee7-1789239750.jsonl
[19:38:10] sample 26 ledgered: kernel00-K00-ea8d431d-1789232840.jsonl
[19:38:10] sample 26 ledgered: kernel00-K00-edce7a4e-1789238651.jsonl
[19:38:10] sample 26 ledgered: kernel00-K00-ee851a05-1789238560.jsonl
[19:38:10] sample 26 ledgered: kernel00-K00-f5992e85-1789241801.jsonl
[19:38:11] sample 26 ledgered: kernel00-K00-f808cb65-1789228808.jsonl
[19:38:11] sample 26 ledgered: kernel00-K00-faf8fa3e-1789240954.jsonl
[19:38:11] sample 26 ledgered: kernel00-K00-fe6593f4-1789227524.jsonl
[19:38:11] sample 26 ledgered: kernel00-K00-ff7c4dd9-1789241172.jsonl
[19:38:11] sample 27/30 — precondition
[19:38:11] sample 27/30 — driver (testOneSample, mode L)
[19:39:03] sample 28/30 — precondition
[19:39:03] sample 28/30 — driver (testOneSample, mode L)
[19:39:55] sample 28 ledgered: kernel00-K00-00ac884a-1789238530.jsonl
[19:39:55] sample 28 ledgered: kernel00-K00-029de96a-1789239880.jsonl
[19:39:55] sample 28 ledgered: kernel00-K00-04ea1b8a-1789238621.jsonl
[19:39:56] sample 28 ledgered: kernel00-K00-064f9168-1789240988.jsonl
[19:39:56] sample 28 ledgered: kernel00-K00-075125a0-1789240921.jsonl
[19:39:56] sample 28 ledgered: kernel00-K00-094aefed-1789241404.jsonl
[19:39:56] sample 28 ledgered: kernel00-K00-11ba3904-1789241314.jsonl
[19:39:56] sample 28 ledgered: kernel00-K00-15ea8bfa-1789238440.jsonl
[19:39:57] sample 28 ledgered: kernel00-K00-18f515e1-1789225392.jsonl
[19:39:57] sample 28 ledgered: kernel00-K00-1962f04b-1789231600.jsonl
[19:39:57] sample 28 ledgered: kernel00-K00-19dcd43c-1789238826.jsonl
[19:39:57] sample 28 ledgered: kernel00-K00-24694629-1789225445.jsonl
[19:39:57] sample 28 ledgered: kernel00-K00-248d5aa6-1789223647.jsonl
[19:39:58] sample 28 ledgered: kernel00-K00-248d5aa6-1789223989.jsonl
[19:39:58] sample 28 ledgered: kernel00-K00-251a87ec-1789238888.jsonl
[19:39:58] sample 28 ledgered: kernel00-K00-30b56212-1789241102.jsonl
[19:39:58] sample 28 ledgered: kernel00-K00-330a0a3d-1789232732.jsonl
[19:39:58] sample 28 ledgered: kernel00-K00-3328bd74-1789231654.jsonl
[19:39:58] sample 28 ledgered: kernel00-K00-3585a3c7-1789152361.jsonl
[19:39:59] sample 28 ledgered: kernel00-K00-39f20e70-1789239232.jsonl
[19:39:59] sample 28 ledgered: kernel00-K00-3d104b77-1789241633.jsonl
[19:39:59] sample 28 ledgered: kernel00-K00-3ed37c7c-1789241441.jsonl
[19:39:59] sample 28 ledgered: kernel00-K00-42e53402-1789229978.jsonl
[19:39:59] sample 28 ledgered: kernel00-K00-496783f7-1789241207.jsonl
[19:40:00] sample 28 ledgered: kernel00-K00-49d51376-1789239137.jsonl
[19:40:00] sample 28 ledgered: kernel00-K00-4ba9ce99-1789241591.jsonl
[19:40:00] sample 28 ledgered: kernel00-K00-4d509ee9-1789234066.jsonl
[19:40:00] sample 28 ledgered: kernel00-K00-514464fd-1789241137.jsonl
[19:40:01] sample 28 ledgered: kernel00-K00-52781559-1789239945.jsonl
[19:40:01] sample 28 ledgered: kernel00-K00-533addf9-1789226767.jsonl
[19:40:01] sample 28 ledgered: kernel00-K00-541b50c9-1789240888.jsonl
[19:40:01] sample 28 ledgered: kernel00-K00-55471e75-1789231684.jsonl
[19:40:01] sample 28 ledgered: kernel00-K00-5798eff1-1789240822.jsonl
[19:40:02] sample 28 ledgered: kernel00-K00-5a298e70-1789241350.jsonl
[19:40:02] sample 28 ledgered: kernel00-K00-5af7c962-1789238221.jsonl
[19:40:02] sample 28 ledgered: kernel00-K00-5f2c9cb1-1789226936.jsonl
[19:40:02] sample 28 ledgered: kernel00-K00-5f5aa5e1-1789238734.jsonl
[19:40:02] sample 28 ledgered: kernel00-K00-6086905e-1789241243.jsonl
[19:40:02] sample 28 ledgered: kernel00-K00-60b39da7-1789239200.jsonl
[19:40:03] sample 28 ledgered: kernel00-K00-66cb68e9-1789238919.jsonl
[19:40:03] sample 28 ledgered: kernel00-K00-67ecbe44-1789241535.jsonl
[19:40:03] sample 28 ledgered: kernel00-K00-6cd646bc-1789239264.jsonl
[19:40:03] sample 28 ledgered: kernel00-K00-7368ad1a-1789239912.jsonl
[19:40:03] sample 28 ledgered: kernel00-K00-73b1c610-1789224075.jsonl
[19:40:04] sample 28 ledgered: kernel00-K00-7723640f-1789238765.jsonl
[19:40:04] sample 28 ledgered: kernel00-K00-8718c7e0-1789240855.jsonl
[19:40:04] sample 28 ledgered: kernel00-K00-89a13224-1789229935.jsonl
[19:40:04] sample 28 ledgered: kernel00-K00-90a49e10-1789241738.jsonl
[19:40:04] sample 28 ledgered: kernel00-K00-916ed35a-1789232767.jsonl
[19:40:04] sample 28 ledgered: kernel00-K00-91ae0f84-1789241055.jsonl
[19:40:05] sample 28 ledgered: kernel00-K00-935a2760-1789238950.jsonl
[19:40:05] sample 28 ledgered: kernel00-K00-983b2f79-1789223298.jsonl
[19:40:05] sample 28 ledgered: kernel00-K00-994492d9-1789241849.jsonl
[19:40:05] sample 28 ledgered: kernel00-K00-9a6fba43-1789239012.jsonl
[19:40:05] sample 28 ledgered: kernel00-K00-9fc34c4b-1789239782.jsonl
[19:40:06] sample 28 ledgered: kernel00-K00-a34c0c26-1789239329.jsonl
[19:40:06] sample 28 ledgered: kernel00-K00-a366bc91-1789238591.jsonl
[19:40:06] sample 28 ledgered: kernel00-K00-a54bc8ee-1789232649.jsonl
[19:40:06] sample 28 ledgered: kernel00-K00-a746f2db-1789238704.jsonl
[19:40:06] sample 28 ledgered: kernel00-K00-a7d20733-1789239847.jsonl
[19:40:07] sample 28 ledgered: kernel00-K00-aab70794-1789239075.jsonl
[19:40:07] sample 28 ledgered: kernel00-K00-af17ce4a-1789241495.jsonl
[19:40:07] sample 28 ledgered: kernel00-K00-af35a0a8-1789238500.jsonl
[19:40:07] sample 28 ledgered: kernel00-K00-b0066fcf-1789226572.jsonl
[19:40:07] sample 28 ledgered: kernel00-K00-b4e85554-1789238796.jsonl
[19:40:07] sample 28 ledgered: kernel00-K00-b6458f90-1789241021.jsonl
[19:40:08] sample 28 ledgered: kernel00-K00-b999b93c-1789238410.jsonl
[19:40:08] sample 28 ledgered: kernel00-K00-be40c1cb-1789232676.jsonl
[19:40:08] sample 28 ledgered: kernel00-K00-c0deb027-1789238162.jsonl
[19:40:08] sample 28 ledgered: kernel00-K00-c187e547-1789232545.jsonl
[19:40:08] sample 28 ledgered: kernel00-K00-c3308f83-1789238192.jsonl
[19:40:09] sample 28 ledgered: kernel00-K00-c3c4333d-1789239717.jsonl
[19:40:09] sample 28 ledgered: kernel00-K00-c66629be-1789239043.jsonl
[19:40:09] sample 28 ledgered: kernel00-K00-c7385590-1789239815.jsonl
[19:40:09] sample 28 ledgered: kernel00-K00-c8f13ca9-1789230011.jsonl
[19:40:09] sample 28 ledgered: kernel00-K00-c9bdd9a0-1789222918.jsonl
[19:40:10] sample 28 ledgered: kernel00-K00-ca747f10-1789239296.jsonl
[19:40:10] sample 28 ledgered: kernel00-K00-cb592536-1789238981.jsonl
[19:40:10] sample 28 ledgered: kernel00-K00-cdfb41a9-1789239169.jsonl
[19:40:10] sample 28 ledgered: kernel00-K00-ce69303e-1789228839.jsonl
[19:40:10] sample 28 ledgered: kernel00-K00-ce7a7e48-1789228757.jsonl
[19:40:10] sample 28 ledgered: kernel00-K00-cf71e6ed-1789238470.jsonl
[19:40:11] sample 28 ledgered: kernel00-K00-d1b70c43-1789241693.jsonl
[19:40:11] sample 28 ledgered: kernel00-K00-d2780a55-1789231556.jsonl
[19:40:11] sample 28 ledgered: kernel00-K00-d2b86a41-1789239106.jsonl
[19:40:11] sample 28 ledgered: kernel00-K00-d952665a-1789241278.jsonl
[19:40:11] sample 28 ledgered: kernel00-K00-dd33d8f4-1789158225.jsonl
[19:40:12] sample 28 ledgered: kernel00-K00-e4ba8a1a-1789241916.jsonl
[19:40:12] sample 28 ledgered: kernel00-K00-e5767d78-1789238857.jsonl
[19:40:12] sample 28 ledgered: kernel00-K00-e7376ee7-1789239750.jsonl
[19:40:12] sample 28 ledgered: kernel00-K00-ea8d431d-1789232840.jsonl
[19:40:12] sample 28 ledgered: kernel00-K00-edce7a4e-1789238651.jsonl
[19:40:13] sample 28 ledgered: kernel00-K00-ee851a05-1789238560.jsonl
[19:40:13] sample 28 ledgered: kernel00-K00-f39914ed-1789241968.jsonl
[19:40:13] sample 28 ledgered: kernel00-K00-f5992e85-1789241801.jsonl
[19:40:13] sample 28 ledgered: kernel00-K00-f808cb65-1789228808.jsonl
[19:40:13] sample 28 ledgered: kernel00-K00-faf8fa3e-1789240954.jsonl
[19:40:14] sample 28 ledgered: kernel00-K00-fe6593f4-1789227524.jsonl
[19:40:14] sample 28 ledgered: kernel00-K00-ff7c4dd9-1789241172.jsonl
[19:40:14] sample 29/30 — precondition
[19:40:14] sample 29/30 — driver (testOneSample, mode L)
[19:41:11] sample 30/30 — precondition
[19:41:11] sample 30/30 — driver (testOneSample, mode L)
[19:42:09] sample 30 ledgered: kernel00-K00-00ac884a-1789238530.jsonl
[19:42:09] sample 30 ledgered: kernel00-K00-029de96a-1789239880.jsonl
[19:42:09] sample 30 ledgered: kernel00-K00-04ea1b8a-1789238621.jsonl
[19:42:09] sample 30 ledgered: kernel00-K00-064f9168-1789240988.jsonl
[19:42:09] sample 30 ledgered: kernel00-K00-075125a0-1789240921.jsonl
[19:42:10] sample 30 ledgered: kernel00-K00-094aefed-1789241404.jsonl
[19:42:10] sample 30 ledgered: kernel00-K00-11ba3904-1789241314.jsonl
[19:42:10] sample 30 ledgered: kernel00-K00-15ea8bfa-1789238440.jsonl
[19:42:10] sample 30 ledgered: kernel00-K00-18f515e1-1789225392.jsonl
[19:42:10] sample 30 ledgered: kernel00-K00-1962f04b-1789231600.jsonl
[19:42:10] sample 30 ledgered: kernel00-K00-19dcd43c-1789238826.jsonl
[19:42:11] sample 30 ledgered: kernel00-K00-24694629-1789225445.jsonl
[19:42:11] sample 30 ledgered: kernel00-K00-248d5aa6-1789223647.jsonl
[19:42:11] sample 30 ledgered: kernel00-K00-248d5aa6-1789223989.jsonl
[19:42:11] sample 30 ledgered: kernel00-K00-251a87ec-1789238888.jsonl
[19:42:11] sample 30 ledgered: kernel00-K00-30b56212-1789241102.jsonl
[19:42:12] sample 30 ledgered: kernel00-K00-330a0a3d-1789232732.jsonl
[19:42:12] sample 30 ledgered: kernel00-K00-3328bd74-1789231654.jsonl
[19:42:12] sample 30 ledgered: kernel00-K00-3585a3c7-1789152361.jsonl
[19:42:12] sample 30 ledgered: kernel00-K00-39f20e70-1789239232.jsonl
[19:42:12] sample 30 ledgered: kernel00-K00-3d104b77-1789241633.jsonl
[19:42:12] sample 30 ledgered: kernel00-K00-3ed37c7c-1789241441.jsonl
[19:42:13] sample 30 ledgered: kernel00-K00-42e53402-1789229978.jsonl
[19:42:13] sample 30 ledgered: kernel00-K00-496783f7-1789241207.jsonl
[19:42:13] sample 30 ledgered: kernel00-K00-49d51376-1789239137.jsonl
[19:42:13] sample 30 ledgered: kernel00-K00-4ba9ce99-1789241591.jsonl
[19:42:13] sample 30 ledgered: kernel00-K00-4d509ee9-1789234066.jsonl
[19:42:14] sample 30 ledgered: kernel00-K00-514464fd-1789241137.jsonl
[19:42:14] sample 30 ledgered: kernel00-K00-52781559-1789239945.jsonl
[19:42:14] sample 30 ledgered: kernel00-K00-533addf9-1789226767.jsonl
[19:42:14] sample 30 ledgered: kernel00-K00-541b50c9-1789240888.jsonl
[19:42:14] sample 30 ledgered: kernel00-K00-55471e75-1789231684.jsonl
[19:42:14] sample 30 ledgered: kernel00-K00-57317542-1789242039.jsonl
[19:42:15] sample 30 ledgered: kernel00-K00-5798eff1-1789240822.jsonl
[19:42:15] sample 30 ledgered: kernel00-K00-5a298e70-1789241350.jsonl
[19:42:15] sample 30 ledgered: kernel00-K00-5af7c962-1789238221.jsonl
[19:42:15] sample 30 ledgered: kernel00-K00-5f2c9cb1-1789226936.jsonl
[19:42:15] sample 30 ledgered: kernel00-K00-5f5aa5e1-1789238734.jsonl
[19:42:16] sample 30 ledgered: kernel00-K00-6086905e-1789241243.jsonl
[19:42:16] sample 30 ledgered: kernel00-K00-60b39da7-1789239200.jsonl
[19:42:16] sample 30 ledgered: kernel00-K00-66cb68e9-1789238919.jsonl
[19:42:16] sample 30 ledgered: kernel00-K00-67ecbe44-1789241535.jsonl
[19:42:16] sample 30 ledgered: kernel00-K00-6cd646bc-1789239264.jsonl
[19:42:17] sample 30 ledgered: kernel00-K00-7368ad1a-1789239912.jsonl
[19:42:17] sample 30 ledgered: kernel00-K00-73b1c610-1789224075.jsonl
[19:42:17] sample 30 ledgered: kernel00-K00-7723640f-1789238765.jsonl
[19:42:17] sample 30 ledgered: kernel00-K00-8718c7e0-1789240855.jsonl
[19:42:17] sample 30 ledgered: kernel00-K00-89a13224-1789229935.jsonl
[19:42:18] sample 30 ledgered: kernel00-K00-90a49e10-1789241738.jsonl
[19:42:18] sample 30 ledgered: kernel00-K00-916ed35a-1789232767.jsonl
[19:42:18] sample 30 ledgered: kernel00-K00-91ae0f84-1789241055.jsonl
[19:42:18] sample 30 ledgered: kernel00-K00-935a2760-1789238950.jsonl
[19:42:18] sample 30 ledgered: kernel00-K00-983b2f79-1789223298.jsonl
[19:42:18] sample 30 ledgered: kernel00-K00-994492d9-1789241849.jsonl
[19:42:19] sample 30 ledgered: kernel00-K00-9a6fba43-1789239012.jsonl
[19:42:19] sample 30 ledgered: kernel00-K00-9fc34c4b-1789239782.jsonl
[19:42:19] sample 30 ledgered: kernel00-K00-a34c0c26-1789239329.jsonl
[19:42:19] sample 30 ledgered: kernel00-K00-a366bc91-1789238591.jsonl
[19:42:19] sample 30 ledgered: kernel00-K00-a54bc8ee-1789232649.jsonl
[19:42:20] sample 30 ledgered: kernel00-K00-a746f2db-1789238704.jsonl
[19:42:20] sample 30 ledgered: kernel00-K00-a7d20733-1789239847.jsonl
[19:42:20] sample 30 ledgered: kernel00-K00-aab70794-1789239075.jsonl
[19:42:20] sample 30 ledgered: kernel00-K00-af17ce4a-1789241495.jsonl
[19:42:20] sample 30 ledgered: kernel00-K00-af35a0a8-1789238500.jsonl
[19:42:20] sample 30 ledgered: kernel00-K00-b0066fcf-1789226572.jsonl
[19:42:21] sample 30 ledgered: kernel00-K00-b4e85554-1789238796.jsonl
[19:42:21] sample 30 ledgered: kernel00-K00-b6458f90-1789241021.jsonl
[19:42:21] sample 30 ledgered: kernel00-K00-b999b93c-1789238410.jsonl
[19:42:21] sample 30 ledgered: kernel00-K00-be40c1cb-1789232676.jsonl
[19:42:21] sample 30 ledgered: kernel00-K00-c0deb027-1789238162.jsonl
[19:42:21] sample 30 ledgered: kernel00-K00-c187e547-1789232545.jsonl
[19:42:22] sample 30 ledgered: kernel00-K00-c3308f83-1789238192.jsonl
[19:42:22] sample 30 ledgered: kernel00-K00-c3c4333d-1789239717.jsonl
[19:42:22] sample 30 ledgered: kernel00-K00-c66629be-1789239043.jsonl
[19:42:22] sample 30 ledgered: kernel00-K00-c7385590-1789239815.jsonl
[19:42:22] sample 30 ledgered: kernel00-K00-c8f13ca9-1789230011.jsonl
[19:42:22] sample 30 ledgered: kernel00-K00-c9bdd9a0-1789222918.jsonl
[19:42:23] sample 30 ledgered: kernel00-K00-ca747f10-1789239296.jsonl
[19:42:23] sample 30 ledgered: kernel00-K00-cb592536-1789238981.jsonl
[19:42:23] sample 30 ledgered: kernel00-K00-cdfb41a9-1789239169.jsonl
[19:42:23] sample 30 ledgered: kernel00-K00-ce69303e-1789228839.jsonl
[19:42:23] sample 30 ledgered: kernel00-K00-ce7a7e48-1789228757.jsonl
[19:42:24] sample 30 ledgered: kernel00-K00-cf71e6ed-1789238470.jsonl
[19:42:24] sample 30 ledgered: kernel00-K00-d1b70c43-1789241693.jsonl
[19:42:24] sample 30 ledgered: kernel00-K00-d2780a55-1789231556.jsonl
[19:42:24] sample 30 ledgered: kernel00-K00-d2b86a41-1789239106.jsonl
[19:42:24] sample 30 ledgered: kernel00-K00-d952665a-1789241278.jsonl
[19:42:24] sample 30 ledgered: kernel00-K00-dd33d8f4-1789158225.jsonl
[19:42:25] sample 30 ledgered: kernel00-K00-de1d430c-1789242096.jsonl
[19:42:25] sample 30 ledgered: kernel00-K00-e4ba8a1a-1789241916.jsonl
[19:42:25] sample 30 ledgered: kernel00-K00-e5767d78-1789238857.jsonl
[19:42:25] sample 30 ledgered: kernel00-K00-e7376ee7-1789239750.jsonl
[19:42:25] sample 30 ledgered: kernel00-K00-ea8d431d-1789232840.jsonl
[19:42:26] sample 30 ledgered: kernel00-K00-edce7a4e-1789238651.jsonl
[19:42:26] sample 30 ledgered: kernel00-K00-ee851a05-1789238560.jsonl
[19:42:26] sample 30 ledgered: kernel00-K00-f39914ed-1789241968.jsonl
[19:42:26] sample 30 ledgered: kernel00-K00-f5992e85-1789241801.jsonl
[19:42:26] sample 30 ledgered: kernel00-K00-f808cb65-1789228808.jsonl
[19:42:26] sample 30 ledgered: kernel00-K00-faf8fa3e-1789240954.jsonl
[19:42:27] sample 30 ledgered: kernel00-K00-fe6593f4-1789227524.jsonl
[19:42:27] sample 30 ledgered: kernel00-K00-ff7c4dd9-1789241172.jsonl
[19:42:27] batch complete — /private/tmp/voice-driver-01/docs/programme/VOICE-2026/driver-ledger/STAGE-B-20260912T191955Z/ledger.md
