Command line invocation:
    /Applications/Xcode.app/Contents/Developer/usr/bin/xcodebuild test-without-building -xctestrun /private/tmp/voice-driver-01/ios/VoiceKernelDriver/.derived/Build/Products/DriverUITests_iphoneos26.2-arm64.xctestrun -destination id=00008140-00163D9922E0801C -collect-test-diagnostics never "-only-testing:DriverUITests/K00DriverTests/testOneSample"

2026-09-12 15:23:50.973 xcodebuild[52940:26286436] [MT] IDERunDestination: Supported platforms for the buildables in the current scheme is empty.
2026-09-12 15:23:50.976 xcodebuild[52940:26286436] [MT] IDERunDestination: Supported platforms for the buildables in the current scheme is empty.
2026-09-12 15:23:51.075 xcodebuild[52940:26286436] [MT] IDERunDestination: Supported platforms for the buildables in the current scheme is empty.
--- xcodebuild: WARNING: Using the first of multiple matching destinations:
{ platform:iOS, arch:arm64e, id:00008140-00163D9922E0801C, name:Kelly Nezat’s iPhone }
{ platform:iOS, arch:arm64, id:00008140-00163D9922E0801C, name:Kelly Nezat’s iPhone }
2026-09-12 15:23:51.237 xcodebuild[52940:26286436] [MT] IDERunDestination: Supported platforms for the buildables in the current scheme is empty.
2026-09-12 15:23:51.421 xcodebuild[52940:26286436] [MT] IDERunDestination: Supported platforms for the buildables in the current scheme is empty.
2026-09-12 15:23:53.069424-0400 DriverUITests-Runner[55577:12660903] [Default] Running tests...
    t =      nans Interface orientation changed to Portrait
Test Suite 'Selected tests' started at 2026-09-12 15:23:53.612.
Test Suite 'DriverUITests.xctest' started at 2026-09-12 15:23:53.613.
Test Suite 'K00DriverTests' started at 2026-09-12 15:23:53.613.
Test Case '-[DriverUITests.K00DriverTests testOneSample]' started.
    t =     0.00s Start Test at 2026-09-12 15:23:53.614
    t =     0.02s Set Up
    t =     0.02s Open life.soullab.voicekernel.k00
    t =     0.02s     Launch life.soullab.voicekernel.k00
    t =     0.11s         Setting up automation session
    t =     0.19s         Wait for life.soullab.voicekernel.k00 to idle
2026-09-12 15:23:53.829 xcodebuild[52940:26286436] [MT] IDERunDestination: Supported platforms for the buildables in the current scheme is empty.
    t =     1.28s Wait for life.soullab.voicekernel.k00 to become Running Foreground
    t =     1.29s Waiting 10.0s for "Enter conversation" Button to exist
    t =     2.34s     Checking `Expect predicate `existsNoRetry == 1` for object "Enter conversation" Button`
    t =     2.35s         Checking existence of `"Enter conversation" Button`
    t =     2.44s Checking existence of `"Voice processing: ON (default)" Button`
    t =     2.47s Checking existence of `"Voice processing: OFF (control run)" Button`
    t =     2.80s Waiting 3.0s for "Voice processing: ON (default)" Button to exist
    t =     3.81s     Checking `Expect predicate `existsNoRetry == 1` for object "Voice processing: ON (default)" Button`
    t =     3.81s         Checking existence of `"Voice processing: ON (default)" Button`
    t =     3.87s Waiting 5.0s for "Enter conversation" Button to exist
    t =     4.88s     Checking `Expect predicate `existsNoRetry == 1` for object "Enter conversation" Button`
    t =     4.88s         Checking existence of `"Enter conversation" Button`
    t =     4.94s Tap "Enter conversation" Button
    t =     4.94s     Wait for life.soullab.voicekernel.k00 to idle
    t =     4.95s     Find the "Enter conversation" Button
    t =     4.98s     Check for interrupting elements affecting "Enter conversation" Button
    t =     5.03s     Synthesize event
    t =     5.43s     Wait for life.soullab.voicekernel.k00 to idle
    t =    20.45s Waiting 5.0s for "Export journal" Button to exist
    t =    21.47s     Checking `Expect predicate `existsNoRetry == 1` for object "Export journal" Button`
    t =    21.47s         Checking existence of `"Export journal" Button`
    t =    21.54s Tap "Export journal" Button
    t =    21.54s     Wait for life.soullab.voicekernel.k00 to idle
    t =    21.55s     Find the "Export journal" Button
    t =    21.59s     Check for interrupting elements affecting "Export journal" Button
    t =    21.64s     Synthesize event
    t =    21.94s     Wait for life.soullab.voicekernel.k00 to idle
    t =    24.15s Terminate life.soullab.voicekernel.k00:55578
    t =    25.15s Wait for life.soullab.voicekernel.k00 to become Not Running
    t =    25.16s Tear Down
Test Case '-[DriverUITests.K00DriverTests testOneSample]' passed (25.230 seconds).
Test Suite 'K00DriverTests' passed at 2026-09-12 15:24:18.845.
	 Executed 1 test, with 0 failures (0 unexpected) in 25.230 (25.232) seconds
Test Suite 'DriverUITests.xctest' passed at 2026-09-12 15:24:18.849.
	 Executed 1 test, with 0 failures (0 unexpected) in 25.230 (25.236) seconds
Test Suite 'Selected tests' passed at 2026-09-12 15:24:18.851.
	 Executed 1 test, with 0 failures (0 unexpected) in 25.230 (25.239) seconds
2026-09-12 15:24:18.977 xcodebuild[52940:26286436] [MT] IDERunDestination: Supported platforms for the buildables in the current scheme is empty.
2026-09-12 15:24:19.176 xcodebuild[52940:26286436] [MT] IDETestOperationsObserverDebug: 27.938 elapsed -- Testing started completed.
2026-09-12 15:24:19.176 xcodebuild[52940:26286436] [MT] IDETestOperationsObserverDebug: 0.000 sec, +0.000 sec -- start
2026-09-12 15:24:19.176 xcodebuild[52940:26286436] [MT] IDETestOperationsObserverDebug: 27.938 sec, +27.938 sec -- end

Test session results, code coverage, and logs:
	/Users/soullab/Library/Developer/Xcode/DerivedData/VoiceKernelDriver-bpinoimgjebwfffvnezmpqiuydby/Logs/Test/Test-DriverUITests-2026.09.12_15-23-51--0400.xcresult

** TEST EXECUTE SUCCEEDED **

Testing started
