Command line invocation:
    /Applications/Xcode.app/Contents/Developer/usr/bin/xcodebuild test-without-building -xctestrun /private/tmp/voice-driver-01/ios/VoiceKernelDriver/.derived/Build/Products/DriverUITests_iphoneos26.2-arm64.xctestrun -destination id=00008140-00163D9922E0801C -collect-test-diagnostics never "-only-testing:DriverUITests/K00DriverTests/testOneSample"

2026-09-12 15:21:37.358 xcodebuild[52707:26280743] [MT] IDERunDestination: Supported platforms for the buildables in the current scheme is empty.
2026-09-12 15:21:37.361 xcodebuild[52707:26280743] [MT] IDERunDestination: Supported platforms for the buildables in the current scheme is empty.
2026-09-12 15:21:37.459 xcodebuild[52707:26280743] [MT] IDERunDestination: Supported platforms for the buildables in the current scheme is empty.
--- xcodebuild: WARNING: Using the first of multiple matching destinations:
{ platform:iOS, arch:arm64e, id:00008140-00163D9922E0801C, name:Kelly Nezat’s iPhone }
{ platform:iOS, arch:arm64, id:00008140-00163D9922E0801C, name:Kelly Nezat’s iPhone }
2026-09-12 15:21:37.616 xcodebuild[52707:26280743] [MT] IDERunDestination: Supported platforms for the buildables in the current scheme is empty.
2026-09-12 15:21:37.796 xcodebuild[52707:26280743] [MT] IDERunDestination: Supported platforms for the buildables in the current scheme is empty.
2026-09-12 15:21:39.271616-0400 DriverUITests-Runner[55542:12655622] [Default] Running tests...
    t =      nans Interface orientation changed to Portrait
Test Suite 'Selected tests' started at 2026-09-12 15:21:39.735.
Test Suite 'DriverUITests.xctest' started at 2026-09-12 15:21:39.735.
Test Suite 'K00DriverTests' started at 2026-09-12 15:21:39.735.
Test Case '-[DriverUITests.K00DriverTests testOneSample]' started.
    t =     0.00s Start Test at 2026-09-12 15:21:39.736
    t =     0.02s Set Up
    t =     0.02s Open life.soullab.voicekernel.k00
    t =     0.02s     Launch life.soullab.voicekernel.k00
    t =     0.10s         Setting up automation session
    t =     0.18s         Wait for life.soullab.voicekernel.k00 to idle
2026-09-12 15:21:39.945 xcodebuild[52707:26280743] [MT] IDERunDestination: Supported platforms for the buildables in the current scheme is empty.
    t =     1.28s Wait for life.soullab.voicekernel.k00 to become Running Foreground
    t =     1.28s Waiting 10.0s for "Enter conversation" Button to exist
    t =     2.31s     Checking `Expect predicate `existsNoRetry == 1` for object "Enter conversation" Button`
    t =     2.31s         Checking existence of `"Enter conversation" Button`
    t =     2.40s Checking existence of `"Voice processing: ON (default)" Button`
    t =     2.43s Checking existence of `"Voice processing: OFF (control run)" Button`
    t =     2.75s Waiting 3.0s for "Voice processing: ON (default)" Button to exist
    t =     3.76s     Checking `Expect predicate `existsNoRetry == 1` for object "Voice processing: ON (default)" Button`
    t =     3.76s         Checking existence of `"Voice processing: ON (default)" Button`
    t =     3.82s Waiting 5.0s for "Enter conversation" Button to exist
    t =     4.84s     Checking `Expect predicate `existsNoRetry == 1` for object "Enter conversation" Button`
    t =     4.84s         Checking existence of `"Enter conversation" Button`
    t =     4.90s Tap "Enter conversation" Button
    t =     4.90s     Wait for life.soullab.voicekernel.k00 to idle
    t =     4.91s     Find the "Enter conversation" Button
    t =     4.94s     Check for interrupting elements affecting "Enter conversation" Button
    t =     4.99s     Synthesize event
    t =     5.29s     Wait for life.soullab.voicekernel.k00 to idle
    t =    20.30s Waiting 5.0s for "Export journal" Button to exist
    t =    21.34s     Checking `Expect predicate `existsNoRetry == 1` for object "Export journal" Button`
    t =    21.34s         Checking existence of `"Export journal" Button`
    t =    21.40s Tap "Export journal" Button
    t =    21.40s     Wait for life.soullab.voicekernel.k00 to idle
    t =    21.41s     Find the "Export journal" Button
    t =    21.44s     Check for interrupting elements affecting "Export journal" Button
    t =    21.49s     Synthesize event
    t =    21.79s     Wait for life.soullab.voicekernel.k00 to idle
    t =    24.00s Terminate life.soullab.voicekernel.k00:55543
    t =    25.09s Wait for life.soullab.voicekernel.k00 to become Not Running
    t =    25.09s Tear Down
Test Case '-[DriverUITests.K00DriverTests testOneSample]' passed (25.149 seconds).
Test Suite 'K00DriverTests' passed at 2026-09-12 15:22:04.888.
	 Executed 1 test, with 0 failures (0 unexpected) in 25.149 (25.152) seconds
Test Suite 'DriverUITests.xctest' passed at 2026-09-12 15:22:04.893.
	 Executed 1 test, with 0 failures (0 unexpected) in 25.149 (25.158) seconds
Test Suite 'Selected tests' passed at 2026-09-12 15:22:04.897.
	 Executed 1 test, with 0 failures (0 unexpected) in 25.149 (25.162) seconds
2026-09-12 15:22:05.027 xcodebuild[52707:26280743] [MT] IDERunDestination: Supported platforms for the buildables in the current scheme is empty.
2026-09-12 15:22:05.217 xcodebuild[52707:26280743] [MT] IDETestOperationsObserverDebug: 27.600 elapsed -- Testing started completed.
2026-09-12 15:22:05.217 xcodebuild[52707:26280743] [MT] IDETestOperationsObserverDebug: 0.000 sec, +0.000 sec -- start
2026-09-12 15:22:05.217 xcodebuild[52707:26280743] [MT] IDETestOperationsObserverDebug: 27.600 sec, +27.600 sec -- end

Test session results, code coverage, and logs:
	/Users/soullab/Library/Developer/Xcode/DerivedData/VoiceKernelDriver-gdmxmmpzcvwamnfvohdnibmvzzwl/Logs/Test/Test-DriverUITests-2026.09.12_15-21-37--0400.xcresult

** TEST EXECUTE SUCCEEDED **

Testing started
