Command line invocation:
    /Applications/Xcode.app/Contents/Developer/usr/bin/xcodebuild test-without-building -xctestrun /private/tmp/voice-driver-01/ios/VoiceKernelDriver/.derived/Build/Products/DriverUITests_iphoneos26.2-arm64.xctestrun -destination id=00008140-00163D9922E0801C -collect-test-diagnostics never "-only-testing:DriverUITests/K00DriverTests/testOneSample"

2026-09-12 15:28:45.373 xcodebuild[54029:26297437] [MT] IDERunDestination: Supported platforms for the buildables in the current scheme is empty.
2026-09-12 15:28:45.376 xcodebuild[54029:26297437] [MT] IDERunDestination: Supported platforms for the buildables in the current scheme is empty.
2026-09-12 15:28:45.476 xcodebuild[54029:26297437] [MT] IDERunDestination: Supported platforms for the buildables in the current scheme is empty.
--- xcodebuild: WARNING: Using the first of multiple matching destinations:
{ platform:iOS, arch:arm64e, id:00008140-00163D9922E0801C, name:Kelly Nezat’s iPhone }
{ platform:iOS, arch:arm64, id:00008140-00163D9922E0801C, name:Kelly Nezat’s iPhone }
2026-09-12 15:28:45.638 xcodebuild[54029:26297437] [MT] IDERunDestination: Supported platforms for the buildables in the current scheme is empty.
2026-09-12 15:28:45.820 xcodebuild[54029:26297437] [MT] IDERunDestination: Supported platforms for the buildables in the current scheme is empty.
2026-09-12 15:28:47.459319-0400 DriverUITests-Runner[55614:12671668] [Default] Running tests...
    t =      nans Interface orientation changed to Portrait
Test Suite 'Selected tests' started at 2026-09-12 15:28:48.031.
Test Suite 'DriverUITests.xctest' started at 2026-09-12 15:28:48.031.
Test Suite 'K00DriverTests' started at 2026-09-12 15:28:48.031.
Test Case '-[DriverUITests.K00DriverTests testOneSample]' started.
    t =     0.00s Start Test at 2026-09-12 15:28:48.032
    t =     0.02s Set Up
    t =     0.02s Open life.soullab.voicekernel.k00
    t =     0.02s     Launch life.soullab.voicekernel.k00
    t =     0.15s         Setting up automation session
2026-09-12 15:28:48.230 xcodebuild[54029:26297437] [MT] IDERunDestination: Supported platforms for the buildables in the current scheme is empty.
    t =     0.25s         Wait for life.soullab.voicekernel.k00 to idle
    t =     1.64s Wait for life.soullab.voicekernel.k00 to become Running Foreground
    t =     1.65s Waiting 10.0s for "Enter conversation" Button to exist
    t =     2.67s     Checking `Expect predicate `existsNoRetry == 1` for object "Enter conversation" Button`
    t =     2.67s         Checking existence of `"Enter conversation" Button`
    t =     2.76s Checking existence of `"Voice processing: ON (default)" Button`
    t =     2.78s Checking existence of `"Voice processing: OFF (control run)" Button`
    t =     3.11s Waiting 3.0s for "Voice processing: ON (default)" Button to exist
    t =     4.14s     Checking `Expect predicate `existsNoRetry == 1` for object "Voice processing: ON (default)" Button`
    t =     4.14s         Checking existence of `"Voice processing: ON (default)" Button`
    t =     4.20s Waiting 5.0s for "Enter conversation" Button to exist
    t =     5.23s     Checking `Expect predicate `existsNoRetry == 1` for object "Enter conversation" Button`
    t =     5.23s         Checking existence of `"Enter conversation" Button`
    t =     5.29s Tap "Enter conversation" Button
    t =     5.29s     Wait for life.soullab.voicekernel.k00 to idle
    t =     5.29s     Find the "Enter conversation" Button
    t =     5.33s     Check for interrupting elements affecting "Enter conversation" Button
    t =     5.37s     Synthesize event
    t =     5.68s     Wait for life.soullab.voicekernel.k00 to idle
    t =    20.71s Waiting 5.0s for "Export journal" Button to exist
    t =    21.73s     Checking `Expect predicate `existsNoRetry == 1` for object "Export journal" Button`
    t =    21.73s         Checking existence of `"Export journal" Button`
    t =    21.80s Tap "Export journal" Button
    t =    21.80s     Wait for life.soullab.voicekernel.k00 to idle
    t =    21.81s     Find the "Export journal" Button
    t =    21.84s     Check for interrupting elements affecting "Export journal" Button
    t =    21.88s     Synthesize event
    t =    22.18s     Wait for life.soullab.voicekernel.k00 to idle
    t =    24.74s Terminate life.soullab.voicekernel.k00:55615
    t =    25.81s Wait for life.soullab.voicekernel.k00 to become Not Running
    t =    25.81s Tear Down
Test Case '-[DriverUITests.K00DriverTests testOneSample]' passed (25.880 seconds).
Test Suite 'K00DriverTests' passed at 2026-09-12 15:29:13.915.
	 Executed 1 test, with 0 failures (0 unexpected) in 25.880 (25.883) seconds
Test Suite 'DriverUITests.xctest' passed at 2026-09-12 15:29:13.923.
	 Executed 1 test, with 0 failures (0 unexpected) in 25.880 (25.892) seconds
Test Suite 'Selected tests' passed at 2026-09-12 15:29:13.926.
	 Executed 1 test, with 0 failures (0 unexpected) in 25.880 (25.895) seconds
2026-09-12 15:29:14.034 xcodebuild[54029:26297437] [MT] IDERunDestination: Supported platforms for the buildables in the current scheme is empty.
2026-09-12 15:29:14.250 xcodebuild[54029:26297437] [MT] IDETestOperationsObserverDebug: 28.611 elapsed -- Testing started completed.
2026-09-12 15:29:14.250 xcodebuild[54029:26297437] [MT] IDETestOperationsObserverDebug: 0.000 sec, +0.000 sec -- start
2026-09-12 15:29:14.250 xcodebuild[54029:26297437] [MT] IDETestOperationsObserverDebug: 28.611 sec, +28.611 sec -- end

Test session results, code coverage, and logs:
	/Users/soullab/Library/Developer/Xcode/DerivedData/VoiceKernelDriver-dzkcrxpviupjicckjteugeektnfy/Logs/Test/Test-DriverUITests-2026.09.12_15-28-45--0400.xcresult

** TEST EXECUTE SUCCEEDED **

Testing started
