Command line invocation:
    /Applications/Xcode.app/Contents/Developer/usr/bin/xcodebuild test-without-building -xctestrun /private/tmp/voice-driver-01/ios/VoiceKernelDriver/.derived/Build/Products/DriverUITests_iphoneos26.2-arm64.xctestrun -destination id=00008140-00163D9922E0801C -collect-test-diagnostics never "-only-testing:DriverUITests/K00DriverTests/testOneSample"

2026-09-12 15:31:50.946 xcodebuild[55587:26307160] [MT] IDERunDestination: Supported platforms for the buildables in the current scheme is empty.
2026-09-12 15:31:50.949 xcodebuild[55587:26307160] [MT] IDERunDestination: Supported platforms for the buildables in the current scheme is empty.
2026-09-12 15:31:51.048 xcodebuild[55587:26307160] [MT] IDERunDestination: Supported platforms for the buildables in the current scheme is empty.
--- xcodebuild: WARNING: Using the first of multiple matching destinations:
{ platform:iOS, arch:arm64e, id:00008140-00163D9922E0801C, name:Kelly Nezat’s iPhone }
{ platform:iOS, arch:arm64, id:00008140-00163D9922E0801C, name:Kelly Nezat’s iPhone }
2026-09-12 15:31:51.224 xcodebuild[55587:26307160] [MT] IDERunDestination: Supported platforms for the buildables in the current scheme is empty.
2026-09-12 15:31:51.406 xcodebuild[55587:26307160] [MT] IDERunDestination: Supported platforms for the buildables in the current scheme is empty.
2026-09-12 15:31:52.975208-0400 DriverUITests-Runner[55650:12677794] [Default] Running tests...
    t =      nans Interface orientation changed to Portrait
Test Suite 'Selected tests' started at 2026-09-12 15:31:53.453.
Test Suite 'DriverUITests.xctest' started at 2026-09-12 15:31:53.453.
Test Suite 'K00DriverTests' started at 2026-09-12 15:31:53.454.
Test Case '-[DriverUITests.K00DriverTests testOneSample]' started.
    t =     0.00s Start Test at 2026-09-12 15:31:53.454
    t =     0.02s Set Up
    t =     0.02s Open life.soullab.voicekernel.k00
    t =     0.02s     Launch life.soullab.voicekernel.k00
    t =     0.11s         Setting up automation session
    t =     0.18s         Wait for life.soullab.voicekernel.k00 to idle
2026-09-12 15:31:53.667 xcodebuild[55587:26307160] [MT] IDERunDestination: Supported platforms for the buildables in the current scheme is empty.
    t =     1.28s Wait for life.soullab.voicekernel.k00 to become Running Foreground
    t =     1.28s Waiting 10.0s for "Enter conversation" Button to exist
    t =     2.34s     Checking `Expect predicate `existsNoRetry == 1` for object "Enter conversation" Button`
    t =     2.34s         Checking existence of `"Enter conversation" Button`
    t =     2.44s Checking existence of `"Voice processing: ON (default)" Button`
    t =     2.47s Checking existence of `"Voice processing: OFF (control run)" Button`
    t =     2.79s Waiting 3.0s for "Voice processing: ON (default)" Button to exist
    t =     3.80s     Checking `Expect predicate `existsNoRetry == 1` for object "Voice processing: ON (default)" Button`
    t =     3.80s         Checking existence of `"Voice processing: ON (default)" Button`
    t =     3.86s Waiting 5.0s for "Enter conversation" Button to exist
    t =     4.89s     Checking `Expect predicate `existsNoRetry == 1` for object "Enter conversation" Button`
    t =     4.89s         Checking existence of `"Enter conversation" Button`
    t =     4.95s Tap "Enter conversation" Button
    t =     4.95s     Wait for life.soullab.voicekernel.k00 to idle
    t =     4.96s     Find the "Enter conversation" Button
    t =     4.99s     Check for interrupting elements affecting "Enter conversation" Button
    t =     5.04s     Synthesize event
    t =     5.33s     Wait for life.soullab.voicekernel.k00 to idle
2026-09-12 15:32:00.128 xcodebuild[55587:26307160] [MT] IDERunDestination: Supported platforms for the buildables in the current scheme is empty.
    t =    20.35s Waiting 5.0s for "Export journal" Button to exist
    t =    21.36s     Checking `Expect predicate `existsNoRetry == 1` for object "Export journal" Button`
    t =    21.36s         Checking existence of `"Export journal" Button`
    t =    21.43s Tap "Export journal" Button
    t =    21.43s     Wait for life.soullab.voicekernel.k00 to idle
    t =    21.43s     Find the "Export journal" Button
    t =    21.47s     Check for interrupting elements affecting "Export journal" Button
    t =    21.51s     Synthesize event
    t =    21.81s     Wait for life.soullab.voicekernel.k00 to idle
    t =    24.03s Terminate life.soullab.voicekernel.k00:55651
    t =    25.05s Wait for life.soullab.voicekernel.k00 to become Not Running
    t =    25.05s Tear Down
Test Case '-[DriverUITests.K00DriverTests testOneSample]' passed (25.117 seconds).
Test Suite 'K00DriverTests' passed at 2026-09-12 15:32:18.574.
	 Executed 1 test, with 0 failures (0 unexpected) in 25.117 (25.121) seconds
Test Suite 'DriverUITests.xctest' passed at 2026-09-12 15:32:18.577.
	 Executed 1 test, with 0 failures (0 unexpected) in 25.117 (25.124) seconds
Test Suite 'Selected tests' passed at 2026-09-12 15:32:18.579.
	 Executed 1 test, with 0 failures (0 unexpected) in 25.117 (25.126) seconds
2026-09-12 15:32:18.710 xcodebuild[55587:26307160] [MT] IDERunDestination: Supported platforms for the buildables in the current scheme is empty.
2026-09-12 15:32:18.901 xcodebuild[55587:26307160] [MT] IDETestOperationsObserverDebug: 27.675 elapsed -- Testing started completed.
2026-09-12 15:32:18.901 xcodebuild[55587:26307160] [MT] IDETestOperationsObserverDebug: 0.000 sec, +0.000 sec -- start
2026-09-12 15:32:18.901 xcodebuild[55587:26307160] [MT] IDETestOperationsObserverDebug: 27.675 sec, +27.675 sec -- end

Test session results, code coverage, and logs:
	/Users/soullab/Library/Developer/Xcode/DerivedData/VoiceKernelDriver-fxnkllqhvrdqwpgkhojcaemxtwfc/Logs/Test/Test-DriverUITests-2026.09.12_15-31-51--0400.xcresult

** TEST EXECUTE SUCCEEDED **

Testing started
