Command line invocation:
    /Applications/Xcode.app/Contents/Developer/usr/bin/xcodebuild test-without-building -xctestrun /private/tmp/voice-driver-01/ios/VoiceKernelDriver/.derived/Build/Products/DriverUITests_iphoneos26.2-arm64.xctestrun -destination id=00008140-00163D9922E0801C -collect-test-diagnostics never "-only-testing:DriverUITests/K00DriverTests/testOneSample"

2026-09-12 15:22:43.630 xcodebuild[52823:26283705] [MT] IDERunDestination: Supported platforms for the buildables in the current scheme is empty.
2026-09-12 15:22:43.632 xcodebuild[52823:26283705] [MT] IDERunDestination: Supported platforms for the buildables in the current scheme is empty.
--- xcodebuild: WARNING: Using the first of multiple matching destinations:
{ platform:iOS, arch:arm64e, id:00008140-00163D9922E0801C, name:Kelly Nezat’s iPhone }
{ platform:iOS, arch:arm64, id:00008140-00163D9922E0801C, name:Kelly Nezat’s iPhone }
2026-09-12 15:22:43.880 xcodebuild[52823:26283705] [MT] IDERunDestination: Supported platforms for the buildables in the current scheme is empty.
2026-09-12 15:22:44.061 xcodebuild[52823:26283705] [MT] IDERunDestination: Supported platforms for the buildables in the current scheme is empty.
2026-09-12 15:22:45.687032-0400 DriverUITests-Runner[55567:12658483] [Default] Running tests...
    t =      nans Interface orientation changed to Portrait
Test Suite 'Selected tests' started at 2026-09-12 15:22:46.228.
Test Suite 'DriverUITests.xctest' started at 2026-09-12 15:22:46.228.
Test Suite 'K00DriverTests' started at 2026-09-12 15:22:46.229.
Test Case '-[DriverUITests.K00DriverTests testOneSample]' started.
    t =     0.00s Start Test at 2026-09-12 15:22:46.229
    t =     0.02s Set Up
    t =     0.02s Open life.soullab.voicekernel.k00
    t =     0.02s     Launch life.soullab.voicekernel.k00
    t =     0.11s         Setting up automation session
    t =     0.18s         Wait for life.soullab.voicekernel.k00 to idle
2026-09-12 15:22:46.442 xcodebuild[52823:26283705] [MT] IDERunDestination: Supported platforms for the buildables in the current scheme is empty.
    t =     1.29s Wait for life.soullab.voicekernel.k00 to become Running Foreground
    t =     1.30s Waiting 10.0s for "Enter conversation" Button to exist
    t =     2.34s     Checking `Expect predicate `existsNoRetry == 1` for object "Enter conversation" Button`
    t =     2.34s         Checking existence of `"Enter conversation" Button`
    t =     2.42s Checking existence of `"Voice processing: ON (default)" Button`
    t =     2.45s Checking existence of `"Voice processing: OFF (control run)" Button`
    t =     2.77s Waiting 3.0s for "Voice processing: ON (default)" Button to exist
    t =     3.82s     Checking `Expect predicate `existsNoRetry == 1` for object "Voice processing: ON (default)" Button`
    t =     3.82s         Checking existence of `"Voice processing: ON (default)" Button`
    t =     3.88s Waiting 5.0s for "Enter conversation" Button to exist
    t =     4.89s     Checking `Expect predicate `existsNoRetry == 1` for object "Enter conversation" Button`
    t =     4.89s         Checking existence of `"Enter conversation" Button`
    t =     4.94s Tap "Enter conversation" Button
    t =     4.94s     Wait for life.soullab.voicekernel.k00 to idle
    t =     4.95s     Find the "Enter conversation" Button
    t =     4.99s     Check for interrupting elements affecting "Enter conversation" Button
    t =     5.18s     Synthesize event
    t =     5.47s     Wait for life.soullab.voicekernel.k00 to idle
    t =    20.48s Waiting 5.0s for "Export journal" Button to exist
    t =    21.50s     Checking `Expect predicate `existsNoRetry == 1` for object "Export journal" Button`
    t =    21.51s         Checking existence of `"Export journal" Button`
    t =    21.57s Tap "Export journal" Button
    t =    21.57s     Wait for life.soullab.voicekernel.k00 to idle
    t =    21.58s     Find the "Export journal" Button
    t =    21.72s     Check for interrupting elements affecting "Export journal" Button
    t =    21.79s     Synthesize event
    t =    22.20s     Wait for life.soullab.voicekernel.k00 to idle
    t =    24.43s Terminate life.soullab.voicekernel.k00:55568
    t =    25.46s Wait for life.soullab.voicekernel.k00 to become Not Running
    t =    25.46s Tear Down
Test Case '-[DriverUITests.K00DriverTests testOneSample]' passed (25.513 seconds).
Test Suite 'K00DriverTests' passed at 2026-09-12 15:23:11.745.
	 Executed 1 test, with 0 failures (0 unexpected) in 25.513 (25.516) seconds
Test Suite 'DriverUITests.xctest' passed at 2026-09-12 15:23:11.749.
	 Executed 1 test, with 0 failures (0 unexpected) in 25.513 (25.521) seconds
Test Suite 'Selected tests' passed at 2026-09-12 15:23:11.751.
	 Executed 1 test, with 0 failures (0 unexpected) in 25.513 (25.523) seconds
2026-09-12 15:23:11.867 xcodebuild[52823:26283705] [MT] IDERunDestination: Supported platforms for the buildables in the current scheme is empty.
2026-09-12 15:23:12.068 xcodebuild[52823:26283705] [MT] IDETestOperationsObserverDebug: 28.186 elapsed -- Testing started completed.
2026-09-12 15:23:12.068 xcodebuild[52823:26283705] [MT] IDETestOperationsObserverDebug: 0.000 sec, +0.000 sec -- start
2026-09-12 15:23:12.068 xcodebuild[52823:26283705] [MT] IDETestOperationsObserverDebug: 28.186 sec, +28.186 sec -- end

Test session results, code coverage, and logs:
	/Users/soullab/Library/Developer/Xcode/DerivedData/VoiceKernelDriver-bbcakpvusflvyuhjozugyqbgeoqs/Logs/Test/Test-DriverUITests-2026.09.12_15-22-43--0400.xcresult

** TEST EXECUTE SUCCEEDED **

Testing started
