Command line invocation:
    /Applications/Xcode.app/Contents/Developer/usr/bin/xcodebuild test-without-building -xctestrun /private/tmp/voice-driver-01/ios/VoiceKernelDriver/.derived/Build/Products/DriverUITests_iphoneos26.2-arm64.xctestrun -destination id=00008140-00163D9922E0801C -collect-test-diagnostics never "-only-testing:DriverUITests/K00DriverTests/testOneSample"

2026-09-12 15:25:13.568 xcodebuild[53621:26291038] [MT] IDERunDestination: Supported platforms for the buildables in the current scheme is empty.
2026-09-12 15:25:13.571 xcodebuild[53621:26291038] [MT] IDERunDestination: Supported platforms for the buildables in the current scheme is empty.
2026-09-12 15:25:13.669 xcodebuild[53621:26291038] [MT] IDERunDestination: Supported platforms for the buildables in the current scheme is empty.
--- xcodebuild: WARNING: Using the first of multiple matching destinations:
{ platform:iOS, arch:arm64e, id:00008140-00163D9922E0801C, name:Kelly Nezat’s iPhone }
{ platform:iOS, arch:arm64, id:00008140-00163D9922E0801C, name:Kelly Nezat’s iPhone }
2026-09-12 15:25:13.853 xcodebuild[53621:26291038] [MT] IDERunDestination: Supported platforms for the buildables in the current scheme is empty.
2026-09-12 15:25:14.042 xcodebuild[53621:26291038] [MT] IDERunDestination: Supported platforms for the buildables in the current scheme is empty.
2026-09-12 15:25:15.617149-0400 DriverUITests-Runner[55587:12663627] [Default] Running tests...
    t =      nans Interface orientation changed to Portrait
Test Suite 'Selected tests' started at 2026-09-12 15:25:16.073.
Test Suite 'DriverUITests.xctest' started at 2026-09-12 15:25:16.074.
Test Suite 'K00DriverTests' started at 2026-09-12 15:25:16.074.
Test Case '-[DriverUITests.K00DriverTests testOneSample]' started.
    t =     0.00s Start Test at 2026-09-12 15:25:16.075
    t =     0.02s Set Up
    t =     0.02s Open life.soullab.voicekernel.k00
    t =     0.03s     Launch life.soullab.voicekernel.k00
    t =     0.12s         Setting up automation session
    t =     0.18s         Wait for life.soullab.voicekernel.k00 to idle
2026-09-12 15:25:16.285 xcodebuild[53621:26291038] [MT] IDERunDestination: Supported platforms for the buildables in the current scheme is empty.
    t =     1.28s Wait for life.soullab.voicekernel.k00 to become Running Foreground
    t =     1.28s Waiting 10.0s for "Enter conversation" Button to exist
    t =     2.30s     Checking `Expect predicate `existsNoRetry == 1` for object "Enter conversation" Button`
    t =     2.30s         Checking existence of `"Enter conversation" Button`
    t =     2.40s Checking existence of `"Voice processing: ON (default)" Button`
    t =     2.43s Checking existence of `"Voice processing: OFF (control run)" Button`
    t =     2.76s Waiting 3.0s for "Voice processing: ON (default)" Button to exist
    t =     3.77s     Checking `Expect predicate `existsNoRetry == 1` for object "Voice processing: ON (default)" Button`
    t =     3.77s         Checking existence of `"Voice processing: ON (default)" Button`
    t =     3.84s Waiting 5.0s for "Enter conversation" Button to exist
    t =     4.85s     Checking `Expect predicate `existsNoRetry == 1` for object "Enter conversation" Button`
    t =     4.85s         Checking existence of `"Enter conversation" Button`
    t =     4.91s Tap "Enter conversation" Button
    t =     4.91s     Wait for life.soullab.voicekernel.k00 to idle
    t =     4.92s     Find the "Enter conversation" Button
    t =     4.96s     Check for interrupting elements affecting "Enter conversation" Button
    t =     5.00s     Synthesize event
    t =     5.30s     Wait for life.soullab.voicekernel.k00 to idle
    t =    20.31s Waiting 5.0s for "Export journal" Button to exist
    t =    21.35s     Checking `Expect predicate `existsNoRetry == 1` for object "Export journal" Button`
    t =    21.35s         Checking existence of `"Export journal" Button`
    t =    21.40s Tap "Export journal" Button
    t =    21.40s     Wait for life.soullab.voicekernel.k00 to idle
    t =    21.41s     Find the "Export journal" Button
    t =    21.45s     Check for interrupting elements affecting "Export journal" Button
    t =    21.49s     Synthesize event
    t =    21.79s     Wait for life.soullab.voicekernel.k00 to idle
    t =    24.01s Terminate life.soullab.voicekernel.k00:55588
    t =    25.02s Wait for life.soullab.voicekernel.k00 to become Not Running
    t =    25.02s Tear Down
Test Case '-[DriverUITests.K00DriverTests testOneSample]' passed (25.069 seconds).
Test Suite 'K00DriverTests' passed at 2026-09-12 15:25:41.145.
	 Executed 1 test, with 0 failures (0 unexpected) in 25.069 (25.071) seconds
Test Suite 'DriverUITests.xctest' passed at 2026-09-12 15:25:41.149.
	 Executed 1 test, with 0 failures (0 unexpected) in 25.069 (25.075) seconds
Test Suite 'Selected tests' passed at 2026-09-12 15:25:41.157.
	 Executed 1 test, with 0 failures (0 unexpected) in 25.069 (25.083) seconds
2026-09-12 15:25:41.281 xcodebuild[53621:26291038] [MT] IDERunDestination: Supported platforms for the buildables in the current scheme is empty.
2026-09-12 15:25:41.453 xcodebuild[53621:26291038] [MT] IDETestOperationsObserverDebug: 27.599 elapsed -- Testing started completed.
2026-09-12 15:25:41.453 xcodebuild[53621:26291038] [MT] IDETestOperationsObserverDebug: 0.000 sec, +0.000 sec -- start
2026-09-12 15:25:41.453 xcodebuild[53621:26291038] [MT] IDETestOperationsObserverDebug: 27.599 sec, +27.599 sec -- end

Test session results, code coverage, and logs:
	/Users/soullab/Library/Developer/Xcode/DerivedData/VoiceKernelDriver-dfpwwqftwphywvdvxzkssfjgwwlr/Logs/Test/Test-DriverUITests-2026.09.12_15-25-13--0400.xcresult

** TEST EXECUTE SUCCEEDED **

Testing started
