Command line invocation:
    /Applications/Xcode.app/Contents/Developer/usr/bin/xcodebuild test-without-building -xctestrun /private/tmp/voice-driver-01/ios/VoiceKernelDriver/.derived/Build/Products/DriverUITests_iphoneos26.2-arm64.xctestrun -destination id=00008140-00163D9922E0801C -collect-test-diagnostics never "-only-testing:DriverUITests/K00DriverTests/testOneSample"

2026-09-12 15:31:11.351 xcodebuild[55524:26306262] [MT] IDERunDestination: Supported platforms for the buildables in the current scheme is empty.
2026-09-12 15:31:11.354 xcodebuild[55524:26306262] [MT] IDERunDestination: Supported platforms for the buildables in the current scheme is empty.
2026-09-12 15:31:11.453 xcodebuild[55524:26306262] [MT] IDERunDestination: Supported platforms for the buildables in the current scheme is empty.
--- xcodebuild: WARNING: Using the first of multiple matching destinations:
{ platform:iOS, arch:arm64e, id:00008140-00163D9922E0801C, name:Kelly Nezat’s iPhone }
{ platform:iOS, arch:arm64, id:00008140-00163D9922E0801C, name:Kelly Nezat’s iPhone }
2026-09-12 15:31:11.620 xcodebuild[55524:26306262] [MT] IDERunDestination: Supported platforms for the buildables in the current scheme is empty.
2026-09-12 15:31:11.803 xcodebuild[55524:26306262] [MT] IDERunDestination: Supported platforms for the buildables in the current scheme is empty.
2026-09-12 15:31:13.347233-0400 DriverUITests-Runner[55646:12676518] [Default] Running tests...
    t =      nans Interface orientation changed to Portrait
Test Suite 'Selected tests' started at 2026-09-12 15:31:13.845.
Test Suite 'DriverUITests.xctest' started at 2026-09-12 15:31:13.845.
Test Suite 'K00DriverTests' started at 2026-09-12 15:31:13.846.
Test Case '-[DriverUITests.K00DriverTests testOneSample]' started.
    t =     0.00s Start Test at 2026-09-12 15:31:13.846
    t =     0.02s Set Up
    t =     0.03s Open life.soullab.voicekernel.k00
    t =     0.03s     Launch life.soullab.voicekernel.k00
    t =     0.12s         Setting up automation session
2026-09-12 15:31:14.072 xcodebuild[55524:26306262] [MT] IDERunDestination: Supported platforms for the buildables in the current scheme is empty.
    t =     0.22s         Wait for life.soullab.voicekernel.k00 to idle
    t =     1.33s Wait for life.soullab.voicekernel.k00 to become Running Foreground
    t =     1.34s Waiting 10.0s for "Enter conversation" Button to exist
    t =     2.36s     Checking `Expect predicate `existsNoRetry == 1` for object "Enter conversation" Button`
    t =     2.36s         Checking existence of `"Enter conversation" Button`
    t =     2.45s Checking existence of `"Voice processing: ON (default)" Button`
    t =     2.48s Checking existence of `"Voice processing: OFF (control run)" Button`
    t =     2.81s Waiting 3.0s for "Voice processing: ON (default)" Button to exist
    t =     3.81s     Checking `Expect predicate `existsNoRetry == 1` for object "Voice processing: ON (default)" Button`
    t =     3.81s         Checking existence of `"Voice processing: ON (default)" Button`
    t =     3.87s Waiting 5.0s for "Enter conversation" Button to exist
    t =     4.91s     Checking `Expect predicate `existsNoRetry == 1` for object "Enter conversation" Button`
    t =     4.92s         Checking existence of `"Enter conversation" Button`
    t =     4.98s Tap "Enter conversation" Button
    t =     4.98s     Wait for life.soullab.voicekernel.k00 to idle
    t =     4.98s     Find the "Enter conversation" Button
    t =     5.02s     Check for interrupting elements affecting "Enter conversation" Button
    t =     5.06s     Synthesize event
    t =     5.36s     Wait for life.soullab.voicekernel.k00 to idle
    t =    20.37s Waiting 5.0s for "Export journal" Button to exist
    t =    21.40s     Checking `Expect predicate `existsNoRetry == 1` for object "Export journal" Button`
    t =    21.40s         Checking existence of `"Export journal" Button`
    t =    21.46s Tap "Export journal" Button
    t =    21.46s     Wait for life.soullab.voicekernel.k00 to idle
    t =    21.47s     Find the "Export journal" Button
    t =    21.50s     Check for interrupting elements affecting "Export journal" Button
    t =    21.54s     Synthesize event
    t =    21.84s     Wait for life.soullab.voicekernel.k00 to idle
    t =    24.06s Terminate life.soullab.voicekernel.k00:55647
    t =    25.14s Wait for life.soullab.voicekernel.k00 to become Not Running
    t =    25.14s Tear Down
Test Case '-[DriverUITests.K00DriverTests testOneSample]' passed (25.188 seconds).
Test Suite 'K00DriverTests' passed at 2026-09-12 15:31:39.034.
	 Executed 1 test, with 0 failures (0 unexpected) in 25.188 (25.189) seconds
Test Suite 'DriverUITests.xctest' passed at 2026-09-12 15:31:39.036.
	 Executed 1 test, with 0 failures (0 unexpected) in 25.188 (25.190) seconds
Test Suite 'Selected tests' passed at 2026-09-12 15:31:39.037.
	 Executed 1 test, with 0 failures (0 unexpected) in 25.188 (25.192) seconds
2026-09-12 15:31:39.210 xcodebuild[55524:26306262] [MT] IDERunDestination: Supported platforms for the buildables in the current scheme is empty.
2026-09-12 15:31:39.382 xcodebuild[55524:26306262] [MT] IDETestOperationsObserverDebug: 27.760 elapsed -- Testing started completed.
2026-09-12 15:31:39.382 xcodebuild[55524:26306262] [MT] IDETestOperationsObserverDebug: 0.000 sec, +0.000 sec -- start
2026-09-12 15:31:39.382 xcodebuild[55524:26306262] [MT] IDETestOperationsObserverDebug: 27.760 sec, +27.760 sec -- end

Test session results, code coverage, and logs:
	/Users/soullab/Library/Developer/Xcode/DerivedData/VoiceKernelDriver-cicpfwgpgoonleatgnejczihoxej/Logs/Test/Test-DriverUITests-2026.09.12_15-31-11--0400.xcresult

** TEST EXECUTE SUCCEEDED **

Testing started
