Command line invocation:
    /Applications/Xcode.app/Contents/Developer/usr/bin/xcodebuild test-without-building -xctestrun /private/tmp/voice-driver-01/ios/VoiceKernelDriver/.derived/Build/Products/DriverUITests_iphoneos26.2-arm64.xctestrun -destination id=00008140-00163D9922E0801C -collect-test-diagnostics never "-only-testing:DriverUITests/K00DriverTests/testOneSample"

2026-09-12 15:35:14.062 xcodebuild[57168:26315843] [MT] IDERunDestination: Supported platforms for the buildables in the current scheme is empty.
2026-09-12 15:35:14.065 xcodebuild[57168:26315843] [MT] IDERunDestination: Supported platforms for the buildables in the current scheme is empty.
2026-09-12 15:35:14.165 xcodebuild[57168:26315843] [MT] IDERunDestination: Supported platforms for the buildables in the current scheme is empty.
--- xcodebuild: WARNING: Using the first of multiple matching destinations:
{ platform:iOS, arch:arm64e, id:00008140-00163D9922E0801C, name:Kelly Nezat’s iPhone }
{ platform:iOS, arch:arm64, id:00008140-00163D9922E0801C, name:Kelly Nezat’s iPhone }
2026-09-12 15:35:14.343 xcodebuild[57168:26315843] [MT] IDERunDestination: Supported platforms for the buildables in the current scheme is empty.
2026-09-12 15:35:14.531 xcodebuild[57168:26315843] [MT] IDERunDestination: Supported platforms for the buildables in the current scheme is empty.
2026-09-12 15:35:16.029523-0400 DriverUITests-Runner[55678:12683284] [Default] Running tests...
    t =      nans Interface orientation changed to Portrait
Test Suite 'Selected tests' started at 2026-09-12 15:35:16.500.
Test Suite 'DriverUITests.xctest' started at 2026-09-12 15:35:16.500.
Test Suite 'K00DriverTests' started at 2026-09-12 15:35:16.501.
Test Case '-[DriverUITests.K00DriverTests testOneSample]' started.
    t =     0.00s Start Test at 2026-09-12 15:35:16.501
    t =     0.02s Set Up
    t =     0.02s Open life.soullab.voicekernel.k00
    t =     0.03s     Launch life.soullab.voicekernel.k00
    t =     0.11s         Setting up automation session
    t =     0.19s         Wait for life.soullab.voicekernel.k00 to idle
2026-09-12 15:35:16.724 xcodebuild[57168:26315843] [MT] IDERunDestination: Supported platforms for the buildables in the current scheme is empty.
    t =     1.28s Wait for life.soullab.voicekernel.k00 to become Running Foreground
    t =     1.29s Waiting 10.0s for "Enter conversation" Button to exist
    t =     2.33s     Checking `Expect predicate `existsNoRetry == 1` for object "Enter conversation" Button`
    t =     2.33s         Checking existence of `"Enter conversation" Button`
    t =     2.43s Checking existence of `"Voice processing: ON (default)" Button`
    t =     2.45s Checking existence of `"Voice processing: OFF (control run)" Button`
    t =     2.78s Waiting 3.0s for "Voice processing: ON (default)" Button to exist
    t =     3.82s     Checking `Expect predicate `existsNoRetry == 1` for object "Voice processing: ON (default)" Button`
    t =     3.82s         Checking existence of `"Voice processing: ON (default)" Button`
    t =     3.88s Waiting 5.0s for "Enter conversation" Button to exist
    t =     4.90s     Checking `Expect predicate `existsNoRetry == 1` for object "Enter conversation" Button`
    t =     4.90s         Checking existence of `"Enter conversation" Button`
    t =     4.96s Tap "Enter conversation" Button
    t =     4.96s     Wait for life.soullab.voicekernel.k00 to idle
    t =     4.97s     Find the "Enter conversation" Button
    t =     5.00s     Check for interrupting elements affecting "Enter conversation" Button
    t =     5.05s     Synthesize event
    t =     5.35s     Wait for life.soullab.voicekernel.k00 to idle
    t =    20.36s Waiting 5.0s for "Export journal" Button to exist
    t =    21.39s     Checking `Expect predicate `existsNoRetry == 1` for object "Export journal" Button`
    t =    21.39s         Checking existence of `"Export journal" Button`
    t =    21.45s Tap "Export journal" Button
    t =    21.45s     Wait for life.soullab.voicekernel.k00 to idle
    t =    21.46s     Find the "Export journal" Button
    t =    21.50s     Check for interrupting elements affecting "Export journal" Button
    t =    21.54s     Synthesize event
    t =    21.84s     Wait for life.soullab.voicekernel.k00 to idle
    t =    24.07s Terminate life.soullab.voicekernel.k00:55679
    t =    25.14s Wait for life.soullab.voicekernel.k00 to become Not Running
    t =    25.14s Tear Down
Test Case '-[DriverUITests.K00DriverTests testOneSample]' passed (25.194 seconds).
Test Suite 'K00DriverTests' passed at 2026-09-12 15:35:41.695.
	 Executed 1 test, with 0 failures (0 unexpected) in 25.194 (25.195) seconds
Test Suite 'DriverUITests.xctest' passed at 2026-09-12 15:35:41.698.
	 Executed 1 test, with 0 failures (0 unexpected) in 25.194 (25.198) seconds
Test Suite 'Selected tests' passed at 2026-09-12 15:35:41.703.
	 Executed 1 test, with 0 failures (0 unexpected) in 25.194 (25.203) seconds
2026-09-12 15:35:41.835 xcodebuild[57168:26315843] [MT] IDERunDestination: Supported platforms for the buildables in the current scheme is empty.
2026-09-12 15:35:42.039 xcodebuild[57168:26315843] [MT] IDETestOperationsObserverDebug: 27.695 elapsed -- Testing started completed.
2026-09-12 15:35:42.039 xcodebuild[57168:26315843] [MT] IDETestOperationsObserverDebug: 0.000 sec, +0.000 sec -- start
2026-09-12 15:35:42.039 xcodebuild[57168:26315843] [MT] IDETestOperationsObserverDebug: 27.695 sec, +27.695 sec -- end

Test session results, code coverage, and logs:
	/Users/soullab/Library/Developer/Xcode/DerivedData/VoiceKernelDriver-cmuctgpmouzwwsgsmplspqgiugot/Logs/Test/Test-DriverUITests-2026.09.12_15-35-14--0400.xcresult

** TEST EXECUTE SUCCEEDED **

Testing started
