Command line invocation:
    /Applications/Xcode.app/Contents/Developer/usr/bin/xcodebuild test-without-building -xctestrun /private/tmp/voice-driver-01/ios/VoiceKernelDriver/.derived/Build/Products/DriverUITests_iphoneos26.2-arm64.xctestrun -destination id=00008140-00163D9922E0801C -collect-test-diagnostics never "-only-testing:DriverUITests/K00DriverTests/testOneSample"

2026-09-12 15:37:04.968 xcodebuild[57999:26320778] [MT] IDERunDestination: Supported platforms for the buildables in the current scheme is empty.
2026-09-12 15:37:04.972 xcodebuild[57999:26320778] [MT] IDERunDestination: Supported platforms for the buildables in the current scheme is empty.
2026-09-12 15:37:05.069 xcodebuild[57999:26320778] [MT] IDERunDestination: Supported platforms for the buildables in the current scheme is empty.
--- xcodebuild: WARNING: Using the first of multiple matching destinations:
{ platform:iOS, arch:arm64e, id:00008140-00163D9922E0801C, name:Kelly Nezat’s iPhone }
{ platform:iOS, arch:arm64, id:00008140-00163D9922E0801C, name:Kelly Nezat’s iPhone }
2026-09-12 15:37:05.251 xcodebuild[57999:26320778] [MT] IDERunDestination: Supported platforms for the buildables in the current scheme is empty.
2026-09-12 15:37:05.434 xcodebuild[57999:26320778] [MT] IDERunDestination: Supported platforms for the buildables in the current scheme is empty.
2026-09-12 15:37:07.147702-0400 DriverUITests-Runner[55693:12686475] [Default] Running tests...
    t =      nans Interface orientation changed to Portrait
Test Suite 'Selected tests' started at 2026-09-12 15:37:07.615.
Test Suite 'DriverUITests.xctest' started at 2026-09-12 15:37:07.616.
Test Suite 'K00DriverTests' started at 2026-09-12 15:37:07.616.
Test Case '-[DriverUITests.K00DriverTests testOneSample]' started.
    t =     0.00s Start Test at 2026-09-12 15:37:07.617
    t =     0.02s Set Up
    t =     0.02s Open life.soullab.voicekernel.k00
    t =     0.02s     Launch life.soullab.voicekernel.k00
    t =     0.20s         Setting up automation session
2026-09-12 15:37:07.815 xcodebuild[57999:26320778] [MT] IDERunDestination: Supported platforms for the buildables in the current scheme is empty.
    t =     0.28s         Wait for life.soullab.voicekernel.k00 to idle
    t =     1.44s Wait for life.soullab.voicekernel.k00 to become Running Foreground
    t =     1.44s Waiting 10.0s for "Enter conversation" Button to exist
    t =     2.48s     Checking `Expect predicate `existsNoRetry == 1` for object "Enter conversation" Button`
    t =     2.49s         Checking existence of `"Enter conversation" Button`
    t =     2.55s Checking existence of `"Voice processing: ON (default)" Button`
    t =     2.58s Checking existence of `"Voice processing: OFF (control run)" Button`
    t =     2.90s Waiting 3.0s for "Voice processing: ON (default)" Button to exist
    t =     3.93s     Checking `Expect predicate `existsNoRetry == 1` for object "Voice processing: ON (default)" Button`
    t =     3.93s         Checking existence of `"Voice processing: ON (default)" Button`
    t =     4.00s Waiting 5.0s for "Enter conversation" Button to exist
    t =     5.01s     Checking `Expect predicate `existsNoRetry == 1` for object "Enter conversation" Button`
    t =     5.01s         Checking existence of `"Enter conversation" Button`
    t =     5.07s Tap "Enter conversation" Button
    t =     5.07s     Wait for life.soullab.voicekernel.k00 to idle
    t =     5.07s     Find the "Enter conversation" Button
    t =     5.11s     Check for interrupting elements affecting "Enter conversation" Button
    t =     5.15s         Wait for com.apple.springboard to idle
    t =     5.24s Ignoring failure to get hierarchy for remote element in process 52580 (Error getting main window kAXErrorServerNotFound)
    t =     5.25s Ignoring failure to get hierarchy for remote element in process 52580 (Error getting main window kAXErrorServerNotFound)
    t =     5.28s     Synthesize event
    t =     5.58s     Wait for life.soullab.voicekernel.k00 to idle
    t =    20.59s Waiting 5.0s for "Export journal" Button to exist
    t =    21.61s     Checking `Expect predicate `existsNoRetry == 1` for object "Export journal" Button`
    t =    21.62s         Checking existence of `"Export journal" Button`
    t =    21.68s Tap "Export journal" Button
    t =    21.68s     Wait for life.soullab.voicekernel.k00 to idle
    t =    21.69s     Find the "Export journal" Button
    t =    21.73s     Check for interrupting elements affecting "Export journal" Button
    t =    21.76s     Synthesize event
    t =    22.06s     Wait for life.soullab.voicekernel.k00 to idle
    t =    24.29s Terminate life.soullab.voicekernel.k00:55694
    t =    25.36s Wait for life.soullab.voicekernel.k00 to become Not Running
    t =    25.36s Tear Down
Test Case '-[DriverUITests.K00DriverTests testOneSample]' passed (25.443 seconds).
Test Suite 'K00DriverTests' passed at 2026-09-12 15:37:33.060.
	 Executed 1 test, with 0 failures (0 unexpected) in 25.443 (25.444) seconds
Test Suite 'DriverUITests.xctest' passed at 2026-09-12 15:37:33.062.
	 Executed 1 test, with 0 failures (0 unexpected) in 25.443 (25.446) seconds
Test Suite 'Selected tests' passed at 2026-09-12 15:37:33.064.
	 Executed 1 test, with 0 failures (0 unexpected) in 25.443 (25.449) seconds
2026-09-12 15:37:33.150 xcodebuild[57999:26320778] [MT] IDERunDestination: Supported platforms for the buildables in the current scheme is empty.
2026-09-12 15:37:33.351 xcodebuild[57999:26320778] [MT] IDETestOperationsObserverDebug: 28.099 elapsed -- Testing started completed.
2026-09-12 15:37:33.351 xcodebuild[57999:26320778] [MT] IDETestOperationsObserverDebug: 0.000 sec, +0.000 sec -- start
2026-09-12 15:37:33.351 xcodebuild[57999:26320778] [MT] IDETestOperationsObserverDebug: 28.099 sec, +28.099 sec -- end

Test session results, code coverage, and logs:
	/Users/soullab/Library/Developer/Xcode/DerivedData/VoiceKernelDriver-anhyicmibaoojugkeqhxspcnuwjv/Logs/Test/Test-DriverUITests-2026.09.12_15-37-05--0400.xcresult

** TEST EXECUTE SUCCEEDED **

Testing started
