Command line invocation:
    /Applications/Xcode.app/Contents/Developer/usr/bin/xcodebuild test-without-building -xctestrun /private/tmp/voice-driver-01/ios/VoiceKernelDriver/.derived/Build/Products/DriverUITests_iphoneos26.2-arm64.xctestrun -destination id=00008140-00163D9922E0801C -collect-test-diagnostics never "-only-testing:DriverUITests/K00DriverTests/testOneSample"

2026-09-12 15:20:31.425 xcodebuild[52574:26278831] [MT] IDERunDestination: Supported platforms for the buildables in the current scheme is empty.
2026-09-12 15:20:31.429 xcodebuild[52574:26278831] [MT] IDERunDestination: Supported platforms for the buildables in the current scheme is empty.
2026-09-12 15:20:31.527 xcodebuild[52574:26278831] [MT] IDERunDestination: Supported platforms for the buildables in the current scheme is empty.
--- xcodebuild: WARNING: Using the first of multiple matching destinations:
{ platform:iOS, arch:arm64e, id:00008140-00163D9922E0801C, name:Kelly Nezat’s iPhone }
{ platform:iOS, arch:arm64, id:00008140-00163D9922E0801C, name:Kelly Nezat’s iPhone }
2026-09-12 15:20:31.683 xcodebuild[52574:26278831] [MT] IDERunDestination: Supported platforms for the buildables in the current scheme is empty.
2026-09-12 15:20:33.404247-0400 DriverUITests-Runner[55536:12653077] [Default] Running tests...
    t =      nans Interface orientation changed to Portrait
Test Suite 'Selected tests' started at 2026-09-12 15:20:33.895.
Test Suite 'DriverUITests.xctest' started at 2026-09-12 15:20:33.896.
Test Suite 'K00DriverTests' started at 2026-09-12 15:20:33.896.
Test Case '-[DriverUITests.K00DriverTests testOneSample]' started.
    t =     0.00s Start Test at 2026-09-12 15:20:33.897
    t =     0.02s Set Up
    t =     0.03s Open life.soullab.voicekernel.k00
    t =     0.03s     Launch life.soullab.voicekernel.k00
    t =     0.11s         Setting up automation session
    t =     0.19s         Wait for life.soullab.voicekernel.k00 to idle
2026-09-12 15:20:34.092 xcodebuild[52574:26278831] [MT] IDERunDestination: Supported platforms for the buildables in the current scheme is empty.
    t =     1.29s Wait for life.soullab.voicekernel.k00 to become Running Foreground
    t =     1.30s Waiting 10.0s for "Enter conversation" Button to exist
    t =     2.32s     Checking `Expect predicate `existsNoRetry == 1` for object "Enter conversation" Button`
    t =     2.32s         Checking existence of `"Enter conversation" Button`
    t =     2.42s Checking existence of `"Voice processing: ON (default)" Button`
    t =     2.45s Checking existence of `"Voice processing: OFF (control run)" Button`
    t =     2.77s Waiting 3.0s for "Voice processing: ON (default)" Button to exist
    t =     3.81s     Checking `Expect predicate `existsNoRetry == 1` for object "Voice processing: ON (default)" Button`
    t =     3.81s         Checking existence of `"Voice processing: ON (default)" Button`
    t =     3.87s Waiting 5.0s for "Enter conversation" Button to exist
    t =     4.91s     Checking `Expect predicate `existsNoRetry == 1` for object "Enter conversation" Button`
    t =     4.91s         Checking existence of `"Enter conversation" Button`
    t =     4.98s Tap "Enter conversation" Button
    t =     4.98s     Wait for life.soullab.voicekernel.k00 to idle
    t =     4.98s     Find the "Enter conversation" Button
    t =     5.02s     Check for interrupting elements affecting "Enter conversation" Button
    t =     5.06s     Synthesize event
    t =     5.36s     Wait for life.soullab.voicekernel.k00 to idle
    t =    20.37s Waiting 5.0s for "Export journal" Button to exist
    t =    21.40s     Checking `Expect predicate `existsNoRetry == 1` for object "Export journal" Button`
    t =    21.40s         Checking existence of `"Export journal" Button`
    t =    21.57s Tap "Export journal" Button
    t =    21.57s     Wait for life.soullab.voicekernel.k00 to idle
    t =    21.58s     Find the "Export journal" Button
    t =    21.74s     Check for interrupting elements affecting "Export journal" Button
    t =    21.82s     Synthesize event
    t =    22.14s     Wait for life.soullab.voicekernel.k00 to idle
    t =    24.35s Terminate life.soullab.voicekernel.k00:55537
    t =    25.36s Wait for life.soullab.voicekernel.k00 to become Not Running
    t =    25.36s Tear Down
Test Case '-[DriverUITests.K00DriverTests testOneSample]' passed (25.447 seconds).
Test Suite 'K00DriverTests' passed at 2026-09-12 15:20:59.345.
	 Executed 1 test, with 0 failures (0 unexpected) in 25.447 (25.448) seconds
Test Suite 'DriverUITests.xctest' passed at 2026-09-12 15:20:59.349.
	 Executed 1 test, with 0 failures (0 unexpected) in 25.447 (25.453) seconds
Test Suite 'Selected tests' passed at 2026-09-12 15:20:59.350.
	 Executed 1 test, with 0 failures (0 unexpected) in 25.447 (25.455) seconds
2026-09-12 15:20:59.443 xcodebuild[52574:26278831] [MT] IDERunDestination: Supported platforms for the buildables in the current scheme is empty.
2026-09-12 15:20:59.677 xcodebuild[52574:26278831] [MT] IDETestOperationsObserverDebug: 27.993 elapsed -- Testing started completed.
2026-09-12 15:20:59.677 xcodebuild[52574:26278831] [MT] IDETestOperationsObserverDebug: 0.000 sec, +0.000 sec -- start
2026-09-12 15:20:59.677 xcodebuild[52574:26278831] [MT] IDETestOperationsObserverDebug: 27.993 sec, +27.993 sec -- end

Test session results, code coverage, and logs:
	/Users/soullab/Library/Developer/Xcode/DerivedData/VoiceKernelDriver-gxbpyzafntbwsrdskdjrpzzljwym/Logs/Test/Test-DriverUITests-2026.09.12_15-20-31--0400.xcresult

** TEST EXECUTE SUCCEEDED **

Testing started
