Command line invocation:
    /Applications/Xcode.app/Contents/Developer/usr/bin/xcodebuild test-without-building -xctestrun /private/tmp/voice-driver-01/ios/VoiceKernelDriver/.derived/Build/Products/DriverUITests_iphoneos26.2-arm64.xctestrun -destination id=00008140-00163D9922E0801C -collect-test-diagnostics never "-only-testing:DriverUITests/K00DriverTests/testOneSample"

2026-09-12 15:40:14.821 xcodebuild[59600:26329484] [MT] IDERunDestination: Supported platforms for the buildables in the current scheme is empty.
2026-09-12 15:40:14.824 xcodebuild[59600:26329484] [MT] IDERunDestination: Supported platforms for the buildables in the current scheme is empty.
2026-09-12 15:40:14.928 xcodebuild[59600:26329484] [MT] IDERunDestination: Supported platforms for the buildables in the current scheme is empty.
--- xcodebuild: WARNING: Using the first of multiple matching destinations:
{ platform:iOS, arch:arm64e, id:00008140-00163D9922E0801C, name:Kelly Nezat’s iPhone }
{ platform:iOS, arch:arm64, id:00008140-00163D9922E0801C, name:Kelly Nezat’s iPhone }
2026-09-12 15:40:15.118 xcodebuild[59600:26329484] [MT] IDERunDestination: Supported platforms for the buildables in the current scheme is empty.
2026-09-12 15:40:15.303 xcodebuild[59600:26329484] [MT] IDERunDestination: Supported platforms for the buildables in the current scheme is empty.
2026-09-12 15:40:16.847335-0400 DriverUITests-Runner[55717:12691112] [Default] Running tests...
    t =      nans Interface orientation changed to Portrait
Test Suite 'Selected tests' started at 2026-09-12 15:40:17.322.
Test Suite 'DriverUITests.xctest' started at 2026-09-12 15:40:17.322.
Test Suite 'K00DriverTests' started at 2026-09-12 15:40:17.323.
Test Case '-[DriverUITests.K00DriverTests testOneSample]' started.
    t =     0.00s Start Test at 2026-09-12 15:40:17.323
    t =     0.02s Set Up
    t =     0.02s Open life.soullab.voicekernel.k00
    t =     0.02s     Launch life.soullab.voicekernel.k00
    t =     0.11s         Setting up automation session
    t =     0.18s         Wait for life.soullab.voicekernel.k00 to idle
2026-09-12 15:40:17.499 xcodebuild[59600:26329484] [MT] IDERunDestination: Supported platforms for the buildables in the current scheme is empty.
    t =     1.28s Wait for life.soullab.voicekernel.k00 to become Running Foreground
    t =     1.28s Waiting 10.0s for "Enter conversation" Button to exist
    t =     2.30s     Checking `Expect predicate `existsNoRetry == 1` for object "Enter conversation" Button`
    t =     2.30s         Checking existence of `"Enter conversation" Button`
    t =     2.39s Checking existence of `"Voice processing: ON (default)" Button`
    t =     2.42s Checking existence of `"Voice processing: OFF (control run)" Button`
    t =     2.75s Waiting 3.0s for "Voice processing: ON (default)" Button to exist
    t =     3.76s     Checking `Expect predicate `existsNoRetry == 1` for object "Voice processing: ON (default)" Button`
    t =     3.76s         Checking existence of `"Voice processing: ON (default)" Button`
    t =     3.83s Waiting 5.0s for "Enter conversation" Button to exist
    t =     4.85s     Checking `Expect predicate `existsNoRetry == 1` for object "Enter conversation" Button`
    t =     4.85s         Checking existence of `"Enter conversation" Button`
    t =     4.91s Tap "Enter conversation" Button
    t =     4.91s     Wait for life.soullab.voicekernel.k00 to idle
    t =     4.92s     Find the "Enter conversation" Button
    t =     4.96s     Check for interrupting elements affecting "Enter conversation" Button
    t =     5.00s     Synthesize event
    t =     5.41s     Wait for life.soullab.voicekernel.k00 to idle
    t =    20.42s Waiting 5.0s for "Export journal" Button to exist
    t =    21.44s     Checking `Expect predicate `existsNoRetry == 1` for object "Export journal" Button`
    t =    21.44s         Checking existence of `"Export journal" Button`
    t =    21.51s Tap "Export journal" Button
    t =    21.51s     Wait for life.soullab.voicekernel.k00 to idle
    t =    21.52s     Find the "Export journal" Button
    t =    21.55s     Check for interrupting elements affecting "Export journal" Button
    t =    21.60s     Synthesize event
    t =    21.91s     Wait for life.soullab.voicekernel.k00 to idle
    t =    24.11s Terminate life.soullab.voicekernel.k00:55718
    t =    25.18s Wait for life.soullab.voicekernel.k00 to become Not Running
    t =    25.18s Tear Down
Test Case '-[DriverUITests.K00DriverTests testOneSample]' passed (25.263 seconds).
Test Suite 'K00DriverTests' passed at 2026-09-12 15:40:42.587.
	 Executed 1 test, with 0 failures (0 unexpected) in 25.263 (25.264) seconds
Test Suite 'DriverUITests.xctest' passed at 2026-09-12 15:40:42.587.
	 Executed 1 test, with 0 failures (0 unexpected) in 25.263 (25.265) seconds
Test Suite 'Selected tests' passed at 2026-09-12 15:40:42.588.
	 Executed 1 test, with 0 failures (0 unexpected) in 25.263 (25.266) seconds
2026-09-12 15:40:42.600 xcodebuild[59600:26329484] [MT] IDERunDestination: Supported platforms for the buildables in the current scheme is empty.
2026-09-12 15:40:42.872 xcodebuild[59600:26329484] [MT] IDETestOperationsObserverDebug: 27.753 elapsed -- Testing started completed.
2026-09-12 15:40:42.872 xcodebuild[59600:26329484] [MT] IDETestOperationsObserverDebug: 0.000 sec, +0.000 sec -- start
2026-09-12 15:40:42.872 xcodebuild[59600:26329484] [MT] IDETestOperationsObserverDebug: 27.753 sec, +27.753 sec -- end

Test session results, code coverage, and logs:
	/Users/soullab/Library/Developer/Xcode/DerivedData/VoiceKernelDriver-hjbmnqydevsljyftdabfitpvnyie/Logs/Test/Test-DriverUITests-2026.09.12_15-40-14--0400.xcresult

** TEST EXECUTE SUCCEEDED **

Testing started
