Command line invocation:
    /Applications/Xcode.app/Contents/Developer/usr/bin/xcodebuild test-without-building -xctestrun /private/tmp/voice-driver-01/ios/VoiceKernelDriver/.derived/Build/Products/DriverUITests_iphoneos26.2-arm64.xctestrun -destination id=00008140-00163D9922E0801C -collect-test-diagnostics never "-only-testing:DriverUITests/K00DriverTests/testOneSample"

2026-09-12 15:28:09.895 xcodebuild[53965:26296174] [MT] IDERunDestination: Supported platforms for the buildables in the current scheme is empty.
2026-09-12 15:28:09.898 xcodebuild[53965:26296174] [MT] IDERunDestination: Supported platforms for the buildables in the current scheme is empty.
2026-09-12 15:28:09.998 xcodebuild[53965:26296174] [MT] IDERunDestination: Supported platforms for the buildables in the current scheme is empty.
--- xcodebuild: WARNING: Using the first of multiple matching destinations:
{ platform:iOS, arch:arm64e, id:00008140-00163D9922E0801C, name:Kelly Nezat’s iPhone }
{ platform:iOS, arch:arm64, id:00008140-00163D9922E0801C, name:Kelly Nezat’s iPhone }
2026-09-12 15:28:10.163 xcodebuild[53965:26296174] [MT] IDERunDestination: Supported platforms for the buildables in the current scheme is empty.
2026-09-12 15:28:10.347 xcodebuild[53965:26296174] [MT] IDERunDestination: Supported platforms for the buildables in the current scheme is empty.
2026-09-12 15:28:11.947017-0400 DriverUITests-Runner[55607:12670176] [Default] Running tests...
    t =      nans Interface orientation changed to Portrait
Test Suite 'Selected tests' started at 2026-09-12 15:28:12.428.
Test Suite 'DriverUITests.xctest' started at 2026-09-12 15:28:12.428.
Test Suite 'K00DriverTests' started at 2026-09-12 15:28:12.429.
Test Case '-[DriverUITests.K00DriverTests testOneSample]' started.
    t =     0.00s Start Test at 2026-09-12 15:28:12.430
    t =     0.02s Set Up
    t =     0.03s Open life.soullab.voicekernel.k00
    t =     0.03s     Launch life.soullab.voicekernel.k00
    t =     0.11s         Setting up automation session
    t =     0.19s         Wait for life.soullab.voicekernel.k00 to idle
2026-09-12 15:28:12.636 xcodebuild[53965:26296174] [MT] IDERunDestination: Supported platforms for the buildables in the current scheme is empty.
    t =     1.29s Wait for life.soullab.voicekernel.k00 to become Running Foreground
    t =     1.29s Waiting 10.0s for "Enter conversation" Button to exist
    t =     2.33s     Checking `Expect predicate `existsNoRetry == 1` for object "Enter conversation" Button`
    t =     2.33s         Checking existence of `"Enter conversation" Button`
    t =     2.42s Checking existence of `"Voice processing: ON (default)" Button`
    t =     2.45s Checking existence of `"Voice processing: OFF (control run)" Button`
    t =     2.78s Waiting 3.0s for "Voice processing: ON (default)" Button to exist
    t =     3.78s     Checking `Expect predicate `existsNoRetry == 1` for object "Voice processing: ON (default)" Button`
    t =     3.78s         Checking existence of `"Voice processing: ON (default)" Button`
    t =     3.84s Waiting 5.0s for "Enter conversation" Button to exist
    t =     4.85s     Checking `Expect predicate `existsNoRetry == 1` for object "Enter conversation" Button`
    t =     4.85s         Checking existence of `"Enter conversation" Button`
    t =     4.91s Tap "Enter conversation" Button
    t =     4.91s     Wait for life.soullab.voicekernel.k00 to idle
    t =     4.91s     Find the "Enter conversation" Button
    t =     4.95s     Check for interrupting elements affecting "Enter conversation" Button
    t =     4.99s     Synthesize event
    t =     5.41s     Wait for life.soullab.voicekernel.k00 to idle
    t =    20.42s Waiting 5.0s for "Export journal" Button to exist
    t =    21.44s     Checking `Expect predicate `existsNoRetry == 1` for object "Export journal" Button`
    t =    21.44s         Checking existence of `"Export journal" Button`
    t =    21.50s Tap "Export journal" Button
    t =    21.50s     Wait for life.soullab.voicekernel.k00 to idle
    t =    21.50s     Find the "Export journal" Button
    t =    21.54s     Check for interrupting elements affecting "Export journal" Button
    t =    21.59s     Synthesize event
    t =    21.88s     Wait for life.soullab.voicekernel.k00 to idle
    t =    24.10s Terminate life.soullab.voicekernel.k00:55608
    t =    25.20s Wait for life.soullab.voicekernel.k00 to become Not Running
    t =    25.22s Tear Down
Test Case '-[DriverUITests.K00DriverTests testOneSample]' passed (25.267 seconds).
Test Suite 'K00DriverTests' passed at 2026-09-12 15:28:37.705.
	 Executed 1 test, with 0 failures (0 unexpected) in 25.267 (25.276) seconds
Test Suite 'DriverUITests.xctest' passed at 2026-09-12 15:28:37.707.
	 Executed 1 test, with 0 failures (0 unexpected) in 25.267 (25.279) seconds
Test Suite 'Selected tests' passed at 2026-09-12 15:28:37.709.
	 Executed 1 test, with 0 failures (0 unexpected) in 25.267 (25.281) seconds
2026-09-12 15:28:37.848 xcodebuild[53965:26296174] [MT] IDERunDestination: Supported platforms for the buildables in the current scheme is empty.
2026-09-12 15:28:38.048 xcodebuild[53965:26296174] [MT] IDETestOperationsObserverDebug: 27.883 elapsed -- Testing started completed.
2026-09-12 15:28:38.048 xcodebuild[53965:26296174] [MT] IDETestOperationsObserverDebug: 0.000 sec, +0.000 sec -- start
2026-09-12 15:28:38.048 xcodebuild[53965:26296174] [MT] IDETestOperationsObserverDebug: 27.883 sec, +27.883 sec -- end

Test session results, code coverage, and logs:
	/Users/soullab/Library/Developer/Xcode/DerivedData/VoiceKernelDriver-bojganonugzenlfxnreyretjktdx/Logs/Test/Test-DriverUITests-2026.09.12_15-28-10--0400.xcresult

** TEST EXECUTE SUCCEEDED **

Testing started
