Command line invocation:
    /Applications/Xcode.app/Contents/Developer/usr/bin/xcodebuild test-without-building -xctestrun /private/tmp/voice-driver-01/ios/VoiceKernelDriver/.derived/Build/Products/DriverUITests_iphoneos26.2-arm64.xctestrun -destination id=00008140-00163D9922E0801C -collect-test-diagnostics never "-only-testing:DriverUITests/K00DriverTests/testOneSample"

2026-09-12 15:34:28.889 xcodebuild[57092:26314740] [MT] IDERunDestination: Supported platforms for the buildables in the current scheme is empty.
2026-09-12 15:34:28.892 xcodebuild[57092:26314740] [MT] IDERunDestination: Supported platforms for the buildables in the current scheme is empty.
2026-09-12 15:34:28.993 xcodebuild[57092:26314740] [MT] IDERunDestination: Supported platforms for the buildables in the current scheme is empty.
--- xcodebuild: WARNING: Using the first of multiple matching destinations:
{ platform:iOS, arch:arm64e, id:00008140-00163D9922E0801C, name:Kelly Nezat’s iPhone }
{ platform:iOS, arch:arm64, id:00008140-00163D9922E0801C, name:Kelly Nezat’s iPhone }
2026-09-12 15:34:29.161 xcodebuild[57092:26314740] [MT] IDERunDestination: Supported platforms for the buildables in the current scheme is empty.
2026-09-12 15:34:30.937004-0400 DriverUITests-Runner[55670:12682021] [Default] Running tests...
    t =      nans Interface orientation changed to Portrait
Test Suite 'Selected tests' started at 2026-09-12 15:34:31.413.
Test Suite 'DriverUITests.xctest' started at 2026-09-12 15:34:31.414.
Test Suite 'K00DriverTests' started at 2026-09-12 15:34:31.414.
Test Case '-[DriverUITests.K00DriverTests testOneSample]' started.
    t =     0.00s Start Test at 2026-09-12 15:34:31.416
    t =     0.02s Set Up
    t =     0.02s Open life.soullab.voicekernel.k00
    t =     0.02s     Launch life.soullab.voicekernel.k00
    t =     0.11s         Setting up automation session
    t =     0.19s         Wait for life.soullab.voicekernel.k00 to idle
2026-09-12 15:34:31.628 xcodebuild[57092:26314740] [MT] IDERunDestination: Supported platforms for the buildables in the current scheme is empty.
    t =     1.28s Wait for life.soullab.voicekernel.k00 to become Running Foreground
    t =     1.29s Waiting 10.0s for "Enter conversation" Button to exist
    t =     2.34s     Checking `Expect predicate `existsNoRetry == 1` for object "Enter conversation" Button`
    t =     2.34s         Checking existence of `"Enter conversation" Button`
    t =     2.43s Checking existence of `"Voice processing: ON (default)" Button`
    t =     2.46s Checking existence of `"Voice processing: OFF (control run)" Button`
    t =     2.79s Waiting 3.0s for "Voice processing: ON (default)" Button to exist
    t =     3.82s     Checking `Expect predicate `existsNoRetry == 1` for object "Voice processing: ON (default)" Button`
    t =     3.82s         Checking existence of `"Voice processing: ON (default)" Button`
    t =     3.89s Waiting 5.0s for "Enter conversation" Button to exist
    t =     4.89s     Checking `Expect predicate `existsNoRetry == 1` for object "Enter conversation" Button`
    t =     4.89s         Checking existence of `"Enter conversation" Button`
    t =     4.95s Tap "Enter conversation" Button
    t =     4.95s     Wait for life.soullab.voicekernel.k00 to idle
    t =     4.96s     Find the "Enter conversation" Button
    t =     5.10s     Check for interrupting elements affecting "Enter conversation" Button
    t =     5.18s     Synthesize event
    t =     5.48s     Wait for life.soullab.voicekernel.k00 to idle
    t =    20.49s Waiting 5.0s for "Export journal" Button to exist
    t =    21.52s     Checking `Expect predicate `existsNoRetry == 1` for object "Export journal" Button`
    t =    21.52s         Checking existence of `"Export journal" Button`
    t =    21.58s Tap "Export journal" Button
    t =    21.58s     Wait for life.soullab.voicekernel.k00 to idle
    t =    21.59s     Find the "Export journal" Button
    t =    21.62s     Check for interrupting elements affecting "Export journal" Button
    t =    21.66s     Synthesize event
    t =    21.97s     Wait for life.soullab.voicekernel.k00 to idle
    t =    24.38s Terminate life.soullab.voicekernel.k00:55671
    t =    25.43s Wait for life.soullab.voicekernel.k00 to become Not Running
    t =    25.43s Tear Down
Test Case '-[DriverUITests.K00DriverTests testOneSample]' passed (25.481 seconds).
Test Suite 'K00DriverTests' passed at 2026-09-12 15:34:56.897.
	 Executed 1 test, with 0 failures (0 unexpected) in 25.481 (25.482) seconds
Test Suite 'DriverUITests.xctest' passed at 2026-09-12 15:34:56.898.
	 Executed 1 test, with 0 failures (0 unexpected) in 25.481 (25.483) seconds
Test Suite 'Selected tests' passed at 2026-09-12 15:34:56.899.
	 Executed 1 test, with 0 failures (0 unexpected) in 25.481 (25.485) seconds
2026-09-12 15:34:57.061 xcodebuild[57092:26314740] [MT] IDERunDestination: Supported platforms for the buildables in the current scheme is empty.
2026-09-12 15:34:57.229 xcodebuild[57092:26314740] [MT] IDETestOperationsObserverDebug: 28.067 elapsed -- Testing started completed.
2026-09-12 15:34:57.229 xcodebuild[57092:26314740] [MT] IDETestOperationsObserverDebug: 0.000 sec, +0.000 sec -- start
2026-09-12 15:34:57.229 xcodebuild[57092:26314740] [MT] IDETestOperationsObserverDebug: 28.067 sec, +28.067 sec -- end

Test session results, code coverage, and logs:
	/Users/soullab/Library/Developer/Xcode/DerivedData/VoiceKernelDriver-gvipydvxyidekwdqdbykepbuwowp/Logs/Test/Test-DriverUITests-2026.09.12_15-34-29--0400.xcresult

** TEST EXECUTE SUCCEEDED **

Testing started
