Command line invocation:
    /Applications/Xcode.app/Contents/Developer/usr/bin/xcodebuild test-without-building -xctestrun /private/tmp/voice-driver-01/ios/VoiceKernelDriver/.derived/Build/Products/DriverUITests_iphoneos26.2-arm64.xctestrun -destination id=00008140-00163D9922E0801C -collect-test-diagnostics never "-only-testing:DriverUITests/K00DriverTests/testOneSample"

2026-09-12 15:39:03.872 xcodebuild[58830:26325824] [MT] IDERunDestination: Supported platforms for the buildables in the current scheme is empty.
2026-09-12 15:39:03.875 xcodebuild[58830:26325824] [MT] IDERunDestination: Supported platforms for the buildables in the current scheme is empty.
2026-09-12 15:39:03.979 xcodebuild[58830:26325824] [MT] IDERunDestination: Supported platforms for the buildables in the current scheme is empty.
--- xcodebuild: WARNING: Using the first of multiple matching destinations:
{ platform:iOS, arch:arm64e, id:00008140-00163D9922E0801C, name:Kelly Nezat’s iPhone }
{ platform:iOS, arch:arm64, id:00008140-00163D9922E0801C, name:Kelly Nezat’s iPhone }
2026-09-12 15:39:04.157 xcodebuild[58830:26325824] [MT] IDERunDestination: Supported platforms for the buildables in the current scheme is empty.
2026-09-12 15:39:04.342 xcodebuild[58830:26325824] [MT] IDERunDestination: Supported platforms for the buildables in the current scheme is empty.
2026-09-12 15:39:05.959946-0400 DriverUITests-Runner[55712:12689690] [Default] Running tests...
    t =      nans Interface orientation changed to Portrait
Test Suite 'Selected tests' started at 2026-09-12 15:39:06.437.
Test Suite 'DriverUITests.xctest' started at 2026-09-12 15:39:06.438.
Test Suite 'K00DriverTests' started at 2026-09-12 15:39:06.438.
Test Case '-[DriverUITests.K00DriverTests testOneSample]' started.
    t =     0.00s Start Test at 2026-09-12 15:39:06.439
    t =     0.02s Set Up
    t =     0.02s Open life.soullab.voicekernel.k00
    t =     0.02s     Launch life.soullab.voicekernel.k00
    t =     0.11s         Setting up automation session
    t =     0.19s         Wait for life.soullab.voicekernel.k00 to idle
2026-09-12 15:39:06.625 xcodebuild[58830:26325824] [MT] IDERunDestination: Supported platforms for the buildables in the current scheme is empty.
    t =     1.27s Wait for life.soullab.voicekernel.k00 to become Running Foreground
    t =     1.28s Waiting 10.0s for "Enter conversation" Button to exist
    t =     2.33s     Checking `Expect predicate `existsNoRetry == 1` for object "Enter conversation" Button`
    t =     2.34s         Checking existence of `"Enter conversation" Button`
    t =     2.43s Checking existence of `"Voice processing: ON (default)" Button`
    t =     2.46s Checking existence of `"Voice processing: OFF (control run)" Button`
    t =     2.79s Waiting 3.0s for "Voice processing: ON (default)" Button to exist
    t =     3.79s     Checking `Expect predicate `existsNoRetry == 1` for object "Voice processing: ON (default)" Button`
    t =     3.79s         Checking existence of `"Voice processing: ON (default)" Button`
    t =     3.86s Waiting 5.0s for "Enter conversation" Button to exist
    t =     4.88s     Checking `Expect predicate `existsNoRetry == 1` for object "Enter conversation" Button`
    t =     4.88s         Checking existence of `"Enter conversation" Button`
    t =     4.94s Tap "Enter conversation" Button
    t =     4.94s     Wait for life.soullab.voicekernel.k00 to idle
    t =     4.95s     Find the "Enter conversation" Button
    t =     5.09s     Check for interrupting elements affecting "Enter conversation" Button
    t =     5.17s     Synthesize event
    t =     5.47s     Wait for life.soullab.voicekernel.k00 to idle
    t =    20.48s Waiting 5.0s for "Export journal" Button to exist
    t =    21.50s     Checking `Expect predicate `existsNoRetry == 1` for object "Export journal" Button`
    t =    21.51s         Checking existence of `"Export journal" Button`
    t =    21.57s Tap "Export journal" Button
    t =    21.57s     Wait for life.soullab.voicekernel.k00 to idle
    t =    21.58s     Find the "Export journal" Button
    t =    21.61s     Check for interrupting elements affecting "Export journal" Button
    t =    21.66s     Synthesize event
    t =    21.96s     Wait for life.soullab.voicekernel.k00 to idle
    t =    24.18s Terminate life.soullab.voicekernel.k00:55713
    t =    25.23s Wait for life.soullab.voicekernel.k00 to become Not Running
    t =    25.23s Tear Down
Test Case '-[DriverUITests.K00DriverTests testOneSample]' passed (25.283 seconds).
Test Suite 'K00DriverTests' passed at 2026-09-12 15:39:31.722.
	 Executed 1 test, with 0 failures (0 unexpected) in 25.283 (25.284) seconds
Test Suite 'DriverUITests.xctest' passed at 2026-09-12 15:39:31.722.
	 Executed 1 test, with 0 failures (0 unexpected) in 25.283 (25.285) seconds
Test Suite 'Selected tests' passed at 2026-09-12 15:39:31.723.
	 Executed 1 test, with 0 failures (0 unexpected) in 25.283 (25.286) seconds
2026-09-12 15:39:31.866 xcodebuild[58830:26325824] [MT] IDERunDestination: Supported platforms for the buildables in the current scheme is empty.
2026-09-12 15:39:32.018 xcodebuild[58830:26325824] [MT] IDETestOperationsObserverDebug: 27.859 elapsed -- Testing started completed.
2026-09-12 15:39:32.018 xcodebuild[58830:26325824] [MT] IDETestOperationsObserverDebug: 0.000 sec, +0.000 sec -- start
2026-09-12 15:39:32.018 xcodebuild[58830:26325824] [MT] IDETestOperationsObserverDebug: 27.859 sec, +27.859 sec -- end

Test session results, code coverage, and logs:
	/Users/soullab/Library/Developer/Xcode/DerivedData/VoiceKernelDriver-blarokggbthbmyfqnkvdwizsyfmb/Logs/Test/Test-DriverUITests-2026.09.12_15-39-04--0400.xcresult

** TEST EXECUTE SUCCEEDED **

Testing started
