Command line invocation:
    /Applications/Xcode.app/Contents/Developer/usr/bin/xcodebuild test-without-building -xctestrun /private/tmp/voice-driver-01/ios/VoiceKernelDriver/.derived/Build/Products/DriverUITests_iphoneos26.2-arm64.xctestrun -destination id=00008140-00163D9922E0801C -collect-test-diagnostics never "-only-testing:DriverUITests/K00DriverTests/testOneSample"

2026-09-12 15:25:48.673 xcodebuild[53719:26292444] [MT] IDERunDestination: Supported platforms for the buildables in the current scheme is empty.
2026-09-12 15:25:48.676 xcodebuild[53719:26292444] [MT] IDERunDestination: Supported platforms for the buildables in the current scheme is empty.
2026-09-12 15:25:48.775 xcodebuild[53719:26292444] [MT] IDERunDestination: Supported platforms for the buildables in the current scheme is empty.
--- xcodebuild: WARNING: Using the first of multiple matching destinations:
{ platform:iOS, arch:arm64e, id:00008140-00163D9922E0801C, name:Kelly Nezat’s iPhone }
{ platform:iOS, arch:arm64, id:00008140-00163D9922E0801C, name:Kelly Nezat’s iPhone }
2026-09-12 15:25:48.938 xcodebuild[53719:26292444] [MT] IDERunDestination: Supported platforms for the buildables in the current scheme is empty.
2026-09-12 15:25:49.119 xcodebuild[53719:26292444] [MT] IDERunDestination: Supported platforms for the buildables in the current scheme is empty.
2026-09-12 15:25:50.616175-0400 DriverUITests-Runner[55593:12665171] [Default] Running tests...
    t =      nans Interface orientation changed to Portrait
Test Suite 'Selected tests' started at 2026-09-12 15:25:51.090.
Test Suite 'DriverUITests.xctest' started at 2026-09-12 15:25:51.091.
Test Suite 'K00DriverTests' started at 2026-09-12 15:25:51.091.
Test Case '-[DriverUITests.K00DriverTests testOneSample]' started.
    t =     0.00s Start Test at 2026-09-12 15:25:51.092
    t =     0.02s Set Up
    t =     0.02s Open life.soullab.voicekernel.k00
    t =     0.02s     Launch life.soullab.voicekernel.k00
    t =     0.11s         Setting up automation session
    t =     0.18s         Wait for life.soullab.voicekernel.k00 to idle
2026-09-12 15:25:51.285 xcodebuild[53719:26292444] [MT] IDERunDestination: Supported platforms for the buildables in the current scheme is empty.
    t =     1.28s Wait for life.soullab.voicekernel.k00 to become Running Foreground
    t =     1.29s Waiting 10.0s for "Enter conversation" Button to exist
    t =     2.35s     Checking `Expect predicate `existsNoRetry == 1` for object "Enter conversation" Button`
    t =     2.35s         Checking existence of `"Enter conversation" Button`
    t =     2.44s Checking existence of `"Voice processing: ON (default)" Button`
    t =     2.47s Checking existence of `"Voice processing: OFF (control run)" Button`
    t =     2.79s Waiting 3.0s for "Voice processing: ON (default)" Button to exist
    t =     3.82s     Checking `Expect predicate `existsNoRetry == 1` for object "Voice processing: ON (default)" Button`
    t =     3.82s         Checking existence of `"Voice processing: ON (default)" Button`
    t =     3.89s Waiting 5.0s for "Enter conversation" Button to exist
    t =     4.92s     Checking `Expect predicate `existsNoRetry == 1` for object "Enter conversation" Button`
    t =     4.92s         Checking existence of `"Enter conversation" Button`
    t =     4.99s Tap "Enter conversation" Button
    t =     4.99s     Wait for life.soullab.voicekernel.k00 to idle
    t =     4.99s     Find the "Enter conversation" Button
    t =     5.03s     Check for interrupting elements affecting "Enter conversation" Button
    t =     5.08s     Synthesize event
    t =     5.38s     Wait for life.soullab.voicekernel.k00 to idle
    t =    20.39s Waiting 5.0s for "Export journal" Button to exist
    t =    21.42s     Checking `Expect predicate `existsNoRetry == 1` for object "Export journal" Button`
    t =    21.42s         Checking existence of `"Export journal" Button`
    t =    21.49s Tap "Export journal" Button
    t =    21.49s     Wait for life.soullab.voicekernel.k00 to idle
    t =    21.49s     Find the "Export journal" Button
    t =    21.53s     Check for interrupting elements affecting "Export journal" Button
    t =    21.57s     Synthesize event
    t =    21.87s     Wait for life.soullab.voicekernel.k00 to idle
    t =    24.08s Terminate life.soullab.voicekernel.k00:55594
    t =    25.09s Wait for life.soullab.voicekernel.k00 to become Not Running
    t =    25.09s Tear Down
Test Case '-[DriverUITests.K00DriverTests testOneSample]' passed (25.131 seconds).
Test Suite 'K00DriverTests' passed at 2026-09-12 15:26:16.225.
	 Executed 1 test, with 0 failures (0 unexpected) in 25.131 (25.134) seconds
Test Suite 'DriverUITests.xctest' passed at 2026-09-12 15:26:16.227.
	 Executed 1 test, with 0 failures (0 unexpected) in 25.131 (25.136) seconds
Test Suite 'Selected tests' passed at 2026-09-12 15:26:16.228.
	 Executed 1 test, with 0 failures (0 unexpected) in 25.131 (25.138) seconds
2026-09-12 15:26:16.388 xcodebuild[53719:26292444] [MT] IDERunDestination: Supported platforms for the buildables in the current scheme is empty.
2026-09-12 15:26:16.561 xcodebuild[53719:26292444] [MT] IDETestOperationsObserverDebug: 27.622 elapsed -- Testing started completed.
2026-09-12 15:26:16.561 xcodebuild[53719:26292444] [MT] IDETestOperationsObserverDebug: 0.000 sec, +0.000 sec -- start
2026-09-12 15:26:16.562 xcodebuild[53719:26292444] [MT] IDETestOperationsObserverDebug: 27.622 sec, +27.622 sec -- end

Test session results, code coverage, and logs:
	/Users/soullab/Library/Developer/Xcode/DerivedData/VoiceKernelDriver-ceakooehwoiuknhdvqwgfxgpplfs/Logs/Test/Test-DriverUITests-2026.09.12_15-25-48--0400.xcresult

** TEST EXECUTE SUCCEEDED **

Testing started
