Command line invocation:
    /Applications/Xcode.app/Contents/Developer/usr/bin/xcodebuild test-without-building -xctestrun /private/tmp/voice-driver-01/ios/VoiceKernelDriver/.derived/Build/Products/DriverUITests_iphoneos26.2-arm64.xctestrun -destination id=00008140-00163D9922E0801C -collect-test-diagnostics never "-only-testing:DriverUITests/K00DriverTests/testOneSample"

2026-09-12 15:24:38.427 xcodebuild[53557:26289350] [MT] IDERunDestination: Supported platforms for the buildables in the current scheme is empty.
2026-09-12 15:24:38.430 xcodebuild[53557:26289350] [MT] IDERunDestination: Supported platforms for the buildables in the current scheme is empty.
2026-09-12 15:24:38.529 xcodebuild[53557:26289350] [MT] IDERunDestination: Supported platforms for the buildables in the current scheme is empty.
--- xcodebuild: WARNING: Using the first of multiple matching destinations:
{ platform:iOS, arch:arm64e, id:00008140-00163D9922E0801C, name:Kelly Nezat’s iPhone }
{ platform:iOS, arch:arm64, id:00008140-00163D9922E0801C, name:Kelly Nezat’s iPhone }
2026-09-12 15:24:38.694 xcodebuild[53557:26289350] [MT] IDERunDestination: Supported platforms for the buildables in the current scheme is empty.
2026-09-12 15:24:38.879 xcodebuild[53557:26289350] [MT] IDERunDestination: Supported platforms for the buildables in the current scheme is empty.
2026-09-12 15:24:40.388976-0400 DriverUITests-Runner[55581:12662323] [Default] Running tests...
    t =      nans Interface orientation changed to Portrait
Test Suite 'Selected tests' started at 2026-09-12 15:24:40.864.
Test Suite 'DriverUITests.xctest' started at 2026-09-12 15:24:40.865.
Test Suite 'K00DriverTests' started at 2026-09-12 15:24:40.865.
Test Case '-[DriverUITests.K00DriverTests testOneSample]' started.
    t =     0.00s Start Test at 2026-09-12 15:24:40.866
    t =     0.02s Set Up
    t =     0.02s Open life.soullab.voicekernel.k00
    t =     0.02s     Launch life.soullab.voicekernel.k00
    t =     0.10s         Setting up automation session
    t =     0.17s         Wait for life.soullab.voicekernel.k00 to idle
2026-09-12 15:24:41.059 xcodebuild[53557:26289350] [MT] IDERunDestination: Supported platforms for the buildables in the current scheme is empty.
    t =     1.28s Wait for life.soullab.voicekernel.k00 to become Running Foreground
    t =     1.28s Waiting 10.0s for "Enter conversation" Button to exist
    t =     2.34s     Checking `Expect predicate `existsNoRetry == 1` for object "Enter conversation" Button`
    t =     2.34s         Checking existence of `"Enter conversation" Button`
    t =     2.44s Checking existence of `"Voice processing: ON (default)" Button`
    t =     2.47s Checking existence of `"Voice processing: OFF (control run)" Button`
    t =     2.79s Waiting 3.0s for "Voice processing: ON (default)" Button to exist
    t =     3.83s     Checking `Expect predicate `existsNoRetry == 1` for object "Voice processing: ON (default)" Button`
    t =     3.83s         Checking existence of `"Voice processing: ON (default)" Button`
    t =     3.89s Waiting 5.0s for "Enter conversation" Button to exist
    t =     4.91s     Checking `Expect predicate `existsNoRetry == 1` for object "Enter conversation" Button`
    t =     4.91s         Checking existence of `"Enter conversation" Button`
    t =     4.98s Tap "Enter conversation" Button
    t =     4.98s     Wait for life.soullab.voicekernel.k00 to idle
    t =     4.98s     Find the "Enter conversation" Button
    t =     5.02s     Check for interrupting elements affecting "Enter conversation" Button
    t =     5.07s     Synthesize event
    t =     5.36s     Wait for life.soullab.voicekernel.k00 to idle
    t =    20.38s Waiting 5.0s for "Export journal" Button to exist
    t =    21.41s     Checking `Expect predicate `existsNoRetry == 1` for object "Export journal" Button`
    t =    21.41s         Checking existence of `"Export journal" Button`
    t =    21.44s Tap "Export journal" Button
    t =    21.44s     Wait for life.soullab.voicekernel.k00 to idle
    t =    21.45s     Find the "Export journal" Button
    t =    21.48s     Check for interrupting elements affecting "Export journal" Button
    t =    21.51s     Synthesize event
    t =    21.81s     Wait for life.soullab.voicekernel.k00 to idle
    t =    24.05s Terminate life.soullab.voicekernel.k00:55582
    t =    25.07s Wait for life.soullab.voicekernel.k00 to become Not Running
    t =    25.07s Tear Down
Test Case '-[DriverUITests.K00DriverTests testOneSample]' passed (25.133 seconds).
Test Suite 'K00DriverTests' passed at 2026-09-12 15:25:05.999.
	 Executed 1 test, with 0 failures (0 unexpected) in 25.133 (25.134) seconds
Test Suite 'DriverUITests.xctest' passed at 2026-09-12 15:25:06.000.
	 Executed 1 test, with 0 failures (0 unexpected) in 25.133 (25.136) seconds
Test Suite 'Selected tests' passed at 2026-09-12 15:25:06.002.
	 Executed 1 test, with 0 failures (0 unexpected) in 25.133 (25.138) seconds
2026-09-12 15:25:06.125 xcodebuild[53557:26289350] [MT] IDERunDestination: Supported platforms for the buildables in the current scheme is empty.
2026-09-12 15:25:06.326 xcodebuild[53557:26289350] [MT] IDETestOperationsObserverDebug: 27.630 elapsed -- Testing started completed.
2026-09-12 15:25:06.326 xcodebuild[53557:26289350] [MT] IDETestOperationsObserverDebug: 0.000 sec, +0.000 sec -- start
2026-09-12 15:25:06.326 xcodebuild[53557:26289350] [MT] IDETestOperationsObserverDebug: 27.630 sec, +27.630 sec -- end

Test session results, code coverage, and logs:
	/Users/soullab/Library/Developer/Xcode/DerivedData/VoiceKernelDriver-cqhkvawyyjqapxbmiuongfzsaqxg/Logs/Test/Test-DriverUITests-2026.09.12_15-24-38--0400.xcresult

** TEST EXECUTE SUCCEEDED **

Testing started
