Command line invocation:
    /Applications/Xcode.app/Contents/Developer/usr/bin/xcodebuild test-without-building -xctestrun /private/tmp/sid-source-03-f67575797353bf7e97ffb319a45357997c8d564d-20260916T151404Z/ios/VoiceKernelDriver/.derived/Build/Products/DriverUITests_iphoneos26.2-arm64.xctestrun -destination id=00008140-00163D9922E0801C -collect-test-diagnostics never "-only-testing:DriverUITests/K00DriverTests/testOutputSample"

2026-09-16 11:18:52.290 xcodebuild[92448:1346668] [MT] IDERunDestination: Supported platforms for the buildables in the current scheme is empty.
2026-09-16 11:18:52.294 xcodebuild[92448:1346668] [MT] IDERunDestination: Supported platforms for the buildables in the current scheme is empty.
2026-09-16 11:18:52.391 xcodebuild[92448:1346668] [MT] IDERunDestination: Supported platforms for the buildables in the current scheme is empty.
--- xcodebuild: WARNING: Using the first of multiple matching destinations:
{ platform:iOS, arch:arm64e, id:00008140-00163D9922E0801C, name:Kelly Nezat’s iPhone }
{ platform:iOS, arch:arm64, id:00008140-00163D9922E0801C, name:Kelly Nezat’s iPhone }
2026-09-16 11:18:52.617 xcodebuild[92448:1346668] [MT] IDERunDestination: Supported platforms for the buildables in the current scheme is empty.
2026-09-16 11:18:52.866 xcodebuild[92448:1346668] [MT] IDERunDestination: Supported platforms for the buildables in the current scheme is empty.
2026-09-16 11:18:54.440061-0400 DriverUITests-Runner[5996:1322305] [Default] Running tests...
    t =      nans Interface orientation changed to Portrait
Test Suite 'Selected tests' started at 2026-09-16 11:18:54.917.
Test Suite 'DriverUITests.xctest' started at 2026-09-16 11:18:54.918.
Test Suite 'K00DriverTests' started at 2026-09-16 11:18:54.918.
Test Case '-[DriverUITests.K00DriverTests testOutputSample]' started.
    t =     0.00s Start Test at 2026-09-16 11:18:54.919
    t =     0.02s Set Up
    t =     0.02s Open life.soullab.voicekernel.vpio02sid
    t =     0.02s     Launch life.soullab.voicekernel.vpio02sid
    t =     0.10s         Setting up automation session
2026-09-16 11:18:55.100 xcodebuild[92448:1346668] [MT] IDERunDestination: Supported platforms for the buildables in the current scheme is empty.
    t =     0.19s         Wait for life.soullab.voicekernel.vpio02sid to idle
    t =     1.28s Wait for life.soullab.voicekernel.vpio02sid to become Running Foreground
    t =     1.28s Waiting 10.0s for "Enter conversation" Button to exist
    t =     2.34s     Checking `Expect predicate `existsNoRetry == 1` for object "Enter conversation" Button`
    t =     2.34s         Checking existence of `"Enter conversation" Button`
    t =     2.44s Checking existence of `"Voice processing: ON (default)" Button`
    t =     2.47s Checking existence of `"Voice processing: OFF (control run)" Button`
    t =     2.79s Waiting 3.0s for "Voice processing: ON (default)" Button to exist
    t =     3.82s     Checking `Expect predicate `existsNoRetry == 1` for object "Voice processing: ON (default)" Button`
    t =     3.82s         Checking existence of `"Voice processing: ON (default)" Button`
    t =     3.88s Waiting 5.0s for "Enter conversation" Button to exist
    t =     4.91s     Checking `Expect predicate `existsNoRetry == 1` for object "Enter conversation" Button`
    t =     4.91s         Checking existence of `"Enter conversation" Button`
    t =     4.97s Tap "Enter conversation" Button
    t =     4.97s     Wait for life.soullab.voicekernel.vpio02sid to idle
    t =     4.98s     Find the "Enter conversation" Button
    t =     5.11s     Check for interrupting elements affecting "Enter conversation" Button
    t =     5.18s     Synthesize event
    t =     5.48s     Wait for life.soullab.voicekernel.vpio02sid to idle
    t =     5.49s Waiting 5.0s for "Play 3 s tone" Button to exist
    t =     6.51s     Checking `Expect predicate `existsNoRetry == 1` for object "Play 3 s tone" Button`
    t =     6.52s         Checking existence of `"Play 3 s tone" Button`
    t =     6.56s         Capturing element debug description
    t =     7.49s     Checking `Expect predicate `existsNoRetry == 1` for object "Play 3 s tone" Button`
    t =     7.49s         Checking existence of `"Play 3 s tone" Button`
    t =     7.54s         Capturing element debug description
    t =     8.56s     Checking `Expect predicate `existsNoRetry == 1` for object "Play 3 s tone" Button`
    t =     8.56s         Checking existence of `"Play 3 s tone" Button`
    t =     8.61s         Capturing element debug description
    t =     9.53s     Checking `Expect predicate `existsNoRetry == 1` for object "Play 3 s tone" Button`
    t =     9.53s         Checking existence of `"Play 3 s tone" Button`
    t =     9.58s         Capturing element debug description
    t =    10.49s     Checking `Expect predicate `existsNoRetry == 1` for object "Play 3 s tone" Button`
    t =    10.50s         Checking existence of `"Play 3 s tone" Button`
    t =    10.54s         Capturing element debug description
    t =    10.55s     Checking existence of `"Play 3 s tone" Button`
    t =    10.58s Collecting debug information to assist test failure triage
    t =    10.58s     Requesting snapshot of accessibility hierarchy for app with pid 5997
    t =    10.67s Swipe up Application 'life.soullab.voicekernel.vpio02sid'
    t =    10.67s     Wait for life.soullab.voicekernel.vpio02sid to idle
    t =    10.67s     Find the Application 'life.soullab.voicekernel.vpio02sid'
    t =    10.69s     Check for interrupting elements affecting "VoiceKernel VPIO-02-SID" Application
    t =    10.71s     Synthesize event
    t =    11.15s     Wait for life.soullab.voicekernel.vpio02sid to idle
    t =    13.70s Checking existence of `"Play 3 s tone" Button`
2026-09-16 11:19:08.680282-0400 DriverUITests-Runner[5996:1322305] K00-OUTPUT: reveal swipe 1/4 — 'Play 3 s tone' exists: true
    t =    13.76s Checking existence of `"Play 3 s tone" Button`
    t =    13.79s Find the "Play 3 s tone" Button
    t =    15.84s Tap "Play 3 s tone" Button
    t =    15.84s     Wait for life.soullab.voicekernel.vpio02sid to idle
    t =    15.85s     Find the "Play 3 s tone" Button
    t =    15.90s     Check for interrupting elements affecting "Play 3 s tone" Button
    t =    15.95s     Synthesize event
    t =    16.26s     Wait for life.soullab.voicekernel.vpio02sid to idle
2026-09-16 11:19:11.189446-0400 DriverUITests-Runner[5996:1322305] K00-OUTPUT: Play 1 tapped
    t =    17.28s Checking existence of `"Cancel active" Button`
    t =    17.33s Find the "Cancel active" Button
    t =    17.37s Tap "Cancel active" Button
    t =    17.37s     Wait for life.soullab.voicekernel.vpio02sid to idle
    t =    17.38s     Find the "Cancel active" Button
    t =    17.41s     Check for interrupting elements affecting "Cancel active" Button
    t =    17.45s     Synthesize event
    t =    17.75s     Wait for life.soullab.voicekernel.vpio02sid to idle
2026-09-16 11:19:12.686704-0400 DriverUITests-Runner[5996:1322305] K00-OUTPUT: Cancel active tapped at ≈1000 ms after Play 1
    t =    18.77s Checking existence of `"Play 3 s tone" Button`
    t =    18.83s Find the "Play 3 s tone" Button
    t =    18.87s Tap "Play 3 s tone" Button
    t =    18.87s     Wait for life.soullab.voicekernel.vpio02sid to idle
    t =    18.87s     Find the "Play 3 s tone" Button
    t =    18.91s     Check for interrupting elements affecting "Play 3 s tone" Button
    t =    18.96s     Synthesize event
    t =    19.26s     Wait for life.soullab.voicekernel.vpio02sid to idle
2026-09-16 11:19:14.188213-0400 DriverUITests-Runner[5996:1322305] K00-OUTPUT: Play 2 tapped (left to complete)
    t =    23.78s Waiting 5.0s for "Export journal" Button to exist
    t =    24.81s     Checking `Expect predicate `existsNoRetry == 1` for object "Export journal" Button`
    t =    24.82s         Checking existence of `"Export journal" Button`
    t =    24.86s Tap "Export journal" Button
    t =    24.86s     Wait for life.soullab.voicekernel.vpio02sid to idle
    t =    24.87s     Find the "Export journal" Button
    t =    24.92s     Check for interrupting elements affecting "Export journal" Button
    t =    24.97s     Synthesize event
    t =    25.28s     Wait for life.soullab.voicekernel.vpio02sid to idle
    t =    27.51s Terminate life.soullab.voicekernel.vpio02sid:5997
    t =    28.58s Wait for life.soullab.voicekernel.vpio02sid to become Not Running
    t =    28.59s Tear Down
Test Case '-[DriverUITests.K00DriverTests testOutputSample]' passed (28.667 seconds).
Test Suite 'K00DriverTests' passed at 2026-09-16 11:19:23.589.
	 Executed 1 test, with 0 failures (0 unexpected) in 28.667 (28.671) seconds
Test Suite 'DriverUITests.xctest' passed at 2026-09-16 11:19:23.589.
	 Executed 1 test, with 0 failures (0 unexpected) in 28.667 (28.672) seconds
Test Suite 'Selected tests' passed at 2026-09-16 11:19:23.590.
	 Executed 1 test, with 0 failures (0 unexpected) in 28.667 (28.673) seconds
2026-09-16 11:19:23.680 xcodebuild[92448:1346668] [MT] IDERunDestination: Supported platforms for the buildables in the current scheme is empty.
2026-09-16 11:19:23.875 xcodebuild[92448:1346668] [MT] IDETestOperationsObserverDebug: 31.256 elapsed -- Testing started completed.
2026-09-16 11:19:23.875 xcodebuild[92448:1346668] [MT] IDETestOperationsObserverDebug: 0.000 sec, +0.000 sec -- start
2026-09-16 11:19:23.875 xcodebuild[92448:1346668] [MT] IDETestOperationsObserverDebug: 31.256 sec, +31.256 sec -- end

Test session results, code coverage, and logs:
	/Users/soullab/Library/Developer/Xcode/DerivedData/VoiceKernelDriver-hddhdiwkxqvlotajsdpbzsuppquw/Logs/Test/Test-DriverUITests-2026.09.16_11-18-52--0400.xcresult

** TEST EXECUTE SUCCEEDED **

Testing started
