Command line invocation:
    /Applications/Xcode.app/Contents/Developer/usr/bin/xcodebuild test-without-building -xctestrun /private/tmp/sid-source-03-f67575797353bf7e97ffb319a45357997c8d564d-20260916T151404Z/ios/VoiceKernelDriver/.derived/Build/Products/DriverUITests_iphoneos26.2-arm64.xctestrun -destination id=00008140-00163D9922E0801C -collect-test-diagnostics never "-only-testing:DriverUITests/K00DriverTests/testOutputSample"

2026-09-16 11:15:43.784 xcodebuild[89787:1334657] [MT] IDERunDestination: Supported platforms for the buildables in the current scheme is empty.
2026-09-16 11:15:43.788 xcodebuild[89787:1334657] [MT] IDERunDestination: Supported platforms for the buildables in the current scheme is empty.
--- xcodebuild: WARNING: Using the first of multiple matching destinations:
{ platform:iOS, arch:arm64e, id:00008140-00163D9922E0801C, name:Kelly Nezat’s iPhone }
{ platform:iOS, arch:arm64, id:00008140-00163D9922E0801C, name:Kelly Nezat’s iPhone }
2026-09-16 11:15:44.049 xcodebuild[89787:1334657] [MT] IDERunDestination: Supported platforms for the buildables in the current scheme is empty.
2026-09-16 11:15:44.250 xcodebuild[89787:1334657] [MT] IDERunDestination: Supported platforms for the buildables in the current scheme is empty.
2026-09-16 11:15:45.666348-0400 DriverUITests-Runner[5978:1313763] [Default] Running tests...
    t =      nans Interface orientation changed to Portrait
Test Suite 'Selected tests' started at 2026-09-16 11:15:46.125.
Test Suite 'DriverUITests.xctest' started at 2026-09-16 11:15:46.125.
Test Suite 'K00DriverTests' started at 2026-09-16 11:15:46.125.
Test Case '-[DriverUITests.K00DriverTests testOutputSample]' started.
    t =     0.00s Start Test at 2026-09-16 11:15:46.126
    t =     0.02s Set Up
    t =     0.02s Open life.soullab.voicekernel.vpio02sid
    t =     0.02s     Launch life.soullab.voicekernel.vpio02sid
    t =     0.10s         Setting up automation session
2026-09-16 11:15:46.311 xcodebuild[89787:1334657] [MT] IDERunDestination: Supported platforms for the buildables in the current scheme is empty.
    t =     0.19s         Wait for life.soullab.voicekernel.vpio02sid to idle
    t =     1.29s Wait for life.soullab.voicekernel.vpio02sid to become Running Foreground
    t =     1.29s Waiting 10.0s for "Enter conversation" Button to exist
    t =     2.31s     Checking `Expect predicate `existsNoRetry == 1` for object "Enter conversation" Button`
    t =     2.31s         Checking existence of `"Enter conversation" Button`
    t =     2.41s Checking existence of `"Voice processing: ON (default)" Button`
    t =     2.44s Checking existence of `"Voice processing: OFF (control run)" Button`
    t =     2.76s Waiting 3.0s for "Voice processing: ON (default)" Button to exist
    t =     3.78s     Checking `Expect predicate `existsNoRetry == 1` for object "Voice processing: ON (default)" Button`
    t =     3.78s         Checking existence of `"Voice processing: ON (default)" Button`
    t =     3.84s Waiting 5.0s for "Enter conversation" Button to exist
    t =     4.85s     Checking `Expect predicate `existsNoRetry == 1` for object "Enter conversation" Button`
    t =     4.85s         Checking existence of `"Enter conversation" Button`
    t =     4.91s Tap "Enter conversation" Button
    t =     4.91s     Wait for life.soullab.voicekernel.vpio02sid to idle
    t =     4.92s     Find the "Enter conversation" Button
    t =     4.96s     Check for interrupting elements affecting "Enter conversation" Button
    t =     5.00s     Synthesize event
    t =     5.29s     Wait for life.soullab.voicekernel.vpio02sid to idle
    t =     5.30s Waiting 5.0s for "Play 3 s tone" Button to exist
    t =     6.33s     Checking `Expect predicate `existsNoRetry == 1` for object "Play 3 s tone" Button`
    t =     6.33s         Checking existence of `"Play 3 s tone" Button`
    t =     6.39s         Capturing element debug description
    t =     7.32s     Checking `Expect predicate `existsNoRetry == 1` for object "Play 3 s tone" Button`
    t =     7.32s         Checking existence of `"Play 3 s tone" Button`
    t =     7.37s         Capturing element debug description
    t =     8.31s     Checking `Expect predicate `existsNoRetry == 1` for object "Play 3 s tone" Button`
    t =     8.31s         Checking existence of `"Play 3 s tone" Button`
    t =     8.36s         Capturing element debug description
    t =     9.39s     Checking `Expect predicate `existsNoRetry == 1` for object "Play 3 s tone" Button`
    t =     9.39s         Checking existence of `"Play 3 s tone" Button`
    t =     9.44s         Capturing element debug description
    t =    10.30s     Checking `Expect predicate `existsNoRetry == 1` for object "Play 3 s tone" Button`
    t =    10.31s         Checking existence of `"Play 3 s tone" Button`
    t =    10.35s         Capturing element debug description
    t =    10.35s     Checking existence of `"Play 3 s tone" Button`
    t =    10.38s Collecting debug information to assist test failure triage
    t =    10.38s     Requesting snapshot of accessibility hierarchy for app with pid 5979
    t =    10.48s Swipe up Application 'life.soullab.voicekernel.vpio02sid'
    t =    10.48s     Wait for life.soullab.voicekernel.vpio02sid to idle
    t =    10.48s     Find the Application 'life.soullab.voicekernel.vpio02sid'
    t =    10.50s     Check for interrupting elements affecting "VoiceKernel VPIO-02-SID" Application
    t =    10.52s     Synthesize event
    t =    11.07s     Wait for life.soullab.voicekernel.vpio02sid to idle
    t =    13.59s Checking existence of `"Play 3 s tone" Button`
2026-09-16 11:15:59.777812-0400 DriverUITests-Runner[5978:1313763] K00-OUTPUT: reveal swipe 1/4 — 'Play 3 s tone' exists: true
    t =    13.65s Checking existence of `"Play 3 s tone" Button`
    t =    13.69s Find the "Play 3 s tone" Button
    t =    15.73s Tap "Play 3 s tone" Button
    t =    15.73s     Wait for life.soullab.voicekernel.vpio02sid to idle
    t =    15.75s     Find the "Play 3 s tone" Button
    t =    15.80s     Check for interrupting elements affecting "Play 3 s tone" Button
    t =    15.85s     Synthesize event
    t =    16.16s     Wait for life.soullab.voicekernel.vpio02sid to idle
2026-09-16 11:16:02.300419-0400 DriverUITests-Runner[5978:1313763] K00-OUTPUT: Play 1 tapped
    t =    17.18s Checking existence of `"Cancel active" Button`
    t =    17.23s Find the "Cancel active" Button
    t =    17.26s Tap "Cancel active" Button
    t =    17.26s     Wait for life.soullab.voicekernel.vpio02sid to idle
    t =    17.27s     Find the "Cancel active" Button
    t =    17.41s     Check for interrupting elements affecting "Cancel active" Button
    t =    17.47s     Synthesize event
    t =    17.77s     Wait for life.soullab.voicekernel.vpio02sid to idle
2026-09-16 11:16:03.909584-0400 DriverUITests-Runner[5978:1313763] K00-OUTPUT: Cancel active tapped at ≈1000 ms after Play 1
    t =    18.79s Checking existence of `"Play 3 s tone" Button`
    t =    18.84s Find the "Play 3 s tone" Button
    t =    18.89s Tap "Play 3 s tone" Button
    t =    18.89s     Wait for life.soullab.voicekernel.vpio02sid to idle
    t =    18.89s     Find the "Play 3 s tone" Button
    t =    18.92s     Check for interrupting elements affecting "Play 3 s tone" Button
    t =    18.97s     Synthesize event
    t =    19.28s     Wait for life.soullab.voicekernel.vpio02sid to idle
2026-09-16 11:16:05.409389-0400 DriverUITests-Runner[5978:1313763] K00-OUTPUT: Play 2 tapped (left to complete)
    t =    23.79s Waiting 5.0s for "Export journal" Button to exist
    t =    24.83s     Checking `Expect predicate `existsNoRetry == 1` for object "Export journal" Button`
    t =    24.83s         Checking existence of `"Export journal" Button`
    t =    24.88s Tap "Export journal" Button
    t =    24.88s     Wait for life.soullab.voicekernel.vpio02sid to idle
    t =    24.89s     Find the "Export journal" Button
    t =    24.93s     Check for interrupting elements affecting "Export journal" Button
    t =    24.98s     Synthesize event
    t =    25.28s     Wait for life.soullab.voicekernel.vpio02sid to idle
    t =    27.50s Terminate life.soullab.voicekernel.vpio02sid:5979
    t =    28.55s Wait for life.soullab.voicekernel.vpio02sid to become Not Running
    t =    28.56s Tear Down
Test Case '-[DriverUITests.K00DriverTests testOutputSample]' passed (28.668 seconds).
Test Suite 'K00DriverTests' passed at 2026-09-16 11:16:14.801.
	 Executed 1 test, with 0 failures (0 unexpected) in 28.668 (28.676) seconds
Test Suite 'DriverUITests.xctest' passed at 2026-09-16 11:16:14.809.
	 Executed 1 test, with 0 failures (0 unexpected) in 28.668 (28.683) seconds
Test Suite 'Selected tests' passed at 2026-09-16 11:16:14.809.
	 Executed 1 test, with 0 failures (0 unexpected) in 28.668 (28.685) seconds
2026-09-16 11:16:14.849 xcodebuild[89787:1334657] [MT] IDERunDestination: Supported platforms for the buildables in the current scheme is empty.
2026-09-16 11:16:15.118 xcodebuild[89787:1334657] [MT] IDETestOperationsObserverDebug: 31.067 elapsed -- Testing started completed.
2026-09-16 11:16:15.118 xcodebuild[89787:1334657] [MT] IDETestOperationsObserverDebug: 0.000 sec, +0.000 sec -- start
2026-09-16 11:16:15.118 xcodebuild[89787:1334657] [MT] IDETestOperationsObserverDebug: 31.067 sec, +31.067 sec -- end

Test session results, code coverage, and logs:
	/Users/soullab/Library/Developer/Xcode/DerivedData/VoiceKernelDriver-guxpojgkmeljacbexpyunshwhurn/Logs/Test/Test-DriverUITests-2026.09.16_11-15-43--0400.xcresult

** TEST EXECUTE SUCCEEDED **

Testing started
