Command line invocation:
    /Applications/Xcode.app/Contents/Developer/usr/bin/xcodebuild test-without-building -xctestrun /private/tmp/sid-source-03-f67575797353bf7e97ffb319a45357997c8d564d-20260916T151404Z/ios/VoiceKernelDriver/.derived/Build/Products/DriverUITests_iphoneos26.2-arm64.xctestrun -destination id=00008140-00163D9922E0801C -collect-test-diagnostics never "-only-testing:DriverUITests/K00DriverTests/testOutputSample"

2026-09-16 11:15:06.326 xcodebuild[89035:1330733] [MT] IDERunDestination: Supported platforms for the buildables in the current scheme is empty.
2026-09-16 11:15:06.329 xcodebuild[89035:1330733] [MT] IDERunDestination: Supported platforms for the buildables in the current scheme is empty.
--- xcodebuild: WARNING: Using the first of multiple matching destinations:
{ platform:iOS, arch:arm64e, id:00008140-00163D9922E0801C, name:Kelly Nezat’s iPhone }
{ platform:iOS, arch:arm64, id:00008140-00163D9922E0801C, name:Kelly Nezat’s iPhone }
2026-09-16 11:15:06.612 xcodebuild[89035:1330733] [MT] IDERunDestination: Supported platforms for the buildables in the current scheme is empty.
2026-09-16 11:15:06.812 xcodebuild[89035:1330733] [MT] IDERunDestination: Supported platforms for the buildables in the current scheme is empty.
2026-09-16 11:15:08.498431-0400 DriverUITests-Runner[5975:1312109] [Default] Running tests...
    t =      nans Interface orientation changed to Portrait
Test Suite 'Selected tests' started at 2026-09-16 11:15:09.001.
Test Suite 'DriverUITests.xctest' started at 2026-09-16 11:15:09.001.
Test Suite 'K00DriverTests' started at 2026-09-16 11:15:09.002.
Test Case '-[DriverUITests.K00DriverTests testOutputSample]' started.
    t =     0.00s Start Test at 2026-09-16 11:15:09.002
    t =     0.02s Set Up
    t =     0.03s Open life.soullab.voicekernel.vpio02sid
    t =     0.03s     Launch life.soullab.voicekernel.vpio02sid
    t =     0.10s         Setting up automation session
    t =     0.19s         Wait for life.soullab.voicekernel.vpio02sid to idle
2026-09-16 11:15:09.196 xcodebuild[89035:1330733] [MT] IDERunDestination: Supported platforms for the buildables in the current scheme is empty.
    t =     1.28s Wait for life.soullab.voicekernel.vpio02sid to become Running Foreground
    t =     1.29s Waiting 10.0s for "Enter conversation" Button to exist
    t =     2.30s     Checking `Expect predicate `existsNoRetry == 1` for object "Enter conversation" Button`
    t =     2.30s         Checking existence of `"Enter conversation" Button`
    t =     2.39s Checking existence of `"Voice processing: ON (default)" Button`
    t =     2.42s Checking existence of `"Voice processing: OFF (control run)" Button`
    t =     2.75s Waiting 3.0s for "Voice processing: ON (default)" Button to exist
    t =     3.76s     Checking `Expect predicate `existsNoRetry == 1` for object "Voice processing: ON (default)" Button`
    t =     3.76s         Checking existence of `"Voice processing: ON (default)" Button`
    t =     3.83s Waiting 5.0s for "Enter conversation" Button to exist
    t =     4.83s     Checking `Expect predicate `existsNoRetry == 1` for object "Enter conversation" Button`
    t =     4.83s         Checking existence of `"Enter conversation" Button`
    t =     4.89s Tap "Enter conversation" Button
    t =     4.89s     Wait for life.soullab.voicekernel.vpio02sid to idle
    t =     4.90s     Find the "Enter conversation" Button
    t =     4.94s     Check for interrupting elements affecting "Enter conversation" Button
    t =     4.98s     Synthesize event
    t =     5.27s     Wait for life.soullab.voicekernel.vpio02sid to idle
    t =     5.28s Waiting 5.0s for "Play 3 s tone" Button to exist
    t =     6.31s     Checking `Expect predicate `existsNoRetry == 1` for object "Play 3 s tone" Button`
    t =     6.31s         Checking existence of `"Play 3 s tone" Button`
    t =     6.35s         Capturing element debug description
    t =     7.28s     Checking `Expect predicate `existsNoRetry == 1` for object "Play 3 s tone" Button`
    t =     7.29s         Checking existence of `"Play 3 s tone" Button`
    t =     7.33s         Capturing element debug description
    t =     8.35s     Checking `Expect predicate `existsNoRetry == 1` for object "Play 3 s tone" Button`
    t =     8.35s         Checking existence of `"Play 3 s tone" Button`
    t =     8.41s         Capturing element debug description
    t =     9.33s     Checking `Expect predicate `existsNoRetry == 1` for object "Play 3 s tone" Button`
    t =     9.34s         Checking existence of `"Play 3 s tone" Button`
    t =     9.38s         Capturing element debug description
    t =    10.28s     Checking `Expect predicate `existsNoRetry == 1` for object "Play 3 s tone" Button`
    t =    10.29s         Checking existence of `"Play 3 s tone" Button`
    t =    10.33s         Capturing element debug description
    t =    10.34s     Checking existence of `"Play 3 s tone" Button`
    t =    10.36s Collecting debug information to assist test failure triage
    t =    10.37s     Requesting snapshot of accessibility hierarchy for app with pid 5976
    t =    10.44s Swipe up Application 'life.soullab.voicekernel.vpio02sid'
    t =    10.44s     Wait for life.soullab.voicekernel.vpio02sid to idle
    t =    10.45s     Find the Application 'life.soullab.voicekernel.vpio02sid'
    t =    10.47s     Check for interrupting elements affecting "VoiceKernel VPIO-02-SID" Application
    t =    10.50s     Synthesize event
    t =    11.04s     Wait for life.soullab.voicekernel.vpio02sid to idle
    t =    13.58s Checking existence of `"Play 3 s tone" Button`
2026-09-16 11:15:22.638398-0400 DriverUITests-Runner[5975:1312109] K00-OUTPUT: reveal swipe 1/4 — 'Play 3 s tone' exists: true
    t =    13.64s Checking existence of `"Play 3 s tone" Button`
    t =    13.67s Find the "Play 3 s tone" Button
    t =    15.70s Tap "Play 3 s tone" Button
    t =    15.70s     Wait for life.soullab.voicekernel.vpio02sid to idle
    t =    15.72s     Find the "Play 3 s tone" Button
    t =    15.76s     Check for interrupting elements affecting "Play 3 s tone" Button
    t =    15.82s     Synthesize event
    t =    16.13s     Wait for life.soullab.voicekernel.vpio02sid to idle
2026-09-16 11:15:25.139718-0400 DriverUITests-Runner[5975:1312109] K00-OUTPUT: Play 1 tapped
    t =    17.15s Checking existence of `"Cancel active" Button`
    t =    17.20s Find the "Cancel active" Button
    t =    17.23s Tap "Cancel active" Button
    t =    17.23s     Wait for life.soullab.voicekernel.vpio02sid to idle
    t =    17.24s     Find the "Cancel active" Button
    t =    17.27s     Check for interrupting elements affecting "Cancel active" Button
    t =    17.32s     Synthesize event
    t =    17.62s     Wait for life.soullab.voicekernel.vpio02sid to idle
2026-09-16 11:15:26.632047-0400 DriverUITests-Runner[5975:1312109] K00-OUTPUT: Cancel active tapped at ≈1000 ms after Play 1
    t =    18.63s Checking existence of `"Play 3 s tone" Button`
    t =    18.69s Find the "Play 3 s tone" Button
    t =    18.73s Tap "Play 3 s tone" Button
    t =    18.73s     Wait for life.soullab.voicekernel.vpio02sid to idle
    t =    18.74s     Find the "Play 3 s tone" Button
    t =    18.87s     Check for interrupting elements affecting "Play 3 s tone" Button
    t =    18.93s     Synthesize event
    t =    19.25s     Wait for life.soullab.voicekernel.vpio02sid to idle
2026-09-16 11:15:28.264783-0400 DriverUITests-Runner[5975:1312109] K00-OUTPUT: Play 2 tapped (left to complete)
    t =    23.77s Waiting 5.0s for "Export journal" Button to exist
    t =    24.80s     Checking `Expect predicate `existsNoRetry == 1` for object "Export journal" Button`
    t =    24.80s         Checking existence of `"Export journal" Button`
    t =    24.85s Tap "Export journal" Button
    t =    24.85s     Wait for life.soullab.voicekernel.vpio02sid to idle
    t =    24.86s     Find the "Export journal" Button
    t =    24.91s     Check for interrupting elements affecting "Export journal" Button
    t =    24.96s     Synthesize event
    t =    25.25s     Wait for life.soullab.voicekernel.vpio02sid to idle
    t =    27.47s Terminate life.soullab.voicekernel.vpio02sid:5976
    t =    28.53s Wait for life.soullab.voicekernel.vpio02sid to become Not Running
    t =    28.53s Tear Down
Test Case '-[DriverUITests.K00DriverTests testOutputSample]' passed (28.670 seconds).
Test Suite 'K00DriverTests' passed at 2026-09-16 11:15:37.675.
	 Executed 1 test, with 0 failures (0 unexpected) in 28.670 (28.674) seconds
Test Suite 'DriverUITests.xctest' passed at 2026-09-16 11:15:37.677.
	 Executed 1 test, with 0 failures (0 unexpected) in 28.670 (28.676) seconds
Test Suite 'Selected tests' passed at 2026-09-16 11:15:37.680.
	 Executed 1 test, with 0 failures (0 unexpected) in 28.670 (28.679) seconds
2026-09-16 11:15:37.711 xcodebuild[89035:1330733] [MT] IDERunDestination: Supported platforms for the buildables in the current scheme is empty.
2026-09-16 11:15:38.007 xcodebuild[89035:1330733] [MT] IDETestOperationsObserverDebug: 31.394 elapsed -- Testing started completed.
2026-09-16 11:15:38.007 xcodebuild[89035:1330733] [MT] IDETestOperationsObserverDebug: 0.000 sec, +0.000 sec -- start
2026-09-16 11:15:38.007 xcodebuild[89035:1330733] [MT] IDETestOperationsObserverDebug: 31.394 sec, +31.394 sec -- end

Test session results, code coverage, and logs:
	/Users/soullab/Library/Developer/Xcode/DerivedData/VoiceKernelDriver-asiejwdtqdgtqnamqwlbtgvhrmbg/Logs/Test/Test-DriverUITests-2026.09.16_11-15-06--0400.xcresult

** TEST EXECUTE SUCCEEDED **

Testing started
