Command line invocation:
    /Applications/Xcode.app/Contents/Developer/usr/bin/xcodebuild test-without-building -xctestrun /private/tmp/sid-source-03-f67575797353bf7e97ffb319a45357997c8d564d-20260916T151404Z/ios/VoiceKernelDriver/.derived/Build/Products/DriverUITests_iphoneos26.2-arm64.xctestrun -destination id=00008140-00163D9922E0801C -collect-test-diagnostics never "-only-testing:DriverUITests/K00DriverTests/testOutputSample"

2026-09-16 11:16:58.424 xcodebuild[90750:1338628] [MT] IDERunDestination: Supported platforms for the buildables in the current scheme is empty.
2026-09-16 11:16:58.427 xcodebuild[90750:1338628] [MT] IDERunDestination: Supported platforms for the buildables in the current scheme is empty.
--- xcodebuild: WARNING: Using the first of multiple matching destinations:
{ platform:iOS, arch:arm64e, id:00008140-00163D9922E0801C, name:Kelly Nezat’s iPhone }
{ platform:iOS, arch:arm64, id:00008140-00163D9922E0801C, name:Kelly Nezat’s iPhone }
2026-09-16 11:16:58.683 xcodebuild[90750:1338628] [MT] IDERunDestination: Supported platforms for the buildables in the current scheme is empty.
2026-09-16 11:16:58.874 xcodebuild[90750:1338628] [MT] IDERunDestination: Supported platforms for the buildables in the current scheme is empty.
2026-09-16 11:17:00.491861-0400 DriverUITests-Runner[5987:1317220] [Default] Running tests...
    t =      nans Interface orientation changed to Portrait
Test Suite 'Selected tests' started at 2026-09-16 11:17:00.972.
Test Suite 'DriverUITests.xctest' started at 2026-09-16 11:17:00.973.
Test Suite 'K00DriverTests' started at 2026-09-16 11:17:00.973.
Test Case '-[DriverUITests.K00DriverTests testOutputSample]' started.
    t =     0.00s Start Test at 2026-09-16 11:17:00.974
    t =     0.02s Set Up
    t =     0.03s Open life.soullab.voicekernel.vpio02sid
    t =     0.03s     Launch life.soullab.voicekernel.vpio02sid
    t =     0.11s         Setting up automation session
2026-09-16 11:17:01.159 xcodebuild[90750:1338628] [MT] IDERunDestination: Supported platforms for the buildables in the current scheme is empty.
    t =     0.19s         Wait for life.soullab.voicekernel.vpio02sid to idle
    t =     1.29s Wait for life.soullab.voicekernel.vpio02sid to become Running Foreground
    t =     1.30s Waiting 10.0s for "Enter conversation" Button to exist
    t =     2.33s     Checking `Expect predicate `existsNoRetry == 1` for object "Enter conversation" Button`
    t =     2.33s         Checking existence of `"Enter conversation" Button`
    t =     2.42s Checking existence of `"Voice processing: ON (default)" Button`
    t =     2.45s Checking existence of `"Voice processing: OFF (control run)" Button`
    t =     2.78s Waiting 3.0s for "Voice processing: ON (default)" Button to exist
    t =     3.81s     Checking `Expect predicate `existsNoRetry == 1` for object "Voice processing: ON (default)" Button`
    t =     3.81s         Checking existence of `"Voice processing: ON (default)" Button`
    t =     3.88s Waiting 5.0s for "Enter conversation" Button to exist
    t =     4.90s     Checking `Expect predicate `existsNoRetry == 1` for object "Enter conversation" Button`
    t =     4.91s         Checking existence of `"Enter conversation" Button`
    t =     4.97s Tap "Enter conversation" Button
    t =     4.97s     Wait for life.soullab.voicekernel.vpio02sid to idle
    t =     4.98s     Find the "Enter conversation" Button
    t =     5.01s     Check for interrupting elements affecting "Enter conversation" Button
    t =     5.06s     Synthesize event
    t =     5.36s     Wait for life.soullab.voicekernel.vpio02sid to idle
    t =     5.38s Waiting 5.0s for "Play 3 s tone" Button to exist
    t =     6.40s     Checking `Expect predicate `existsNoRetry == 1` for object "Play 3 s tone" Button`
    t =     6.41s         Checking existence of `"Play 3 s tone" Button`
    t =     6.46s         Capturing element debug description
    t =     7.39s     Checking `Expect predicate `existsNoRetry == 1` for object "Play 3 s tone" Button`
    t =     7.39s         Checking existence of `"Play 3 s tone" Button`
    t =     7.45s         Capturing element debug description
    t =     8.39s     Checking `Expect predicate `existsNoRetry == 1` for object "Play 3 s tone" Button`
    t =     8.39s         Checking existence of `"Play 3 s tone" Button`
    t =     8.44s         Capturing element debug description
    t =     9.47s     Checking `Expect predicate `existsNoRetry == 1` for object "Play 3 s tone" Button`
    t =     9.48s         Checking existence of `"Play 3 s tone" Button`
    t =     9.53s         Capturing element debug description
    t =    10.38s     Checking `Expect predicate `existsNoRetry == 1` for object "Play 3 s tone" Button`
    t =    10.38s         Checking existence of `"Play 3 s tone" Button`
    t =    10.43s         Capturing element debug description
    t =    10.43s     Checking existence of `"Play 3 s tone" Button`
    t =    10.47s Collecting debug information to assist test failure triage
    t =    10.47s     Requesting snapshot of accessibility hierarchy for app with pid 5988
    t =    10.55s Swipe up Application 'life.soullab.voicekernel.vpio02sid'
    t =    10.55s     Wait for life.soullab.voicekernel.vpio02sid to idle
    t =    10.55s     Find the Application 'life.soullab.voicekernel.vpio02sid'
    t =    10.57s     Check for interrupting elements affecting "VoiceKernel VPIO-02-SID" Application
    t =    10.59s     Synthesize event
    t =    11.02s     Wait for life.soullab.voicekernel.vpio02sid to idle
    t =    13.57s Checking existence of `"Play 3 s tone" Button`
2026-09-16 11:17:14.592537-0400 DriverUITests-Runner[5987:1317220] K00-OUTPUT: reveal swipe 1/4 — 'Play 3 s tone' exists: true
    t =    13.62s Checking existence of `"Play 3 s tone" Button`
    t =    13.65s Find the "Play 3 s tone" Button
    t =    15.69s Tap "Play 3 s tone" Button
    t =    15.69s     Wait for life.soullab.voicekernel.vpio02sid to idle
    t =    15.71s     Find the "Play 3 s tone" Button
    t =    15.76s     Check for interrupting elements affecting "Play 3 s tone" Button
    t =    15.82s     Synthesize event
    t =    16.13s     Wait for life.soullab.voicekernel.vpio02sid to idle
2026-09-16 11:17:17.115490-0400 DriverUITests-Runner[5987:1317220] K00-OUTPUT: Play 1 tapped
    t =    17.15s Checking existence of `"Cancel active" Button`
    t =    17.20s Find the "Cancel active" Button
    t =    17.24s Tap "Cancel active" Button
    t =    17.24s     Wait for life.soullab.voicekernel.vpio02sid to idle
    t =    17.25s     Find the "Cancel active" Button
    t =    17.38s     Check for interrupting elements affecting "Cancel active" Button
    t =    17.45s     Synthesize event
    t =    17.75s     Wait for life.soullab.voicekernel.vpio02sid to idle
2026-09-16 11:17:18.731760-0400 DriverUITests-Runner[5987:1317220] K00-OUTPUT: Cancel active tapped at ≈1000 ms after Play 1
    t =    18.76s Checking existence of `"Play 3 s tone" Button`
    t =    18.82s Find the "Play 3 s tone" Button
    t =    18.86s Tap "Play 3 s tone" Button
    t =    18.86s     Wait for life.soullab.voicekernel.vpio02sid to idle
    t =    18.87s     Find the "Play 3 s tone" Button
    t =    18.90s     Check for interrupting elements affecting "Play 3 s tone" Button
    t =    18.94s     Synthesize event
    t =    19.24s     Wait for life.soullab.voicekernel.vpio02sid to idle
2026-09-16 11:17:20.226155-0400 DriverUITests-Runner[5987:1317220] K00-OUTPUT: Play 2 tapped (left to complete)
    t =    23.76s Waiting 5.0s for "Export journal" Button to exist
    t =    24.80s     Checking `Expect predicate `existsNoRetry == 1` for object "Export journal" Button`
    t =    24.80s         Checking existence of `"Export journal" Button`
    t =    24.85s Tap "Export journal" Button
    t =    24.85s     Wait for life.soullab.voicekernel.vpio02sid to idle
    t =    24.86s     Find the "Export journal" Button
    t =    24.89s     Check for interrupting elements affecting "Export journal" Button
    t =    24.94s     Synthesize event
    t =    25.24s     Wait for life.soullab.voicekernel.vpio02sid to idle
    t =    27.46s Terminate life.soullab.voicekernel.vpio02sid:5988
    t =    28.57s Wait for life.soullab.voicekernel.vpio02sid to become Not Running
    t =    28.57s Tear Down
Test Case '-[DriverUITests.K00DriverTests testOutputSample]' passed (28.683 seconds).
Test Suite 'K00DriverTests' passed at 2026-09-16 11:17:29.668.
	 Executed 1 test, with 0 failures (0 unexpected) in 28.683 (28.695) seconds
Test Suite 'DriverUITests.xctest' passed at 2026-09-16 11:17:29.671.
	 Executed 1 test, with 0 failures (0 unexpected) in 28.683 (28.698) seconds
Test Suite 'Selected tests' passed at 2026-09-16 11:17:29.671.
	 Executed 1 test, with 0 failures (0 unexpected) in 28.683 (28.699) seconds
2026-09-16 11:17:29.723 xcodebuild[90750:1338628] [MT] IDERunDestination: Supported platforms for the buildables in the current scheme is empty.
2026-09-16 11:17:29.992 xcodebuild[90750:1338628] [MT] IDETestOperationsObserverDebug: 31.308 elapsed -- Testing started completed.
2026-09-16 11:17:29.992 xcodebuild[90750:1338628] [MT] IDETestOperationsObserverDebug: 0.000 sec, +0.000 sec -- start
2026-09-16 11:17:29.992 xcodebuild[90750:1338628] [MT] IDETestOperationsObserverDebug: 31.308 sec, +31.308 sec -- end

Test session results, code coverage, and logs:
	/Users/soullab/Library/Developer/Xcode/DerivedData/VoiceKernelDriver-babzltwklysbbrgqnpqcbkjvcibu/Logs/Test/Test-DriverUITests-2026.09.16_11-16-58--0400.xcresult

** TEST EXECUTE SUCCEEDED **

Testing started
