Command line invocation:
    /Applications/Xcode.app/Contents/Developer/usr/bin/xcodebuild test-without-building -xctestrun /private/tmp/sid-source-03-f67575797353bf7e97ffb319a45357997c8d564d-20260916T151404Z/ios/VoiceKernelDriver/.derived/Build/Products/DriverUITests_iphoneos26.2-arm64.xctestrun -destination id=00008140-00163D9922E0801C -collect-test-diagnostics never "-only-testing:DriverUITests/K00DriverTests/testOutputSample"

2026-09-16 11:17:36.083 xcodebuild[91654:1343394] [MT] IDERunDestination: Supported platforms for the buildables in the current scheme is empty.
2026-09-16 11:17:36.086 xcodebuild[91654:1343394] [MT] IDERunDestination: Supported platforms for the buildables in the current scheme is empty.
2026-09-16 11:17:36.183 xcodebuild[91654:1343394] [MT] IDERunDestination: Supported platforms for the buildables in the current scheme is empty.
--- xcodebuild: WARNING: Using the first of multiple matching destinations:
{ platform:iOS, arch:arm64e, id:00008140-00163D9922E0801C, name:Kelly Nezat’s iPhone }
{ platform:iOS, arch:arm64, id:00008140-00163D9922E0801C, name:Kelly Nezat’s iPhone }
2026-09-16 11:17:36.353 xcodebuild[91654:1343394] [MT] IDERunDestination: Supported platforms for the buildables in the current scheme is empty.
2026-09-16 11:17:36.547 xcodebuild[91654:1343394] [MT] IDERunDestination: Supported platforms for the buildables in the current scheme is empty.
2026-09-16 11:17:38.384393-0400 DriverUITests-Runner[5990:1318943] [Default] Running tests...
    t =      nans Interface orientation changed to Portrait
Test Suite 'Selected tests' started at 2026-09-16 11:17:38.857.
Test Suite 'DriverUITests.xctest' started at 2026-09-16 11:17:38.857.
Test Suite 'K00DriverTests' started at 2026-09-16 11:17:38.858.
Test Case '-[DriverUITests.K00DriverTests testOutputSample]' started.
    t =     0.00s Start Test at 2026-09-16 11:17:38.858
    t =     0.02s Set Up
    t =     0.02s Open life.soullab.voicekernel.vpio02sid
    t =     0.02s     Launch life.soullab.voicekernel.vpio02sid
    t =     0.10s         Setting up automation session
2026-09-16 11:17:39.042 xcodebuild[91654:1343394] [MT] IDERunDestination: Supported platforms for the buildables in the current scheme is empty.
    t =     0.19s         Wait for life.soullab.voicekernel.vpio02sid to idle
    t =     1.28s Wait for life.soullab.voicekernel.vpio02sid to become Running Foreground
    t =     1.28s Waiting 10.0s for "Enter conversation" Button to exist
    t =     2.31s     Checking `Expect predicate `existsNoRetry == 1` for object "Enter conversation" Button`
    t =     2.31s         Checking existence of `"Enter conversation" Button`
    t =     2.40s Checking existence of `"Voice processing: ON (default)" Button`
    t =     2.43s Checking existence of `"Voice processing: OFF (control run)" Button`
    t =     2.76s Waiting 3.0s for "Voice processing: ON (default)" Button to exist
    t =     3.78s     Checking `Expect predicate `existsNoRetry == 1` for object "Voice processing: ON (default)" Button`
    t =     3.78s         Checking existence of `"Voice processing: ON (default)" Button`
    t =     3.85s Waiting 5.0s for "Enter conversation" Button to exist
    t =     4.86s     Checking `Expect predicate `existsNoRetry == 1` for object "Enter conversation" Button`
    t =     4.86s         Checking existence of `"Enter conversation" Button`
    t =     4.93s Tap "Enter conversation" Button
    t =     4.93s     Wait for life.soullab.voicekernel.vpio02sid to idle
    t =     4.93s     Find the "Enter conversation" Button
    t =     4.98s     Check for interrupting elements affecting "Enter conversation" Button
    t =     5.02s     Synthesize event
    t =     5.31s     Wait for life.soullab.voicekernel.vpio02sid to idle
    t =     5.32s Waiting 5.0s for "Play 3 s tone" Button to exist
    t =     6.36s     Checking `Expect predicate `existsNoRetry == 1` for object "Play 3 s tone" Button`
    t =     6.36s         Checking existence of `"Play 3 s tone" Button`
    t =     6.41s         Capturing element debug description
    t =     7.33s     Checking `Expect predicate `existsNoRetry == 1` for object "Play 3 s tone" Button`
    t =     7.33s         Checking existence of `"Play 3 s tone" Button`
    t =     7.39s         Capturing element debug description
    t =     8.41s     Checking `Expect predicate `existsNoRetry == 1` for object "Play 3 s tone" Button`
    t =     8.42s         Checking existence of `"Play 3 s tone" Button`
    t =     8.46s         Capturing element debug description
    t =     9.40s     Checking `Expect predicate `existsNoRetry == 1` for object "Play 3 s tone" Button`
    t =     9.40s         Checking existence of `"Play 3 s tone" Button`
    t =     9.45s         Capturing element debug description
    t =    10.33s     Checking `Expect predicate `existsNoRetry == 1` for object "Play 3 s tone" Button`
    t =    10.33s         Checking existence of `"Play 3 s tone" Button`
    t =    10.38s         Capturing element debug description
    t =    10.39s     Checking existence of `"Play 3 s tone" Button`
    t =    10.42s Collecting debug information to assist test failure triage
    t =    10.42s     Requesting snapshot of accessibility hierarchy for app with pid 5991
    t =    10.50s Swipe up Application 'life.soullab.voicekernel.vpio02sid'
    t =    10.50s     Wait for life.soullab.voicekernel.vpio02sid to idle
    t =    10.50s     Find the Application 'life.soullab.voicekernel.vpio02sid'
    t =    10.52s     Check for interrupting elements affecting "VoiceKernel VPIO-02-SID" Application
    t =    10.55s     Synthesize event
    t =    10.97s     Wait for life.soullab.voicekernel.vpio02sid to idle
    t =    13.52s Checking existence of `"Play 3 s tone" Button`
2026-09-16 11:17:52.436060-0400 DriverUITests-Runner[5990:1318943] K00-OUTPUT: reveal swipe 1/4 — 'Play 3 s tone' exists: true
    t =    13.58s Checking existence of `"Play 3 s tone" Button`
    t =    13.61s Find the "Play 3 s tone" Button
    t =    15.66s Tap "Play 3 s tone" Button
    t =    15.66s     Wait for life.soullab.voicekernel.vpio02sid to idle
    t =    15.67s     Find the "Play 3 s tone" Button
    t =    15.73s     Check for interrupting elements affecting "Play 3 s tone" Button
    t =    15.78s     Synthesize event
    t =    16.09s     Wait for life.soullab.voicekernel.vpio02sid to idle
2026-09-16 11:17:54.952828-0400 DriverUITests-Runner[5990:1318943] K00-OUTPUT: Play 1 tapped
    t =    17.10s Checking existence of `"Cancel active" Button`
    t =    17.15s Find the "Cancel active" Button
    t =    17.19s Tap "Cancel active" Button
    t =    17.19s     Wait for life.soullab.voicekernel.vpio02sid to idle
    t =    17.20s     Find the "Cancel active" Button
    t =    17.23s     Check for interrupting elements affecting "Cancel active" Button
    t =    17.28s     Synthesize event
    t =    17.57s     Wait for life.soullab.voicekernel.vpio02sid to idle
2026-09-16 11:17:56.435743-0400 DriverUITests-Runner[5990:1318943] K00-OUTPUT: Cancel active tapped at ≈1000 ms after Play 1
    t =    18.58s Checking existence of `"Play 3 s tone" Button`
    t =    18.63s Find the "Play 3 s tone" Button
    t =    18.78s Tap "Play 3 s tone" Button
    t =    18.78s     Wait for life.soullab.voicekernel.vpio02sid to idle
    t =    18.79s     Find the "Play 3 s tone" Button
    t =    18.83s     Check for interrupting elements affecting "Play 3 s tone" Button
    t =    18.88s     Synthesize event
    t =    19.19s     Wait for life.soullab.voicekernel.vpio02sid to idle
2026-09-16 11:17:58.053655-0400 DriverUITests-Runner[5990:1318943] K00-OUTPUT: Play 2 tapped (left to complete)
    t =    23.70s Waiting 5.0s for "Export journal" Button to exist
    t =    24.72s     Checking `Expect predicate `existsNoRetry == 1` for object "Export journal" Button`
    t =    24.73s         Checking existence of `"Export journal" Button`
    t =    24.79s Tap "Export journal" Button
    t =    24.79s     Wait for life.soullab.voicekernel.vpio02sid to idle
    t =    24.80s     Find the "Export journal" Button
    t =    24.94s     Check for interrupting elements affecting "Export journal" Button
    t =    25.01s     Synthesize event
    t =    25.32s     Wait for life.soullab.voicekernel.vpio02sid to idle
    t =    27.54s Terminate life.soullab.voicekernel.vpio02sid:5991
    t =    28.59s Wait for life.soullab.voicekernel.vpio02sid to become Not Running
    t =    28.59s Tear Down
Test Case '-[DriverUITests.K00DriverTests testOutputSample]' passed (28.688 seconds).
Test Suite 'K00DriverTests' passed at 2026-09-16 11:18:07.548.
	 Executed 1 test, with 0 failures (0 unexpected) in 28.688 (28.691) seconds
Test Suite 'DriverUITests.xctest' passed at 2026-09-16 11:18:07.554.
	 Executed 1 test, with 0 failures (0 unexpected) in 28.688 (28.696) seconds
Test Suite 'Selected tests' passed at 2026-09-16 11:18:07.559.
	 Executed 1 test, with 0 failures (0 unexpected) in 28.688 (28.702) seconds
2026-09-16 11:18:07.625 xcodebuild[91654:1343394] [MT] IDERunDestination: Supported platforms for the buildables in the current scheme is empty.
2026-09-16 11:18:07.885 xcodebuild[91654:1343394] [MT] IDETestOperationsObserverDebug: 31.530 elapsed -- Testing started completed.
2026-09-16 11:18:07.885 xcodebuild[91654:1343394] [MT] IDETestOperationsObserverDebug: 0.000 sec, +0.000 sec -- start
2026-09-16 11:18:07.885 xcodebuild[91654:1343394] [MT] IDETestOperationsObserverDebug: 31.530 sec, +31.530 sec -- end

Test session results, code coverage, and logs:
	/Users/soullab/Library/Developer/Xcode/DerivedData/VoiceKernelDriver-anmioqixpzauozcnaqzpgohfhszd/Logs/Test/Test-DriverUITests-2026.09.16_11-17-36--0400.xcresult

** TEST EXECUTE SUCCEEDED **

Testing started
