Command line invocation:
    /Applications/Xcode.app/Contents/Developer/usr/bin/xcodebuild test-without-building -xctestrun /private/tmp/sid-source-03-f67575797353bf7e97ffb319a45357997c8d564d-20260916T151404Z/ios/VoiceKernelDriver/.derived/Build/Products/DriverUITests_iphoneos26.2-arm64.xctestrun -destination id=00008140-00163D9922E0801C -collect-test-diagnostics never "-only-testing:DriverUITests/K00DriverTests/testOutputSample"

2026-09-16 11:16:21.044 xcodebuild[90336:1336913] [MT] IDERunDestination: Supported platforms for the buildables in the current scheme is empty.
2026-09-16 11:16:21.048 xcodebuild[90336:1336913] [MT] IDERunDestination: Supported platforms for the buildables in the current scheme is empty.
--- xcodebuild: WARNING: Using the first of multiple matching destinations:
{ platform:iOS, arch:arm64e, id:00008140-00163D9922E0801C, name:Kelly Nezat’s iPhone }
{ platform:iOS, arch:arm64, id:00008140-00163D9922E0801C, name:Kelly Nezat’s iPhone }
2026-09-16 11:16:21.318 xcodebuild[90336:1336913] [MT] IDERunDestination: Supported platforms for the buildables in the current scheme is empty.
2026-09-16 11:16:21.519 xcodebuild[90336:1336913] [MT] IDERunDestination: Supported platforms for the buildables in the current scheme is empty.
2026-09-16 11:16:22.975888-0400 DriverUITests-Runner[5982:1315436] [Default] Running tests...
    t =      nans Interface orientation changed to Portrait
Test Suite 'Selected tests' started at 2026-09-16 11:16:23.444.
Test Suite 'DriverUITests.xctest' started at 2026-09-16 11:16:23.445.
Test Suite 'K00DriverTests' started at 2026-09-16 11:16:23.445.
Test Case '-[DriverUITests.K00DriverTests testOutputSample]' started.
    t =     0.00s Start Test at 2026-09-16 11:16:23.446
    t =     0.02s Set Up
    t =     0.02s Open life.soullab.voicekernel.vpio02sid
    t =     0.03s     Launch life.soullab.voicekernel.vpio02sid
    t =     0.12s         Setting up automation session
    t =     0.19s         Wait for life.soullab.voicekernel.vpio02sid to idle
2026-09-16 11:16:23.646 xcodebuild[90336:1336913] [MT] IDERunDestination: Supported platforms for the buildables in the current scheme is empty.
    t =     1.30s Wait for life.soullab.voicekernel.vpio02sid to become Running Foreground
    t =     1.31s Waiting 10.0s for "Enter conversation" Button to exist
    t =     2.31s     Checking `Expect predicate `existsNoRetry == 1` for object "Enter conversation" Button`
    t =     2.31s         Checking existence of `"Enter conversation" Button`
    t =     2.41s Checking existence of `"Voice processing: ON (default)" Button`
    t =     2.44s Checking existence of `"Voice processing: OFF (control run)" Button`
    t =     2.76s Waiting 3.0s for "Voice processing: ON (default)" Button to exist
    t =     3.78s     Checking `Expect predicate `existsNoRetry == 1` for object "Voice processing: ON (default)" Button`
    t =     3.78s         Checking existence of `"Voice processing: ON (default)" Button`
    t =     3.85s Waiting 5.0s for "Enter conversation" Button to exist
    t =     4.85s     Checking `Expect predicate `existsNoRetry == 1` for object "Enter conversation" Button`
    t =     4.85s         Checking existence of `"Enter conversation" Button`
    t =     4.91s Tap "Enter conversation" Button
    t =     4.91s     Wait for life.soullab.voicekernel.vpio02sid to idle
    t =     4.92s     Find the "Enter conversation" Button
    t =     4.96s     Check for interrupting elements affecting "Enter conversation" Button
    t =     5.00s     Synthesize event
    t =     5.29s     Wait for life.soullab.voicekernel.vpio02sid to idle
    t =     5.30s Waiting 5.0s for "Play 3 s tone" Button to exist
    t =     6.34s     Checking `Expect predicate `existsNoRetry == 1` for object "Play 3 s tone" Button`
    t =     6.34s         Checking existence of `"Play 3 s tone" Button`
    t =     6.39s         Capturing element debug description
    t =     7.32s     Checking `Expect predicate `existsNoRetry == 1` for object "Play 3 s tone" Button`
    t =     7.32s         Checking existence of `"Play 3 s tone" Button`
    t =     7.37s         Capturing element debug description
    t =     8.30s     Checking `Expect predicate `existsNoRetry == 1` for object "Play 3 s tone" Button`
    t =     8.30s         Checking existence of `"Play 3 s tone" Button`
    t =     8.34s         Capturing element debug description
    t =     9.37s     Checking `Expect predicate `existsNoRetry == 1` for object "Play 3 s tone" Button`
    t =     9.37s         Checking existence of `"Play 3 s tone" Button`
    t =     9.42s         Capturing element debug description
    t =    10.30s     Checking `Expect predicate `existsNoRetry == 1` for object "Play 3 s tone" Button`
    t =    10.30s         Checking existence of `"Play 3 s tone" Button`
    t =    10.35s         Capturing element debug description
    t =    10.36s     Checking existence of `"Play 3 s tone" Button`
    t =    10.39s Collecting debug information to assist test failure triage
    t =    10.39s     Requesting snapshot of accessibility hierarchy for app with pid 5983
    t =    10.47s Swipe up Application 'life.soullab.voicekernel.vpio02sid'
    t =    10.47s     Wait for life.soullab.voicekernel.vpio02sid to idle
    t =    10.47s     Find the Application 'life.soullab.voicekernel.vpio02sid'
    t =    10.49s     Check for interrupting elements affecting "VoiceKernel VPIO-02-SID" Application
    t =    10.52s     Synthesize event
    t =    10.95s     Wait for life.soullab.voicekernel.vpio02sid to idle
    t =    13.51s Checking existence of `"Play 3 s tone" Button`
2026-09-16 11:16:37.016140-0400 DriverUITests-Runner[5982:1315436] K00-OUTPUT: reveal swipe 1/4 — 'Play 3 s tone' exists: true
    t =    13.57s Checking existence of `"Play 3 s tone" Button`
    t =    13.60s Find the "Play 3 s tone" Button
    t =    15.64s Tap "Play 3 s tone" Button
    t =    15.64s     Wait for life.soullab.voicekernel.vpio02sid to idle
    t =    15.66s     Find the "Play 3 s tone" Button
    t =    15.72s     Check for interrupting elements affecting "Play 3 s tone" Button
    t =    15.76s     Synthesize event
    t =    16.08s     Wait for life.soullab.voicekernel.vpio02sid to idle
2026-09-16 11:16:39.536079-0400 DriverUITests-Runner[5982:1315436] K00-OUTPUT: Play 1 tapped
    t =    17.10s Checking existence of `"Cancel active" Button`
    t =    17.15s Find the "Cancel active" Button
    t =    17.18s Tap "Cancel active" Button
    t =    17.18s     Wait for life.soullab.voicekernel.vpio02sid to idle
    t =    17.19s     Find the "Cancel active" Button
    t =    17.23s     Check for interrupting elements affecting "Cancel active" Button
    t =    17.28s     Synthesize event
    t =    17.58s     Wait for life.soullab.voicekernel.vpio02sid to idle
2026-09-16 11:16:41.029510-0400 DriverUITests-Runner[5982:1315436] K00-OUTPUT: Cancel active tapped at ≈1000 ms after Play 1
    t =    18.59s Checking existence of `"Play 3 s tone" Button`
    t =    18.64s Find the "Play 3 s tone" Button
    t =    18.78s Tap "Play 3 s tone" Button
    t =    18.78s     Wait for life.soullab.voicekernel.vpio02sid to idle
    t =    18.79s     Find the "Play 3 s tone" Button
    t =    18.94s     Check for interrupting elements affecting "Play 3 s tone" Button
    t =    19.00s     Synthesize event
    t =    19.32s     Wait for life.soullab.voicekernel.vpio02sid to idle
2026-09-16 11:16:42.775471-0400 DriverUITests-Runner[5982:1315436] K00-OUTPUT: Play 2 tapped (left to complete)
    t =    23.84s Waiting 5.0s for "Export journal" Button to exist
    t =    24.86s     Checking `Expect predicate `existsNoRetry == 1` for object "Export journal" Button`
    t =    24.86s         Checking existence of `"Export journal" Button`
    t =    24.92s Tap "Export journal" Button
    t =    24.92s     Wait for life.soullab.voicekernel.vpio02sid to idle
    t =    24.94s     Find the "Export journal" Button
    t =    24.98s     Check for interrupting elements affecting "Export journal" Button
    t =    25.02s     Synthesize event
    t =    25.33s     Wait for life.soullab.voicekernel.vpio02sid to idle
    t =    27.54s Terminate life.soullab.voicekernel.vpio02sid:5983
    t =    28.55s Wait for life.soullab.voicekernel.vpio02sid to become Not Running
    t =    28.55s Tear Down
Test Case '-[DriverUITests.K00DriverTests testOutputSample]' passed (28.652 seconds).
Test Suite 'K00DriverTests' passed at 2026-09-16 11:16:52.105.
	 Executed 1 test, with 0 failures (0 unexpected) in 28.652 (28.660) seconds
Test Suite 'DriverUITests.xctest' passed at 2026-09-16 11:16:52.107.
	 Executed 1 test, with 0 failures (0 unexpected) in 28.652 (28.662) seconds
Test Suite 'Selected tests' passed at 2026-09-16 11:16:52.109.
	 Executed 1 test, with 0 failures (0 unexpected) in 28.652 (28.665) seconds
2026-09-16 11:16:52.163 xcodebuild[90336:1336913] [MT] IDERunDestination: Supported platforms for the buildables in the current scheme is empty.
2026-09-16 11:16:52.429 xcodebuild[90336:1336913] [MT] IDETestOperationsObserverDebug: 31.110 elapsed -- Testing started completed.
2026-09-16 11:16:52.429 xcodebuild[90336:1336913] [MT] IDETestOperationsObserverDebug: 0.000 sec, +0.000 sec -- start
2026-09-16 11:16:52.429 xcodebuild[90336:1336913] [MT] IDETestOperationsObserverDebug: 31.110 sec, +31.110 sec -- end

Test session results, code coverage, and logs:
	/Users/soullab/Library/Developer/Xcode/DerivedData/VoiceKernelDriver-drbyyojpfssnmeglzbxjuxfqwmud/Logs/Test/Test-DriverUITests-2026.09.16_11-16-21--0400.xcresult

** TEST EXECUTE SUCCEEDED **

Testing started
