Command line invocation:
    /Applications/Xcode.app/Contents/Developer/usr/bin/xcodebuild test-without-building -xctestrun /private/tmp/sid-source-03-f67575797353bf7e97ffb319a45357997c8d564d-20260916T151404Z/ios/VoiceKernelDriver/.derived/Build/Products/DriverUITests_iphoneos26.2-arm64.xctestrun -destination id=00008140-00163D9922E0801C -collect-test-diagnostics never "-only-testing:DriverUITests/K00DriverTests/testOutputSample"

2026-09-16 11:20:09.947 xcodebuild[93379:1351485] [MT] IDERunDestination: Supported platforms for the buildables in the current scheme is empty.
2026-09-16 11:20:09.950 xcodebuild[93379:1351485] [MT] IDERunDestination: Supported platforms for the buildables in the current scheme is empty.
--- xcodebuild: WARNING: Using the first of multiple matching destinations:
{ platform:iOS, arch:arm64e, id:00008140-00163D9922E0801C, name:Kelly Nezat’s iPhone }
{ platform:iOS, arch:arm64, id:00008140-00163D9922E0801C, name:Kelly Nezat’s iPhone }
2026-09-16 11:20:10.209 xcodebuild[93379:1351485] [MT] IDERunDestination: Supported platforms for the buildables in the current scheme is empty.
2026-09-16 11:20:12.282904-0400 DriverUITests-Runner[6005:1325947] [Default] Running tests...
    t =      nans Interface orientation changed to Portrait
Test Suite 'Selected tests' started at 2026-09-16 11:20:12.811.
Test Suite 'DriverUITests.xctest' started at 2026-09-16 11:20:12.812.
Test Suite 'K00DriverTests' started at 2026-09-16 11:20:12.812.
Test Case '-[DriverUITests.K00DriverTests testOutputSample]' started.
    t =     0.00s Start Test at 2026-09-16 11:20:12.812
    t =     0.02s Set Up
    t =     0.02s Open life.soullab.voicekernel.vpio02sid
    t =     0.02s     Launch life.soullab.voicekernel.vpio02sid
    t =     0.12s         Setting up automation session
    t =     0.19s         Wait for life.soullab.voicekernel.vpio02sid to idle
2026-09-16 11:20:13.017 xcodebuild[93379:1351485] [MT] IDERunDestination: Supported platforms for the buildables in the current scheme is empty.
    t =     1.30s Wait for life.soullab.voicekernel.vpio02sid to become Running Foreground
    t =     1.31s Waiting 10.0s for "Enter conversation" Button to exist
    t =     2.35s     Checking `Expect predicate `existsNoRetry == 1` for object "Enter conversation" Button`
    t =     2.35s         Checking existence of `"Enter conversation" Button`
    t =     2.44s Checking existence of `"Voice processing: ON (default)" Button`
    t =     2.47s Checking existence of `"Voice processing: OFF (control run)" Button`
    t =     2.80s Waiting 3.0s for "Voice processing: ON (default)" Button to exist
    t =     3.84s     Checking `Expect predicate `existsNoRetry == 1` for object "Voice processing: ON (default)" Button`
    t =     3.84s         Checking existence of `"Voice processing: ON (default)" Button`
    t =     3.90s Waiting 5.0s for "Enter conversation" Button to exist
    t =     4.92s     Checking `Expect predicate `existsNoRetry == 1` for object "Enter conversation" Button`
    t =     4.92s         Checking existence of `"Enter conversation" Button`
    t =     4.98s Tap "Enter conversation" Button
    t =     4.98s     Wait for life.soullab.voicekernel.vpio02sid to idle
    t =     4.99s     Find the "Enter conversation" Button
    t =     5.03s     Check for interrupting elements affecting "Enter conversation" Button
    t =     5.07s     Synthesize event
    t =     5.37s     Wait for life.soullab.voicekernel.vpio02sid to idle
    t =     5.39s Waiting 5.0s for "Play 3 s tone" Button to exist
    t =     6.42s     Checking `Expect predicate `existsNoRetry == 1` for object "Play 3 s tone" Button`
    t =     6.42s         Checking existence of `"Play 3 s tone" Button`
    t =     6.47s         Capturing element debug description
    t =     7.40s     Checking `Expect predicate `existsNoRetry == 1` for object "Play 3 s tone" Button`
    t =     7.41s         Checking existence of `"Play 3 s tone" Button`
    t =     7.47s         Capturing element debug description
    t =     8.40s     Checking `Expect predicate `existsNoRetry == 1` for object "Play 3 s tone" Button`
    t =     8.40s         Checking existence of `"Play 3 s tone" Button`
    t =     8.45s         Capturing element debug description
    t =     9.39s     Checking `Expect predicate `existsNoRetry == 1` for object "Play 3 s tone" Button`
    t =     9.39s         Checking existence of `"Play 3 s tone" Button`
    t =     9.44s         Capturing element debug description
    t =    10.39s     Checking `Expect predicate `existsNoRetry == 1` for object "Play 3 s tone" Button`
    t =    10.39s         Checking existence of `"Play 3 s tone" Button`
    t =    10.44s         Capturing element debug description
    t =    10.44s     Checking existence of `"Play 3 s tone" Button`
    t =    10.48s Collecting debug information to assist test failure triage
    t =    10.48s     Requesting snapshot of accessibility hierarchy for app with pid 6006
    t =    10.57s Swipe up Application 'life.soullab.voicekernel.vpio02sid'
    t =    10.57s     Wait for life.soullab.voicekernel.vpio02sid to idle
    t =    10.57s     Find the Application 'life.soullab.voicekernel.vpio02sid'
    t =    10.59s     Check for interrupting elements affecting "VoiceKernel VPIO-02-SID" Application
    t =    10.75s     Synthesize event
    t =    11.18s     Wait for life.soullab.voicekernel.vpio02sid to idle
    t =    13.73s Checking existence of `"Play 3 s tone" Button`
2026-09-16 11:20:26.598825-0400 DriverUITests-Runner[6005:1325947] K00-OUTPUT: reveal swipe 1/4 — 'Play 3 s tone' exists: true
    t =    13.79s Checking existence of `"Play 3 s tone" Button`
    t =    13.82s Find the "Play 3 s tone" Button
    t =    15.86s Tap "Play 3 s tone" Button
    t =    15.86s     Wait for life.soullab.voicekernel.vpio02sid to idle
    t =    15.88s     Find the "Play 3 s tone" Button
    t =    15.93s     Check for interrupting elements affecting "Play 3 s tone" Button
    t =    15.99s     Synthesize event
    t =    16.30s     Wait for life.soullab.voicekernel.vpio02sid to idle
2026-09-16 11:20:29.127036-0400 DriverUITests-Runner[6005:1325947] K00-OUTPUT: Play 1 tapped
    t =    17.32s Checking existence of `"Cancel active" Button`
    t =    17.37s Find the "Cancel active" Button
    t =    17.52s Tap "Cancel active" Button
    t =    17.52s     Wait for life.soullab.voicekernel.vpio02sid to idle
    t =    17.53s     Find the "Cancel active" Button
    t =    17.59s     Check for interrupting elements affecting "Cancel active" Button
    t =    17.64s     Synthesize event
    t =    17.94s     Wait for life.soullab.voicekernel.vpio02sid to idle
2026-09-16 11:20:30.765156-0400 DriverUITests-Runner[6005:1325947] K00-OUTPUT: Cancel active tapped at ≈1000 ms after Play 1
    t =    18.96s Checking existence of `"Play 3 s tone" Button`
    t =    19.01s Find the "Play 3 s tone" Button
    t =    19.05s Tap "Play 3 s tone" Button
    t =    19.05s     Wait for life.soullab.voicekernel.vpio02sid to idle
    t =    19.06s     Find the "Play 3 s tone" Button
    t =    19.09s     Check for interrupting elements affecting "Play 3 s tone" Button
    t =    19.13s     Synthesize event
    t =    19.44s     Wait for life.soullab.voicekernel.vpio02sid to idle
2026-09-16 11:20:32.265447-0400 DriverUITests-Runner[6005:1325947] K00-OUTPUT: Play 2 tapped (left to complete)
    t =    23.96s Waiting 5.0s for "Export journal" Button to exist
    t =    24.99s     Checking `Expect predicate `existsNoRetry == 1` for object "Export journal" Button`
    t =    24.99s         Checking existence of `"Export journal" Button`
    t =    25.05s Tap "Export journal" Button
    t =    25.05s     Wait for life.soullab.voicekernel.vpio02sid to idle
    t =    25.06s     Find the "Export journal" Button
    t =    25.10s     Check for interrupting elements affecting "Export journal" Button
    t =    25.14s     Synthesize event
    t =    25.44s     Wait for life.soullab.voicekernel.vpio02sid to idle
    t =    27.66s Terminate life.soullab.voicekernel.vpio02sid:6006
    t =    28.68s Wait for life.soullab.voicekernel.vpio02sid to become Not Running
    t =    28.69s Tear Down
Test Case '-[DriverUITests.K00DriverTests testOutputSample]' passed (28.763 seconds).
Test Suite 'K00DriverTests' passed at 2026-09-16 11:20:41.576.
	 Executed 1 test, with 0 failures (0 unexpected) in 28.763 (28.764) seconds
Test Suite 'DriverUITests.xctest' passed at 2026-09-16 11:20:41.577.
	 Executed 1 test, with 0 failures (0 unexpected) in 28.763 (28.765) seconds
Test Suite 'Selected tests' passed at 2026-09-16 11:20:41.578.
	 Executed 1 test, with 0 failures (0 unexpected) in 28.763 (28.767) seconds
2026-09-16 11:20:41.684 xcodebuild[93379:1351485] [MT] IDERunDestination: Supported platforms for the buildables in the current scheme is empty.
2026-09-16 11:20:41.871 xcodebuild[93379:1351485] [MT] IDETestOperationsObserverDebug: 31.661 elapsed -- Testing started completed.
2026-09-16 11:20:41.871 xcodebuild[93379:1351485] [MT] IDETestOperationsObserverDebug: 0.000 sec, +0.000 sec -- start
2026-09-16 11:20:41.871 xcodebuild[93379:1351485] [MT] IDETestOperationsObserverDebug: 31.661 sec, +31.661 sec -- end

Test session results, code coverage, and logs:
	/Users/soullab/Library/Developer/Xcode/DerivedData/VoiceKernelDriver-edfpejmkmkpsuwbzegahtnfgjavu/Logs/Test/Test-DriverUITests-2026.09.16_11-20-10--0400.xcresult

** TEST EXECUTE SUCCEEDED **

Testing started
