Command line invocation:
    /Applications/Xcode.app/Contents/Developer/usr/bin/xcodebuild test-without-building -xctestrun /private/tmp/sid-entry-05-9ed72a38cce6fb55e909e747898f4d452dcfdf3d-20260916T125122Z/ios/VoiceKernelDriver/.derived/Build/Products/DriverUITests_iphoneos26.2-arm64.xctestrun -destination id=00008140-00163D9922E0801C -collect-test-diagnostics never "-only-testing:DriverUITests/K00DriverTests/testOneSample"

2026-09-16 08:55:28.436 xcodebuild[79821:849492] [MT] IDERunDestination: Supported platforms for the buildables in the current scheme is empty.
2026-09-16 08:55:28.439 xcodebuild[79821:849492] [MT] IDERunDestination: Supported platforms for the buildables in the current scheme is empty.
--- xcodebuild: WARNING: Using the first of multiple matching destinations:
{ platform:iOS, arch:arm64e, id:00008140-00163D9922E0801C, name:Kelly Nezat’s iPhone }
{ platform:iOS, arch:arm64, id:00008140-00163D9922E0801C, name:Kelly Nezat’s iPhone }
2026-09-16 08:55:28.682 xcodebuild[79821:849492] [MT] IDERunDestination: Supported platforms for the buildables in the current scheme is empty.
2026-09-16 08:55:28.869 xcodebuild[79821:849492] [MT] IDERunDestination: Supported platforms for the buildables in the current scheme is empty.
2026-09-16 08:55:30.615569-0400 DriverUITests-Runner[5413:1188228] [Default] Running tests...
    t =      nans Interface orientation changed to Portrait
Test Suite 'Selected tests' started at 2026-09-16 08:55:31.133.
Test Suite 'DriverUITests.xctest' started at 2026-09-16 08:55:31.133.
Test Suite 'K00DriverTests' started at 2026-09-16 08:55:31.133.
Test Case '-[DriverUITests.K00DriverTests testOneSample]' started.
    t =     0.00s Start Test at 2026-09-16 08:55:31.134
    t =     0.02s Set Up
    t =     0.03s Open life.soullab.voicekernel.vpio02sid
    t =     0.03s     Launch life.soullab.voicekernel.vpio02sid
    t =     0.12s         Setting up automation session
2026-09-16 08:55:31.313 xcodebuild[79821:849492] [MT] IDERunDestination: Supported platforms for the buildables in the current scheme is empty.
    t =     0.20s         Wait for life.soullab.voicekernel.vpio02sid to idle
    t =     1.31s Wait for life.soullab.voicekernel.vpio02sid to become Running Foreground
    t =     1.31s Waiting 10.0s for "Enter conversation" Button to exist
    t =     2.35s     Checking `Expect predicate `existsNoRetry == 1` for object "Enter conversation" Button`
    t =     2.36s         Checking existence of `"Enter conversation" Button`
    t =     2.45s Checking existence of `"Voice processing: ON (default)" Button`
    t =     2.48s Checking existence of `"Voice processing: OFF (control run)" Button`
    t =     2.80s Waiting 3.0s for "Voice processing: ON (default)" Button to exist
    t =     3.84s     Checking `Expect predicate `existsNoRetry == 1` for object "Voice processing: ON (default)" Button`
    t =     3.84s         Checking existence of `"Voice processing: ON (default)" Button`
    t =     3.90s Waiting 5.0s for "Enter conversation" Button to exist
    t =     4.91s     Checking `Expect predicate `existsNoRetry == 1` for object "Enter conversation" Button`
    t =     4.91s         Checking existence of `"Enter conversation" Button`
    t =     4.96s Tap "Enter conversation" Button
    t =     4.96s     Wait for life.soullab.voicekernel.vpio02sid to idle
    t =     4.97s     Find the "Enter conversation" Button
    t =     5.01s     Check for interrupting elements affecting "Enter conversation" Button
    t =     5.05s     Synthesize event
    t =     5.34s     Wait for life.soullab.voicekernel.vpio02sid to idle
    t =    20.36s Waiting 5.0s for "Export journal" Button to exist
    t =    21.39s     Checking `Expect predicate `existsNoRetry == 1` for object "Export journal" Button`
    t =    21.39s         Checking existence of `"Export journal" Button`
    t =    21.44s Tap "Export journal" Button
    t =    21.44s     Wait for life.soullab.voicekernel.vpio02sid to idle
    t =    21.46s     Find the "Export journal" Button
    t =    21.60s     Check for interrupting elements affecting "Export journal" Button
    t =    21.66s     Synthesize event
    t =    21.97s     Wait for life.soullab.voicekernel.vpio02sid to idle
    t =    24.17s Terminate life.soullab.voicekernel.vpio02sid:5414
    t =    25.25s Wait for life.soullab.voicekernel.vpio02sid to become Not Running
    t =    25.25s Tear Down
Test Case '-[DriverUITests.K00DriverTests testOneSample]' passed (25.336 seconds).
Test Suite 'K00DriverTests' passed at 2026-09-16 08:55:56.473.
	 Executed 1 test, with 0 failures (0 unexpected) in 25.336 (25.339) seconds
Test Suite 'DriverUITests.xctest' passed at 2026-09-16 08:55:56.474.
	 Executed 1 test, with 0 failures (0 unexpected) in 25.336 (25.341) seconds
Test Suite 'Selected tests' passed at 2026-09-16 08:55:56.474.
	 Executed 1 test, with 0 failures (0 unexpected) in 25.336 (25.342) seconds
2026-09-16 08:55:56.543 xcodebuild[79821:849492] [MT] IDERunDestination: Supported platforms for the buildables in the current scheme is empty.
2026-09-16 08:55:56.778 xcodebuild[79821:849492] [MT] IDETestOperationsObserverDebug: 28.095 elapsed -- Testing started completed.
2026-09-16 08:55:56.778 xcodebuild[79821:849492] [MT] IDETestOperationsObserverDebug: 0.000 sec, +0.000 sec -- start
2026-09-16 08:55:56.778 xcodebuild[79821:849492] [MT] IDETestOperationsObserverDebug: 28.095 sec, +28.095 sec -- end

Test session results, code coverage, and logs:
	/Users/soullab/Library/Developer/Xcode/DerivedData/VoiceKernelDriver-fettdqfmfsgfnmggkwrroqaxnzeo/Logs/Test/Test-DriverUITests-2026.09.16_08-55-28--0400.xcresult

** TEST EXECUTE SUCCEEDED **

Testing started
