Command line invocation:
    /Applications/Xcode.app/Contents/Developer/usr/bin/xcodebuild test-without-building -xctestrun /private/tmp/sid-entry-05-9ed72a38cce6fb55e909e747898f4d452dcfdf3d-20260916T125122Z/ios/VoiceKernelDriver/.derived/Build/Products/DriverUITests_iphoneos26.2-arm64.xctestrun -destination id=00008140-00163D9922E0801C -collect-test-diagnostics never "-only-testing:DriverUITests/K00DriverTests/testOneSample"

2026-09-16 08:57:55.419 xcodebuild[80301:856311] [MT] IDERunDestination: Supported platforms for the buildables in the current scheme is empty.
2026-09-16 08:57:55.422 xcodebuild[80301:856311] [MT] IDERunDestination: Supported platforms for the buildables in the current scheme is empty.
--- xcodebuild: WARNING: Using the first of multiple matching destinations:
{ platform:iOS, arch:arm64e, id:00008140-00163D9922E0801C, name:Kelly Nezat’s iPhone }
{ platform:iOS, arch:arm64, id:00008140-00163D9922E0801C, name:Kelly Nezat’s iPhone }
2026-09-16 08:57:55.676 xcodebuild[80301:856311] [MT] IDERunDestination: Supported platforms for the buildables in the current scheme is empty.
2026-09-16 08:57:55.875 xcodebuild[80301:856311] [MT] IDERunDestination: Supported platforms for the buildables in the current scheme is empty.
2026-09-16 08:57:57.248709-0400 DriverUITests-Runner[5431:1195281] [Default] Running tests...
    t =      nans Interface orientation changed to Portrait
Test Suite 'Selected tests' started at 2026-09-16 08:57:57.700.
Test Suite 'DriverUITests.xctest' started at 2026-09-16 08:57:57.701.
Test Suite 'K00DriverTests' started at 2026-09-16 08:57:57.701.
Test Case '-[DriverUITests.K00DriverTests testOneSample]' started.
    t =     0.00s Start Test at 2026-09-16 08:57:57.702
    t =     0.02s Set Up
    t =     0.02s Open life.soullab.voicekernel.vpio02sid
    t =     0.02s     Launch life.soullab.voicekernel.vpio02sid
    t =     0.11s         Setting up automation session
2026-09-16 08:57:57.845 xcodebuild[80301:856311] [MT] IDERunDestination: Supported platforms for the buildables in the current scheme is empty.
    t =     0.17s         Wait for life.soullab.voicekernel.vpio02sid to idle
    t =     1.27s Wait for life.soullab.voicekernel.vpio02sid to become Running Foreground
    t =     1.28s Waiting 10.0s for "Enter conversation" Button to exist
    t =     2.33s     Checking `Expect predicate `existsNoRetry == 1` for object "Enter conversation" Button`
    t =     2.33s         Checking existence of `"Enter conversation" Button`
    t =     2.42s Checking existence of `"Voice processing: ON (default)" Button`
    t =     2.45s Checking existence of `"Voice processing: OFF (control run)" Button`
    t =     2.78s Waiting 3.0s for "Voice processing: ON (default)" Button to exist
    t =     3.80s     Checking `Expect predicate `existsNoRetry == 1` for object "Voice processing: ON (default)" Button`
    t =     3.80s         Checking existence of `"Voice processing: ON (default)" Button`
    t =     3.87s Waiting 5.0s for "Enter conversation" Button to exist
    t =     4.88s     Checking `Expect predicate `existsNoRetry == 1` for object "Enter conversation" Button`
    t =     4.88s         Checking existence of `"Enter conversation" Button`
    t =     4.94s Tap "Enter conversation" Button
    t =     4.94s     Wait for life.soullab.voicekernel.vpio02sid to idle
    t =     4.95s     Find the "Enter conversation" Button
    t =     4.99s     Check for interrupting elements affecting "Enter conversation" Button
    t =     5.03s     Synthesize event
    t =     5.32s     Wait for life.soullab.voicekernel.vpio02sid to idle
    t =    20.35s Waiting 5.0s for "Export journal" Button to exist
    t =    21.37s     Checking `Expect predicate `existsNoRetry == 1` for object "Export journal" Button`
    t =    21.38s         Checking existence of `"Export journal" Button`
    t =    21.43s Tap "Export journal" Button
    t =    21.44s     Wait for life.soullab.voicekernel.vpio02sid to idle
    t =    21.44s     Find the "Export journal" Button
    t =    21.48s     Check for interrupting elements affecting "Export journal" Button
    t =    21.53s     Synthesize event
    t =    21.83s     Wait for life.soullab.voicekernel.vpio02sid to idle
    t =    24.04s Terminate life.soullab.voicekernel.vpio02sid:5433
    t =    25.11s Wait for life.soullab.voicekernel.vpio02sid to become Not Running
    t =    25.11s Tear Down
Test Case '-[DriverUITests.K00DriverTests testOneSample]' passed (25.196 seconds).
Test Suite 'K00DriverTests' passed at 2026-09-16 08:58:22.899.
	 Executed 1 test, with 0 failures (0 unexpected) in 25.196 (25.199) seconds
Test Suite 'DriverUITests.xctest' passed at 2026-09-16 08:58:22.904.
	 Executed 1 test, with 0 failures (0 unexpected) in 25.196 (25.203) seconds
Test Suite 'Selected tests' passed at 2026-09-16 08:58:22.909.
	 Executed 1 test, with 0 failures (0 unexpected) in 25.196 (25.209) seconds
2026-09-16 08:58:22.968 xcodebuild[80301:856311] [MT] IDERunDestination: Supported platforms for the buildables in the current scheme is empty.
2026-09-16 08:58:23.201 xcodebuild[80301:856311] [MT] IDETestOperationsObserverDebug: 27.524 elapsed -- Testing started completed.
2026-09-16 08:58:23.201 xcodebuild[80301:856311] [MT] IDETestOperationsObserverDebug: 0.000 sec, +0.000 sec -- start
2026-09-16 08:58:23.201 xcodebuild[80301:856311] [MT] IDETestOperationsObserverDebug: 27.524 sec, +27.524 sec -- end

Test session results, code coverage, and logs:
	/Users/soullab/Library/Developer/Xcode/DerivedData/VoiceKernelDriver-eqquqijnbbkljccjyrijyjljsghj/Logs/Test/Test-DriverUITests-2026.09.16_08-57-55--0400.xcresult

** TEST EXECUTE SUCCEEDED **

Testing started
