Command line invocation:
    /Applications/Xcode.app/Contents/Developer/usr/bin/xcodebuild test-without-building -xctestrun /private/tmp/sid-entry-05-9ed72a38cce6fb55e909e747898f4d452dcfdf3d-20260916T125122Z/ios/VoiceKernelDriver/.derived/Build/Products/DriverUITests_iphoneos26.2-arm64.xctestrun -destination id=00008140-00163D9922E0801C -collect-test-diagnostics never "-only-testing:DriverUITests/K00DriverTests/testOneSample"

2026-09-16 09:06:59.149 xcodebuild[82486:882577] [MT] IDERunDestination: Supported platforms for the buildables in the current scheme is empty.
2026-09-16 09:06:59.152 xcodebuild[82486:882577] [MT] IDERunDestination: Supported platforms for the buildables in the current scheme is empty.
--- xcodebuild: WARNING: Using the first of multiple matching destinations:
{ platform:iOS, arch:arm64e, id:00008140-00163D9922E0801C, name:Kelly Nezat’s iPhone }
{ platform:iOS, arch:arm64, id:00008140-00163D9922E0801C, name:Kelly Nezat’s iPhone }
2026-09-16 09:06:59.388 xcodebuild[82486:882577] [MT] IDERunDestination: Supported platforms for the buildables in the current scheme is empty.
2026-09-16 09:07:01.451914-0400 DriverUITests-Runner[5537:1221978] [Default] Running tests...
    t =      nans Interface orientation changed to Portrait
Test Suite 'Selected tests' started at 2026-09-16 09:07:01.933.
Test Suite 'DriverUITests.xctest' started at 2026-09-16 09:07:01.933.
Test Suite 'K00DriverTests' started at 2026-09-16 09:07:01.933.
Test Case '-[DriverUITests.K00DriverTests testOneSample]' started.
    t =     0.00s Start Test at 2026-09-16 09:07:01.934
    t =     0.02s Set Up
    t =     0.02s Open life.soullab.voicekernel.vpio02sid
    t =     0.02s     Launch life.soullab.voicekernel.vpio02sid
    t =     0.11s         Setting up automation session
2026-09-16 09:07:02.092 xcodebuild[82486:882577] [MT] IDERunDestination: Supported platforms for the buildables in the current scheme is empty.
    t =     0.20s         Wait for life.soullab.voicekernel.vpio02sid to idle
    t =     1.29s Wait for life.soullab.voicekernel.vpio02sid to become Running Foreground
    t =     1.30s Waiting 10.0s for "Enter conversation" Button to exist
    t =     2.32s     Checking `Expect predicate `existsNoRetry == 1` for object "Enter conversation" Button`
    t =     2.33s         Checking existence of `"Enter conversation" Button`
    t =     2.42s Checking existence of `"Voice processing: ON (default)" Button`
    t =     2.45s Checking existence of `"Voice processing: OFF (control run)" Button`
    t =     2.77s Waiting 3.0s for "Voice processing: ON (default)" Button to exist
    t =     3.79s     Checking `Expect predicate `existsNoRetry == 1` for object "Voice processing: ON (default)" Button`
    t =     3.79s         Checking existence of `"Voice processing: ON (default)" Button`
    t =     3.86s Waiting 5.0s for "Enter conversation" Button to exist
    t =     4.87s     Checking `Expect predicate `existsNoRetry == 1` for object "Enter conversation" Button`
    t =     4.88s         Checking existence of `"Enter conversation" Button`
    t =     4.93s Tap "Enter conversation" Button
    t =     4.94s     Wait for life.soullab.voicekernel.vpio02sid to idle
    t =     4.94s     Find the "Enter conversation" Button
    t =     4.98s     Check for interrupting elements affecting "Enter conversation" Button
    t =     5.02s     Synthesize event
    t =     5.31s     Wait for life.soullab.voicekernel.vpio02sid to idle
    t =    20.33s Waiting 5.0s for "Export journal" Button to exist
    t =    21.36s     Checking `Expect predicate `existsNoRetry == 1` for object "Export journal" Button`
    t =    21.36s         Checking existence of `"Export journal" Button`
    t =    21.41s Tap "Export journal" Button
    t =    21.42s     Wait for life.soullab.voicekernel.vpio02sid to idle
    t =    21.43s     Find the "Export journal" Button
    t =    21.47s     Check for interrupting elements affecting "Export journal" Button
    t =    21.53s     Synthesize event
    t =    21.84s     Wait for life.soullab.voicekernel.vpio02sid to idle
    t =    24.03s Terminate life.soullab.voicekernel.vpio02sid:5538
    t =    25.06s Wait for life.soullab.voicekernel.vpio02sid to become Not Running
    t =    25.06s Tear Down
Test Case '-[DriverUITests.K00DriverTests testOneSample]' passed (25.158 seconds).
Test Suite 'K00DriverTests' passed at 2026-09-16 09:07:27.097.
	 Executed 1 test, with 0 failures (0 unexpected) in 25.158 (25.164) seconds
Test Suite 'DriverUITests.xctest' passed at 2026-09-16 09:07:27.106.
	 Executed 1 test, with 0 failures (0 unexpected) in 25.158 (25.173) seconds
Test Suite 'Selected tests' passed at 2026-09-16 09:07:27.109.
	 Executed 1 test, with 0 failures (0 unexpected) in 25.158 (25.176) seconds
2026-09-16 09:07:27.148 xcodebuild[82486:882577] [MT] IDERunDestination: Supported platforms for the buildables in the current scheme is empty.
2026-09-16 09:07:27.398 xcodebuild[82486:882577] [MT] IDETestOperationsObserverDebug: 28.009 elapsed -- Testing started completed.
2026-09-16 09:07:27.398 xcodebuild[82486:882577] [MT] IDETestOperationsObserverDebug: 0.000 sec, +0.000 sec -- start
2026-09-16 09:07:27.398 xcodebuild[82486:882577] [MT] IDETestOperationsObserverDebug: 28.009 sec, +28.009 sec -- end

Test session results, code coverage, and logs:
	/Users/soullab/Library/Developer/Xcode/DerivedData/VoiceKernelDriver-eamgqyvgronnihfqwbfiaotmedly/Logs/Test/Test-DriverUITests-2026.09.16_09-06-59--0400.xcresult

** TEST EXECUTE SUCCEEDED **

Testing started
