Command line invocation:
    /Applications/Xcode.app/Contents/Developer/usr/bin/xcodebuild test-without-building -xctestrun /private/tmp/sid-entry-05-9ed72a38cce6fb55e909e747898f4d452dcfdf3d-20260916T125122Z/ios/VoiceKernelDriver/.derived/Build/Products/DriverUITests_iphoneos26.2-arm64.xctestrun -destination id=00008140-00163D9922E0801C -collect-test-diagnostics never "-only-testing:DriverUITests/K00DriverTests/testOneSample"

2026-09-16 09:09:32.874 xcodebuild[82943:890234] [MT] IDERunDestination: Supported platforms for the buildables in the current scheme is empty.
2026-09-16 09:09:32.878 xcodebuild[82943:890234] [MT] IDERunDestination: Supported platforms for the buildables in the current scheme is empty.
--- xcodebuild: WARNING: Using the first of multiple matching destinations:
{ platform:iOS, arch:arm64e, id:00008140-00163D9922E0801C, name:Kelly Nezat’s iPhone }
{ platform:iOS, arch:arm64, id:00008140-00163D9922E0801C, name:Kelly Nezat’s iPhone }
2026-09-16 09:09:33.119 xcodebuild[82943:890234] [MT] IDERunDestination: Supported platforms for the buildables in the current scheme is empty.
2026-09-16 09:09:35.181984-0400 DriverUITests-Runner[5552:1229238] [Default] Running tests...
    t =      nans Interface orientation changed to Portrait
Test Suite 'Selected tests' started at 2026-09-16 09:09:35.655.
Test Suite 'DriverUITests.xctest' started at 2026-09-16 09:09:35.656.
Test Suite 'K00DriverTests' started at 2026-09-16 09:09:35.656.
Test Case '-[DriverUITests.K00DriverTests testOneSample]' started.
    t =     0.00s Start Test at 2026-09-16 09:09:35.657
    t =     0.02s Set Up
    t =     0.03s Open life.soullab.voicekernel.vpio02sid
    t =     0.03s     Launch life.soullab.voicekernel.vpio02sid
    t =     0.11s         Setting up automation session
2026-09-16 09:09:35.809 xcodebuild[82943:890234] [MT] IDERunDestination: Supported platforms for the buildables in the current scheme is empty.
    t =     0.18s         Wait for life.soullab.voicekernel.vpio02sid to idle
    t =     1.27s Wait for life.soullab.voicekernel.vpio02sid to become Running Foreground
    t =     1.28s Waiting 10.0s for "Enter conversation" Button to exist
    t =     2.33s     Checking `Expect predicate `existsNoRetry == 1` for object "Enter conversation" Button`
    t =     2.33s         Checking existence of `"Enter conversation" Button`
    t =     2.43s Checking existence of `"Voice processing: ON (default)" Button`
    t =     2.46s Checking existence of `"Voice processing: OFF (control run)" Button`
    t =     2.78s Waiting 3.0s for "Voice processing: ON (default)" Button to exist
    t =     3.82s     Checking `Expect predicate `existsNoRetry == 1` for object "Voice processing: ON (default)" Button`
    t =     3.83s         Checking existence of `"Voice processing: ON (default)" Button`
    t =     3.89s Waiting 5.0s for "Enter conversation" Button to exist
    t =     4.91s     Checking `Expect predicate `existsNoRetry == 1` for object "Enter conversation" Button`
    t =     4.91s         Checking existence of `"Enter conversation" Button`
    t =     4.97s Tap "Enter conversation" Button
    t =     4.97s     Wait for life.soullab.voicekernel.vpio02sid to idle
    t =     4.97s     Find the "Enter conversation" Button
    t =     5.01s     Check for interrupting elements affecting "Enter conversation" Button
    t =     5.05s     Synthesize event
    t =     5.35s     Wait for life.soullab.voicekernel.vpio02sid to idle
    t =    20.36s Waiting 5.0s for "Export journal" Button to exist
    t =    21.39s     Checking `Expect predicate `existsNoRetry == 1` for object "Export journal" Button`
    t =    21.39s         Checking existence of `"Export journal" Button`
    t =    21.44s Tap "Export journal" Button
    t =    21.44s     Wait for life.soullab.voicekernel.vpio02sid to idle
    t =    21.45s     Find the "Export journal" Button
    t =    21.48s     Check for interrupting elements affecting "Export journal" Button
    t =    21.53s     Synthesize event
    t =    21.83s     Wait for life.soullab.voicekernel.vpio02sid to idle
    t =    24.04s Terminate life.soullab.voicekernel.vpio02sid:5553
    t =    25.10s Wait for life.soullab.voicekernel.vpio02sid to become Not Running
    t =    25.10s Tear Down
Test Case '-[DriverUITests.K00DriverTests testOneSample]' passed (25.165 seconds).
Test Suite 'K00DriverTests' passed at 2026-09-16 09:10:00.822.
	 Executed 1 test, with 0 failures (0 unexpected) in 25.165 (25.166) seconds
Test Suite 'DriverUITests.xctest' passed at 2026-09-16 09:10:00.824.
	 Executed 1 test, with 0 failures (0 unexpected) in 25.165 (25.168) seconds
Test Suite 'Selected tests' passed at 2026-09-16 09:10:00.825.
	 Executed 1 test, with 0 failures (0 unexpected) in 25.165 (25.169) seconds
2026-09-16 09:10:00.936 xcodebuild[82943:890234] [MT] IDERunDestination: Supported platforms for the buildables in the current scheme is empty.
2026-09-16 09:10:01.127 xcodebuild[82943:890234] [MT] IDETestOperationsObserverDebug: 28.007 elapsed -- Testing started completed.
2026-09-16 09:10:01.127 xcodebuild[82943:890234] [MT] IDETestOperationsObserverDebug: 0.000 sec, +0.000 sec -- start
2026-09-16 09:10:01.127 xcodebuild[82943:890234] [MT] IDETestOperationsObserverDebug: 28.007 sec, +28.007 sec -- end

Test session results, code coverage, and logs:
	/Users/soullab/Library/Developer/Xcode/DerivedData/VoiceKernelDriver-gwcuzfstzqzhtgbltruwwddalmew/Logs/Test/Test-DriverUITests-2026.09.16_09-09-32--0400.xcresult

** TEST EXECUTE SUCCEEDED **

Testing started
