Command line invocation:
    /Applications/Xcode.app/Contents/Developer/usr/bin/xcodebuild test-without-building -xctestrun /private/tmp/sid-entry-05-9ed72a38cce6fb55e909e747898f4d452dcfdf3d-20260916T125122Z/ios/VoiceKernelDriver/.derived/Build/Products/DriverUITests_iphoneos26.2-arm64.xctestrun -destination id=00008140-00163D9922E0801C -collect-test-diagnostics never "-only-testing:DriverUITests/K00DriverTests/testOneSample"

2026-09-16 09:05:27.423 xcodebuild[82251:878968] [MT] IDERunDestination: Supported platforms for the buildables in the current scheme is empty.
2026-09-16 09:05:27.427 xcodebuild[82251:878968] [MT] IDERunDestination: Supported platforms for the buildables in the current scheme is empty.
--- xcodebuild: WARNING: Using the first of multiple matching destinations:
{ platform:iOS, arch:arm64e, id:00008140-00163D9922E0801C, name:Kelly Nezat’s iPhone }
{ platform:iOS, arch:arm64, id:00008140-00163D9922E0801C, name:Kelly Nezat’s iPhone }
2026-09-16 09:05:27.668 xcodebuild[82251:878968] [MT] IDERunDestination: Supported platforms for the buildables in the current scheme is empty.
2026-09-16 09:05:27.853 xcodebuild[82251:878968] [MT] IDERunDestination: Supported platforms for the buildables in the current scheme is empty.
2026-09-16 09:05:29.491274-0400 DriverUITests-Runner[5517:1217489] [Default] Running tests...
    t =      nans Interface orientation changed to Portrait
Test Suite 'Selected tests' started at 2026-09-16 09:05:29.957.
Test Suite 'DriverUITests.xctest' started at 2026-09-16 09:05:29.958.
Test Suite 'K00DriverTests' started at 2026-09-16 09:05:29.958.
Test Case '-[DriverUITests.K00DriverTests testOneSample]' started.
    t =     0.00s Start Test at 2026-09-16 09:05:29.958
    t =     0.02s Set Up
    t =     0.02s Open life.soullab.voicekernel.vpio02sid
    t =     0.02s     Launch life.soullab.voicekernel.vpio02sid
    t =     0.11s         Setting up automation session
    t =     0.18s         Wait for life.soullab.voicekernel.vpio02sid to idle
2026-09-16 09:05:30.129 xcodebuild[82251:878968] [MT] IDERunDestination: Supported platforms for the buildables in the current scheme is empty.
    t =     1.28s Wait for life.soullab.voicekernel.vpio02sid to become Running Foreground
    t =     1.29s Waiting 10.0s for "Enter conversation" Button to exist
    t =     2.35s     Checking `Expect predicate `existsNoRetry == 1` for object "Enter conversation" Button`
    t =     2.35s         Checking existence of `"Enter conversation" Button`
    t =     2.44s Checking existence of `"Voice processing: ON (default)" Button`
    t =     2.47s Checking existence of `"Voice processing: OFF (control run)" Button`
    t =     2.80s Waiting 3.0s for "Voice processing: ON (default)" Button to exist
    t =     3.81s     Checking `Expect predicate `existsNoRetry == 1` for object "Voice processing: ON (default)" Button`
    t =     3.81s         Checking existence of `"Voice processing: ON (default)" Button`
    t =     3.87s Waiting 5.0s for "Enter conversation" Button to exist
    t =     4.90s     Checking `Expect predicate `existsNoRetry == 1` for object "Enter conversation" Button`
    t =     4.90s         Checking existence of `"Enter conversation" Button`
    t =     4.97s Tap "Enter conversation" Button
    t =     4.97s     Wait for life.soullab.voicekernel.vpio02sid to idle
    t =     4.97s     Find the "Enter conversation" Button
    t =     5.01s     Check for interrupting elements affecting "Enter conversation" Button
    t =     5.05s     Synthesize event
    t =     5.36s     Wait for life.soullab.voicekernel.vpio02sid to idle
    t =    20.37s Waiting 5.0s for "Export journal" Button to exist
    t =    21.40s     Checking `Expect predicate `existsNoRetry == 1` for object "Export journal" Button`
    t =    21.41s         Checking existence of `"Export journal" Button`
    t =    21.45s Tap "Export journal" Button
    t =    21.45s     Wait for life.soullab.voicekernel.vpio02sid to idle
    t =    21.46s     Find the "Export journal" Button
    t =    21.50s     Check for interrupting elements affecting "Export journal" Button
    t =    21.54s     Synthesize event
    t =    21.84s     Wait for life.soullab.voicekernel.vpio02sid to idle
    t =    24.05s Terminate life.soullab.voicekernel.vpio02sid:5518
    t =    25.12s Wait for life.soullab.voicekernel.vpio02sid to become Not Running
    t =    25.13s Tear Down
Test Case '-[DriverUITests.K00DriverTests testOneSample]' passed (25.193 seconds).
Test Suite 'K00DriverTests' passed at 2026-09-16 09:05:55.160.
	 Executed 1 test, with 0 failures (0 unexpected) in 25.193 (25.202) seconds
Test Suite 'DriverUITests.xctest' passed at 2026-09-16 09:05:55.163.
	 Executed 1 test, with 0 failures (0 unexpected) in 25.193 (25.206) seconds
Test Suite 'Selected tests' passed at 2026-09-16 09:05:55.165.
	 Executed 1 test, with 0 failures (0 unexpected) in 25.193 (25.208) seconds
2026-09-16 09:05:55.233 xcodebuild[82251:878968] [MT] IDERunDestination: Supported platforms for the buildables in the current scheme is empty.
2026-09-16 09:05:55.474 xcodebuild[82251:878968] [MT] IDETestOperationsObserverDebug: 27.804 elapsed -- Testing started completed.
2026-09-16 09:05:55.474 xcodebuild[82251:878968] [MT] IDETestOperationsObserverDebug: 0.000 sec, +0.000 sec -- start
2026-09-16 09:05:55.474 xcodebuild[82251:878968] [MT] IDETestOperationsObserverDebug: 27.804 sec, +27.804 sec -- end

Test session results, code coverage, and logs:
	/Users/soullab/Library/Developer/Xcode/DerivedData/VoiceKernelDriver-drzmegiqhdenlkbgayjrmddxcjqz/Logs/Test/Test-DriverUITests-2026.09.16_09-05-27--0400.xcresult

** TEST EXECUTE SUCCEEDED **

Testing started
