Command line invocation:
    /Applications/Xcode.app/Contents/Developer/usr/bin/xcodebuild test-without-building -xctestrun /private/tmp/sid-entry-05-9ed72a38cce6fb55e909e747898f4d452dcfdf3d-20260916T125122Z/ios/VoiceKernelDriver/.derived/Build/Products/DriverUITests_iphoneos26.2-arm64.xctestrun -destination id=00008140-00163D9922E0801C -collect-test-diagnostics never "-only-testing:DriverUITests/K00DriverTests/testOneSample"

2026-09-16 09:09:02.146 xcodebuild[82857:888614] [MT] IDERunDestination: Supported platforms for the buildables in the current scheme is empty.
2026-09-16 09:09:02.149 xcodebuild[82857:888614] [MT] IDERunDestination: Supported platforms for the buildables in the current scheme is empty.
--- xcodebuild: WARNING: Using the first of multiple matching destinations:
{ platform:iOS, arch:arm64e, id:00008140-00163D9922E0801C, name:Kelly Nezat’s iPhone }
{ platform:iOS, arch:arm64, id:00008140-00163D9922E0801C, name:Kelly Nezat’s iPhone }
2026-09-16 09:09:02.401 xcodebuild[82857:888614] [MT] IDERunDestination: Supported platforms for the buildables in the current scheme is empty.
2026-09-16 09:09:02.595 xcodebuild[82857:888614] [MT] IDERunDestination: Supported platforms for the buildables in the current scheme is empty.
2026-09-16 09:09:04.057373-0400 DriverUITests-Runner[5549:1227691] [Default] Running tests...
    t =      nans Interface orientation changed to Portrait
Test Suite 'Selected tests' started at 2026-09-16 09:09:04.538.
Test Suite 'DriverUITests.xctest' started at 2026-09-16 09:09:04.539.
Test Suite 'K00DriverTests' started at 2026-09-16 09:09:04.539.
Test Case '-[DriverUITests.K00DriverTests testOneSample]' started.
    t =     0.00s Start Test at 2026-09-16 09:09:04.540
    t =     0.02s Set Up
    t =     0.02s Open life.soullab.voicekernel.vpio02sid
    t =     0.02s     Launch life.soullab.voicekernel.vpio02sid
    t =     0.10s         Setting up automation session
2026-09-16 09:09:04.700 xcodebuild[82857:888614] [MT] IDERunDestination: Supported platforms for the buildables in the current scheme is empty.
    t =     0.18s         Wait for life.soullab.voicekernel.vpio02sid to idle
    t =     1.28s Wait for life.soullab.voicekernel.vpio02sid to become Running Foreground
    t =     1.29s Waiting 10.0s for "Enter conversation" Button to exist
    t =     2.31s     Checking `Expect predicate `existsNoRetry == 1` for object "Enter conversation" Button`
    t =     2.31s         Checking existence of `"Enter conversation" Button`
    t =     2.41s Checking existence of `"Voice processing: ON (default)" Button`
    t =     2.44s Checking existence of `"Voice processing: OFF (control run)" Button`
    t =     2.76s Waiting 3.0s for "Voice processing: ON (default)" Button to exist
    t =     3.78s     Checking `Expect predicate `existsNoRetry == 1` for object "Voice processing: ON (default)" Button`
    t =     3.78s         Checking existence of `"Voice processing: ON (default)" Button`
    t =     3.84s Waiting 5.0s for "Enter conversation" Button to exist
    t =     4.84s     Checking `Expect predicate `existsNoRetry == 1` for object "Enter conversation" Button`
    t =     4.84s         Checking existence of `"Enter conversation" Button`
    t =     4.90s Tap "Enter conversation" Button
    t =     4.90s     Wait for life.soullab.voicekernel.vpio02sid to idle
    t =     4.91s     Find the "Enter conversation" Button
    t =     4.95s     Check for interrupting elements affecting "Enter conversation" Button
    t =     4.99s     Synthesize event
    t =     5.28s     Wait for life.soullab.voicekernel.vpio02sid to idle
    t =    20.30s Waiting 5.0s for "Export journal" Button to exist
    t =    21.33s     Checking `Expect predicate `existsNoRetry == 1` for object "Export journal" Button`
    t =    21.33s         Checking existence of `"Export journal" Button`
    t =    21.39s Tap "Export journal" Button
    t =    21.39s     Wait for life.soullab.voicekernel.vpio02sid to idle
    t =    21.39s     Find the "Export journal" Button
    t =    21.43s     Check for interrupting elements affecting "Export journal" Button
    t =    21.48s     Synthesize event
    t =    21.78s     Wait for life.soullab.voicekernel.vpio02sid to idle
    t =    23.99s Terminate life.soullab.voicekernel.vpio02sid:5550
    t =    25.06s Wait for life.soullab.voicekernel.vpio02sid to become Not Running
    t =    25.06s Tear Down
Test Case '-[DriverUITests.K00DriverTests testOneSample]' passed (25.148 seconds).
Test Suite 'K00DriverTests' passed at 2026-09-16 09:09:29.690.
	 Executed 1 test, with 0 failures (0 unexpected) in 25.148 (25.151) seconds
Test Suite 'DriverUITests.xctest' passed at 2026-09-16 09:09:29.693.
	 Executed 1 test, with 0 failures (0 unexpected) in 25.148 (25.154) seconds
Test Suite 'Selected tests' passed at 2026-09-16 09:09:29.696.
	 Executed 1 test, with 0 failures (0 unexpected) in 25.148 (25.158) seconds
2026-09-16 09:09:29.755 xcodebuild[82857:888614] [MT] IDERunDestination: Supported platforms for the buildables in the current scheme is empty.
2026-09-16 09:09:29.995 xcodebuild[82857:888614] [MT] IDETestOperationsObserverDebug: 27.592 elapsed -- Testing started completed.
2026-09-16 09:09:29.995 xcodebuild[82857:888614] [MT] IDETestOperationsObserverDebug: 0.000 sec, +0.000 sec -- start
2026-09-16 09:09:29.995 xcodebuild[82857:888614] [MT] IDETestOperationsObserverDebug: 27.592 sec, +27.592 sec -- end

Test session results, code coverage, and logs:
	/Users/soullab/Library/Developer/Xcode/DerivedData/VoiceKernelDriver-gvcxvzkyznalyqhfuccdeyjkxdpw/Logs/Test/Test-DriverUITests-2026.09.16_09-09-02--0400.xcresult

** TEST EXECUTE SUCCEEDED **

Testing started
