Command line invocation:
    /Applications/Xcode.app/Contents/Developer/usr/bin/xcodebuild test-without-building -xctestrun /private/tmp/sid-entry-05-9ed72a38cce6fb55e909e747898f4d452dcfdf3d-20260916T125122Z/ios/VoiceKernelDriver/.derived/Build/Products/DriverUITests_iphoneos26.2-arm64.xctestrun -destination id=00008140-00163D9922E0801C -collect-test-diagnostics never "-only-testing:DriverUITests/K00DriverTests/testOneSample"

2026-09-16 09:08:00.572 xcodebuild[82702:885486] [MT] IDERunDestination: Supported platforms for the buildables in the current scheme is empty.
2026-09-16 09:08:00.576 xcodebuild[82702:885486] [MT] IDERunDestination: Supported platforms for the buildables in the current scheme is empty.
--- xcodebuild: WARNING: Using the first of multiple matching destinations:
{ platform:iOS, arch:arm64e, id:00008140-00163D9922E0801C, name:Kelly Nezat’s iPhone }
{ platform:iOS, arch:arm64, id:00008140-00163D9922E0801C, name:Kelly Nezat’s iPhone }
2026-09-16 09:08:00.824 xcodebuild[82702:885486] [MT] IDERunDestination: Supported platforms for the buildables in the current scheme is empty.
2026-09-16 09:08:01.018 xcodebuild[82702:885486] [MT] IDERunDestination: Supported platforms for the buildables in the current scheme is empty.
2026-09-16 09:08:02.809561-0400 DriverUITests-Runner[5543:1224834] [Default] Running tests...
    t =      nans Interface orientation changed to Portrait
Test Suite 'Selected tests' started at 2026-09-16 09:08:03.288.
Test Suite 'DriverUITests.xctest' started at 2026-09-16 09:08:03.289.
Test Suite 'K00DriverTests' started at 2026-09-16 09:08:03.289.
Test Case '-[DriverUITests.K00DriverTests testOneSample]' started.
    t =     0.00s Start Test at 2026-09-16 09:08:03.290
    t =     0.02s Set Up
    t =     0.02s Open life.soullab.voicekernel.vpio02sid
    t =     0.02s     Launch life.soullab.voicekernel.vpio02sid
    t =     0.11s         Setting up automation session
2026-09-16 09:08:03.450 xcodebuild[82702:885486] [MT] IDERunDestination: Supported platforms for the buildables in the current scheme is empty.
    t =     0.19s         Wait for life.soullab.voicekernel.vpio02sid to idle
    t =     1.29s Wait for life.soullab.voicekernel.vpio02sid to become Running Foreground
    t =     1.30s Waiting 10.0s for "Enter conversation" Button to exist
    t =     2.32s     Checking `Expect predicate `existsNoRetry == 1` for object "Enter conversation" Button`
    t =     2.32s         Checking existence of `"Enter conversation" Button`
    t =     2.42s Checking existence of `"Voice processing: ON (default)" Button`
    t =     2.45s Checking existence of `"Voice processing: OFF (control run)" Button`
    t =     2.77s Waiting 3.0s for "Voice processing: ON (default)" Button to exist
    t =     3.80s     Checking `Expect predicate `existsNoRetry == 1` for object "Voice processing: ON (default)" Button`
    t =     3.80s         Checking existence of `"Voice processing: ON (default)" Button`
    t =     3.86s Waiting 5.0s for "Enter conversation" Button to exist
    t =     4.91s     Checking `Expect predicate `existsNoRetry == 1` for object "Enter conversation" Button`
    t =     4.91s         Checking existence of `"Enter conversation" Button`
    t =     4.97s Tap "Enter conversation" Button
    t =     4.97s     Wait for life.soullab.voicekernel.vpio02sid to idle
    t =     4.98s     Find the "Enter conversation" Button
    t =     5.02s     Check for interrupting elements affecting "Enter conversation" Button
    t =     5.06s     Synthesize event
    t =     5.35s     Wait for life.soullab.voicekernel.vpio02sid to idle
    t =    20.37s Waiting 5.0s for "Export journal" Button to exist
    t =    21.40s     Checking `Expect predicate `existsNoRetry == 1` for object "Export journal" Button`
    t =    21.40s         Checking existence of `"Export journal" Button`
    t =    21.46s Tap "Export journal" Button
    t =    21.46s     Wait for life.soullab.voicekernel.vpio02sid to idle
    t =    21.46s     Find the "Export journal" Button
    t =    21.49s     Check for interrupting elements affecting "Export journal" Button
    t =    21.55s     Synthesize event
    t =    21.84s     Wait for life.soullab.voicekernel.vpio02sid to idle
    t =    24.06s Terminate life.soullab.voicekernel.vpio02sid:5544
    t =    25.14s Wait for life.soullab.voicekernel.vpio02sid to become Not Running
    t =    25.14s Tear Down
Test Case '-[DriverUITests.K00DriverTests testOneSample]' passed (25.225 seconds).
Test Suite 'K00DriverTests' passed at 2026-09-16 09:08:28.516.
	 Executed 1 test, with 0 failures (0 unexpected) in 25.225 (25.226) seconds
Test Suite 'DriverUITests.xctest' passed at 2026-09-16 09:08:28.517.
	 Executed 1 test, with 0 failures (0 unexpected) in 25.225 (25.228) seconds
Test Suite 'Selected tests' passed at 2026-09-16 09:08:28.518.
	 Executed 1 test, with 0 failures (0 unexpected) in 25.225 (25.230) seconds
2026-09-16 09:08:28.581 xcodebuild[82702:885486] [MT] IDERunDestination: Supported platforms for the buildables in the current scheme is empty.
2026-09-16 09:08:28.831 xcodebuild[82702:885486] [MT] IDETestOperationsObserverDebug: 28.006 elapsed -- Testing started completed.
2026-09-16 09:08:28.831 xcodebuild[82702:885486] [MT] IDETestOperationsObserverDebug: 0.000 sec, +0.000 sec -- start
2026-09-16 09:08:28.831 xcodebuild[82702:885486] [MT] IDETestOperationsObserverDebug: 28.006 sec, +28.006 sec -- end

Test session results, code coverage, and logs:
	/Users/soullab/Library/Developer/Xcode/DerivedData/VoiceKernelDriver-cmibkiaozycruieopabzwdokcnaa/Logs/Test/Test-DriverUITests-2026.09.16_09-08-00--0400.xcresult

** TEST EXECUTE SUCCEEDED **

Testing started
