Command line invocation:
    /Applications/Xcode.app/Contents/Developer/usr/bin/xcodebuild test-without-building -xctestrun /private/tmp/sid-entry-05-9ed72a38cce6fb55e909e747898f4d452dcfdf3d-20260916T125122Z/ios/VoiceKernelDriver/.derived/Build/Products/DriverUITests_iphoneos26.2-arm64.xctestrun -destination id=00008140-00163D9922E0801C -collect-test-diagnostics never "-only-testing:DriverUITests/K00DriverTests/testOneSample"

2026-09-16 09:04:57.322 xcodebuild[82136:877510] [MT] IDERunDestination: Supported platforms for the buildables in the current scheme is empty.
2026-09-16 09:04:57.325 xcodebuild[82136:877510] [MT] IDERunDestination: Supported platforms for the buildables in the current scheme is empty.
--- xcodebuild: WARNING: Using the first of multiple matching destinations:
{ platform:iOS, arch:arm64e, id:00008140-00163D9922E0801C, name:Kelly Nezat’s iPhone }
{ platform:iOS, arch:arm64, id:00008140-00163D9922E0801C, name:Kelly Nezat’s iPhone }
2026-09-16 09:04:57.570 xcodebuild[82136:877510] [MT] IDERunDestination: Supported platforms for the buildables in the current scheme is empty.
2026-09-16 09:04:59.150987-0400 DriverUITests-Runner[5513:1216021] [Default] Running tests...
    t =      nans Interface orientation changed to Portrait
Test Suite 'Selected tests' started at 2026-09-16 09:04:59.620.
Test Suite 'DriverUITests.xctest' started at 2026-09-16 09:04:59.620.
Test Suite 'K00DriverTests' started at 2026-09-16 09:04:59.620.
Test Case '-[DriverUITests.K00DriverTests testOneSample]' started.
    t =     0.00s Start Test at 2026-09-16 09:04:59.621
    t =     0.02s Set Up
    t =     0.02s Open life.soullab.voicekernel.vpio02sid
    t =     0.02s     Launch life.soullab.voicekernel.vpio02sid
    t =     0.10s         Setting up automation session
    t =     0.18s         Wait for life.soullab.voicekernel.vpio02sid to idle
2026-09-16 09:04:59.786 xcodebuild[82136:877510] [MT] IDERunDestination: Supported platforms for the buildables in the current scheme is empty.
2026-09-16 09:05:00.118 xcodebuild[82136:877510] [MT] IDERunDestination: Supported platforms for the buildables in the current scheme is empty.
    t =     1.27s Wait for life.soullab.voicekernel.vpio02sid to become Running Foreground
    t =     1.28s Waiting 10.0s for "Enter conversation" Button to exist
    t =     2.34s     Checking `Expect predicate `existsNoRetry == 1` for object "Enter conversation" Button`
    t =     2.34s         Checking existence of `"Enter conversation" Button`
    t =     2.42s Checking existence of `"Voice processing: ON (default)" Button`
    t =     2.45s Checking existence of `"Voice processing: OFF (control run)" Button`
    t =     2.78s Waiting 3.0s for "Voice processing: ON (default)" Button to exist
    t =     3.83s     Checking `Expect predicate `existsNoRetry == 1` for object "Voice processing: ON (default)" Button`
    t =     3.83s         Checking existence of `"Voice processing: ON (default)" Button`
    t =     3.89s Waiting 5.0s for "Enter conversation" Button to exist
    t =     4.91s     Checking `Expect predicate `existsNoRetry == 1` for object "Enter conversation" Button`
    t =     4.91s         Checking existence of `"Enter conversation" Button`
    t =     4.96s Tap "Enter conversation" Button
    t =     4.96s     Wait for life.soullab.voicekernel.vpio02sid to idle
    t =     4.97s     Find the "Enter conversation" Button
    t =     5.01s     Check for interrupting elements affecting "Enter conversation" Button
    t =     5.05s         Wait for com.apple.springboard to idle
    t =     5.11s Ignoring failure to get hierarchy for remote element in process 2664 (Error getting main window kAXErrorServerNotFound)
    t =     5.11s Ignoring failure to get hierarchy for remote element in process 2664 (Error getting main window kAXErrorServerNotFound)
    t =     5.13s     Synthesize event
    t =     5.42s     Wait for life.soullab.voicekernel.vpio02sid to idle
    t =    20.44s Waiting 5.0s for "Export journal" Button to exist
    t =    21.46s     Checking `Expect predicate `existsNoRetry == 1` for object "Export journal" Button`
    t =    21.46s         Checking existence of `"Export journal" Button`
    t =    21.51s Tap "Export journal" Button
    t =    21.51s     Wait for life.soullab.voicekernel.vpio02sid to idle
    t =    21.52s     Find the "Export journal" Button
    t =    21.55s     Check for interrupting elements affecting "Export journal" Button
    t =    21.59s     Synthesize event
    t =    21.90s     Wait for life.soullab.voicekernel.vpio02sid to idle
    t =    24.10s Terminate life.soullab.voicekernel.vpio02sid:5514
    t =    25.17s Wait for life.soullab.voicekernel.vpio02sid to become Not Running
    t =    25.18s Tear Down
Test Case '-[DriverUITests.K00DriverTests testOneSample]' passed (25.247 seconds).
Test Suite 'K00DriverTests' passed at 2026-09-16 09:05:24.882.
	 Executed 1 test, with 0 failures (0 unexpected) in 25.247 (25.262) seconds
Test Suite 'DriverUITests.xctest' passed at 2026-09-16 09:05:24.884.
	 Executed 1 test, with 0 failures (0 unexpected) in 25.247 (25.264) seconds
Test Suite 'Selected tests' passed at 2026-09-16 09:05:24.884.
	 Executed 1 test, with 0 failures (0 unexpected) in 25.247 (25.265) seconds
2026-09-16 09:05:24.959 xcodebuild[82136:877510] [MT] IDERunDestination: Supported platforms for the buildables in the current scheme is empty.
2026-09-16 09:05:25.187 xcodebuild[82136:877510] [MT] IDETestOperationsObserverDebug: 27.616 elapsed -- Testing started completed.
2026-09-16 09:05:25.187 xcodebuild[82136:877510] [MT] IDETestOperationsObserverDebug: 0.000 sec, +0.000 sec -- start
2026-09-16 09:05:25.187 xcodebuild[82136:877510] [MT] IDETestOperationsObserverDebug: 27.616 sec, +27.616 sec -- end

Test session results, code coverage, and logs:
	/Users/soullab/Library/Developer/Xcode/DerivedData/VoiceKernelDriver-bqidloddqnkqekcbherhkhoqfwci/Logs/Test/Test-DriverUITests-2026.09.16_09-04-57--0400.xcresult

** TEST EXECUTE SUCCEEDED **

Testing started
