Command line invocation:
    /Applications/Xcode.app/Contents/Developer/usr/bin/xcodebuild test-without-building -xctestrun /private/tmp/sid-entry-05-9ed72a38cce6fb55e909e747898f4d452dcfdf3d-20260916T125122Z/ios/VoiceKernelDriver/.derived/Build/Products/DriverUITests_iphoneos26.2-arm64.xctestrun -destination id=00008140-00163D9922E0801C -collect-test-diagnostics never "-only-testing:DriverUITests/K00DriverTests/testOneSample"

2026-09-16 09:06:28.396 xcodebuild[82401:881321] [MT] IDERunDestination: Supported platforms for the buildables in the current scheme is empty.
2026-09-16 09:06:28.399 xcodebuild[82401:881321] [MT] IDERunDestination: Supported platforms for the buildables in the current scheme is empty.
--- xcodebuild: WARNING: Using the first of multiple matching destinations:
{ platform:iOS, arch:arm64e, id:00008140-00163D9922E0801C, name:Kelly Nezat’s iPhone }
{ platform:iOS, arch:arm64, id:00008140-00163D9922E0801C, name:Kelly Nezat’s iPhone }
2026-09-16 09:06:28.635 xcodebuild[82401:881321] [MT] IDERunDestination: Supported platforms for the buildables in the current scheme is empty.
2026-09-16 09:06:28.820 xcodebuild[82401:881321] [MT] IDERunDestination: Supported platforms for the buildables in the current scheme is empty.
2026-09-16 09:06:30.699215-0400 DriverUITests-Runner[5524:1220413] [Default] Running tests...
    t =      nans Interface orientation changed to Portrait
Test Suite 'Selected tests' started at 2026-09-16 09:06:31.180.
Test Suite 'DriverUITests.xctest' started at 2026-09-16 09:06:31.181.
Test Suite 'K00DriverTests' started at 2026-09-16 09:06:31.181.
Test Case '-[DriverUITests.K00DriverTests testOneSample]' started.
    t =     0.00s Start Test at 2026-09-16 09:06:31.182
    t =     0.02s Set Up
    t =     0.02s Open life.soullab.voicekernel.vpio02sid
    t =     0.02s     Launch life.soullab.voicekernel.vpio02sid
    t =     0.11s         Setting up automation session
    t =     0.18s         Wait for life.soullab.voicekernel.vpio02sid to idle
2026-09-16 09:06:31.351 xcodebuild[82401:881321] [MT] IDERunDestination: Supported platforms for the buildables in the current scheme is empty.
    t =     1.28s Wait for life.soullab.voicekernel.vpio02sid to become Running Foreground
    t =     1.29s Waiting 10.0s for "Enter conversation" Button to exist
    t =     2.30s     Checking `Expect predicate `existsNoRetry == 1` for object "Enter conversation" Button`
    t =     2.30s         Checking existence of `"Enter conversation" Button`
    t =     2.40s Checking existence of `"Voice processing: ON (default)" Button`
    t =     2.42s Checking existence of `"Voice processing: OFF (control run)" Button`
    t =     2.75s Waiting 3.0s for "Voice processing: ON (default)" Button to exist
    t =     3.77s     Checking `Expect predicate `existsNoRetry == 1` for object "Voice processing: ON (default)" Button`
    t =     3.77s         Checking existence of `"Voice processing: ON (default)" Button`
    t =     3.84s Waiting 5.0s for "Enter conversation" Button to exist
    t =     4.87s     Checking `Expect predicate `existsNoRetry == 1` for object "Enter conversation" Button`
    t =     4.87s         Checking existence of `"Enter conversation" Button`
    t =     4.93s Tap "Enter conversation" Button
    t =     4.93s     Wait for life.soullab.voicekernel.vpio02sid to idle
    t =     4.94s     Find the "Enter conversation" Button
    t =     4.98s     Check for interrupting elements affecting "Enter conversation" Button
    t =     5.02s     Synthesize event
    t =     5.43s     Wait for life.soullab.voicekernel.vpio02sid to idle
    t =    20.44s Waiting 5.0s for "Export journal" Button to exist
    t =    21.48s     Checking `Expect predicate `existsNoRetry == 1` for object "Export journal" Button`
    t =    21.48s         Checking existence of `"Export journal" Button`
    t =    21.53s Tap "Export journal" Button
    t =    21.53s     Wait for life.soullab.voicekernel.vpio02sid to idle
    t =    21.55s     Find the "Export journal" Button
    t =    21.58s     Check for interrupting elements affecting "Export journal" Button
    t =    21.62s     Synthesize event
    t =    21.93s     Wait for life.soullab.voicekernel.vpio02sid to idle
    t =    24.13s Terminate life.soullab.voicekernel.vpio02sid:5525
    t =    25.20s Wait for life.soullab.voicekernel.vpio02sid to become Not Running
    t =    25.21s Tear Down
Test Case '-[DriverUITests.K00DriverTests testOneSample]' passed (25.284 seconds).
Test Suite 'K00DriverTests' passed at 2026-09-16 09:06:56.468.
	 Executed 1 test, with 0 failures (0 unexpected) in 25.284 (25.287) seconds
Test Suite 'DriverUITests.xctest' passed at 2026-09-16 09:06:56.471.
	 Executed 1 test, with 0 failures (0 unexpected) in 25.284 (25.290) seconds
Test Suite 'Selected tests' passed at 2026-09-16 09:06:56.472.
	 Executed 1 test, with 0 failures (0 unexpected) in 25.284 (25.292) seconds
2026-09-16 09:06:56.556 xcodebuild[82401:881321] [MT] IDERunDestination: Supported platforms for the buildables in the current scheme is empty.
2026-09-16 09:06:56.763 xcodebuild[82401:881321] [MT] IDETestOperationsObserverDebug: 28.127 elapsed -- Testing started completed.
2026-09-16 09:06:56.764 xcodebuild[82401:881321] [MT] IDETestOperationsObserverDebug: 0.000 sec, +0.000 sec -- start
2026-09-16 09:06:56.764 xcodebuild[82401:881321] [MT] IDETestOperationsObserverDebug: 28.127 sec, +28.127 sec -- end

Test session results, code coverage, and logs:
	/Users/soullab/Library/Developer/Xcode/DerivedData/VoiceKernelDriver-cklzlvettsmjzcbntanxvstddxke/Logs/Test/Test-DriverUITests-2026.09.16_09-06-28--0400.xcresult

** TEST EXECUTE SUCCEEDED **

Testing started
