Command line invocation:
    /Applications/Xcode.app/Contents/Developer/usr/bin/xcodebuild test-without-building -xctestrun /private/tmp/sid-entry-05-9ed72a38cce6fb55e909e747898f4d452dcfdf3d-20260916T125122Z/ios/VoiceKernelDriver/.derived/Build/Products/DriverUITests_iphoneos26.2-arm64.xctestrun -destination id=00008140-00163D9922E0801C -collect-test-diagnostics never "-only-testing:DriverUITests/K00DriverTests/testOneSample"

2026-09-16 09:01:56.765 xcodebuild[81571:869662] [MT] IDERunDestination: Supported platforms for the buildables in the current scheme is empty.
2026-09-16 09:01:56.768 xcodebuild[81571:869662] [MT] IDERunDestination: Supported platforms for the buildables in the current scheme is empty.
--- xcodebuild: WARNING: Using the first of multiple matching destinations:
{ platform:iOS, arch:arm64e, id:00008140-00163D9922E0801C, name:Kelly Nezat’s iPhone }
{ platform:iOS, arch:arm64, id:00008140-00163D9922E0801C, name:Kelly Nezat’s iPhone }
2026-09-16 09:01:57.004 xcodebuild[81571:869662] [MT] IDERunDestination: Supported platforms for the buildables in the current scheme is empty.
2026-09-16 09:01:57.188 xcodebuild[81571:869662] [MT] IDERunDestination: Supported platforms for the buildables in the current scheme is empty.
2026-09-16 09:01:58.631429-0400 DriverUITests-Runner[5487:1207497] [Default] Running tests...
    t =      nans Interface orientation changed to Portrait
Test Suite 'Selected tests' started at 2026-09-16 09:01:59.110.
Test Suite 'DriverUITests.xctest' started at 2026-09-16 09:01:59.110.
Test Suite 'K00DriverTests' started at 2026-09-16 09:01:59.111.
Test Case '-[DriverUITests.K00DriverTests testOneSample]' started.
    t =     0.00s Start Test at 2026-09-16 09:01:59.111
    t =     0.02s Set Up
    t =     0.02s Open life.soullab.voicekernel.vpio02sid
    t =     0.03s     Launch life.soullab.voicekernel.vpio02sid
    t =     0.11s         Setting up automation session
2026-09-16 09:01:59.276 xcodebuild[81571:869662] [MT] IDERunDestination: Supported platforms for the buildables in the current scheme is empty.
    t =     0.19s         Wait for life.soullab.voicekernel.vpio02sid to idle
2026-09-16 09:02:00.114 xcodebuild[81571:869662] [MT] IDERunDestination: Supported platforms for the buildables in the current scheme is empty.
    t =     1.28s Wait for life.soullab.voicekernel.vpio02sid to become Running Foreground
    t =     1.29s Waiting 10.0s for "Enter conversation" Button to exist
    t =     2.34s     Checking `Expect predicate `existsNoRetry == 1` for object "Enter conversation" Button`
    t =     2.34s         Checking existence of `"Enter conversation" Button`
    t =     2.44s Checking existence of `"Voice processing: ON (default)" Button`
    t =     2.47s Checking existence of `"Voice processing: OFF (control run)" Button`
    t =     2.79s Waiting 3.0s for "Voice processing: ON (default)" Button to exist
    t =     3.81s     Checking `Expect predicate `existsNoRetry == 1` for object "Voice processing: ON (default)" Button`
    t =     3.81s         Checking existence of `"Voice processing: ON (default)" Button`
    t =     3.87s Waiting 5.0s for "Enter conversation" Button to exist
    t =     4.89s     Checking `Expect predicate `existsNoRetry == 1` for object "Enter conversation" Button`
    t =     4.89s         Checking existence of `"Enter conversation" Button`
    t =     4.95s Tap "Enter conversation" Button
    t =     4.95s     Wait for life.soullab.voicekernel.vpio02sid to idle
    t =     4.96s     Find the "Enter conversation" Button
    t =     5.00s     Check for interrupting elements affecting "Enter conversation" Button
    t =     5.18s     Synthesize event
    t =     5.48s     Wait for life.soullab.voicekernel.vpio02sid to idle
    t =    20.49s Waiting 5.0s for "Export journal" Button to exist
    t =    21.50s     Checking `Expect predicate `existsNoRetry == 1` for object "Export journal" Button`
    t =    21.50s         Checking existence of `"Export journal" Button`
    t =    21.55s Tap "Export journal" Button
    t =    21.56s     Wait for life.soullab.voicekernel.vpio02sid to idle
    t =    21.56s     Find the "Export journal" Button
    t =    21.59s     Check for interrupting elements affecting "Export journal" Button
    t =    21.63s     Synthesize event
    t =    22.04s     Wait for life.soullab.voicekernel.vpio02sid to idle
    t =    24.25s Terminate life.soullab.voicekernel.vpio02sid:5488
    t =    25.27s Wait for life.soullab.voicekernel.vpio02sid to become Not Running
    t =    25.27s Tear Down
Test Case '-[DriverUITests.K00DriverTests testOneSample]' passed (25.328 seconds).
Test Suite 'K00DriverTests' passed at 2026-09-16 09:02:24.440.
	 Executed 1 test, with 0 failures (0 unexpected) in 25.328 (25.329) seconds
Test Suite 'DriverUITests.xctest' passed at 2026-09-16 09:02:24.441.
	 Executed 1 test, with 0 failures (0 unexpected) in 25.328 (25.331) seconds
Test Suite 'Selected tests' passed at 2026-09-16 09:02:24.443.
	 Executed 1 test, with 0 failures (0 unexpected) in 25.328 (25.333) seconds
2026-09-16 09:02:24.553 xcodebuild[81571:869662] [MT] IDERunDestination: Supported platforms for the buildables in the current scheme is empty.
2026-09-16 09:02:24.743 xcodebuild[81571:869662] [MT] IDETestOperationsObserverDebug: 27.738 elapsed -- Testing started completed.
2026-09-16 09:02:24.743 xcodebuild[81571:869662] [MT] IDETestOperationsObserverDebug: 0.000 sec, +0.000 sec -- start
2026-09-16 09:02:24.743 xcodebuild[81571:869662] [MT] IDETestOperationsObserverDebug: 27.738 sec, +27.738 sec -- end

Test session results, code coverage, and logs:
	/Users/soullab/Library/Developer/Xcode/DerivedData/VoiceKernelDriver-hbxdrzdcervedbadquknksvcudjs/Logs/Test/Test-DriverUITests-2026.09.16_09-01-56--0400.xcresult

** TEST EXECUTE SUCCEEDED **

Testing started
