Command line invocation:
    /Applications/Xcode.app/Contents/Developer/usr/bin/xcodebuild test-without-building -xctestrun /private/tmp/sid-entry-05-9ed72a38cce6fb55e909e747898f4d452dcfdf3d-20260916T125122Z/ios/VoiceKernelDriver/.derived/Build/Products/DriverUITests_iphoneos26.2-arm64.xctestrun -destination id=00008140-00163D9922E0801C -collect-test-diagnostics never "-only-testing:DriverUITests/K00DriverTests/testOneSample"

2026-09-16 08:59:53.914 xcodebuild[80932:862402] [MT] IDERunDestination: Supported platforms for the buildables in the current scheme is empty.
2026-09-16 08:59:53.918 xcodebuild[80932:862402] [MT] IDERunDestination: Supported platforms for the buildables in the current scheme is empty.
--- xcodebuild: WARNING: Using the first of multiple matching destinations:
{ platform:iOS, arch:arm64e, id:00008140-00163D9922E0801C, name:Kelly Nezat’s iPhone }
{ platform:iOS, arch:arm64, id:00008140-00163D9922E0801C, name:Kelly Nezat’s iPhone }
2026-09-16 08:59:54.172 xcodebuild[80932:862402] [MT] IDERunDestination: Supported platforms for the buildables in the current scheme is empty.
2026-09-16 08:59:56.180275-0400 DriverUITests-Runner[5455:1201254] [Default] Running tests...
    t =      nans Interface orientation changed to Portrait
Test Suite 'Selected tests' started at 2026-09-16 08:59:56.655.
Test Suite 'DriverUITests.xctest' started at 2026-09-16 08:59:56.655.
Test Suite 'K00DriverTests' started at 2026-09-16 08:59:56.656.
Test Case '-[DriverUITests.K00DriverTests testOneSample]' started.
    t =     0.00s Start Test at 2026-09-16 08:59:56.656
    t =     0.02s Set Up
    t =     0.02s Open life.soullab.voicekernel.vpio02sid
    t =     0.02s     Launch life.soullab.voicekernel.vpio02sid
    t =     0.11s         Setting up automation session
2026-09-16 08:59:56.797 xcodebuild[80932:862402] [MT] IDERunDestination: Supported platforms for the buildables in the current scheme is empty.
    t =     0.18s         Wait for life.soullab.voicekernel.vpio02sid to idle
    t =     1.28s Wait for life.soullab.voicekernel.vpio02sid to become Running Foreground
    t =     1.28s Waiting 10.0s for "Enter conversation" Button to exist
    t =     2.30s     Checking `Expect predicate `existsNoRetry == 1` for object "Enter conversation" Button`
    t =     2.30s         Checking existence of `"Enter conversation" Button`
    t =     2.39s Checking existence of `"Voice processing: ON (default)" Button`
    t =     2.42s Checking existence of `"Voice processing: OFF (control run)" Button`
    t =     2.74s Waiting 3.0s for "Voice processing: ON (default)" Button to exist
    t =     3.77s     Checking `Expect predicate `existsNoRetry == 1` for object "Voice processing: ON (default)" Button`
    t =     3.78s         Checking existence of `"Voice processing: ON (default)" Button`
    t =     3.84s Waiting 5.0s for "Enter conversation" Button to exist
    t =     4.85s     Checking `Expect predicate `existsNoRetry == 1` for object "Enter conversation" Button`
    t =     4.85s         Checking existence of `"Enter conversation" Button`
    t =     4.92s Tap "Enter conversation" Button
    t =     4.92s     Wait for life.soullab.voicekernel.vpio02sid to idle
    t =     4.92s     Find the "Enter conversation" Button
    t =     4.97s     Check for interrupting elements affecting "Enter conversation" Button
    t =     5.01s     Synthesize event
    t =     5.31s     Wait for life.soullab.voicekernel.vpio02sid to idle
    t =    20.33s Waiting 5.0s for "Export journal" Button to exist
    t =    21.36s     Checking `Expect predicate `existsNoRetry == 1` for object "Export journal" Button`
    t =    21.36s         Checking existence of `"Export journal" Button`
    t =    21.42s Tap "Export journal" Button
    t =    21.42s     Wait for life.soullab.voicekernel.vpio02sid to idle
    t =    21.42s     Find the "Export journal" Button
    t =    21.46s     Check for interrupting elements affecting "Export journal" Button
    t =    21.50s         Wait for com.apple.springboard to idle
    t =    21.57s Ignoring failure to get hierarchy for remote element in process 2664 (Error getting main window kAXErrorServerNotFound)
    t =    21.58s Ignoring failure to get hierarchy for remote element in process 2664 (Error getting main window kAXErrorServerNotFound)
    t =    21.63s     Found 1 interrupting element:
    t =    21.63s         Find the "NotificationShortLookView" BannerNotification
    t =    21.68s Ignoring failure to get hierarchy for remote element in process 2664 (Error getting main window kAXErrorServerNotFound)
    t =    21.69s Ignoring failure to get hierarchy for remote element in process 2664 (Error getting main window kAXErrorServerNotFound)
    t =    21.70s "NotificationShortLookView" BannerNotification from Application 'com.apple.springboard'
    t =    21.70s     Invoking UI interruption monitors for "NotificationShortLookView" BannerNotification from Application 'com.apple.springboard'
    t =    21.70s         Find the "NotificationShortLookView" BannerNotification
    t =    21.75s Ignoring failure to get hierarchy for remote element in process 2664 (Error getting main window kAXErrorServerNotFound)
    t =    21.76s Ignoring failure to get hierarchy for remote element in process 2664 (Error getting main window kAXErrorServerNotFound)
    t =    21.77s Default interruption handler ignoring non-alert type element "NotificationShortLookView" BannerNotification.
    t =    21.77s         Find the "NotificationShortLookView" BannerNotification
    t =    21.81s Ignoring failure to get hierarchy for remote element in process 2664 (Error getting main window kAXErrorServerNotFound)
    t =    21.82s Ignoring failure to get hierarchy for remote element in process 2664 (Error getting main window kAXErrorServerNotFound)
    t =    21.82s         Default interruption handler waiting for banner notification to expire/automatically dismiss
    t =    21.83s             Waiting 15.0s for "NotificationShortLookView" BannerNotification to not exist
    t =    22.86s                 Checking `Expect predicate `existsNoRetry == 0` for object "NotificationShortLookView" BannerNotification`
    t =    22.86s                     Checking existence of `"NotificationShortLookView" BannerNotification`
    t =    22.92s Ignoring failure to get hierarchy for remote element in process 2664 (Error getting main window kAXErrorServerNotFound)
    t =    22.92s Ignoring failure to get hierarchy for remote element in process 2664 (Error getting main window kAXErrorServerNotFound)
    t =    22.93s                     Capturing element debug description
    t =    22.94s                         Requesting snapshot of accessibility hierarchy for app with pid 37
    t =    23.03s                         Find: Descendants matching type BannerNotification
    t =    23.03s                         Find: Identity Binding
    t =    23.04s                         Requesting snapshot of accessibility hierarchy for app with pid 37
    t =    23.12s                         Find: Descendants matching type BannerNotification
    t =    23.12s                         Requesting snapshot of accessibility hierarchy for app with pid 37
    t =    23.92s                 Checking `Expect predicate `existsNoRetry == 0` for object "NotificationShortLookView" BannerNotification`
    t =    23.93s                     Checking existence of `"NotificationShortLookView" BannerNotification`
    t =    23.98s Ignoring failure to get hierarchy for remote element in process 2664 (Error getting main window kAXErrorServerNotFound)
    t =    23.98s Ignoring failure to get hierarchy for remote element in process 2664 (Error getting main window kAXErrorServerNotFound)
    t =    23.99s         Verifying handling...
    t =    24.05s Confirmed successful handling of interrupting element
    t =    24.05s     Synthesize event
    t =    24.35s     Wait for life.soullab.voicekernel.vpio02sid to idle
    t =    26.57s Terminate life.soullab.voicekernel.vpio02sid:5456
    t =    27.65s Wait for life.soullab.voicekernel.vpio02sid to become Not Running
    t =    27.65s Tear Down
Test Case '-[DriverUITests.K00DriverTests testOneSample]' passed (27.723 seconds).
Test Suite 'K00DriverTests' passed at 2026-09-16 09:00:24.381.
	 Executed 1 test, with 0 failures (0 unexpected) in 27.723 (27.726) seconds
Test Suite 'DriverUITests.xctest' passed at 2026-09-16 09:00:24.389.
	 Executed 1 test, with 0 failures (0 unexpected) in 27.723 (27.733) seconds
Test Suite 'Selected tests' passed at 2026-09-16 09:00:24.391.
	 Executed 1 test, with 0 failures (0 unexpected) in 27.723 (27.737) seconds
2026-09-16 09:00:24.457 xcodebuild[80932:862402] [MT] IDERunDestination: Supported platforms for the buildables in the current scheme is empty.
2026-09-16 09:00:24.713 xcodebuild[80932:862402] [MT] IDETestOperationsObserverDebug: 30.540 elapsed -- Testing started completed.
2026-09-16 09:00:24.713 xcodebuild[80932:862402] [MT] IDETestOperationsObserverDebug: 0.000 sec, +0.000 sec -- start
2026-09-16 09:00:24.713 xcodebuild[80932:862402] [MT] IDETestOperationsObserverDebug: 30.540 sec, +30.540 sec -- end

Test session results, code coverage, and logs:
	/Users/soullab/Library/Developer/Xcode/DerivedData/VoiceKernelDriver-bulcfauwsrzcyqebwfjiirmkaxpi/Logs/Test/Test-DriverUITests-2026.09.16_08-59-54--0400.xcresult

** TEST EXECUTE SUCCEEDED **

Testing started
