Command line invocation:
    /Applications/Xcode.app/Contents/Developer/usr/bin/xcodebuild test-without-building -xctestrun /private/tmp/sid-entry-05-9ed72a38cce6fb55e909e747898f4d452dcfdf3d-20260916T125122Z/ios/VoiceKernelDriver/.derived/Build/Products/DriverUITests_iphoneos26.2-arm64.xctestrun -destination id=00008140-00163D9922E0801C -collect-test-diagnostics never "-only-testing:DriverUITests/K00DriverTests/testOneSample"

2026-09-16 09:00:26.493 xcodebuild[81048:863845] [MT] IDERunDestination: Supported platforms for the buildables in the current scheme is empty.
2026-09-16 09:00:26.496 xcodebuild[81048:863845] [MT] IDERunDestination: Supported platforms for the buildables in the current scheme is empty.
--- xcodebuild: WARNING: Using the first of multiple matching destinations:
{ platform:iOS, arch:arm64e, id:00008140-00163D9922E0801C, name:Kelly Nezat’s iPhone }
{ platform:iOS, arch:arm64, id:00008140-00163D9922E0801C, name:Kelly Nezat’s iPhone }
2026-09-16 09:00:26.742 xcodebuild[81048:863845] [MT] IDERunDestination: Supported platforms for the buildables in the current scheme is empty.
2026-09-16 09:00:26.938 xcodebuild[81048:863845] [MT] IDERunDestination: Supported platforms for the buildables in the current scheme is empty.
2026-09-16 09:00:28.901558-0400 DriverUITests-Runner[5478:1203130] [Default] Running tests...
    t =      nans Interface orientation changed to Portrait
Test Suite 'Selected tests' started at 2026-09-16 09:00:29.372.
Test Suite 'DriverUITests.xctest' started at 2026-09-16 09:00:29.373.
Test Suite 'K00DriverTests' started at 2026-09-16 09:00:29.373.
Test Case '-[DriverUITests.K00DriverTests testOneSample]' started.
    t =     0.00s Start Test at 2026-09-16 09:00:29.374
    t =     0.02s Set Up
    t =     0.02s Open life.soullab.voicekernel.vpio02sid
    t =     0.02s     Launch life.soullab.voicekernel.vpio02sid
    t =     0.16s         Setting up automation session
2026-09-16 09:00:29.526 xcodebuild[81048:863845] [MT] IDERunDestination: Supported platforms for the buildables in the current scheme is empty.
    t =     0.23s         Wait for life.soullab.voicekernel.vpio02sid to idle
    t =     1.36s Wait for life.soullab.voicekernel.vpio02sid to become Running Foreground
    t =     1.36s Waiting 10.0s for "Enter conversation" Button to exist
    t =     2.39s     Checking `Expect predicate `existsNoRetry == 1` for object "Enter conversation" Button`
    t =     2.39s         Checking existence of `"Enter conversation" Button`
    t =     2.48s Checking existence of `"Voice processing: ON (default)" Button`
    t =     2.51s Checking existence of `"Voice processing: OFF (control run)" Button`
    t =     2.84s Waiting 3.0s for "Voice processing: ON (default)" Button to exist
    t =     3.86s     Checking `Expect predicate `existsNoRetry == 1` for object "Voice processing: ON (default)" Button`
    t =     3.86s         Checking existence of `"Voice processing: ON (default)" Button`
    t =     3.92s Waiting 5.0s for "Enter conversation" Button to exist
    t =     4.94s     Checking `Expect predicate `existsNoRetry == 1` for object "Enter conversation" Button`
    t =     4.94s         Checking existence of `"Enter conversation" Button`
    t =     5.00s Tap "Enter conversation" Button
    t =     5.00s     Wait for life.soullab.voicekernel.vpio02sid to idle
    t =     5.01s     Find the "Enter conversation" Button
    t =     5.16s     Check for interrupting elements affecting "Enter conversation" Button
    t =     5.23s         Wait for com.apple.springboard to idle
    t =     5.30s Ignoring failure to get hierarchy for remote element in process 2664 (Error getting main window kAXErrorServerNotFound)
    t =     5.31s Ignoring failure to get hierarchy for remote element in process 2664 (Error getting main window kAXErrorServerNotFound)
    t =     5.33s     Synthesize event
    t =     5.64s     Wait for life.soullab.voicekernel.vpio02sid to idle
    t =    20.65s Waiting 5.0s for "Export journal" Button to exist
    t =    21.68s     Checking `Expect predicate `existsNoRetry == 1` for object "Export journal" Button`
    t =    21.68s         Checking existence of `"Export journal" Button`
    t =    21.73s Tap "Export journal" Button
    t =    21.73s     Wait for life.soullab.voicekernel.vpio02sid to idle
    t =    21.74s     Find the "Export journal" Button
    t =    21.77s     Check for interrupting elements affecting "Export journal" Button
    t =    21.81s     Synthesize event
    t =    22.12s     Wait for life.soullab.voicekernel.vpio02sid to idle
    t =    24.33s Terminate life.soullab.voicekernel.vpio02sid:5479
    t =    25.40s Wait for life.soullab.voicekernel.vpio02sid to become Not Running
    t =    25.40s Tear Down
Test Case '-[DriverUITests.K00DriverTests testOneSample]' passed (25.497 seconds).
Test Suite 'K00DriverTests' passed at 2026-09-16 09:00:54.879.
	 Executed 1 test, with 0 failures (0 unexpected) in 25.497 (25.506) seconds
Test Suite 'DriverUITests.xctest' passed at 2026-09-16 09:00:54.882.
	 Executed 1 test, with 0 failures (0 unexpected) in 25.497 (25.509) seconds
Test Suite 'Selected tests' passed at 2026-09-16 09:00:54.884.
	 Executed 1 test, with 0 failures (0 unexpected) in 25.497 (25.512) seconds
2026-09-16 09:00:54.940 xcodebuild[81048:863845] [MT] IDERunDestination: Supported platforms for the buildables in the current scheme is empty.
2026-09-16 09:00:55.184 xcodebuild[81048:863845] [MT] IDETestOperationsObserverDebug: 28.441 elapsed -- Testing started completed.
2026-09-16 09:00:55.184 xcodebuild[81048:863845] [MT] IDETestOperationsObserverDebug: 0.000 sec, +0.000 sec -- start
2026-09-16 09:00:55.184 xcodebuild[81048:863845] [MT] IDETestOperationsObserverDebug: 28.441 sec, +28.441 sec -- end

Test session results, code coverage, and logs:
	/Users/soullab/Library/Developer/Xcode/DerivedData/VoiceKernelDriver-cjnqklcaxxbjiccsqbbwxjuufnas/Logs/Test/Test-DriverUITests-2026.09.16_09-00-26--0400.xcresult

** TEST EXECUTE SUCCEEDED **

Testing started
