Command line invocation:
    /Applications/Xcode.app/Contents/Developer/usr/bin/xcodebuild test-without-building -xctestrun /private/tmp/sid-entry-05-9ed72a38cce6fb55e909e747898f4d452dcfdf3d-20260916T125122Z/ios/VoiceKernelDriver/.derived/Build/Products/DriverUITests_iphoneos26.2-arm64.xctestrun -destination id=00008140-00163D9922E0801C -collect-test-diagnostics never "-only-testing:DriverUITests/K00DriverTests/testOneSample"

2026-09-16 08:54:45.131 xcodebuild[79707:847533] [MT] IDERunDestination: Supported platforms for the buildables in the current scheme is empty.
2026-09-16 08:54:45.134 xcodebuild[79707:847533] [MT] IDERunDestination: Supported platforms for the buildables in the current scheme is empty.
--- xcodebuild: WARNING: Using the first of multiple matching destinations:
{ platform:iOS, arch:arm64e, id:00008140-00163D9922E0801C, name:Kelly Nezat’s iPhone }
{ platform:iOS, arch:arm64, id:00008140-00163D9922E0801C, name:Kelly Nezat’s iPhone }
2026-09-16 08:54:46.273 xcodebuild[79707:847533] [MT] IDERunDestination: Supported platforms for the buildables in the current scheme is empty.
2026-09-16 08:54:46.584 xcodebuild[79707:847533] [MT] IDERunDestination: Supported platforms for the buildables in the current scheme is empty.
2026-09-16 08:54:54.034967-0400 DriverUITests-Runner[5386:1186172] [Default] Running tests...
    t =      nans Interface orientation changed to Portrait
Test Suite 'Selected tests' started at 2026-09-16 08:55:01.235.
Test Suite 'DriverUITests.xctest' started at 2026-09-16 08:55:01.236.
Test Suite 'K00DriverTests' started at 2026-09-16 08:55:01.236.
Test Case '-[DriverUITests.K00DriverTests testOneSample]' started.
    t =     0.00s Start Test at 2026-09-16 08:55:01.236
    t =     0.02s Set Up
    t =     0.02s Open life.soullab.voicekernel.vpio02sid
    t =     0.02s     Launch life.soullab.voicekernel.vpio02sid
    t =     0.19s         Setting up automation session
    t =     0.28s         Wait for life.soullab.voicekernel.vpio02sid to idle
2026-09-16 08:55:01.582 xcodebuild[79707:847533] [MT] IDERunDestination: Supported platforms for the buildables in the current scheme is empty.
    t =     1.49s Wait for life.soullab.voicekernel.vpio02sid to become Running Foreground
    t =     1.50s Waiting 10.0s for "Enter conversation" Button to exist
    t =     2.56s     Checking `Expect predicate `existsNoRetry == 1` for object "Enter conversation" Button`
    t =     2.56s         Checking existence of `"Enter conversation" Button`
    t =     2.66s Checking existence of `"Voice processing: ON (default)" Button`
    t =     2.69s Checking existence of `"Voice processing: OFF (control run)" Button`
    t =     3.01s Waiting 3.0s for "Voice processing: ON (default)" Button to exist
    t =     4.05s     Checking `Expect predicate `existsNoRetry == 1` for object "Voice processing: ON (default)" Button`
    t =     4.05s         Checking existence of `"Voice processing: ON (default)" Button`
    t =     4.12s Waiting 5.0s for "Enter conversation" Button to exist
    t =     5.14s     Checking `Expect predicate `existsNoRetry == 1` for object "Enter conversation" Button`
    t =     5.14s         Checking existence of `"Enter conversation" Button`
    t =     5.20s Tap "Enter conversation" Button
    t =     5.20s     Wait for life.soullab.voicekernel.vpio02sid to idle
    t =     5.21s     Find the "Enter conversation" Button
    t =     5.25s     Check for interrupting elements affecting "Enter conversation" Button
    t =     5.30s     Synthesize event
    t =     5.60s     Wait for life.soullab.voicekernel.vpio02sid to idle
    t =    20.61s Waiting 5.0s for "Export journal" Button to exist
    t =    21.65s     Checking `Expect predicate `existsNoRetry == 1` for object "Export journal" Button`
    t =    21.65s         Checking existence of `"Export journal" Button`
    t =    21.71s Tap "Export journal" Button
    t =    21.71s     Wait for life.soullab.voicekernel.vpio02sid to idle
    t =    21.72s     Find the "Export journal" Button
    t =    21.86s     Check for interrupting elements affecting "Export journal" Button
    t =    21.92s     Synthesize event
    t =    22.23s     Wait for life.soullab.voicekernel.vpio02sid to idle
    t =    24.44s Terminate life.soullab.voicekernel.vpio02sid:5401
    t =    25.50s Wait for life.soullab.voicekernel.vpio02sid to become Not Running
    t =    25.50s Tear Down
Test Case '-[DriverUITests.K00DriverTests testOneSample]' passed (25.585 seconds).
Test Suite 'K00DriverTests' passed at 2026-09-16 08:55:26.824.
	 Executed 1 test, with 0 failures (0 unexpected) in 25.585 (25.589) seconds
Test Suite 'DriverUITests.xctest' passed at 2026-09-16 08:55:26.828.
	 Executed 1 test, with 0 failures (0 unexpected) in 25.585 (25.593) seconds
Test Suite 'Selected tests' passed at 2026-09-16 08:55:26.833.
	 Executed 1 test, with 0 failures (0 unexpected) in 25.585 (25.598) seconds
2026-09-16 08:55:26.922 xcodebuild[79707:847533] [MT] IDERunDestination: Supported platforms for the buildables in the current scheme is empty.
2026-09-16 08:55:27.168 xcodebuild[79707:847533] [MT] IDETestOperationsObserverDebug: 40.894 elapsed -- Testing started completed.
2026-09-16 08:55:27.168 xcodebuild[79707:847533] [MT] IDETestOperationsObserverDebug: 0.000 sec, +0.000 sec -- start
2026-09-16 08:55:27.168 xcodebuild[79707:847533] [MT] IDETestOperationsObserverDebug: 40.894 sec, +40.894 sec -- end

Test session results, code coverage, and logs:
	/Users/soullab/Library/Developer/Xcode/DerivedData/VoiceKernelDriver-fsfrsokuypdfcmdvpsryncvjmylh/Logs/Test/Test-DriverUITests-2026.09.16_08-54-45--0400.xcresult

** TEST EXECUTE SUCCEEDED **

Testing started
