Command line invocation:
    /Applications/Xcode.app/Contents/Developer/usr/bin/xcodebuild test-without-building -xctestrun /private/tmp/sid-entry-05-9ed72a38cce6fb55e909e747898f4d452dcfdf3d-20260916T125122Z/ios/VoiceKernelDriver/.derived/Build/Products/DriverUITests_iphoneos26.2-arm64.xctestrun -destination id=00008140-00163D9922E0801C -collect-test-diagnostics never "-only-testing:DriverUITests/K00DriverTests/testOneSample"

2026-09-16 09:08:31.499 xcodebuild[82774:886897] [MT] IDERunDestination: Supported platforms for the buildables in the current scheme is empty.
2026-09-16 09:08:31.502 xcodebuild[82774:886897] [MT] IDERunDestination: Supported platforms for the buildables in the current scheme is empty.
--- xcodebuild: WARNING: Using the first of multiple matching destinations:
{ platform:iOS, arch:arm64e, id:00008140-00163D9922E0801C, name:Kelly Nezat’s iPhone }
{ platform:iOS, arch:arm64, id:00008140-00163D9922E0801C, name:Kelly Nezat’s iPhone }
2026-09-16 09:08:31.742 xcodebuild[82774:886897] [MT] IDERunDestination: Supported platforms for the buildables in the current scheme is empty.
2026-09-16 09:08:31.934 xcodebuild[82774:886897] [MT] IDERunDestination: Supported platforms for the buildables in the current scheme is empty.
2026-09-16 09:08:33.366628-0400 DriverUITests-Runner[5546:1226263] [Default] Running tests...
    t =      nans Interface orientation changed to Portrait
Test Suite 'Selected tests' started at 2026-09-16 09:08:33.844.
Test Suite 'DriverUITests.xctest' started at 2026-09-16 09:08:33.845.
Test Suite 'K00DriverTests' started at 2026-09-16 09:08:33.845.
Test Case '-[DriverUITests.K00DriverTests testOneSample]' started.
    t =     0.00s Start Test at 2026-09-16 09:08:33.846
    t =     0.02s Set Up
    t =     0.02s Open life.soullab.voicekernel.vpio02sid
    t =     0.02s     Launch life.soullab.voicekernel.vpio02sid
    t =     0.10s         Setting up automation session
2026-09-16 09:08:34.008 xcodebuild[82774:886897] [MT] IDERunDestination: Supported platforms for the buildables in the current scheme is empty.
    t =     0.19s         Wait for life.soullab.voicekernel.vpio02sid to idle
    t =     1.29s Wait for life.soullab.voicekernel.vpio02sid to become Running Foreground
    t =     1.30s Waiting 10.0s for "Enter conversation" Button to exist
    t =     2.31s     Checking `Expect predicate `existsNoRetry == 1` for object "Enter conversation" Button`
    t =     2.31s         Checking existence of `"Enter conversation" Button`
    t =     2.41s Checking existence of `"Voice processing: ON (default)" Button`
    t =     2.44s Checking existence of `"Voice processing: OFF (control run)" Button`
    t =     2.76s Waiting 3.0s for "Voice processing: ON (default)" Button to exist
    t =     3.79s     Checking `Expect predicate `existsNoRetry == 1` for object "Voice processing: ON (default)" Button`
    t =     3.79s         Checking existence of `"Voice processing: ON (default)" Button`
    t =     3.86s Waiting 5.0s for "Enter conversation" Button to exist
    t =     4.88s     Checking `Expect predicate `existsNoRetry == 1` for object "Enter conversation" Button`
    t =     4.88s         Checking existence of `"Enter conversation" Button`
    t =     4.94s Tap "Enter conversation" Button
    t =     4.94s     Wait for life.soullab.voicekernel.vpio02sid to idle
    t =     4.95s     Find the "Enter conversation" Button
    t =     4.99s     Check for interrupting elements affecting "Enter conversation" Button
    t =     5.03s     Synthesize event
    t =     5.32s     Wait for life.soullab.voicekernel.vpio02sid to idle
    t =    20.33s Waiting 5.0s for "Export journal" Button to exist
    t =    21.36s     Checking `Expect predicate `existsNoRetry == 1` for object "Export journal" Button`
    t =    21.37s         Checking existence of `"Export journal" Button`
    t =    21.42s Tap "Export journal" Button
    t =    21.42s     Wait for life.soullab.voicekernel.vpio02sid to idle
    t =    21.43s     Find the "Export journal" Button
    t =    21.47s     Check for interrupting elements affecting "Export journal" Button
    t =    21.52s     Synthesize event
    t =    21.82s     Wait for life.soullab.voicekernel.vpio02sid to idle
    t =    24.03s Terminate life.soullab.voicekernel.vpio02sid:5547
    t =    25.10s Wait for life.soullab.voicekernel.vpio02sid to become Not Running
    t =    25.10s Tear Down
Test Case '-[DriverUITests.K00DriverTests testOneSample]' passed (25.188 seconds).
Test Suite 'K00DriverTests' passed at 2026-09-16 09:08:59.038.
	 Executed 1 test, with 0 failures (0 unexpected) in 25.188 (25.193) seconds
Test Suite 'DriverUITests.xctest' passed at 2026-09-16 09:08:59.041.
	 Executed 1 test, with 0 failures (0 unexpected) in 25.188 (25.196) seconds
Test Suite 'Selected tests' passed at 2026-09-16 09:08:59.044.
	 Executed 1 test, with 0 failures (0 unexpected) in 25.188 (25.200) seconds
2026-09-16 09:08:59.110 xcodebuild[82774:886897] [MT] IDERunDestination: Supported platforms for the buildables in the current scheme is empty.
2026-09-16 09:08:59.352 xcodebuild[82774:886897] [MT] IDETestOperationsObserverDebug: 27.609 elapsed -- Testing started completed.
2026-09-16 09:08:59.352 xcodebuild[82774:886897] [MT] IDETestOperationsObserverDebug: 0.000 sec, +0.000 sec -- start
2026-09-16 09:08:59.352 xcodebuild[82774:886897] [MT] IDETestOperationsObserverDebug: 27.609 sec, +27.609 sec -- end

Test session results, code coverage, and logs:
	/Users/soullab/Library/Developer/Xcode/DerivedData/VoiceKernelDriver-eotabzzepafvkxcdafezqtizpwra/Logs/Test/Test-DriverUITests-2026.09.16_09-08-31--0400.xcresult

** TEST EXECUTE SUCCEEDED **

Testing started
