Command line invocation:
    /Applications/Xcode.app/Contents/Developer/usr/bin/xcodebuild test-without-building -xctestrun /private/tmp/sid-entry-05-9ed72a38cce6fb55e909e747898f4d452dcfdf3d-20260916T125122Z/ios/VoiceKernelDriver/.derived/Build/Products/DriverUITests_iphoneos26.2-arm64.xctestrun -destination id=00008140-00163D9922E0801C -collect-test-diagnostics never "-only-testing:DriverUITests/K00DriverTests/testOneSample"

2026-09-16 09:03:56.721 xcodebuild[81985:874838] [MT] IDERunDestination: Supported platforms for the buildables in the current scheme is empty.
2026-09-16 09:03:56.725 xcodebuild[81985:874838] [MT] IDERunDestination: Supported platforms for the buildables in the current scheme is empty.
--- xcodebuild: WARNING: Using the first of multiple matching destinations:
{ platform:iOS, arch:arm64e, id:00008140-00163D9922E0801C, name:Kelly Nezat’s iPhone }
{ platform:iOS, arch:arm64, id:00008140-00163D9922E0801C, name:Kelly Nezat’s iPhone }
2026-09-16 09:03:56.967 xcodebuild[81985:874838] [MT] IDERunDestination: Supported platforms for the buildables in the current scheme is empty.
2026-09-16 09:03:57.157 xcodebuild[81985:874838] [MT] IDERunDestination: Supported platforms for the buildables in the current scheme is empty.
2026-09-16 09:03:58.894592-0400 DriverUITests-Runner[5507:1213243] [Default] Running tests...
    t =      nans Interface orientation changed to Portrait
Test Suite 'Selected tests' started at 2026-09-16 09:03:59.368.
Test Suite 'DriverUITests.xctest' started at 2026-09-16 09:03:59.369.
Test Suite 'K00DriverTests' started at 2026-09-16 09:03:59.369.
Test Case '-[DriverUITests.K00DriverTests testOneSample]' started.
    t =     0.00s Start Test at 2026-09-16 09:03:59.370
    t =     0.02s Set Up
    t =     0.02s Open life.soullab.voicekernel.vpio02sid
    t =     0.02s     Launch life.soullab.voicekernel.vpio02sid
    t =     0.11s         Setting up automation session
    t =     0.18s         Wait for life.soullab.voicekernel.vpio02sid to idle
2026-09-16 09:03:59.531 xcodebuild[81985:874838] [MT] IDERunDestination: Supported platforms for the buildables in the current scheme is empty.
2026-09-16 09:04:00.118 xcodebuild[81985:874838] [MT] IDERunDestination: Supported platforms for the buildables in the current scheme is empty.
    t =     1.28s Wait for life.soullab.voicekernel.vpio02sid to become Running Foreground
    t =     1.28s Waiting 10.0s for "Enter conversation" Button to exist
    t =     2.31s     Checking `Expect predicate `existsNoRetry == 1` for object "Enter conversation" Button`
    t =     2.31s         Checking existence of `"Enter conversation" Button`
    t =     2.40s Checking existence of `"Voice processing: ON (default)" Button`
    t =     2.43s Checking existence of `"Voice processing: OFF (control run)" Button`
    t =     2.76s Waiting 3.0s for "Voice processing: ON (default)" Button to exist
    t =     3.79s     Checking `Expect predicate `existsNoRetry == 1` for object "Voice processing: ON (default)" Button`
    t =     3.79s         Checking existence of `"Voice processing: ON (default)" Button`
    t =     3.86s Waiting 5.0s for "Enter conversation" Button to exist
    t =     4.86s     Checking `Expect predicate `existsNoRetry == 1` for object "Enter conversation" Button`
    t =     4.86s         Checking existence of `"Enter conversation" Button`
    t =     4.92s Tap "Enter conversation" Button
    t =     4.92s     Wait for life.soullab.voicekernel.vpio02sid to idle
    t =     4.93s     Find the "Enter conversation" Button
    t =     4.96s     Check for interrupting elements affecting "Enter conversation" Button
    t =     5.00s     Synthesize event
    t =     5.31s     Wait for life.soullab.voicekernel.vpio02sid to idle
    t =    20.32s Waiting 5.0s for "Export journal" Button to exist
    t =    21.35s     Checking `Expect predicate `existsNoRetry == 1` for object "Export journal" Button`
    t =    21.35s         Checking existence of `"Export journal" Button`
    t =    21.41s Tap "Export journal" Button
    t =    21.41s     Wait for life.soullab.voicekernel.vpio02sid to idle
    t =    21.42s     Find the "Export journal" Button
    t =    21.45s     Check for interrupting elements affecting "Export journal" Button
    t =    21.49s     Synthesize event
    t =    21.91s     Wait for life.soullab.voicekernel.vpio02sid to idle
    t =    24.12s Terminate life.soullab.voicekernel.vpio02sid:5508
    t =    25.17s Wait for life.soullab.voicekernel.vpio02sid to become Not Running
    t =    25.18s Tear Down
Test Case '-[DriverUITests.K00DriverTests testOneSample]' passed (25.233 seconds).
Test Suite 'K00DriverTests' passed at 2026-09-16 09:04:24.603.
	 Executed 1 test, with 0 failures (0 unexpected) in 25.233 (25.234) seconds
Test Suite 'DriverUITests.xctest' passed at 2026-09-16 09:04:24.609.
	 Executed 1 test, with 0 failures (0 unexpected) in 25.233 (25.241) seconds
Test Suite 'Selected tests' passed at 2026-09-16 09:04:24.612.
	 Executed 1 test, with 0 failures (0 unexpected) in 25.233 (25.244) seconds
2026-09-16 09:04:24.716 xcodebuild[81985:874838] [MT] IDERunDestination: Supported platforms for the buildables in the current scheme is empty.
2026-09-16 09:04:24.906 xcodebuild[81985:874838] [MT] IDETestOperationsObserverDebug: 27.938 elapsed -- Testing started completed.
2026-09-16 09:04:24.906 xcodebuild[81985:874838] [MT] IDETestOperationsObserverDebug: 0.000 sec, +0.000 sec -- start
2026-09-16 09:04:24.906 xcodebuild[81985:874838] [MT] IDETestOperationsObserverDebug: 27.938 sec, +27.938 sec -- end

Test session results, code coverage, and logs:
	/Users/soullab/Library/Developer/Xcode/DerivedData/VoiceKernelDriver-hgwynnfbnyhmfebraswchidwedic/Logs/Test/Test-DriverUITests-2026.09.16_09-03-56--0400.xcresult

** TEST EXECUTE SUCCEEDED **

Testing started
