Command line invocation:
    /Applications/Xcode.app/Contents/Developer/usr/bin/xcodebuild test-without-building -xctestrun /private/tmp/sid-entry-05-9ed72a38cce6fb55e909e747898f4d452dcfdf3d-20260916T125122Z/ios/VoiceKernelDriver/.derived/Build/Products/DriverUITests_iphoneos26.2-arm64.xctestrun -destination id=00008140-00163D9922E0801C -collect-test-diagnostics never "-only-testing:DriverUITests/K00DriverTests/testOneSample"

2026-09-16 09:01:26.930 xcodebuild[81487:868429] [MT] IDERunDestination: Supported platforms for the buildables in the current scheme is empty.
2026-09-16 09:01:26.933 xcodebuild[81487:868429] [MT] IDERunDestination: Supported platforms for the buildables in the current scheme is empty.
--- xcodebuild: WARNING: Using the first of multiple matching destinations:
{ platform:iOS, arch:arm64e, id:00008140-00163D9922E0801C, name:Kelly Nezat’s iPhone }
{ platform:iOS, arch:arm64, id:00008140-00163D9922E0801C, name:Kelly Nezat’s iPhone }
2026-09-16 09:01:27.174 xcodebuild[81487:868429] [MT] IDERunDestination: Supported platforms for the buildables in the current scheme is empty.
2026-09-16 09:01:27.360 xcodebuild[81487:868429] [MT] IDERunDestination: Supported platforms for the buildables in the current scheme is empty.
2026-09-16 09:01:28.921013-0400 DriverUITests-Runner[5484:1206107] [Default] Running tests...
    t =      nans Interface orientation changed to Portrait
Test Suite 'Selected tests' started at 2026-09-16 09:01:29.391.
Test Suite 'DriverUITests.xctest' started at 2026-09-16 09:01:29.392.
Test Suite 'K00DriverTests' started at 2026-09-16 09:01:29.392.
Test Case '-[DriverUITests.K00DriverTests testOneSample]' started.
    t =     0.00s Start Test at 2026-09-16 09:01:29.393
    t =     0.02s Set Up
    t =     0.02s Open life.soullab.voicekernel.vpio02sid
    t =     0.02s     Launch life.soullab.voicekernel.vpio02sid
    t =     0.11s         Setting up automation session
    t =     0.18s         Wait for life.soullab.voicekernel.vpio02sid to idle
2026-09-16 09:01:29.558 xcodebuild[81487:868429] [MT] IDERunDestination: Supported platforms for the buildables in the current scheme is empty.
    t =     1.28s Wait for life.soullab.voicekernel.vpio02sid to become Running Foreground
    t =     1.28s Waiting 10.0s for "Enter conversation" Button to exist
    t =     2.29s     Checking `Expect predicate `existsNoRetry == 1` for object "Enter conversation" Button`
    t =     2.30s         Checking existence of `"Enter conversation" Button`
    t =     2.39s Checking existence of `"Voice processing: ON (default)" Button`
    t =     2.42s Checking existence of `"Voice processing: OFF (control run)" Button`
    t =     2.74s Waiting 3.0s for "Voice processing: ON (default)" Button to exist
    t =     3.78s     Checking `Expect predicate `existsNoRetry == 1` for object "Voice processing: ON (default)" Button`
    t =     3.78s         Checking existence of `"Voice processing: ON (default)" Button`
    t =     3.84s Waiting 5.0s for "Enter conversation" Button to exist
    t =     4.88s     Checking `Expect predicate `existsNoRetry == 1` for object "Enter conversation" Button`
    t =     4.88s         Checking existence of `"Enter conversation" Button`
    t =     4.94s Tap "Enter conversation" Button
    t =     4.94s     Wait for life.soullab.voicekernel.vpio02sid to idle
    t =     4.95s     Find the "Enter conversation" Button
    t =     5.09s     Check for interrupting elements affecting "Enter conversation" Button
    t =     5.17s     Synthesize event
    t =     5.46s     Wait for life.soullab.voicekernel.vpio02sid to idle
    t =    20.47s Waiting 5.0s for "Export journal" Button to exist
    t =    21.50s     Checking `Expect predicate `existsNoRetry == 1` for object "Export journal" Button`
    t =    21.50s         Checking existence of `"Export journal" Button`
    t =    21.55s Tap "Export journal" Button
    t =    21.55s     Wait for life.soullab.voicekernel.vpio02sid to idle
    t =    21.56s     Find the "Export journal" Button
    t =    21.60s     Check for interrupting elements affecting "Export journal" Button
    t =    21.64s     Synthesize event
    t =    21.94s     Wait for life.soullab.voicekernel.vpio02sid to idle
    t =    24.15s Terminate life.soullab.voicekernel.vpio02sid:5485
    t =    25.21s Wait for life.soullab.voicekernel.vpio02sid to become Not Running
    t =    25.21s Tear Down
Test Case '-[DriverUITests.K00DriverTests testOneSample]' passed (25.274 seconds).
Test Suite 'K00DriverTests' passed at 2026-09-16 09:01:54.668.
	 Executed 1 test, with 0 failures (0 unexpected) in 25.274 (25.276) seconds
Test Suite 'DriverUITests.xctest' passed at 2026-09-16 09:01:54.669.
	 Executed 1 test, with 0 failures (0 unexpected) in 25.274 (25.277) seconds
Test Suite 'Selected tests' passed at 2026-09-16 09:01:54.669.
	 Executed 1 test, with 0 failures (0 unexpected) in 25.274 (25.278) seconds
2026-09-16 09:01:54.750 xcodebuild[81487:868429] [MT] IDERunDestination: Supported platforms for the buildables in the current scheme is empty.
2026-09-16 09:01:54.959 xcodebuild[81487:868429] [MT] IDETestOperationsObserverDebug: 27.784 elapsed -- Testing started completed.
2026-09-16 09:01:54.959 xcodebuild[81487:868429] [MT] IDETestOperationsObserverDebug: 0.000 sec, +0.000 sec -- start
2026-09-16 09:01:54.959 xcodebuild[81487:868429] [MT] IDETestOperationsObserverDebug: 27.784 sec, +27.784 sec -- end

Test session results, code coverage, and logs:
	/Users/soullab/Library/Developer/Xcode/DerivedData/VoiceKernelDriver-hfqkdggxsbibtlgsfsudmnmewtnp/Logs/Test/Test-DriverUITests-2026.09.16_09-01-27--0400.xcresult

** TEST EXECUTE SUCCEEDED **

Testing started
