Command line invocation:
    /Applications/Xcode.app/Contents/Developer/usr/bin/xcodebuild test-without-building -xctestrun /private/tmp/sid-entry-05-9ed72a38cce6fb55e909e747898f4d452dcfdf3d-20260916T125122Z/ios/VoiceKernelDriver/.derived/Build/Products/DriverUITests_iphoneos26.2-arm64.xctestrun -destination id=00008140-00163D9922E0801C -collect-test-diagnostics never "-only-testing:DriverUITests/K00DriverTests/testOneSample"

2026-09-16 09:05:57.770 xcodebuild[82328:880107] [MT] IDERunDestination: Supported platforms for the buildables in the current scheme is empty.
2026-09-16 09:05:57.773 xcodebuild[82328:880107] [MT] IDERunDestination: Supported platforms for the buildables in the current scheme is empty.
--- xcodebuild: WARNING: Using the first of multiple matching destinations:
{ platform:iOS, arch:arm64e, id:00008140-00163D9922E0801C, name:Kelly Nezat’s iPhone }
{ platform:iOS, arch:arm64, id:00008140-00163D9922E0801C, name:Kelly Nezat’s iPhone }
2026-09-16 09:05:58.015 xcodebuild[82328:880107] [MT] IDERunDestination: Supported platforms for the buildables in the current scheme is empty.
2026-09-16 09:05:58.200 xcodebuild[82328:880107] [MT] IDERunDestination: Supported platforms for the buildables in the current scheme is empty.
2026-09-16 09:06:00.092565-0400 DriverUITests-Runner[5520:1219032] [Default] Running tests...
    t =      nans Interface orientation changed to Portrait
Test Suite 'Selected tests' started at 2026-09-16 09:06:00.574.
Test Suite 'DriverUITests.xctest' started at 2026-09-16 09:06:00.575.
Test Suite 'K00DriverTests' started at 2026-09-16 09:06:00.575.
Test Case '-[DriverUITests.K00DriverTests testOneSample]' started.
    t =     0.00s Start Test at 2026-09-16 09:06:00.576
    t =     0.02s Set Up
    t =     0.02s Open life.soullab.voicekernel.vpio02sid
    t =     0.02s     Launch life.soullab.voicekernel.vpio02sid
    t =     0.11s         Setting up automation session
    t =     0.18s         Wait for life.soullab.voicekernel.vpio02sid to idle
2026-09-16 09:06:00.756 xcodebuild[82328:880107] [MT] IDERunDestination: Supported platforms for the buildables in the current scheme is empty.
    t =     1.28s Wait for life.soullab.voicekernel.vpio02sid to become Running Foreground
    t =     1.28s Waiting 10.0s for "Enter conversation" Button to exist
    t =     2.29s     Checking `Expect predicate `existsNoRetry == 1` for object "Enter conversation" Button`
    t =     2.29s         Checking existence of `"Enter conversation" Button`
    t =     2.38s Checking existence of `"Voice processing: ON (default)" Button`
    t =     2.41s Checking existence of `"Voice processing: OFF (control run)" Button`
    t =     2.73s Waiting 3.0s for "Voice processing: ON (default)" Button to exist
    t =     3.76s     Checking `Expect predicate `existsNoRetry == 1` for object "Voice processing: ON (default)" Button`
    t =     3.76s         Checking existence of `"Voice processing: ON (default)" Button`
    t =     3.83s Waiting 5.0s for "Enter conversation" Button to exist
    t =     4.84s     Checking `Expect predicate `existsNoRetry == 1` for object "Enter conversation" Button`
    t =     4.84s         Checking existence of `"Enter conversation" Button`
    t =     4.90s Tap "Enter conversation" Button
    t =     4.91s     Wait for life.soullab.voicekernel.vpio02sid to idle
    t =     4.91s     Find the "Enter conversation" Button
    t =     4.95s     Check for interrupting elements affecting "Enter conversation" Button
    t =     4.99s     Synthesize event
    t =     5.29s     Wait for life.soullab.voicekernel.vpio02sid to idle
    t =    20.31s Waiting 5.0s for "Export journal" Button to exist
    t =    21.34s     Checking `Expect predicate `existsNoRetry == 1` for object "Export journal" Button`
    t =    21.34s         Checking existence of `"Export journal" Button`
    t =    21.39s Tap "Export journal" Button
    t =    21.39s     Wait for life.soullab.voicekernel.vpio02sid to idle
    t =    21.40s     Find the "Export journal" Button
    t =    21.45s     Check for interrupting elements affecting "Export journal" Button
    t =    21.49s     Synthesize event
    t =    21.79s     Wait for life.soullab.voicekernel.vpio02sid to idle
    t =    24.00s Terminate life.soullab.voicekernel.vpio02sid:5521
    t =    25.08s Wait for life.soullab.voicekernel.vpio02sid to become Not Running
    t =    25.08s Tear Down
Test Case '-[DriverUITests.K00DriverTests testOneSample]' passed (25.130 seconds).
Test Suite 'K00DriverTests' passed at 2026-09-16 09:06:25.706.
	 Executed 1 test, with 0 failures (0 unexpected) in 25.130 (25.131) seconds
Test Suite 'DriverUITests.xctest' passed at 2026-09-16 09:06:25.707.
	 Executed 1 test, with 0 failures (0 unexpected) in 25.130 (25.132) seconds
Test Suite 'Selected tests' passed at 2026-09-16 09:06:25.708.
	 Executed 1 test, with 0 failures (0 unexpected) in 25.130 (25.134) seconds
2026-09-16 09:06:25.814 xcodebuild[82328:880107] [MT] IDERunDestination: Supported platforms for the buildables in the current scheme is empty.
2026-09-16 09:06:25.997 xcodebuild[82328:880107] [MT] IDETestOperationsObserverDebug: 27.982 elapsed -- Testing started completed.
2026-09-16 09:06:25.997 xcodebuild[82328:880107] [MT] IDETestOperationsObserverDebug: 0.000 sec, +0.000 sec -- start
2026-09-16 09:06:25.998 xcodebuild[82328:880107] [MT] IDETestOperationsObserverDebug: 27.982 sec, +27.982 sec -- end

Test session results, code coverage, and logs:
	/Users/soullab/Library/Developer/Xcode/DerivedData/VoiceKernelDriver-brkmdxshuxfnodefijlypljtgxjd/Logs/Test/Test-DriverUITests-2026.09.16_09-05-57--0400.xcresult

** TEST EXECUTE SUCCEEDED **

Testing started
