Command line invocation:
    /Applications/Xcode.app/Contents/Developer/usr/bin/xcodebuild test-without-building -xctestrun /private/tmp/sid-entry-05-9ed72a38cce6fb55e909e747898f4d452dcfdf3d-20260916T125122Z/ios/VoiceKernelDriver/.derived/Build/Products/DriverUITests_iphoneos26.2-arm64.xctestrun -destination id=00008140-00163D9922E0801C -collect-test-diagnostics never "-only-testing:DriverUITests/K00DriverTests/testOneSample"

2026-09-16 08:56:56.963 xcodebuild[80082:853411] [MT] IDERunDestination: Supported platforms for the buildables in the current scheme is empty.
2026-09-16 08:56:56.966 xcodebuild[80082:853411] [MT] IDERunDestination: Supported platforms for the buildables in the current scheme is empty.
--- xcodebuild: WARNING: Using the first of multiple matching destinations:
{ platform:iOS, arch:arm64e, id:00008140-00163D9922E0801C, name:Kelly Nezat’s iPhone }
{ platform:iOS, arch:arm64, id:00008140-00163D9922E0801C, name:Kelly Nezat’s iPhone }
2026-09-16 08:56:57.195 xcodebuild[80082:853411] [MT] IDERunDestination: Supported platforms for the buildables in the current scheme is empty.
2026-09-16 08:56:57.382 xcodebuild[80082:853411] [MT] IDERunDestination: Supported platforms for the buildables in the current scheme is empty.
2026-09-16 08:56:58.786346-0400 DriverUITests-Runner[5424:1192509] [Default] Running tests...
2026-09-16 08:56:58.991778-0400 DriverUITests-Runner[5424:1192527] [General] Failed to send CA Event for app launch measurements for ca_event_type: 1 event_name: com.apple.app_launch_measurement.ExtendedLaunchMetrics
    t =      nans Interface orientation changed to Portrait
Test Suite 'Selected tests' started at 2026-09-16 08:56:59.247.
Test Suite 'DriverUITests.xctest' started at 2026-09-16 08:56:59.247.
Test Suite 'K00DriverTests' started at 2026-09-16 08:56:59.248.
Test Case '-[DriverUITests.K00DriverTests testOneSample]' started.
    t =     0.00s Start Test at 2026-09-16 08:56:59.248
    t =     0.02s Set Up
    t =     0.02s Open life.soullab.voicekernel.vpio02sid
    t =     0.02s     Launch life.soullab.voicekernel.vpio02sid
    t =     0.10s         Setting up automation session
2026-09-16 08:56:59.401 xcodebuild[80082:853411] [MT] IDERunDestination: Supported platforms for the buildables in the current scheme is empty.
    t =     0.17s         Wait for life.soullab.voicekernel.vpio02sid to idle
    t =     1.27s Wait for life.soullab.voicekernel.vpio02sid to become Running Foreground
    t =     1.28s Waiting 10.0s for "Enter conversation" Button to exist
    t =     2.28s     Checking `Expect predicate `existsNoRetry == 1` for object "Enter conversation" Button`
    t =     2.28s         Checking existence of `"Enter conversation" Button`
    t =     2.37s Checking existence of `"Voice processing: ON (default)" Button`
    t =     2.40s Checking existence of `"Voice processing: OFF (control run)" Button`
    t =     2.72s Waiting 3.0s for "Voice processing: ON (default)" Button to exist
    t =     3.73s     Checking `Expect predicate `existsNoRetry == 1` for object "Voice processing: ON (default)" Button`
    t =     3.73s         Checking existence of `"Voice processing: ON (default)" Button`
    t =     3.80s Waiting 5.0s for "Enter conversation" Button to exist
    t =     4.81s     Checking `Expect predicate `existsNoRetry == 1` for object "Enter conversation" Button`
    t =     4.82s         Checking existence of `"Enter conversation" Button`
    t =     4.88s Tap "Enter conversation" Button
    t =     4.88s     Wait for life.soullab.voicekernel.vpio02sid to idle
    t =     4.88s     Find the "Enter conversation" Button
    t =     4.92s     Check for interrupting elements affecting "Enter conversation" Button
    t =     4.96s     Synthesize event
    t =     5.26s     Wait for life.soullab.voicekernel.vpio02sid to idle
    t =    20.27s Waiting 5.0s for "Export journal" Button to exist
    t =    21.29s     Checking `Expect predicate `existsNoRetry == 1` for object "Export journal" Button`
    t =    21.29s         Checking existence of `"Export journal" Button`
    t =    21.34s Tap "Export journal" Button
    t =    21.34s     Wait for life.soullab.voicekernel.vpio02sid to idle
    t =    21.35s     Find the "Export journal" Button
    t =    21.39s     Check for interrupting elements affecting "Export journal" Button
    t =    21.43s     Synthesize event
    t =    21.73s     Wait for life.soullab.voicekernel.vpio02sid to idle
    t =    23.94s Terminate life.soullab.voicekernel.vpio02sid:5425
    t =    25.01s Wait for life.soullab.voicekernel.vpio02sid to become Not Running
    t =    25.01s Tear Down
Test Case '-[DriverUITests.K00DriverTests testOneSample]' passed (25.091 seconds).
Test Suite 'K00DriverTests' passed at 2026-09-16 08:57:24.344.
	 Executed 1 test, with 0 failures (0 unexpected) in 25.091 (25.096) seconds
Test Suite 'DriverUITests.xctest' passed at 2026-09-16 08:57:24.350.
	 Executed 1 test, with 0 failures (0 unexpected) in 25.091 (25.103) seconds
Test Suite 'Selected tests' passed at 2026-09-16 08:57:24.353.
	 Executed 1 test, with 0 failures (0 unexpected) in 25.091 (25.106) seconds
2026-09-16 08:57:24.407 xcodebuild[80082:853411] [MT] IDERunDestination: Supported platforms for the buildables in the current scheme is empty.
2026-09-16 08:57:24.661 xcodebuild[80082:853411] [MT] IDETestOperationsObserverDebug: 27.464 elapsed -- Testing started completed.
2026-09-16 08:57:24.661 xcodebuild[80082:853411] [MT] IDETestOperationsObserverDebug: 0.000 sec, +0.000 sec -- start
2026-09-16 08:57:24.661 xcodebuild[80082:853411] [MT] IDETestOperationsObserverDebug: 27.464 sec, +27.464 sec -- end

Test session results, code coverage, and logs:
	/Users/soullab/Library/Developer/Xcode/DerivedData/VoiceKernelDriver-bszbgbrtfuimzudsghkvbmsemkob/Logs/Test/Test-DriverUITests-2026.09.16_08-56-57--0400.xcresult

** TEST EXECUTE SUCCEEDED **

Testing started
