Command line invocation:
    /Applications/Xcode.app/Contents/Developer/usr/bin/xcodebuild test-without-building -xctestrun /private/tmp/voice-seam-01/ios/VoiceKernelDriver/.derived/Build/Products/DriverUITests_iphoneos26.2-arm64.xctestrun -destination id=00008140-00163D9922E0801C -collect-test-diagnostics never "-only-testing:DriverUITests/K00DriverTests/testOneSample"

2026-09-14 10:25:51.837 xcodebuild[2663:29206354] [MT] IDERunDestination: Supported platforms for the buildables in the current scheme is empty.
2026-09-14 10:25:51.840 xcodebuild[2663:29206354] [MT] IDERunDestination: Supported platforms for the buildables in the current scheme is empty.
2026-09-14 10:25:51.939 xcodebuild[2663:29206354] [MT] IDERunDestination: Supported platforms for the buildables in the current scheme is empty.
--- xcodebuild: WARNING: Using the first of multiple matching destinations:
{ platform:iOS, arch:arm64e, id:00008140-00163D9922E0801C, name:Kelly Nezat’s iPhone }
{ platform:iOS, arch:arm64, id:00008140-00163D9922E0801C, name:Kelly Nezat’s iPhone }
2026-09-14 10:25:52.185 xcodebuild[2663:29206354] [MT] IDERunDestination: Supported platforms for the buildables in the current scheme is empty.
2026-09-14 10:25:52.369 xcodebuild[2663:29206354] [MT] IDERunDestination: Supported platforms for the buildables in the current scheme is empty.
2026-09-14 10:25:54.032919-0400 DriverUITests-Runner[64027:14235508] [Default] Running tests...
    t =      nans Interface orientation changed to Portrait
Test Suite 'Selected tests' started at 2026-09-14 10:25:54.511.
Test Suite 'DriverUITests.xctest' started at 2026-09-14 10:25:54.511.
Test Suite 'K00DriverTests' started at 2026-09-14 10:25:54.511.
Test Case '-[DriverUITests.K00DriverTests testOneSample]' started.
    t =     0.00s Start Test at 2026-09-14 10:25:54.512
    t =     0.02s Set Up
    t =     0.03s Open life.soullab.voicekernel.k00
    t =     0.03s     Launch life.soullab.voicekernel.k00
    t =     0.12s         Setting up automation session
    t =     0.20s         Wait for life.soullab.voicekernel.k00 to idle
2026-09-14 10:25:54.749 xcodebuild[2663:29206354] [MT] IDERunDestination: Supported platforms for the buildables in the current scheme is empty.
    t =     1.29s Wait for life.soullab.voicekernel.k00 to become Running Foreground
    t =     1.30s Waiting 10.0s for "Enter conversation" Button to exist
    t =     2.31s     Checking `Expect predicate `existsNoRetry == 1` for object "Enter conversation" Button`
    t =     2.31s         Checking existence of `"Enter conversation" Button`
    t =     2.40s Checking existence of `"Voice processing: ON (default)" Button`
    t =     2.43s Checking existence of `"Voice processing: OFF (control run)" Button`
    t =     2.75s Waiting 3.0s for "Voice processing: ON (default)" Button to exist
    t =     3.77s     Checking `Expect predicate `existsNoRetry == 1` for object "Voice processing: ON (default)" Button`
    t =     3.77s         Checking existence of `"Voice processing: ON (default)" Button`
    t =     3.83s Waiting 5.0s for "Enter conversation" Button to exist
    t =     4.84s     Checking `Expect predicate `existsNoRetry == 1` for object "Enter conversation" Button`
    t =     4.84s         Checking existence of `"Enter conversation" Button`
    t =     4.90s Tap "Enter conversation" Button
    t =     4.90s     Wait for life.soullab.voicekernel.k00 to idle
    t =     4.91s     Find the "Enter conversation" Button
    t =     4.94s     Check for interrupting elements affecting "Enter conversation" Button
    t =     4.98s     Synthesize event
    t =     5.28s     Wait for life.soullab.voicekernel.k00 to idle
2026-09-14 10:26:00.141 xcodebuild[2663:29206354] [MT] IDERunDestination: Supported platforms for the buildables in the current scheme is empty.
    t =    20.29s Waiting 5.0s for "Export journal" Button to exist
    t =    21.33s     Checking `Expect predicate `existsNoRetry == 1` for object "Export journal" Button`
    t =    21.33s         Checking existence of `"Export journal" Button`
    t =    21.38s Tap "Export journal" Button
    t =    21.38s     Wait for life.soullab.voicekernel.k00 to idle
    t =    21.38s     Find the "Export journal" Button
    t =    21.41s     Check for interrupting elements affecting "Export journal" Button
    t =    21.45s     Synthesize event
    t =    21.75s     Wait for life.soullab.voicekernel.k00 to idle
    t =    24.21s Terminate life.soullab.voicekernel.k00:64028
    t =    25.28s Wait for life.soullab.voicekernel.k00 to become Not Running
    t =    25.28s Tear Down
Test Case '-[DriverUITests.K00DriverTests testOneSample]' passed (25.335 seconds).
Test Suite 'K00DriverTests' passed at 2026-09-14 10:26:19.848.
	 Executed 1 test, with 0 failures (0 unexpected) in 25.335 (25.337) seconds
Test Suite 'DriverUITests.xctest' passed at 2026-09-14 10:26:19.850.
	 Executed 1 test, with 0 failures (0 unexpected) in 25.335 (25.339) seconds
Test Suite 'Selected tests' passed at 2026-09-14 10:26:19.852.
	 Executed 1 test, with 0 failures (0 unexpected) in 25.335 (25.342) seconds
2026-09-14 10:26:20.018 xcodebuild[2663:29206354] [MT] IDERunDestination: Supported platforms for the buildables in the current scheme is empty.
2026-09-14 10:26:20.217 xcodebuild[2663:29206354] [MT] IDETestOperationsObserverDebug: 28.031 elapsed -- Testing started completed.
2026-09-14 10:26:20.218 xcodebuild[2663:29206354] [MT] IDETestOperationsObserverDebug: 0.000 sec, +0.000 sec -- start
2026-09-14 10:26:20.218 xcodebuild[2663:29206354] [MT] IDETestOperationsObserverDebug: 28.031 sec, +28.031 sec -- end

Test session results, code coverage, and logs:
	/Users/soullab/Library/Developer/Xcode/DerivedData/VoiceKernelDriver-eefwuyjjdnjempfnoxinjhkjgbrr/Logs/Test/Test-DriverUITests-2026.09.14_10-25-52--0400.xcresult

** TEST EXECUTE SUCCEEDED **

Testing started
