Command line invocation:
    /Applications/Xcode.app/Contents/Developer/usr/bin/xcodebuild test-without-building -xctestrun /private/tmp/voice-seam-01/ios/VoiceKernelDriver/.derived/Build/Products/DriverUITests_iphoneos26.2-arm64.xctestrun -destination id=00008140-00163D9922E0801C -collect-test-diagnostics never "-only-testing:DriverUITests/K00DriverTests/testOneSample"

2026-09-14 10:31:11.721 xcodebuild[3383:29217175] [MT] IDERunDestination: Supported platforms for the buildables in the current scheme is empty.
2026-09-14 10:31:11.724 xcodebuild[3383:29217175] [MT] IDERunDestination: Supported platforms for the buildables in the current scheme is empty.
2026-09-14 10:31:11.824 xcodebuild[3383:29217175] [MT] IDERunDestination: Supported platforms for the buildables in the current scheme is empty.
--- xcodebuild: WARNING: Using the first of multiple matching destinations:
{ platform:iOS, arch:arm64e, id:00008140-00163D9922E0801C, name:Kelly Nezat’s iPhone }
{ platform:iOS, arch:arm64, id:00008140-00163D9922E0801C, name:Kelly Nezat’s iPhone }
2026-09-14 10:31:12.083 xcodebuild[3383:29217175] [MT] IDERunDestination: Supported platforms for the buildables in the current scheme is empty.
2026-09-14 10:31:13.946823-0400 DriverUITests-Runner[64059:14246053] [Default] Running tests...
    t =      nans Interface orientation changed to Portrait
Test Suite 'Selected tests' started at 2026-09-14 10:31:14.411.
Test Suite 'DriverUITests.xctest' started at 2026-09-14 10:31:14.411.
Test Suite 'K00DriverTests' started at 2026-09-14 10:31:14.412.
Test Case '-[DriverUITests.K00DriverTests testOneSample]' started.
    t =     0.00s Start Test at 2026-09-14 10:31:14.412
    t =     0.02s Set Up
    t =     0.03s Open life.soullab.voicekernel.k00
    t =     0.03s     Launch life.soullab.voicekernel.k00
    t =     0.13s         Setting up automation session
    t =     0.21s         Wait for life.soullab.voicekernel.k00 to idle
2026-09-14 10:31:14.661 xcodebuild[3383:29217175] [MT] IDERunDestination: Supported platforms for the buildables in the current scheme is empty.
    t =     1.31s Wait for life.soullab.voicekernel.k00 to become Running Foreground
    t =     1.32s Waiting 10.0s for "Enter conversation" Button to exist
    t =     2.35s     Checking `Expect predicate `existsNoRetry == 1` for object "Enter conversation" Button`
    t =     2.35s         Checking existence of `"Enter conversation" Button`
    t =     2.44s Checking existence of `"Voice processing: ON (default)" Button`
    t =     2.47s Checking existence of `"Voice processing: OFF (control run)" Button`
    t =     2.80s Waiting 3.0s for "Voice processing: ON (default)" Button to exist
    t =     3.80s     Checking `Expect predicate `existsNoRetry == 1` for object "Voice processing: ON (default)" Button`
    t =     3.80s         Checking existence of `"Voice processing: ON (default)" Button`
    t =     3.87s Waiting 5.0s for "Enter conversation" Button to exist
    t =     4.87s     Checking `Expect predicate `existsNoRetry == 1` for object "Enter conversation" Button`
    t =     4.87s         Checking existence of `"Enter conversation" Button`
    t =     4.93s Tap "Enter conversation" Button
    t =     4.93s     Wait for life.soullab.voicekernel.k00 to idle
    t =     4.94s     Find the "Enter conversation" Button
    t =     4.98s     Check for interrupting elements affecting "Enter conversation" Button
    t =     5.03s     Synthesize event
    t =     5.32s     Wait for life.soullab.voicekernel.k00 to idle
    t =    20.34s Waiting 5.0s for "Export journal" Button to exist
    t =    21.36s     Checking `Expect predicate `existsNoRetry == 1` for object "Export journal" Button`
    t =    21.36s         Checking existence of `"Export journal" Button`
    t =    21.43s Tap "Export journal" Button
    t =    21.43s     Wait for life.soullab.voicekernel.k00 to idle
    t =    21.43s     Find the "Export journal" Button
    t =    21.47s     Check for interrupting elements affecting "Export journal" Button
    t =    21.51s     Synthesize event
    t =    21.80s     Wait for life.soullab.voicekernel.k00 to idle
    t =    24.01s Terminate life.soullab.voicekernel.k00:64060
    t =    25.10s Wait for life.soullab.voicekernel.k00 to become Not Running
    t =    25.10s Tear Down
Test Case '-[DriverUITests.K00DriverTests testOneSample]' passed (25.172 seconds).
Test Suite 'K00DriverTests' passed at 2026-09-14 10:31:39.588.
	 Executed 1 test, with 0 failures (0 unexpected) in 25.172 (25.176) seconds
Test Suite 'DriverUITests.xctest' passed at 2026-09-14 10:31:39.600.
	 Executed 1 test, with 0 failures (0 unexpected) in 25.172 (25.189) seconds
Test Suite 'Selected tests' passed at 2026-09-14 10:31:39.605.
	 Executed 1 test, with 0 failures (0 unexpected) in 25.172 (25.194) seconds
2026-09-14 10:31:39.747 xcodebuild[3383:29217175] [MT] IDERunDestination: Supported platforms for the buildables in the current scheme is empty.
2026-09-14 10:31:39.940 xcodebuild[3383:29217175] [MT] IDETestOperationsObserverDebug: 27.856 elapsed -- Testing started completed.
2026-09-14 10:31:39.940 xcodebuild[3383:29217175] [MT] IDETestOperationsObserverDebug: 0.000 sec, +0.000 sec -- start
2026-09-14 10:31:39.940 xcodebuild[3383:29217175] [MT] IDETestOperationsObserverDebug: 27.856 sec, +27.856 sec -- end

Test session results, code coverage, and logs:
	/Users/soullab/Library/Developer/Xcode/DerivedData/VoiceKernelDriver-gsvrzxkrcofavpgvqiwtfgxtlcvc/Logs/Test/Test-DriverUITests-2026.09.14_10-31-11--0400.xcresult

** TEST EXECUTE SUCCEEDED **

Testing started
