Command line invocation:
    /Applications/Xcode.app/Contents/Developer/usr/bin/xcodebuild test-without-building -xctestrun /private/tmp/voice-seam-01/ios/VoiceKernelDriver/.derived/Build/Products/DriverUITests_iphoneos26.2-arm64.xctestrun -destination id=00008140-00163D9922E0801C -collect-test-diagnostics never "-only-testing:DriverUITests/K00DriverTests/testOneSample"

2026-09-14 10:20:48.787 xcodebuild[1957:29194847] [MT] IDERunDestination: Supported platforms for the buildables in the current scheme is empty.
2026-09-14 10:20:48.790 xcodebuild[1957:29194847] [MT] IDERunDestination: Supported platforms for the buildables in the current scheme is empty.
2026-09-14 10:20:48.889 xcodebuild[1957:29194847] [MT] IDERunDestination: Supported platforms for the buildables in the current scheme is empty.
--- xcodebuild: WARNING: Using the first of multiple matching destinations:
{ platform:iOS, arch:arm64e, id:00008140-00163D9922E0801C, name:Kelly Nezat’s iPhone }
{ platform:iOS, arch:arm64, id:00008140-00163D9922E0801C, name:Kelly Nezat’s iPhone }
2026-09-14 10:20:49.152 xcodebuild[1957:29194847] [MT] IDERunDestination: Supported platforms for the buildables in the current scheme is empty.
2026-09-14 10:20:49.349 xcodebuild[1957:29194847] [MT] IDERunDestination: Supported platforms for the buildables in the current scheme is empty.
2026-09-14 10:20:50.911630-0400 DriverUITests-Runner[63991:14224785] [Default] Running tests...
    t =      nans Interface orientation changed to Portrait
Test Suite 'Selected tests' started at 2026-09-14 10:20:51.384.
Test Suite 'DriverUITests.xctest' started at 2026-09-14 10:20:51.385.
Test Suite 'K00DriverTests' started at 2026-09-14 10:20:51.385.
Test Case '-[DriverUITests.K00DriverTests testOneSample]' started.
    t =     0.00s Start Test at 2026-09-14 10:20:51.385
    t =     0.02s Set Up
    t =     0.03s Open life.soullab.voicekernel.k00
    t =     0.03s     Launch life.soullab.voicekernel.k00
    t =     0.11s         Setting up automation session
    t =     0.20s         Wait for life.soullab.voicekernel.k00 to idle
2026-09-14 10:20:51.637 xcodebuild[1957:29194847] [MT] IDERunDestination: Supported platforms for the buildables in the current scheme is empty.
    t =     1.30s Wait for life.soullab.voicekernel.k00 to become Running Foreground
    t =     1.30s Waiting 10.0s for "Enter conversation" Button to exist
    t =     2.32s     Checking `Expect predicate `existsNoRetry == 1` for object "Enter conversation" Button`
    t =     2.32s         Checking existence of `"Enter conversation" Button`
    t =     2.42s Checking existence of `"Voice processing: ON (default)" Button`
    t =     2.44s Checking existence of `"Voice processing: OFF (control run)" Button`
    t =     2.77s Waiting 3.0s for "Voice processing: ON (default)" Button to exist
    t =     3.78s     Checking `Expect predicate `existsNoRetry == 1` for object "Voice processing: ON (default)" Button`
    t =     3.78s         Checking existence of `"Voice processing: ON (default)" Button`
    t =     3.85s Waiting 5.0s for "Enter conversation" Button to exist
    t =     4.85s     Checking `Expect predicate `existsNoRetry == 1` for object "Enter conversation" Button`
    t =     4.86s         Checking existence of `"Enter conversation" Button`
    t =     4.92s Tap "Enter conversation" Button
    t =     4.92s     Wait for life.soullab.voicekernel.k00 to idle
    t =     4.93s     Find the "Enter conversation" Button
    t =     4.96s     Check for interrupting elements affecting "Enter conversation" Button
    t =     5.01s     Synthesize event
    t =     5.30s     Wait for life.soullab.voicekernel.k00 to idle
2026-09-14 10:21:00.125 xcodebuild[1957:29194847] [MT] IDERunDestination: Supported platforms for the buildables in the current scheme is empty.
    t =    20.31s Waiting 5.0s for "Export journal" Button to exist
    t =    21.34s     Checking `Expect predicate `existsNoRetry == 1` for object "Export journal" Button`
    t =    21.34s         Checking existence of `"Export journal" Button`
    t =    21.40s Tap "Export journal" Button
    t =    21.40s     Wait for life.soullab.voicekernel.k00 to idle
    t =    21.41s     Find the "Export journal" Button
    t =    21.44s     Check for interrupting elements affecting "Export journal" Button
    t =    21.50s     Synthesize event
    t =    21.80s     Wait for life.soullab.voicekernel.k00 to idle
    t =    24.04s Terminate life.soullab.voicekernel.k00:63992
    t =    25.13s Wait for life.soullab.voicekernel.k00 to become Not Running
    t =    25.13s Tear Down
Test Case '-[DriverUITests.K00DriverTests testOneSample]' passed (25.219 seconds).
Test Suite 'K00DriverTests' passed at 2026-09-14 10:21:16.607.
	 Executed 1 test, with 0 failures (0 unexpected) in 25.219 (25.223) seconds
Test Suite 'DriverUITests.xctest' passed at 2026-09-14 10:21:16.609.
	 Executed 1 test, with 0 failures (0 unexpected) in 25.219 (25.225) seconds
Test Suite 'Selected tests' passed at 2026-09-14 10:21:16.616.
	 Executed 1 test, with 0 failures (0 unexpected) in 25.219 (25.232) seconds
2026-09-14 10:21:16.756 xcodebuild[1957:29194847] [MT] IDERunDestination: Supported platforms for the buildables in the current scheme is empty.
2026-09-14 10:21:16.964 xcodebuild[1957:29194847] [MT] IDETestOperationsObserverDebug: 27.811 elapsed -- Testing started completed.
2026-09-14 10:21:16.964 xcodebuild[1957:29194847] [MT] IDETestOperationsObserverDebug: 0.000 sec, +0.000 sec -- start
2026-09-14 10:21:16.964 xcodebuild[1957:29194847] [MT] IDETestOperationsObserverDebug: 27.811 sec, +27.811 sec -- end

Test session results, code coverage, and logs:
	/Users/soullab/Library/Developer/Xcode/DerivedData/VoiceKernelDriver-ctiaxptyicqxkfaqtzdkewkjnvlu/Logs/Test/Test-DriverUITests-2026.09.14_10-20-48--0400.xcresult

** TEST EXECUTE SUCCEEDED **

Testing started
