Command line invocation:
    /Applications/Xcode.app/Contents/Developer/usr/bin/xcodebuild test-without-building -xctestrun /private/tmp/voice-seam-01/ios/VoiceKernelDriver/.derived/Build/Products/DriverUITests_iphoneos26.2-arm64.xctestrun -destination id=00008140-00163D9922E0801C -collect-test-diagnostics never "-only-testing:DriverUITests/K00DriverTests/testOneSample"

2026-09-14 10:34:15.459 xcodebuild[3820:29224614] [MT] IDERunDestination: Supported platforms for the buildables in the current scheme is empty.
2026-09-14 10:34:15.462 xcodebuild[3820:29224614] [MT] IDERunDestination: Supported platforms for the buildables in the current scheme is empty.
2026-09-14 10:34:15.562 xcodebuild[3820:29224614] [MT] IDERunDestination: Supported platforms for the buildables in the current scheme is empty.
--- xcodebuild: WARNING: Using the first of multiple matching destinations:
{ platform:iOS, arch:arm64e, id:00008140-00163D9922E0801C, name:Kelly Nezat’s iPhone }
{ platform:iOS, arch:arm64, id:00008140-00163D9922E0801C, name:Kelly Nezat’s iPhone }
2026-09-14 10:34:15.810 xcodebuild[3820:29224614] [MT] IDERunDestination: Supported platforms for the buildables in the current scheme is empty.
2026-09-14 10:34:17.910422-0400 DriverUITests-Runner[64100:14251683] [Default] Running tests...
    t =      nans Interface orientation changed to Portrait
Test Suite 'Selected tests' started at 2026-09-14 10:34:18.393.
Test Suite 'DriverUITests.xctest' started at 2026-09-14 10:34:18.394.
Test Suite 'K00DriverTests' started at 2026-09-14 10:34:18.394.
Test Case '-[DriverUITests.K00DriverTests testOneSample]' started.
    t =     0.00s Start Test at 2026-09-14 10:34:18.395
    t =     0.02s Set Up
    t =     0.03s Open life.soullab.voicekernel.k00
    t =     0.03s     Launch life.soullab.voicekernel.k00
    t =     0.11s         Setting up automation session
    t =     0.19s         Wait for life.soullab.voicekernel.k00 to idle
2026-09-14 10:34:18.578 xcodebuild[3820:29224614] [MT] IDERunDestination: Supported platforms for the buildables in the current scheme is empty.
    t =     1.30s Wait for life.soullab.voicekernel.k00 to become Running Foreground
    t =     1.30s Waiting 10.0s for "Enter conversation" Button to exist
    t =     2.32s     Checking `Expect predicate `existsNoRetry == 1` for object "Enter conversation" Button`
    t =     2.32s         Checking existence of `"Enter conversation" Button`
    t =     2.42s Checking existence of `"Voice processing: ON (default)" Button`
    t =     2.45s Checking existence of `"Voice processing: OFF (control run)" Button`
    t =     2.77s Waiting 3.0s for "Voice processing: ON (default)" Button to exist
    t =     3.79s     Checking `Expect predicate `existsNoRetry == 1` for object "Voice processing: ON (default)" Button`
    t =     3.79s         Checking existence of `"Voice processing: ON (default)" Button`
    t =     3.86s Waiting 5.0s for "Enter conversation" Button to exist
    t =     4.87s     Checking `Expect predicate `existsNoRetry == 1` for object "Enter conversation" Button`
    t =     4.87s         Checking existence of `"Enter conversation" Button`
    t =     4.93s Tap "Enter conversation" Button
    t =     4.93s     Wait for life.soullab.voicekernel.k00 to idle
    t =     4.94s     Find the "Enter conversation" Button
    t =     4.98s     Check for interrupting elements affecting "Enter conversation" Button
    t =     5.02s     Synthesize event
    t =     5.31s     Wait for life.soullab.voicekernel.k00 to idle
    t =    20.31s Waiting 5.0s for "Export journal" Button to exist
    t =    21.35s     Checking `Expect predicate `existsNoRetry == 1` for object "Export journal" Button`
    t =    21.35s         Checking existence of `"Export journal" Button`
    t =    21.38s Tap "Export journal" Button
    t =    21.38s     Wait for life.soullab.voicekernel.k00 to idle
    t =    21.38s     Find the "Export journal" Button
    t =    21.41s     Check for interrupting elements affecting "Export journal" Button
    t =    21.45s     Synthesize event
    t =    21.77s     Wait for life.soullab.voicekernel.k00 to idle
    t =    23.99s Terminate life.soullab.voicekernel.k00:64101
    t =    24.99s Wait for life.soullab.voicekernel.k00 to become Not Running
    t =    24.99s Tear Down
Test Case '-[DriverUITests.K00DriverTests testOneSample]' passed (25.045 seconds).
Test Suite 'K00DriverTests' passed at 2026-09-14 10:34:43.441.
	 Executed 1 test, with 0 failures (0 unexpected) in 25.045 (25.047) seconds
Test Suite 'DriverUITests.xctest' passed at 2026-09-14 10:34:43.443.
	 Executed 1 test, with 0 failures (0 unexpected) in 25.045 (25.050) seconds
Test Suite 'Selected tests' passed at 2026-09-14 10:34:43.444.
	 Executed 1 test, with 0 failures (0 unexpected) in 25.045 (25.051) seconds
2026-09-14 10:34:43.541 xcodebuild[3820:29224614] [MT] IDERunDestination: Supported platforms for the buildables in the current scheme is empty.
2026-09-14 10:34:43.735 xcodebuild[3820:29224614] [MT] IDETestOperationsObserverDebug: 27.924 elapsed -- Testing started completed.
2026-09-14 10:34:43.735 xcodebuild[3820:29224614] [MT] IDETestOperationsObserverDebug: 0.000 sec, +0.000 sec -- start
2026-09-14 10:34:43.735 xcodebuild[3820:29224614] [MT] IDETestOperationsObserverDebug: 27.924 sec, +27.924 sec -- end

Test session results, code coverage, and logs:
	/Users/soullab/Library/Developer/Xcode/DerivedData/VoiceKernelDriver-cyftluberjhecbgotlddguxrntxq/Logs/Test/Test-DriverUITests-2026.09.14_10-34-15--0400.xcresult

** TEST EXECUTE SUCCEEDED **

Testing started
