Command line invocation:
    /Applications/Xcode.app/Contents/Developer/usr/bin/xcodebuild test-without-building -xctestrun /private/tmp/voice-seam-01/ios/VoiceKernelDriver/.derived/Build/Products/DriverUITests_iphoneos26.2-arm64.xctestrun -destination id=00008140-00163D9922E0801C -collect-test-diagnostics never "-only-testing:DriverUITests/K00DriverTests/testOneSample"

2026-09-14 10:17:22.157 xcodebuild[1478:29187582] [MT] IDERunDestination: Supported platforms for the buildables in the current scheme is empty.
2026-09-14 10:17:22.160 xcodebuild[1478:29187582] [MT] IDERunDestination: Supported platforms for the buildables in the current scheme is empty.
2026-09-14 10:17:22.260 xcodebuild[1478:29187582] [MT] IDERunDestination: Supported platforms for the buildables in the current scheme is empty.
--- xcodebuild: WARNING: Using the first of multiple matching destinations:
{ platform:iOS, arch:arm64e, id:00008140-00163D9922E0801C, name:Kelly Nezat’s iPhone }
{ platform:iOS, arch:arm64, id:00008140-00163D9922E0801C, name:Kelly Nezat’s iPhone }
2026-09-14 10:17:22.508 xcodebuild[1478:29187582] [MT] IDERunDestination: Supported platforms for the buildables in the current scheme is empty.
2026-09-14 10:17:22.714 xcodebuild[1478:29187582] [MT] IDERunDestination: Supported platforms for the buildables in the current scheme is empty.
2026-09-14 10:17:24.295775-0400 DriverUITests-Runner[63972:14217631] [Default] Running tests...
    t =      nans Interface orientation changed to Portrait
Test Suite 'Selected tests' started at 2026-09-14 10:17:24.868.
Test Suite 'DriverUITests.xctest' started at 2026-09-14 10:17:24.868.
Test Suite 'K00DriverTests' started at 2026-09-14 10:17:24.868.
Test Case '-[DriverUITests.K00DriverTests testOneSample]' started.
    t =     0.00s Start Test at 2026-09-14 10:17:24.869
    t =     0.02s Set Up
    t =     0.02s Open life.soullab.voicekernel.k00
    t =     0.02s     Launch life.soullab.voicekernel.k00
    t =     0.11s         Setting up automation session
    t =     0.19s         Wait for life.soullab.voicekernel.k00 to idle
2026-09-14 10:17:25.091 xcodebuild[1478:29187582] [MT] IDERunDestination: Supported platforms for the buildables in the current scheme is empty.
    t =     1.29s Wait for life.soullab.voicekernel.k00 to become Running Foreground
    t =     1.30s Waiting 10.0s for "Enter conversation" Button to exist
    t =     2.36s     Checking `Expect predicate `existsNoRetry == 1` for object "Enter conversation" Button`
    t =     2.36s         Checking existence of `"Enter conversation" Button`
    t =     2.46s Checking existence of `"Voice processing: ON (default)" Button`
    t =     2.49s Checking existence of `"Voice processing: OFF (control run)" Button`
    t =     2.81s Waiting 3.0s for "Voice processing: ON (default)" Button to exist
    t =     3.82s     Checking `Expect predicate `existsNoRetry == 1` for object "Voice processing: ON (default)" Button`
    t =     3.82s         Checking existence of `"Voice processing: ON (default)" Button`
    t =     3.89s Waiting 5.0s for "Enter conversation" Button to exist
    t =     4.90s     Checking `Expect predicate `existsNoRetry == 1` for object "Enter conversation" Button`
    t =     4.90s         Checking existence of `"Enter conversation" Button`
    t =     4.96s Tap "Enter conversation" Button
    t =     4.96s     Wait for life.soullab.voicekernel.k00 to idle
    t =     4.97s     Find the "Enter conversation" Button
    t =     5.00s     Check for interrupting elements affecting "Enter conversation" Button
    t =     5.05s     Synthesize event
    t =     5.34s     Wait for life.soullab.voicekernel.k00 to idle
    t =    20.36s Waiting 5.0s for "Export journal" Button to exist
    t =    21.38s     Checking `Expect predicate `existsNoRetry == 1` for object "Export journal" Button`
    t =    21.38s         Checking existence of `"Export journal" Button`
    t =    21.44s Tap "Export journal" Button
    t =    21.44s     Wait for life.soullab.voicekernel.k00 to idle
    t =    21.45s     Find the "Export journal" Button
    t =    21.48s     Check for interrupting elements affecting "Export journal" Button
    t =    21.52s     Synthesize event
    t =    21.82s     Wait for life.soullab.voicekernel.k00 to idle
    t =    24.04s Terminate life.soullab.voicekernel.k00:63973
    t =    25.14s Wait for life.soullab.voicekernel.k00 to become Not Running
    t =    25.14s Tear Down
Test Case '-[DriverUITests.K00DriverTests testOneSample]' passed (25.189 seconds).
Test Suite 'K00DriverTests' passed at 2026-09-14 10:17:50.058.
	 Executed 1 test, with 0 failures (0 unexpected) in 25.189 (25.190) seconds
Test Suite 'DriverUITests.xctest' passed at 2026-09-14 10:17:50.059.
	 Executed 1 test, with 0 failures (0 unexpected) in 25.189 (25.191) seconds
Test Suite 'Selected tests' passed at 2026-09-14 10:17:50.060.
	 Executed 1 test, with 0 failures (0 unexpected) in 25.189 (25.192) seconds
2026-09-14 10:17:50.230 xcodebuild[1478:29187582] [MT] IDERunDestination: Supported platforms for the buildables in the current scheme is empty.
2026-09-14 10:17:50.406 xcodebuild[1478:29187582] [MT] IDETestOperationsObserverDebug: 27.897 elapsed -- Testing started completed.
2026-09-14 10:17:50.406 xcodebuild[1478:29187582] [MT] IDETestOperationsObserverDebug: 0.000 sec, +0.000 sec -- start
2026-09-14 10:17:50.406 xcodebuild[1478:29187582] [MT] IDETestOperationsObserverDebug: 27.897 sec, +27.897 sec -- end

Test session results, code coverage, and logs:
	/Users/soullab/Library/Developer/Xcode/DerivedData/VoiceKernelDriver-avzpqaomziozxpgztstndjqtyfnb/Logs/Test/Test-DriverUITests-2026.09.14_10-17-22--0400.xcresult

** TEST EXECUTE SUCCEEDED **

Testing started
