Command line invocation:
    /Applications/Xcode.app/Contents/Developer/usr/bin/xcodebuild test-without-building -xctestrun /private/tmp/voice-seam-01/ios/VoiceKernelDriver/.derived/Build/Products/DriverUITests_iphoneos26.2-arm64.xctestrun -destination id=00008140-00163D9922E0801C -collect-test-diagnostics never "-only-testing:DriverUITests/K00DriverTests/testTerminateOnly"

2026-09-14 10:33:34.490 xcodebuild[3774:29222775] [MT] IDERunDestination: Supported platforms for the buildables in the current scheme is empty.
2026-09-14 10:33:34.493 xcodebuild[3774:29222775] [MT] IDERunDestination: Supported platforms for the buildables in the current scheme is empty.
2026-09-14 10:33:34.592 xcodebuild[3774:29222775] [MT] IDERunDestination: Supported platforms for the buildables in the current scheme is empty.
--- xcodebuild: WARNING: Using the first of multiple matching destinations:
{ platform:iOS, arch:arm64e, id:00008140-00163D9922E0801C, name:Kelly Nezat’s iPhone }
{ platform:iOS, arch:arm64, id:00008140-00163D9922E0801C, name:Kelly Nezat’s iPhone }
2026-09-14 10:33:34.838 xcodebuild[3774:29222775] [MT] IDERunDestination: Supported platforms for the buildables in the current scheme is empty.
2026-09-14 10:33:35.027 xcodebuild[3774:29222775] [MT] IDERunDestination: Supported platforms for the buildables in the current scheme is empty.
2026-09-14 10:33:37.082416-0400 DriverUITests-Runner[64098:14250844] [Default] Running tests...
    t =      nans Interface orientation changed to Portrait
Test Suite 'Selected tests' started at 2026-09-14 10:33:37.615.
Test Suite 'DriverUITests.xctest' started at 2026-09-14 10:33:37.615.
Test Suite 'K00DriverTests' started at 2026-09-14 10:33:37.615.
Test Case '-[DriverUITests.K00DriverTests testTerminateOnly]' started.
    t =     0.00s Start Test at 2026-09-14 10:33:37.616
    t =     0.02s Set Up
    t =     0.02s Terminate life.soullab.voicekernel.k00:64094
2026-09-14 10:33:37.807 xcodebuild[3774:29222775] [MT] IDERunDestination: Supported platforms for the buildables in the current scheme is empty.
    t =     1.12s Wait for life.soullab.voicekernel.k00 to become Not Running
    t =     1.12s Tear Down
Test Case '-[DriverUITests.K00DriverTests testTerminateOnly]' passed (1.178 seconds).
Test Suite 'K00DriverTests' passed at 2026-09-14 10:33:38.795.
	 Executed 1 test, with 0 failures (0 unexpected) in 1.178 (1.180) seconds
Test Suite 'DriverUITests.xctest' passed at 2026-09-14 10:33:38.799.
	 Executed 1 test, with 0 failures (0 unexpected) in 1.178 (1.184) seconds
Test Suite 'Selected tests' passed at 2026-09-14 10:33:38.802.
	 Executed 1 test, with 0 failures (0 unexpected) in 1.178 (1.187) seconds
2026-09-14 10:33:38.879 xcodebuild[3774:29222775] [MT] IDERunDestination: Supported platforms for the buildables in the current scheme is empty.
2026-09-14 10:33:39.084 xcodebuild[3774:29222775] [MT] IDETestOperationsObserverDebug: 4.245 elapsed -- Testing started completed.
2026-09-14 10:33:39.084 xcodebuild[3774:29222775] [MT] IDETestOperationsObserverDebug: 0.000 sec, +0.000 sec -- start
2026-09-14 10:33:39.084 xcodebuild[3774:29222775] [MT] IDETestOperationsObserverDebug: 4.245 sec, +4.245 sec -- end

Test session results, code coverage, and logs:
	/Users/soullab/Library/Developer/Xcode/DerivedData/VoiceKernelDriver-bwzpcpppjtkzoubstgbssrgtteui/Logs/Test/Test-DriverUITests-2026.09.14_10-33-34--0400.xcresult

** TEST EXECUTE SUCCEEDED **

Testing started
