Command line invocation:
    /Applications/Xcode.app/Contents/Developer/usr/bin/xcodebuild test-without-building -xctestrun /private/tmp/voice-seam-01/ios/VoiceKernelDriver/.derived/Build/Products/DriverUITests_iphoneos26.2-arm64.xctestrun -destination id=00008140-00163D9922E0801C -collect-test-diagnostics never "-only-testing:DriverUITests/K00DriverTests/testOneSample"

2026-09-14 10:30:24.815 xcodebuild[3281:29215549] [MT] IDERunDestination: Supported platforms for the buildables in the current scheme is empty.
2026-09-14 10:30:24.818 xcodebuild[3281:29215549] [MT] IDERunDestination: Supported platforms for the buildables in the current scheme is empty.
2026-09-14 10:30:24.918 xcodebuild[3281:29215549] [MT] IDERunDestination: Supported platforms for the buildables in the current scheme is empty.
--- xcodebuild: WARNING: Using the first of multiple matching destinations:
{ platform:iOS, arch:arm64e, id:00008140-00163D9922E0801C, name:Kelly Nezat’s iPhone }
{ platform:iOS, arch:arm64, id:00008140-00163D9922E0801C, name:Kelly Nezat’s iPhone }
2026-09-14 10:30:25.183 xcodebuild[3281:29215549] [MT] IDERunDestination: Supported platforms for the buildables in the current scheme is empty.
2026-09-14 10:30:25.376 xcodebuild[3281:29215549] [MT] IDERunDestination: Supported platforms for the buildables in the current scheme is empty.
2026-09-14 10:30:26.915566-0400 DriverUITests-Runner[64055:14244654] [Default] Running tests...
    t =      nans Interface orientation changed to Portrait
Test Suite 'Selected tests' started at 2026-09-14 10:30:27.474.
Test Suite 'DriverUITests.xctest' started at 2026-09-14 10:30:27.475.
Test Suite 'K00DriverTests' started at 2026-09-14 10:30:27.475.
Test Case '-[DriverUITests.K00DriverTests testOneSample]' started.
    t =     0.00s Start Test at 2026-09-14 10:30:27.475
    t =     0.02s Set Up
    t =     0.02s Open life.soullab.voicekernel.k00
    t =     0.02s     Launch life.soullab.voicekernel.k00
    t =     0.10s         Setting up automation session
    t =     0.19s         Wait for life.soullab.voicekernel.k00 to idle
2026-09-14 10:30:27.697 xcodebuild[3281:29215549] [MT] IDERunDestination: Supported platforms for the buildables in the current scheme is empty.
    t =     1.29s Wait for life.soullab.voicekernel.k00 to become Running Foreground
    t =     1.29s Waiting 10.0s for "Enter conversation" Button to exist
    t =     2.31s     Checking `Expect predicate `existsNoRetry == 1` for object "Enter conversation" Button`
    t =     2.31s         Checking existence of `"Enter conversation" Button`
    t =     2.40s Checking existence of `"Voice processing: ON (default)" Button`
    t =     2.43s Checking existence of `"Voice processing: OFF (control run)" Button`
    t =     2.76s Waiting 3.0s for "Voice processing: ON (default)" Button to exist
    t =     3.77s     Checking `Expect predicate `existsNoRetry == 1` for object "Voice processing: ON (default)" Button`
    t =     3.78s         Checking existence of `"Voice processing: ON (default)" Button`
    t =     3.84s Waiting 5.0s for "Enter conversation" Button to exist
    t =     4.87s     Checking `Expect predicate `existsNoRetry == 1` for object "Enter conversation" Button`
    t =     4.87s         Checking existence of `"Enter conversation" Button`
    t =     4.93s Tap "Enter conversation" Button
    t =     4.94s     Wait for life.soullab.voicekernel.k00 to idle
    t =     4.94s     Find the "Enter conversation" Button
    t =     4.98s     Check for interrupting elements affecting "Enter conversation" Button
    t =     5.02s     Synthesize event
    t =     5.32s     Wait for life.soullab.voicekernel.k00 to idle
    t =    20.33s Waiting 5.0s for "Export journal" Button to exist
    t =    21.34s     Checking `Expect predicate `existsNoRetry == 1` for object "Export journal" Button`
    t =    21.34s         Checking existence of `"Export journal" Button`
    t =    21.41s Tap "Export journal" Button
    t =    21.41s     Wait for life.soullab.voicekernel.k00 to idle
    t =    21.41s     Find the "Export journal" Button
    t =    21.45s     Check for interrupting elements affecting "Export journal" Button
    t =    21.49s     Synthesize event
    t =    21.90s     Wait for life.soullab.voicekernel.k00 to idle
    t =    24.11s Terminate life.soullab.voicekernel.k00:64056
    t =    25.18s Wait for life.soullab.voicekernel.k00 to become Not Running
    t =    25.18s Tear Down
Test Case '-[DriverUITests.K00DriverTests testOneSample]' passed (25.245 seconds).
Test Suite 'K00DriverTests' passed at 2026-09-14 10:30:52.721.
	 Executed 1 test, with 0 failures (0 unexpected) in 25.245 (25.247) seconds
Test Suite 'DriverUITests.xctest' passed at 2026-09-14 10:30:52.723.
	 Executed 1 test, with 0 failures (0 unexpected) in 25.245 (25.249) seconds
Test Suite 'Selected tests' passed at 2026-09-14 10:30:52.733.
	 Executed 1 test, with 0 failures (0 unexpected) in 25.245 (25.259) seconds
2026-09-14 10:30:52.883 xcodebuild[3281:29215549] [MT] IDERunDestination: Supported platforms for the buildables in the current scheme is empty.
2026-09-14 10:30:53.071 xcodebuild[3281:29215549] [MT] IDETestOperationsObserverDebug: 27.887 elapsed -- Testing started completed.
2026-09-14 10:30:53.071 xcodebuild[3281:29215549] [MT] IDETestOperationsObserverDebug: 0.000 sec, +0.000 sec -- start
2026-09-14 10:30:53.071 xcodebuild[3281:29215549] [MT] IDETestOperationsObserverDebug: 27.887 sec, +27.887 sec -- end

Test session results, code coverage, and logs:
	/Users/soullab/Library/Developer/Xcode/DerivedData/VoiceKernelDriver-eksecghzohkcgdhjrwzsjybdwpvn/Logs/Test/Test-DriverUITests-2026.09.14_10-30-25--0400.xcresult

** TEST EXECUTE SUCCEEDED **

Testing started
