Command line invocation:
    /Applications/Xcode.app/Contents/Developer/usr/bin/xcodebuild test-without-building -xctestrun /private/tmp/voice-seam-01/ios/VoiceKernelDriver/.derived/Build/Products/DriverUITests_iphoneos26.2-arm64.xctestrun -destination id=00008140-00163D9922E0801C -collect-test-diagnostics never "-only-testing:DriverUITests/K00DriverTests/testOneSample"

2026-09-14 10:16:41.117 xcodebuild[1400:29185958] [MT] IDERunDestination: Supported platforms for the buildables in the current scheme is empty.
2026-09-14 10:16:41.120 xcodebuild[1400:29185958] [MT] IDERunDestination: Supported platforms for the buildables in the current scheme is empty.
2026-09-14 10:16:41.218 xcodebuild[1400:29185958] [MT] IDERunDestination: Supported platforms for the buildables in the current scheme is empty.
--- xcodebuild: WARNING: Using the first of multiple matching destinations:
{ platform:iOS, arch:arm64e, id:00008140-00163D9922E0801C, name:Kelly Nezat’s iPhone }
{ platform:iOS, arch:arm64, id:00008140-00163D9922E0801C, name:Kelly Nezat’s iPhone }
2026-09-14 10:16:41.480 xcodebuild[1400:29185958] [MT] IDERunDestination: Supported platforms for the buildables in the current scheme is empty.
2026-09-14 10:16:41.681 xcodebuild[1400:29185958] [MT] IDERunDestination: Supported platforms for the buildables in the current scheme is empty.
2026-09-14 10:16:43.560120-0400 DriverUITests-Runner[63969:14216304] [Default] Running tests...
    t =      nans Interface orientation changed to Portrait
Test Suite 'Selected tests' started at 2026-09-14 10:16:44.030.
Test Suite 'DriverUITests.xctest' started at 2026-09-14 10:16:44.030.
Test Suite 'K00DriverTests' started at 2026-09-14 10:16:44.030.
Test Case '-[DriverUITests.K00DriverTests testOneSample]' started.
    t =     0.00s Start Test at 2026-09-14 10:16:44.031
    t =     0.02s Set Up
    t =     0.03s Open life.soullab.voicekernel.k00
    t =     0.03s     Launch life.soullab.voicekernel.k00
    t =     0.12s         Setting up automation session
    t =     0.21s         Wait for life.soullab.voicekernel.k00 to idle
2026-09-14 10:16:44.263 xcodebuild[1400:29185958] [MT] IDERunDestination: Supported platforms for the buildables in the current scheme is empty.
    t =     1.30s Wait for life.soullab.voicekernel.k00 to become Running Foreground
    t =     1.31s Waiting 10.0s for "Enter conversation" Button to exist
    t =     2.32s     Checking `Expect predicate `existsNoRetry == 1` for object "Enter conversation" Button`
    t =     2.32s         Checking existence of `"Enter conversation" Button`
    t =     2.41s Checking existence of `"Voice processing: ON (default)" Button`
    t =     2.45s Checking existence of `"Voice processing: OFF (control run)" Button`
    t =     2.78s Waiting 3.0s for "Voice processing: ON (default)" Button to exist
    t =     3.82s     Checking `Expect predicate `existsNoRetry == 1` for object "Voice processing: ON (default)" Button`
    t =     3.82s         Checking existence of `"Voice processing: ON (default)" Button`
    t =     3.89s Waiting 5.0s for "Enter conversation" Button to exist
    t =     4.91s     Checking `Expect predicate `existsNoRetry == 1` for object "Enter conversation" Button`
    t =     4.91s         Checking existence of `"Enter conversation" Button`
    t =     4.97s Tap "Enter conversation" Button
    t =     4.97s     Wait for life.soullab.voicekernel.k00 to idle
    t =     4.98s     Find the "Enter conversation" Button
    t =     5.12s     Check for interrupting elements affecting "Enter conversation" Button
    t =     5.19s     Synthesize event
    t =     5.48s     Wait for life.soullab.voicekernel.k00 to idle
    t =    20.50s Waiting 5.0s for "Export journal" Button to exist
    t =    21.53s     Checking `Expect predicate `existsNoRetry == 1` for object "Export journal" Button`
    t =    21.53s         Checking existence of `"Export journal" Button`
    t =    21.61s Tap "Export journal" Button
    t =    21.61s     Wait for life.soullab.voicekernel.k00 to idle
    t =    21.62s     Find the "Export journal" Button
    t =    21.65s     Check for interrupting elements affecting "Export journal" Button
    t =    21.69s     Synthesize event
    t =    22.00s     Wait for life.soullab.voicekernel.k00 to idle
    t =    24.23s Terminate life.soullab.voicekernel.k00:63970
    t =    25.31s Wait for life.soullab.voicekernel.k00 to become Not Running
    t =    25.32s Tear Down
Test Case '-[DriverUITests.K00DriverTests testOneSample]' passed (25.379 seconds).
Test Suite 'K00DriverTests' passed at 2026-09-14 10:17:09.412.
	 Executed 1 test, with 0 failures (0 unexpected) in 25.379 (25.381) seconds
Test Suite 'DriverUITests.xctest' passed at 2026-09-14 10:17:09.415.
	 Executed 1 test, with 0 failures (0 unexpected) in 25.379 (25.385) seconds
Test Suite 'Selected tests' passed at 2026-09-14 10:17:09.416.
	 Executed 1 test, with 0 failures (0 unexpected) in 25.379 (25.387) seconds
2026-09-14 10:17:09.562 xcodebuild[1400:29185958] [MT] IDERunDestination: Supported platforms for the buildables in the current scheme is empty.
2026-09-14 10:17:09.752 xcodebuild[1400:29185958] [MT] IDETestOperationsObserverDebug: 28.271 elapsed -- Testing started completed.
2026-09-14 10:17:09.752 xcodebuild[1400:29185958] [MT] IDETestOperationsObserverDebug: 0.000 sec, +0.000 sec -- start
2026-09-14 10:17:09.752 xcodebuild[1400:29185958] [MT] IDETestOperationsObserverDebug: 28.271 sec, +28.271 sec -- end

Test session results, code coverage, and logs:
	/Users/soullab/Library/Developer/Xcode/DerivedData/VoiceKernelDriver-fwmdqzalbdpcjtfuroriyuugukpy/Logs/Test/Test-DriverUITests-2026.09.14_10-16-41--0400.xcresult

** TEST EXECUTE SUCCEEDED **

Testing started
