Command line invocation:
    /Applications/Xcode.app/Contents/Developer/usr/bin/xcodebuild test-without-building -xctestrun /private/tmp/voice-seam-01/ios/VoiceKernelDriver/.derived/Build/Products/DriverUITests_iphoneos26.2-arm64.xctestrun -destination id=00008140-00163D9922E0801C -collect-test-diagnostics never "-only-testing:DriverUITests/K00DriverTests/testOneSample"

2026-09-14 10:16:00.731 xcodebuild[1270:29184377] [MT] IDERunDestination: Supported platforms for the buildables in the current scheme is empty.
2026-09-14 10:16:00.734 xcodebuild[1270:29184377] [MT] IDERunDestination: Supported platforms for the buildables in the current scheme is empty.
2026-09-14 10:16:00.834 xcodebuild[1270:29184377] [MT] IDERunDestination: Supported platforms for the buildables in the current scheme is empty.
--- xcodebuild: WARNING: Using the first of multiple matching destinations:
{ platform:iOS, arch:arm64e, id:00008140-00163D9922E0801C, name:Kelly Nezat’s iPhone }
{ platform:iOS, arch:arm64, id:00008140-00163D9922E0801C, name:Kelly Nezat’s iPhone }
2026-09-14 10:16:01.081 xcodebuild[1270:29184377] [MT] IDERunDestination: Supported platforms for the buildables in the current scheme is empty.
2026-09-14 10:16:01.260 xcodebuild[1270:29184377] [MT] IDERunDestination: Supported platforms for the buildables in the current scheme is empty.
2026-09-14 10:16:03.224347-0400 DriverUITests-Runner[63966:14215001] [Default] Running tests...
    t =      nans Interface orientation changed to Portrait
Test Suite 'Selected tests' started at 2026-09-14 10:16:03.750.
Test Suite 'DriverUITests.xctest' started at 2026-09-14 10:16:03.751.
Test Suite 'K00DriverTests' started at 2026-09-14 10:16:03.751.
Test Case '-[DriverUITests.K00DriverTests testOneSample]' started.
    t =     0.00s Start Test at 2026-09-14 10:16:03.752
    t =     0.02s Set Up
    t =     0.03s Open life.soullab.voicekernel.k00
    t =     0.03s     Launch life.soullab.voicekernel.k00
    t =     0.13s         Setting up automation session
    t =     0.21s         Wait for life.soullab.voicekernel.k00 to idle
2026-09-14 10:16:04.013 xcodebuild[1270:29184377] [MT] IDERunDestination: Supported platforms for the buildables in the current scheme is empty.
    t =     1.32s Wait for life.soullab.voicekernel.k00 to become Running Foreground
    t =     1.33s Waiting 10.0s for "Enter conversation" Button to exist
    t =     2.40s     Checking `Expect predicate `existsNoRetry == 1` for object "Enter conversation" Button`
    t =     2.40s         Checking existence of `"Enter conversation" Button`
    t =     2.49s Checking existence of `"Voice processing: ON (default)" Button`
    t =     2.52s Checking existence of `"Voice processing: OFF (control run)" Button`
    t =     2.84s Waiting 3.0s for "Voice processing: ON (default)" Button to exist
    t =     3.85s     Checking `Expect predicate `existsNoRetry == 1` for object "Voice processing: ON (default)" Button`
    t =     3.85s         Checking existence of `"Voice processing: ON (default)" Button`
    t =     3.91s Waiting 5.0s for "Enter conversation" Button to exist
    t =     4.94s     Checking `Expect predicate `existsNoRetry == 1` for object "Enter conversation" Button`
    t =     4.95s         Checking existence of `"Enter conversation" Button`
    t =     5.00s Tap "Enter conversation" Button
    t =     5.00s     Wait for life.soullab.voicekernel.k00 to idle
    t =     5.01s     Find the "Enter conversation" Button
    t =     5.05s     Check for interrupting elements affecting "Enter conversation" Button
    t =     5.09s         Wait for com.apple.springboard to idle
    t =     5.16s     Synthesize event
    t =     5.46s     Wait for life.soullab.voicekernel.k00 to idle
    t =    20.47s Waiting 5.0s for "Export journal" Button to exist
    t =    21.51s     Checking `Expect predicate `existsNoRetry == 1` for object "Export journal" Button`
    t =    21.51s         Checking existence of `"Export journal" Button`
    t =    21.57s Tap "Export journal" Button
    t =    21.57s     Wait for life.soullab.voicekernel.k00 to idle
    t =    21.58s     Find the "Export journal" Button
    t =    21.61s     Check for interrupting elements affecting "Export journal" Button
    t =    21.65s     Synthesize event
    t =    21.95s     Wait for life.soullab.voicekernel.k00 to idle
    t =    24.17s Terminate life.soullab.voicekernel.k00:63967
    t =    25.27s Wait for life.soullab.voicekernel.k00 to become Not Running
    t =    25.27s Tear Down
Test Case '-[DriverUITests.K00DriverTests testOneSample]' passed (25.325 seconds).
Test Suite 'K00DriverTests' passed at 2026-09-14 10:16:29.077.
	 Executed 1 test, with 0 failures (0 unexpected) in 25.325 (25.326) seconds
Test Suite 'DriverUITests.xctest' passed at 2026-09-14 10:16:29.078.
	 Executed 1 test, with 0 failures (0 unexpected) in 25.325 (25.327) seconds
Test Suite 'Selected tests' passed at 2026-09-14 10:16:29.083.
	 Executed 1 test, with 0 failures (0 unexpected) in 25.325 (25.332) seconds
2026-09-14 10:16:29.253 xcodebuild[1270:29184377] [MT] IDERunDestination: Supported platforms for the buildables in the current scheme is empty.
2026-09-14 10:16:29.426 xcodebuild[1270:29184377] [MT] IDETestOperationsObserverDebug: 28.344 elapsed -- Testing started completed.
2026-09-14 10:16:29.426 xcodebuild[1270:29184377] [MT] IDETestOperationsObserverDebug: 0.000 sec, +0.000 sec -- start
2026-09-14 10:16:29.426 xcodebuild[1270:29184377] [MT] IDETestOperationsObserverDebug: 28.344 sec, +28.344 sec -- end

Test session results, code coverage, and logs:
	/Users/soullab/Library/Developer/Xcode/DerivedData/VoiceKernelDriver-dylrjqzkbiccuebimwkeiiowdvkd/Logs/Test/Test-DriverUITests-2026.09.14_10-16-00--0400.xcresult

** TEST EXECUTE SUCCEEDED **

Testing started
