Command line invocation:
    /Applications/Xcode.app/Contents/Developer/usr/bin/xcodebuild test-without-building -xctestrun /private/tmp/voice-seam-01/ios/VoiceKernelDriver/.derived/Build/Products/DriverUITests_iphoneos26.2-arm64.xctestrun -destination id=00008140-00163D9922E0801C -collect-test-diagnostics never "-only-testing:DriverUITests/K00DriverTests/testOneSample"

2026-09-14 10:28:52.275 xcodebuild[3096:29212441] [MT] IDERunDestination: Supported platforms for the buildables in the current scheme is empty.
2026-09-14 10:28:52.278 xcodebuild[3096:29212441] [MT] IDERunDestination: Supported platforms for the buildables in the current scheme is empty.
2026-09-14 10:28:52.378 xcodebuild[3096:29212441] [MT] IDERunDestination: Supported platforms for the buildables in the current scheme is empty.
--- xcodebuild: WARNING: Using the first of multiple matching destinations:
{ platform:iOS, arch:arm64e, id:00008140-00163D9922E0801C, name:Kelly Nezat’s iPhone }
{ platform:iOS, arch:arm64, id:00008140-00163D9922E0801C, name:Kelly Nezat’s iPhone }
2026-09-14 10:28:52.628 xcodebuild[3096:29212441] [MT] IDERunDestination: Supported platforms for the buildables in the current scheme is empty.
2026-09-14 10:28:52.815 xcodebuild[3096:29212441] [MT] IDERunDestination: Supported platforms for the buildables in the current scheme is empty.
2026-09-14 10:28:54.629551-0400 DriverUITests-Runner[64046:14241492] [Default] Running tests...
    t =      nans Interface orientation changed to Portrait
Test Suite 'Selected tests' started at 2026-09-14 10:28:55.112.
Test Suite 'DriverUITests.xctest' started at 2026-09-14 10:28:55.113.
Test Suite 'K00DriverTests' started at 2026-09-14 10:28:55.113.
Test Case '-[DriverUITests.K00DriverTests testOneSample]' started.
    t =     0.00s Start Test at 2026-09-14 10:28:55.114
    t =     0.02s Set Up
    t =     0.03s Open life.soullab.voicekernel.k00
    t =     0.03s     Launch life.soullab.voicekernel.k00
    t =     0.12s         Setting up automation session
    t =     0.19s         Wait for life.soullab.voicekernel.k00 to idle
2026-09-14 10:28:55.348 xcodebuild[3096:29212441] [MT] IDERunDestination: Supported platforms for the buildables in the current scheme is empty.
    t =     1.30s Wait for life.soullab.voicekernel.k00 to become Running Foreground
    t =     1.31s Waiting 10.0s for "Enter conversation" Button to exist
    t =     2.33s     Checking `Expect predicate `existsNoRetry == 1` for object "Enter conversation" Button`
    t =     2.34s         Checking existence of `"Enter conversation" Button`
    t =     2.43s Checking existence of `"Voice processing: ON (default)" Button`
    t =     2.46s Checking existence of `"Voice processing: OFF (control run)" Button`
    t =     2.78s Waiting 3.0s for "Voice processing: ON (default)" Button to exist
    t =     3.79s     Checking `Expect predicate `existsNoRetry == 1` for object "Voice processing: ON (default)" Button`
    t =     3.79s         Checking existence of `"Voice processing: ON (default)" Button`
    t =     3.86s Waiting 5.0s for "Enter conversation" Button to exist
    t =     4.89s     Checking `Expect predicate `existsNoRetry == 1` for object "Enter conversation" Button`
    t =     4.89s         Checking existence of `"Enter conversation" Button`
    t =     4.95s Tap "Enter conversation" Button
    t =     4.95s     Wait for life.soullab.voicekernel.k00 to idle
    t =     4.96s     Find the "Enter conversation" Button
2026-09-14 10:29:00.135 xcodebuild[3096:29212441] [MT] IDERunDestination: Supported platforms for the buildables in the current scheme is empty.
    t =     5.00s     Check for interrupting elements affecting "Enter conversation" Button
    t =     5.04s     Synthesize event
    t =     5.34s     Wait for life.soullab.voicekernel.k00 to idle
    t =    20.36s Waiting 5.0s for "Export journal" Button to exist
    t =    21.39s     Checking `Expect predicate `existsNoRetry == 1` for object "Export journal" Button`
    t =    21.40s         Checking existence of `"Export journal" Button`
    t =    21.46s Tap "Export journal" Button
    t =    21.46s     Wait for life.soullab.voicekernel.k00 to idle
    t =    21.46s     Find the "Export journal" Button
    t =    21.50s     Check for interrupting elements affecting "Export journal" Button
    t =    21.54s     Synthesize event
    t =    21.96s     Wait for life.soullab.voicekernel.k00 to idle
    t =    24.17s Terminate life.soullab.voicekernel.k00:64047
    t =    25.24s Wait for life.soullab.voicekernel.k00 to become Not Running
    t =    25.24s Tear Down
Test Case '-[DriverUITests.K00DriverTests testOneSample]' passed (25.300 seconds).
Test Suite 'K00DriverTests' passed at 2026-09-14 10:29:20.424.
	 Executed 1 test, with 0 failures (0 unexpected) in 25.300 (25.311) seconds
Test Suite 'DriverUITests.xctest' passed at 2026-09-14 10:29:20.425.
	 Executed 1 test, with 0 failures (0 unexpected) in 25.300 (25.313) seconds
Test Suite 'Selected tests' passed at 2026-09-14 10:29:20.427.
	 Executed 1 test, with 0 failures (0 unexpected) in 25.300 (25.315) seconds
2026-09-14 10:29:20.580 xcodebuild[3096:29212441] [MT] IDERunDestination: Supported platforms for the buildables in the current scheme is empty.
2026-09-14 10:29:20.796 xcodebuild[3096:29212441] [MT] IDETestOperationsObserverDebug: 28.167 elapsed -- Testing started completed.
2026-09-14 10:29:20.796 xcodebuild[3096:29212441] [MT] IDETestOperationsObserverDebug: 0.000 sec, +0.000 sec -- start
2026-09-14 10:29:20.796 xcodebuild[3096:29212441] [MT] IDETestOperationsObserverDebug: 28.167 sec, +28.167 sec -- end

Test session results, code coverage, and logs:
	/Users/soullab/Library/Developer/Xcode/DerivedData/VoiceKernelDriver-elasajyfubixurgdigooonmbdadd/Logs/Test/Test-DriverUITests-2026.09.14_10-28-52--0400.xcresult

** TEST EXECUTE SUCCEEDED **

Testing started
