Command line invocation:
    /Applications/Xcode.app/Contents/Developer/usr/bin/xcodebuild test-without-building -xctestrun /private/tmp/voice-seam-01/ios/VoiceKernelDriver/.derived/Build/Products/DriverUITests_iphoneos26.2-arm64.xctestrun -destination id=00008140-00163D9922E0801C -collect-test-diagnostics never "-only-testing:DriverUITests/K00DriverTests/testOneSample"

2026-09-14 10:20:06.254 xcodebuild[1857:29193339] [MT] IDERunDestination: Supported platforms for the buildables in the current scheme is empty.
2026-09-14 10:20:06.257 xcodebuild[1857:29193339] [MT] IDERunDestination: Supported platforms for the buildables in the current scheme is empty.
2026-09-14 10:20:06.355 xcodebuild[1857:29193339] [MT] IDERunDestination: Supported platforms for the buildables in the current scheme is empty.
--- xcodebuild: WARNING: Using the first of multiple matching destinations:
{ platform:iOS, arch:arm64e, id:00008140-00163D9922E0801C, name:Kelly Nezat’s iPhone }
{ platform:iOS, arch:arm64, id:00008140-00163D9922E0801C, name:Kelly Nezat’s iPhone }
2026-09-14 10:20:06.598 xcodebuild[1857:29193339] [MT] IDERunDestination: Supported platforms for the buildables in the current scheme is empty.
2026-09-14 10:20:06.783 xcodebuild[1857:29193339] [MT] IDERunDestination: Supported platforms for the buildables in the current scheme is empty.
2026-09-14 10:20:08.579445-0400 DriverUITests-Runner[63988:14223317] [Default] Running tests...
    t =      nans Interface orientation changed to Portrait
Test Suite 'Selected tests' started at 2026-09-14 10:20:09.054.
Test Suite 'DriverUITests.xctest' started at 2026-09-14 10:20:09.055.
Test Suite 'K00DriverTests' started at 2026-09-14 10:20:09.055.
Test Case '-[DriverUITests.K00DriverTests testOneSample]' started.
    t =     0.00s Start Test at 2026-09-14 10:20:09.056
    t =     0.02s Set Up
    t =     0.03s Open life.soullab.voicekernel.k00
    t =     0.03s     Launch life.soullab.voicekernel.k00
    t =     0.12s         Setting up automation session
2026-09-14 10:20:09.274 xcodebuild[1857:29193339] [MT] IDERunDestination: Supported platforms for the buildables in the current scheme is empty.
    t =     0.20s         Wait for life.soullab.voicekernel.k00 to idle
    t =     1.30s Wait for life.soullab.voicekernel.k00 to become Running Foreground
    t =     1.30s Waiting 10.0s for "Enter conversation" Button to exist
    t =     2.33s     Checking `Expect predicate `existsNoRetry == 1` for object "Enter conversation" Button`
    t =     2.33s         Checking existence of `"Enter conversation" Button`
    t =     2.42s Checking existence of `"Voice processing: ON (default)" Button`
    t =     2.45s Checking existence of `"Voice processing: OFF (control run)" Button`
    t =     2.77s Waiting 3.0s for "Voice processing: ON (default)" Button to exist
    t =     3.78s     Checking `Expect predicate `existsNoRetry == 1` for object "Voice processing: ON (default)" Button`
    t =     3.78s         Checking existence of `"Voice processing: ON (default)" Button`
    t =     3.84s Waiting 5.0s for "Enter conversation" Button to exist
    t =     4.85s     Checking `Expect predicate `existsNoRetry == 1` for object "Enter conversation" Button`
    t =     4.85s         Checking existence of `"Enter conversation" Button`
    t =     4.91s Tap "Enter conversation" Button
    t =     4.91s     Wait for life.soullab.voicekernel.k00 to idle
    t =     4.92s     Find the "Enter conversation" Button
    t =     4.96s     Check for interrupting elements affecting "Enter conversation" Button
    t =     5.00s     Synthesize event
    t =     5.29s     Wait for life.soullab.voicekernel.k00 to idle
    t =    20.31s Waiting 5.0s for "Export journal" Button to exist
    t =    21.34s     Checking `Expect predicate `existsNoRetry == 1` for object "Export journal" Button`
    t =    21.34s         Checking existence of `"Export journal" Button`
    t =    21.40s Tap "Export journal" Button
    t =    21.40s     Wait for life.soullab.voicekernel.k00 to idle
    t =    21.41s     Find the "Export journal" Button
    t =    21.55s     Check for interrupting elements affecting "Export journal" Button
    t =    21.63s     Synthesize event
    t =    21.95s     Wait for life.soullab.voicekernel.k00 to idle
    t =    24.15s Terminate life.soullab.voicekernel.k00:63989
    t =    25.24s Wait for life.soullab.voicekernel.k00 to become Not Running
    t =    25.24s Tear Down
Test Case '-[DriverUITests.K00DriverTests testOneSample]' passed (25.294 seconds).
Test Suite 'K00DriverTests' passed at 2026-09-14 10:20:34.351.
	 Executed 1 test, with 0 failures (0 unexpected) in 25.294 (25.296) seconds
Test Suite 'DriverUITests.xctest' passed at 2026-09-14 10:20:34.353.
	 Executed 1 test, with 0 failures (0 unexpected) in 25.294 (25.298) seconds
Test Suite 'Selected tests' passed at 2026-09-14 10:20:34.354.
	 Executed 1 test, with 0 failures (0 unexpected) in 25.294 (25.300) seconds
2026-09-14 10:20:34.508 xcodebuild[1857:29193339] [MT] IDERunDestination: Supported platforms for the buildables in the current scheme is empty.
2026-09-14 10:20:34.687 xcodebuild[1857:29193339] [MT] IDETestOperationsObserverDebug: 28.088 elapsed -- Testing started completed.
2026-09-14 10:20:34.687 xcodebuild[1857:29193339] [MT] IDETestOperationsObserverDebug: 0.000 sec, +0.000 sec -- start
2026-09-14 10:20:34.687 xcodebuild[1857:29193339] [MT] IDETestOperationsObserverDebug: 28.088 sec, +28.088 sec -- end

Test session results, code coverage, and logs:
	/Users/soullab/Library/Developer/Xcode/DerivedData/VoiceKernelDriver-egjckruncucoziemtzxvkoneyjeg/Logs/Test/Test-DriverUITests-2026.09.14_10-20-06--0400.xcresult

** TEST EXECUTE SUCCEEDED **

Testing started
