Command line invocation:
    /Applications/Xcode.app/Contents/Developer/usr/bin/xcodebuild test-without-building -xctestrun /private/tmp/voice-seam-01/ios/VoiceKernelDriver/.derived/Build/Products/DriverUITests_iphoneos26.2-arm64.xctestrun -destination id=00008140-00163D9922E0801C -collect-test-diagnostics never "-only-testing:DriverUITests/K00DriverTests/testOneSample"

2026-09-14 10:35:03.423 xcodebuild[3935:29226953] [MT] IDERunDestination: Supported platforms for the buildables in the current scheme is empty.
2026-09-14 10:35:03.426 xcodebuild[3935:29226953] [MT] IDERunDestination: Supported platforms for the buildables in the current scheme is empty.
2026-09-14 10:35:03.524 xcodebuild[3935:29226953] [MT] IDERunDestination: Supported platforms for the buildables in the current scheme is empty.
--- xcodebuild: WARNING: Using the first of multiple matching destinations:
{ platform:iOS, arch:arm64e, id:00008140-00163D9922E0801C, name:Kelly Nezat’s iPhone }
{ platform:iOS, arch:arm64, id:00008140-00163D9922E0801C, name:Kelly Nezat’s iPhone }
2026-09-14 10:35:03.790 xcodebuild[3935:29226953] [MT] IDERunDestination: Supported platforms for the buildables in the current scheme is empty.
2026-09-14 10:35:05.648331-0400 DriverUITests-Runner[64104:14253366] [Default] Running tests...
    t =      nans Interface orientation changed to Portrait
Test Suite 'Selected tests' started at 2026-09-14 10:35:06.211.
Test Suite 'DriverUITests.xctest' started at 2026-09-14 10:35:06.212.
Test Suite 'K00DriverTests' started at 2026-09-14 10:35:06.212.
Test Case '-[DriverUITests.K00DriverTests testOneSample]' started.
    t =     0.00s Start Test at 2026-09-14 10:35:06.213
    t =     0.02s Set Up
    t =     0.02s Open life.soullab.voicekernel.k00
    t =     0.02s     Launch life.soullab.voicekernel.k00
    t =     0.10s         Setting up automation session
    t =     0.20s         Wait for life.soullab.voicekernel.k00 to idle
2026-09-14 10:35:06.386 xcodebuild[3935:29226953] [MT] IDERunDestination: Supported platforms for the buildables in the current scheme is empty.
    t =     1.30s Wait for life.soullab.voicekernel.k00 to become Running Foreground
    t =     1.30s Waiting 10.0s for "Enter conversation" Button to exist
    t =     2.34s     Checking `Expect predicate `existsNoRetry == 1` for object "Enter conversation" Button`
    t =     2.34s         Checking existence of `"Enter conversation" Button`
    t =     2.43s Checking existence of `"Voice processing: ON (default)" Button`
    t =     2.46s Checking existence of `"Voice processing: OFF (control run)" Button`
    t =     2.78s Waiting 3.0s for "Voice processing: ON (default)" Button to exist
    t =     3.79s     Checking `Expect predicate `existsNoRetry == 1` for object "Voice processing: ON (default)" Button`
    t =     3.79s         Checking existence of `"Voice processing: ON (default)" Button`
    t =     3.85s Waiting 5.0s for "Enter conversation" Button to exist
    t =     4.86s     Checking `Expect predicate `existsNoRetry == 1` for object "Enter conversation" Button`
    t =     4.87s         Checking existence of `"Enter conversation" Button`
    t =     4.93s Tap "Enter conversation" Button
    t =     4.93s     Wait for life.soullab.voicekernel.k00 to idle
    t =     4.93s     Find the "Enter conversation" Button
    t =     4.97s     Check for interrupting elements affecting "Enter conversation" Button
    t =     5.01s     Synthesize event
    t =     5.31s     Wait for life.soullab.voicekernel.k00 to idle
    t =    20.32s Waiting 5.0s for "Export journal" Button to exist
    t =    21.36s     Checking `Expect predicate `existsNoRetry == 1` for object "Export journal" Button`
    t =    21.36s         Checking existence of `"Export journal" Button`
    t =    21.42s Tap "Export journal" Button
    t =    21.42s     Wait for life.soullab.voicekernel.k00 to idle
    t =    21.43s     Find the "Export journal" Button
    t =    21.46s     Check for interrupting elements affecting "Export journal" Button
    t =    21.50s     Synthesize event
    t =    21.81s     Wait for life.soullab.voicekernel.k00 to idle
    t =    24.02s Terminate life.soullab.voicekernel.k00:64105
    t =    25.09s Wait for life.soullab.voicekernel.k00 to become Not Running
    t =    25.10s Tear Down
Test Case '-[DriverUITests.K00DriverTests testOneSample]' passed (25.170 seconds).
Test Suite 'K00DriverTests' passed at 2026-09-14 10:35:31.388.
	 Executed 1 test, with 0 failures (0 unexpected) in 25.170 (25.176) seconds
Test Suite 'DriverUITests.xctest' passed at 2026-09-14 10:35:31.395.
	 Executed 1 test, with 0 failures (0 unexpected) in 25.170 (25.183) seconds
Test Suite 'Selected tests' passed at 2026-09-14 10:35:31.400.
	 Executed 1 test, with 0 failures (0 unexpected) in 25.170 (25.188) seconds
2026-09-14 10:35:31.478 xcodebuild[3935:29226953] [MT] IDERunDestination: Supported platforms for the buildables in the current scheme is empty.
2026-09-14 10:35:31.685 xcodebuild[3935:29226953] [MT] IDETestOperationsObserverDebug: 27.893 elapsed -- Testing started completed.
2026-09-14 10:35:31.685 xcodebuild[3935:29226953] [MT] IDETestOperationsObserverDebug: 0.000 sec, +0.000 sec -- start
2026-09-14 10:35:31.685 xcodebuild[3935:29226953] [MT] IDETestOperationsObserverDebug: 27.893 sec, +27.893 sec -- end

Test session results, code coverage, and logs:
	/Users/soullab/Library/Developer/Xcode/DerivedData/VoiceKernelDriver-bbkwnnzzogbxvsbvirrvlvmhvmho/Logs/Test/Test-DriverUITests-2026.09.14_10-35-03--0400.xcresult

** TEST EXECUTE SUCCEEDED **

Testing started
