Command line invocation:
    /Applications/Xcode.app/Contents/Developer/usr/bin/xcodebuild test-without-building -xctestrun /private/tmp/voice-seam-01/ios/VoiceKernelDriver/.derived/Build/Products/DriverUITests_iphoneos26.2-arm64.xctestrun -destination id=00008140-00163D9922E0801C -collect-test-diagnostics never "-only-testing:DriverUITests/K00DriverTests/testOneSample"

2026-09-14 10:19:24.420 xcodebuild[1757:29191757] [MT] IDERunDestination: Supported platforms for the buildables in the current scheme is empty.
2026-09-14 10:19:24.422 xcodebuild[1757:29191757] [MT] IDERunDestination: Supported platforms for the buildables in the current scheme is empty.
2026-09-14 10:19:24.521 xcodebuild[1757:29191757] [MT] IDERunDestination: Supported platforms for the buildables in the current scheme is empty.
--- xcodebuild: WARNING: Using the first of multiple matching destinations:
{ platform:iOS, arch:arm64e, id:00008140-00163D9922E0801C, name:Kelly Nezat’s iPhone }
{ platform:iOS, arch:arm64, id:00008140-00163D9922E0801C, name:Kelly Nezat’s iPhone }
2026-09-14 10:19:24.768 xcodebuild[1757:29191757] [MT] IDERunDestination: Supported platforms for the buildables in the current scheme is empty.
2026-09-14 10:19:24.952 xcodebuild[1757:29191757] [MT] IDERunDestination: Supported platforms for the buildables in the current scheme is empty.
2026-09-14 10:19:26.715925-0400 DriverUITests-Runner[63985:14222031] [Default] Running tests...
    t =      nans Interface orientation changed to Portrait
Test Suite 'Selected tests' started at 2026-09-14 10:19:27.189.
Test Suite 'DriverUITests.xctest' started at 2026-09-14 10:19:27.190.
Test Suite 'K00DriverTests' started at 2026-09-14 10:19:27.190.
Test Case '-[DriverUITests.K00DriverTests testOneSample]' started.
    t =     0.00s Start Test at 2026-09-14 10:19:27.191
    t =     0.02s Set Up
    t =     0.03s Open life.soullab.voicekernel.k00
    t =     0.03s     Launch life.soullab.voicekernel.k00
    t =     0.10s         Setting up automation session
    t =     0.20s         Wait for life.soullab.voicekernel.k00 to idle
2026-09-14 10:19:27.446 xcodebuild[1757:29191757] [MT] IDERunDestination: Supported platforms for the buildables in the current scheme is empty.
    t =     1.30s Wait for life.soullab.voicekernel.k00 to become Running Foreground
    t =     1.30s Waiting 10.0s for "Enter conversation" Button to exist
    t =     2.32s     Checking `Expect predicate `existsNoRetry == 1` for object "Enter conversation" Button`
    t =     2.32s         Checking existence of `"Enter conversation" Button`
    t =     2.42s Checking existence of `"Voice processing: ON (default)" Button`
    t =     2.44s Checking existence of `"Voice processing: OFF (control run)" Button`
    t =     2.77s Waiting 3.0s for "Voice processing: ON (default)" Button to exist
    t =     3.78s     Checking `Expect predicate `existsNoRetry == 1` for object "Voice processing: ON (default)" Button`
    t =     3.78s         Checking existence of `"Voice processing: ON (default)" Button`
    t =     3.85s Waiting 5.0s for "Enter conversation" Button to exist
    t =     4.86s     Checking `Expect predicate `existsNoRetry == 1` for object "Enter conversation" Button`
    t =     4.86s         Checking existence of `"Enter conversation" Button`
    t =     4.92s Tap "Enter conversation" Button
    t =     4.92s     Wait for life.soullab.voicekernel.k00 to idle
    t =     4.93s     Find the "Enter conversation" Button
    t =     4.97s     Check for interrupting elements affecting "Enter conversation" Button
    t =     5.01s     Synthesize event
    t =     5.31s     Wait for life.soullab.voicekernel.k00 to idle
    t =    20.32s Waiting 5.0s for "Export journal" Button to exist
    t =    21.35s     Checking `Expect predicate `existsNoRetry == 1` for object "Export journal" Button`
    t =    21.35s         Checking existence of `"Export journal" Button`
    t =    21.42s Tap "Export journal" Button
    t =    21.42s     Wait for life.soullab.voicekernel.k00 to idle
    t =    21.42s     Find the "Export journal" Button
    t =    21.46s     Check for interrupting elements affecting "Export journal" Button
    t =    21.49s     Synthesize event
    t =    21.80s     Wait for life.soullab.voicekernel.k00 to idle
    t =    24.20s Terminate life.soullab.voicekernel.k00:63986
    t =    25.23s Wait for life.soullab.voicekernel.k00 to become Not Running
    t =    25.24s Tear Down
Test Case '-[DriverUITests.K00DriverTests testOneSample]' passed (25.319 seconds).
Test Suite 'K00DriverTests' passed at 2026-09-14 10:19:52.511.
	 Executed 1 test, with 0 failures (0 unexpected) in 25.319 (25.321) seconds
Test Suite 'DriverUITests.xctest' passed at 2026-09-14 10:19:52.512.
	 Executed 1 test, with 0 failures (0 unexpected) in 25.319 (25.322) seconds
Test Suite 'Selected tests' passed at 2026-09-14 10:19:52.512.
	 Executed 1 test, with 0 failures (0 unexpected) in 25.319 (25.323) seconds
2026-09-14 10:19:52.657 xcodebuild[1757:29191757] [MT] IDERunDestination: Supported platforms for the buildables in the current scheme is empty.
2026-09-14 10:19:52.864 xcodebuild[1757:29191757] [MT] IDETestOperationsObserverDebug: 28.096 elapsed -- Testing started completed.
2026-09-14 10:19:52.864 xcodebuild[1757:29191757] [MT] IDETestOperationsObserverDebug: 0.000 sec, +0.000 sec -- start
2026-09-14 10:19:52.864 xcodebuild[1757:29191757] [MT] IDETestOperationsObserverDebug: 28.096 sec, +28.096 sec -- end

Test session results, code coverage, and logs:
	/Users/soullab/Library/Developer/Xcode/DerivedData/VoiceKernelDriver-eskuajalegzymnbeegkdmmsdfrgk/Logs/Test/Test-DriverUITests-2026.09.14_10-19-24--0400.xcresult

** TEST EXECUTE SUCCEEDED **

Testing started
