Command line invocation:
    /Applications/Xcode.app/Contents/Developer/usr/bin/xcodebuild test-without-building -xctestrun /private/tmp/voice-seam-01/ios/VoiceKernelDriver/.derived/Build/Products/DriverUITests_iphoneos26.2-arm64.xctestrun -destination id=00008140-00163D9922E0801C -collect-test-diagnostics never "-only-testing:DriverUITests/K00DriverTests/testOneSample"

2026-09-14 10:21:31.000 xcodebuild[2072:29196463] [MT] IDERunDestination: Supported platforms for the buildables in the current scheme is empty.
2026-09-14 10:21:31.003 xcodebuild[2072:29196463] [MT] IDERunDestination: Supported platforms for the buildables in the current scheme is empty.
2026-09-14 10:21:31.102 xcodebuild[2072:29196463] [MT] IDERunDestination: Supported platforms for the buildables in the current scheme is empty.
--- xcodebuild: WARNING: Using the first of multiple matching destinations:
{ platform:iOS, arch:arm64e, id:00008140-00163D9922E0801C, name:Kelly Nezat’s iPhone }
{ platform:iOS, arch:arm64, id:00008140-00163D9922E0801C, name:Kelly Nezat’s iPhone }
2026-09-14 10:21:31.358 xcodebuild[2072:29196463] [MT] IDERunDestination: Supported platforms for the buildables in the current scheme is empty.
2026-09-14 10:21:31.563 xcodebuild[2072:29196463] [MT] IDERunDestination: Supported platforms for the buildables in the current scheme is empty.
2026-09-14 10:21:33.481636-0400 DriverUITests-Runner[64002:14226296] [Default] Running tests...
    t =      nans Interface orientation changed to Portrait
Test Suite 'Selected tests' started at 2026-09-14 10:21:34.047.
Test Suite 'DriverUITests.xctest' started at 2026-09-14 10:21:34.047.
Test Suite 'K00DriverTests' started at 2026-09-14 10:21:34.048.
Test Case '-[DriverUITests.K00DriverTests testOneSample]' started.
    t =     0.00s Start Test at 2026-09-14 10:21:34.048
    t =     0.02s Set Up
    t =     0.02s Open life.soullab.voicekernel.k00
    t =     0.02s     Launch life.soullab.voicekernel.k00
    t =     0.09s         Setting up automation session
    t =     0.18s         Wait for life.soullab.voicekernel.k00 to idle
2026-09-14 10:21:34.288 xcodebuild[2072:29196463] [MT] IDERunDestination: Supported platforms for the buildables in the current scheme is empty.
    t =     1.28s Wait for life.soullab.voicekernel.k00 to become Running Foreground
    t =     1.29s Waiting 10.0s for "Enter conversation" Button to exist
    t =     2.33s     Checking `Expect predicate `existsNoRetry == 1` for object "Enter conversation" Button`
    t =     2.33s         Checking existence of `"Enter conversation" Button`
    t =     2.42s Checking existence of `"Voice processing: ON (default)" Button`
    t =     2.45s Checking existence of `"Voice processing: OFF (control run)" Button`
    t =     2.78s Waiting 3.0s for "Voice processing: ON (default)" Button to exist
    t =     3.79s     Checking `Expect predicate `existsNoRetry == 1` for object "Voice processing: ON (default)" Button`
    t =     3.79s         Checking existence of `"Voice processing: ON (default)" Button`
    t =     3.84s Waiting 5.0s for "Enter conversation" Button to exist
    t =     4.85s     Checking `Expect predicate `existsNoRetry == 1` for object "Enter conversation" Button`
    t =     4.85s         Checking existence of `"Enter conversation" Button`
    t =     4.91s Tap "Enter conversation" Button
    t =     4.91s     Wait for life.soullab.voicekernel.k00 to idle
    t =     4.91s     Find the "Enter conversation" Button
    t =     4.95s     Check for interrupting elements affecting "Enter conversation" Button
    t =     5.00s     Synthesize event
    t =     5.41s     Wait for life.soullab.voicekernel.k00 to idle
    t =    20.42s Waiting 5.0s for "Export journal" Button to exist
    t =    21.45s     Checking `Expect predicate `existsNoRetry == 1` for object "Export journal" Button`
    t =    21.45s         Checking existence of `"Export journal" Button`
    t =    21.52s Tap "Export journal" Button
    t =    21.52s     Wait for life.soullab.voicekernel.k00 to idle
    t =    21.53s     Find the "Export journal" Button
    t =    21.57s     Check for interrupting elements affecting "Export journal" Button
    t =    21.61s     Synthesize event
    t =    21.91s     Wait for life.soullab.voicekernel.k00 to idle
    t =    24.13s Terminate life.soullab.voicekernel.k00:64003
    t =    25.15s Wait for life.soullab.voicekernel.k00 to become Not Running
    t =    25.15s Tear Down
Test Case '-[DriverUITests.K00DriverTests testOneSample]' passed (25.210 seconds).
Test Suite 'K00DriverTests' passed at 2026-09-14 10:21:59.258.
	 Executed 1 test, with 0 failures (0 unexpected) in 25.210 (25.211) seconds
Test Suite 'DriverUITests.xctest' passed at 2026-09-14 10:21:59.261.
	 Executed 1 test, with 0 failures (0 unexpected) in 25.210 (25.214) seconds
Test Suite 'Selected tests' passed at 2026-09-14 10:21:59.262.
	 Executed 1 test, with 0 failures (0 unexpected) in 25.210 (25.215) seconds
2026-09-14 10:21:59.432 xcodebuild[2072:29196463] [MT] IDERunDestination: Supported platforms for the buildables in the current scheme is empty.
2026-09-14 10:21:59.578 xcodebuild[2072:29196463] [MT] IDETestOperationsObserverDebug: 28.219 elapsed -- Testing started completed.
2026-09-14 10:21:59.578 xcodebuild[2072:29196463] [MT] IDETestOperationsObserverDebug: 0.000 sec, +0.000 sec -- start
2026-09-14 10:21:59.578 xcodebuild[2072:29196463] [MT] IDETestOperationsObserverDebug: 28.219 sec, +28.219 sec -- end

Test session results, code coverage, and logs:
	/Users/soullab/Library/Developer/Xcode/DerivedData/VoiceKernelDriver-atrtbhdpmzlrcmccqhoigjdqpvxs/Logs/Test/Test-DriverUITests-2026.09.14_10-21-31--0400.xcresult

** TEST EXECUTE SUCCEEDED **

Testing started
