Command line invocation:
    /Applications/Xcode.app/Contents/Developer/usr/bin/xcodebuild test-without-building -xctestrun /private/tmp/voice-seam-01/ios/VoiceKernelDriver/.derived/Build/Products/DriverUITests_iphoneos26.2-arm64.xctestrun -destination id=00008140-00163D9922E0801C -collect-test-diagnostics never "-only-testing:DriverUITests/K00DriverTests/testOneSample"

2026-09-14 10:26:36.011 xcodebuild[2801:29207743] [MT] IDERunDestination: Supported platforms for the buildables in the current scheme is empty.
2026-09-14 10:26:36.014 xcodebuild[2801:29207743] [MT] IDERunDestination: Supported platforms for the buildables in the current scheme is empty.
2026-09-14 10:26:36.113 xcodebuild[2801:29207743] [MT] IDERunDestination: Supported platforms for the buildables in the current scheme is empty.
--- xcodebuild: WARNING: Using the first of multiple matching destinations:
{ platform:iOS, arch:arm64e, id:00008140-00163D9922E0801C, name:Kelly Nezat’s iPhone }
{ platform:iOS, arch:arm64, id:00008140-00163D9922E0801C, name:Kelly Nezat’s iPhone }
2026-09-14 10:26:36.362 xcodebuild[2801:29207743] [MT] IDERunDestination: Supported platforms for the buildables in the current scheme is empty.
2026-09-14 10:26:36.544 xcodebuild[2801:29207743] [MT] IDERunDestination: Supported platforms for the buildables in the current scheme is empty.
2026-09-14 10:26:38.648800-0400 DriverUITests-Runner[64035:14237035] [Default] Running tests...
    t =      nans Interface orientation changed to Portrait
Test Suite 'Selected tests' started at 2026-09-14 10:26:39.169.
Test Suite 'DriverUITests.xctest' started at 2026-09-14 10:26:39.170.
Test Suite 'K00DriverTests' started at 2026-09-14 10:26:39.170.
Test Case '-[DriverUITests.K00DriverTests testOneSample]' started.
    t =     0.00s Start Test at 2026-09-14 10:26:39.171
    t =     0.02s Set Up
    t =     0.02s Open life.soullab.voicekernel.k00
    t =     0.02s     Launch life.soullab.voicekernel.k00
    t =     0.13s         Setting up automation session
    t =     0.20s         Wait for life.soullab.voicekernel.k00 to idle
2026-09-14 10:26:39.442 xcodebuild[2801:29207743] [MT] IDERunDestination: Supported platforms for the buildables in the current scheme is empty.
    t =     1.32s Wait for life.soullab.voicekernel.k00 to become Running Foreground
    t =     1.33s Waiting 10.0s for "Enter conversation" Button to exist
    t =     2.38s     Checking `Expect predicate `existsNoRetry == 1` for object "Enter conversation" Button`
    t =     2.38s         Checking existence of `"Enter conversation" Button`
    t =     2.48s Checking existence of `"Voice processing: ON (default)" Button`
    t =     2.51s Checking existence of `"Voice processing: OFF (control run)" Button`
    t =     2.84s Waiting 3.0s for "Voice processing: ON (default)" Button to exist
    t =     3.84s     Checking `Expect predicate `existsNoRetry == 1` for object "Voice processing: ON (default)" Button`
    t =     3.84s         Checking existence of `"Voice processing: ON (default)" Button`
    t =     3.90s Waiting 5.0s for "Enter conversation" Button to exist
    t =     4.91s     Checking `Expect predicate `existsNoRetry == 1` for object "Enter conversation" Button`
    t =     4.91s         Checking existence of `"Enter conversation" Button`
    t =     4.97s Tap "Enter conversation" Button
    t =     4.97s     Wait for life.soullab.voicekernel.k00 to idle
    t =     4.98s     Find the "Enter conversation" Button
    t =     5.01s     Check for interrupting elements affecting "Enter conversation" Button
    t =     5.06s     Synthesize event
    t =     5.36s     Wait for life.soullab.voicekernel.k00 to idle
    t =    20.36s Waiting 5.0s for "Export journal" Button to exist
    t =    21.38s     Checking `Expect predicate `existsNoRetry == 1` for object "Export journal" Button`
    t =    21.39s         Checking existence of `"Export journal" Button`
    t =    21.45s Tap "Export journal" Button
    t =    21.45s     Wait for life.soullab.voicekernel.k00 to idle
    t =    21.46s     Find the "Export journal" Button
    t =    21.49s     Check for interrupting elements affecting "Export journal" Button
    t =    21.53s     Synthesize event
    t =    21.83s     Wait for life.soullab.voicekernel.k00 to idle
    t =    24.05s Terminate life.soullab.voicekernel.k00:64037
    t =    25.14s Wait for life.soullab.voicekernel.k00 to become Not Running
    t =    25.14s Tear Down
Test Case '-[DriverUITests.K00DriverTests testOneSample]' passed (25.229 seconds).
Test Suite 'K00DriverTests' passed at 2026-09-14 10:27:04.401.
	 Executed 1 test, with 0 failures (0 unexpected) in 25.229 (25.231) seconds
Test Suite 'DriverUITests.xctest' passed at 2026-09-14 10:27:04.414.
	 Executed 1 test, with 0 failures (0 unexpected) in 25.229 (25.244) seconds
Test Suite 'Selected tests' passed at 2026-09-14 10:27:04.415.
	 Executed 1 test, with 0 failures (0 unexpected) in 25.229 (25.246) seconds
2026-09-14 10:27:04.515 xcodebuild[2801:29207743] [MT] IDERunDestination: Supported platforms for the buildables in the current scheme is empty.
2026-09-14 10:27:04.716 xcodebuild[2801:29207743] [MT] IDETestOperationsObserverDebug: 28.353 elapsed -- Testing started completed.
2026-09-14 10:27:04.716 xcodebuild[2801:29207743] [MT] IDETestOperationsObserverDebug: 0.000 sec, +0.000 sec -- start
2026-09-14 10:27:04.716 xcodebuild[2801:29207743] [MT] IDETestOperationsObserverDebug: 28.353 sec, +28.353 sec -- end

Test session results, code coverage, and logs:
	/Users/soullab/Library/Developer/Xcode/DerivedData/VoiceKernelDriver-dmmpzkwobnbwhkbornotmvdrzijx/Logs/Test/Test-DriverUITests-2026.09.14_10-26-36--0400.xcresult

** TEST EXECUTE SUCCEEDED **

Testing started
