Command line invocation:
    /Applications/Xcode.app/Contents/Developer/usr/bin/xcodebuild test-without-building -xctestrun /private/tmp/voice-seam-01/ios/VoiceKernelDriver/.derived/Build/Products/DriverUITests_iphoneos26.2-arm64.xctestrun -destination id=00008140-00163D9922E0801C -collect-test-diagnostics never "-only-testing:DriverUITests/K00DriverTests/testOneSample"

2026-09-14 10:25:08.179 xcodebuild[2533:29204769] [MT] IDERunDestination: Supported platforms for the buildables in the current scheme is empty.
2026-09-14 10:25:08.182 xcodebuild[2533:29204769] [MT] IDERunDestination: Supported platforms for the buildables in the current scheme is empty.
2026-09-14 10:25:08.282 xcodebuild[2533:29204769] [MT] IDERunDestination: Supported platforms for the buildables in the current scheme is empty.
--- xcodebuild: WARNING: Using the first of multiple matching destinations:
{ platform:iOS, arch:arm64e, id:00008140-00163D9922E0801C, name:Kelly Nezat’s iPhone }
{ platform:iOS, arch:arm64, id:00008140-00163D9922E0801C, name:Kelly Nezat’s iPhone }
2026-09-14 10:25:08.530 xcodebuild[2533:29204769] [MT] IDERunDestination: Supported platforms for the buildables in the current scheme is empty.
2026-09-14 10:25:08.717 xcodebuild[2533:29204769] [MT] IDERunDestination: Supported platforms for the buildables in the current scheme is empty.
2026-09-14 10:25:10.393462-0400 DriverUITests-Runner[64024:14234018] [Default] Running tests...
    t =      nans Interface orientation changed to Portrait
Test Suite 'Selected tests' started at 2026-09-14 10:25:10.869.
Test Suite 'DriverUITests.xctest' started at 2026-09-14 10:25:10.869.
Test Suite 'K00DriverTests' started at 2026-09-14 10:25:10.869.
Test Case '-[DriverUITests.K00DriverTests testOneSample]' started.
    t =     0.00s Start Test at 2026-09-14 10:25:10.870
    t =     0.02s Set Up
    t =     0.02s Open life.soullab.voicekernel.k00
    t =     0.02s     Launch life.soullab.voicekernel.k00
    t =     0.12s         Setting up automation session
    t =     0.19s         Wait for life.soullab.voicekernel.k00 to idle
2026-09-14 10:25:11.106 xcodebuild[2533:29204769] [MT] IDERunDestination: Supported platforms for the buildables in the current scheme is empty.
    t =     1.30s Wait for life.soullab.voicekernel.k00 to become Running Foreground
    t =     1.30s Waiting 10.0s for "Enter conversation" Button to exist
    t =     2.31s     Checking `Expect predicate `existsNoRetry == 1` for object "Enter conversation" Button`
    t =     2.31s         Checking existence of `"Enter conversation" Button`
    t =     2.42s Checking existence of `"Voice processing: ON (default)" Button`
    t =     2.45s Checking existence of `"Voice processing: OFF (control run)" Button`
    t =     2.77s Waiting 3.0s for "Voice processing: ON (default)" Button to exist
    t =     3.80s     Checking `Expect predicate `existsNoRetry == 1` for object "Voice processing: ON (default)" Button`
    t =     3.80s         Checking existence of `"Voice processing: ON (default)" Button`
    t =     3.87s Waiting 5.0s for "Enter conversation" Button to exist
    t =     4.89s     Checking `Expect predicate `existsNoRetry == 1` for object "Enter conversation" Button`
    t =     4.90s         Checking existence of `"Enter conversation" Button`
    t =     4.96s Tap "Enter conversation" Button
    t =     4.96s     Wait for life.soullab.voicekernel.k00 to idle
    t =     4.96s     Find the "Enter conversation" Button
    t =     5.00s     Check for interrupting elements affecting "Enter conversation" Button
    t =     5.04s     Synthesize event
    t =     5.33s     Wait for life.soullab.voicekernel.k00 to idle
    t =    20.35s Waiting 5.0s for "Export journal" Button to exist
    t =    21.36s     Checking `Expect predicate `existsNoRetry == 1` for object "Export journal" Button`
    t =    21.36s         Checking existence of `"Export journal" Button`
    t =    21.43s Tap "Export journal" Button
    t =    21.43s     Wait for life.soullab.voicekernel.k00 to idle
    t =    21.44s     Find the "Export journal" Button
    t =    21.47s     Check for interrupting elements affecting "Export journal" Button
    t =    21.52s     Synthesize event
    t =    21.82s     Wait for life.soullab.voicekernel.k00 to idle
    t =    24.03s Terminate life.soullab.voicekernel.k00:64025
    t =    25.10s Wait for life.soullab.voicekernel.k00 to become Not Running
    t =    25.10s Tear Down
Test Case '-[DriverUITests.K00DriverTests testOneSample]' passed (25.169 seconds).
Test Suite 'K00DriverTests' passed at 2026-09-14 10:25:36.044.
	 Executed 1 test, with 0 failures (0 unexpected) in 25.169 (25.174) seconds
Test Suite 'DriverUITests.xctest' passed at 2026-09-14 10:25:36.049.
	 Executed 1 test, with 0 failures (0 unexpected) in 25.169 (25.180) seconds
Test Suite 'Selected tests' passed at 2026-09-14 10:25:36.052.
	 Executed 1 test, with 0 failures (0 unexpected) in 25.169 (25.184) seconds
2026-09-14 10:25:36.201 xcodebuild[2533:29204769] [MT] IDERunDestination: Supported platforms for the buildables in the current scheme is empty.
2026-09-14 10:25:36.410 xcodebuild[2533:29204769] [MT] IDETestOperationsObserverDebug: 27.879 elapsed -- Testing started completed.
2026-09-14 10:25:36.410 xcodebuild[2533:29204769] [MT] IDETestOperationsObserverDebug: 0.000 sec, +0.000 sec -- start
2026-09-14 10:25:36.410 xcodebuild[2533:29204769] [MT] IDETestOperationsObserverDebug: 27.879 sec, +27.879 sec -- end

Test session results, code coverage, and logs:
	/Users/soullab/Library/Developer/Xcode/DerivedData/VoiceKernelDriver-gflzqzesrpqdbjehhzylzjubrsay/Logs/Test/Test-DriverUITests-2026.09.14_10-25-08--0400.xcresult

** TEST EXECUTE SUCCEEDED **

Testing started
