Command line invocation:
    /Applications/Xcode.app/Contents/Developer/usr/bin/xcodebuild test-without-building -xctestrun /private/tmp/voice-seam-01/ios/VoiceKernelDriver/.derived/Build/Products/DriverUITests_iphoneos26.2-arm64.xctestrun -destination id=00008140-00163D9922E0801C -collect-test-diagnostics never "-only-testing:DriverUITests/K00DriverTests/testOneSample"

2026-09-14 10:15:20.889 xcodebuild[1170:29182846] [MT] IDERunDestination: Supported platforms for the buildables in the current scheme is empty.
2026-09-14 10:15:20.892 xcodebuild[1170:29182846] [MT] IDERunDestination: Supported platforms for the buildables in the current scheme is empty.
2026-09-14 10:15:20.991 xcodebuild[1170:29182846] [MT] IDERunDestination: Supported platforms for the buildables in the current scheme is empty.
--- xcodebuild: WARNING: Using the first of multiple matching destinations:
{ platform:iOS, arch:arm64e, id:00008140-00163D9922E0801C, name:Kelly Nezat’s iPhone }
{ platform:iOS, arch:arm64, id:00008140-00163D9922E0801C, name:Kelly Nezat’s iPhone }
2026-09-14 10:15:21.544 xcodebuild[1170:29182846] [MT] IDERunDestination: Supported platforms for the buildables in the current scheme is empty.
2026-09-14 10:15:23.429657-0400 DriverUITests-Runner[63958:14213480] [Default] Running tests...
    t =      nans Interface orientation changed to Portrait
Test Suite 'Selected tests' started at 2026-09-14 10:15:23.990.
Test Suite 'DriverUITests.xctest' started at 2026-09-14 10:15:23.991.
Test Suite 'K00DriverTests' started at 2026-09-14 10:15:23.991.
Test Case '-[DriverUITests.K00DriverTests testOneSample]' started.
    t =     0.00s Start Test at 2026-09-14 10:15:23.992
    t =     0.02s Set Up
    t =     0.02s Open life.soullab.voicekernel.k00
    t =     0.02s     Launch life.soullab.voicekernel.k00
    t =     0.12s         Setting up automation session
    t =     0.20s         Wait for life.soullab.voicekernel.k00 to idle
2026-09-14 10:15:24.210 xcodebuild[1170:29182846] [MT] IDERunDestination: Supported platforms for the buildables in the current scheme is empty.
    t =     1.31s Wait for life.soullab.voicekernel.k00 to become Running Foreground
    t =     1.31s Waiting 10.0s for "Enter conversation" Button to exist
    t =     2.32s     Checking `Expect predicate `existsNoRetry == 1` for object "Enter conversation" Button`
    t =     2.32s         Checking existence of `"Enter conversation" Button`
    t =     2.42s Checking existence of `"Voice processing: ON (default)" Button`
    t =     2.44s Checking existence of `"Voice processing: OFF (control run)" Button`
    t =     2.76s Waiting 3.0s for "Voice processing: ON (default)" Button to exist
    t =     3.77s     Checking `Expect predicate `existsNoRetry == 1` for object "Voice processing: ON (default)" Button`
    t =     3.77s         Checking existence of `"Voice processing: ON (default)" Button`
    t =     3.85s Waiting 5.0s for "Enter conversation" Button to exist
    t =     4.86s     Checking `Expect predicate `existsNoRetry == 1` for object "Enter conversation" Button`
    t =     4.86s         Checking existence of `"Enter conversation" Button`
    t =     4.93s Tap "Enter conversation" Button
    t =     4.93s     Wait for life.soullab.voicekernel.k00 to idle
    t =     4.93s     Find the "Enter conversation" Button
    t =     4.97s     Check for interrupting elements affecting "Enter conversation" Button
    t =     5.02s     Synthesize event
    t =     5.31s     Wait for life.soullab.voicekernel.k00 to idle
    t =    20.32s Waiting 5.0s for "Export journal" Button to exist
    t =    21.36s     Checking `Expect predicate `existsNoRetry == 1` for object "Export journal" Button`
    t =    21.36s         Checking existence of `"Export journal" Button`
    t =    21.43s Tap "Export journal" Button
    t =    21.43s     Wait for life.soullab.voicekernel.k00 to idle
    t =    21.44s     Find the "Export journal" Button
    t =    21.47s     Check for interrupting elements affecting "Export journal" Button
    t =    21.52s     Synthesize event
    t =    21.82s     Wait for life.soullab.voicekernel.k00 to idle
    t =    24.03s Terminate life.soullab.voicekernel.k00:63959
    t =    25.03s Wait for life.soullab.voicekernel.k00 to become Not Running
    t =    25.03s Tear Down
Test Case '-[DriverUITests.K00DriverTests testOneSample]' passed (25.104 seconds).
Test Suite 'K00DriverTests' passed at 2026-09-14 10:15:49.097.
	 Executed 1 test, with 0 failures (0 unexpected) in 25.104 (25.106) seconds
Test Suite 'DriverUITests.xctest' passed at 2026-09-14 10:15:49.100.
	 Executed 1 test, with 0 failures (0 unexpected) in 25.104 (25.109) seconds
Test Suite 'Selected tests' passed at 2026-09-14 10:15:49.105.
	 Executed 1 test, with 0 failures (0 unexpected) in 25.104 (25.115) seconds
2026-09-14 10:15:49.250 xcodebuild[1170:29182846] [MT] IDERunDestination: Supported platforms for the buildables in the current scheme is empty.
2026-09-14 10:15:49.443 xcodebuild[1170:29182846] [MT] IDETestOperationsObserverDebug: 27.898 elapsed -- Testing started completed.
2026-09-14 10:15:49.443 xcodebuild[1170:29182846] [MT] IDETestOperationsObserverDebug: 0.000 sec, +0.000 sec -- start
2026-09-14 10:15:49.443 xcodebuild[1170:29182846] [MT] IDETestOperationsObserverDebug: 27.898 sec, +27.898 sec -- end

Test session results, code coverage, and logs:
	/Users/soullab/Library/Developer/Xcode/DerivedData/VoiceKernelDriver-avqjjydhojfdflbsirfjvmoxubwz/Logs/Test/Test-DriverUITests-2026.09.14_10-15-21--0400.xcresult

** TEST EXECUTE SUCCEEDED **

Testing started
