Command line invocation:
    /Applications/Xcode.app/Contents/Developer/usr/bin/xcodebuild test-without-building -xctestrun /private/tmp/voice-seam-01/ios/VoiceKernelDriver/.derived/Build/Products/DriverUITests_iphoneos26.2-arm64.xctestrun -destination id=00008140-00163D9922E0801C -collect-test-diagnostics never "-only-testing:DriverUITests/K00DriverTests/testOneSample"

2026-09-14 10:22:57.626 xcodebuild[2258:29199903] [MT] IDERunDestination: Supported platforms for the buildables in the current scheme is empty.
2026-09-14 10:22:57.629 xcodebuild[2258:29199903] [MT] IDERunDestination: Supported platforms for the buildables in the current scheme is empty.
2026-09-14 10:22:57.729 xcodebuild[2258:29199903] [MT] IDERunDestination: Supported platforms for the buildables in the current scheme is empty.
--- xcodebuild: WARNING: Using the first of multiple matching destinations:
{ platform:iOS, arch:arm64e, id:00008140-00163D9922E0801C, name:Kelly Nezat’s iPhone }
{ platform:iOS, arch:arm64, id:00008140-00163D9922E0801C, name:Kelly Nezat’s iPhone }
2026-09-14 10:22:57.985 xcodebuild[2258:29199903] [MT] IDERunDestination: Supported platforms for the buildables in the current scheme is empty.
2026-09-14 10:22:58.172 xcodebuild[2258:29199903] [MT] IDERunDestination: Supported platforms for the buildables in the current scheme is empty.
2026-09-14 10:23:00.024614-0400 DriverUITests-Runner[64011:14229396] [Default] Running tests...
    t =      nans Interface orientation changed to Portrait
Test Suite 'Selected tests' started at 2026-09-14 10:23:00.498.
Test Suite 'DriverUITests.xctest' started at 2026-09-14 10:23:00.498.
Test Suite 'K00DriverTests' started at 2026-09-14 10:23:00.498.
Test Case '-[DriverUITests.K00DriverTests testOneSample]' started.
    t =     0.00s Start Test at 2026-09-14 10:23:00.499
    t =     0.02s Set Up
    t =     0.03s Open life.soullab.voicekernel.k00
    t =     0.03s     Launch life.soullab.voicekernel.k00
    t =     0.12s         Setting up automation session
    t =     0.20s         Wait for life.soullab.voicekernel.k00 to idle
2026-09-14 10:23:00.738 xcodebuild[2258:29199903] [MT] IDERunDestination: Supported platforms for the buildables in the current scheme is empty.
    t =     1.30s Wait for life.soullab.voicekernel.k00 to become Running Foreground
    t =     1.30s Waiting 10.0s for "Enter conversation" Button to exist
    t =     2.33s     Checking `Expect predicate `existsNoRetry == 1` for object "Enter conversation" Button`
    t =     2.33s         Checking existence of `"Enter conversation" Button`
    t =     2.42s Checking existence of `"Voice processing: ON (default)" Button`
    t =     2.45s Checking existence of `"Voice processing: OFF (control run)" Button`
    t =     2.77s Waiting 3.0s for "Voice processing: ON (default)" Button to exist
    t =     3.79s     Checking `Expect predicate `existsNoRetry == 1` for object "Voice processing: ON (default)" Button`
    t =     3.79s         Checking existence of `"Voice processing: ON (default)" Button`
    t =     3.85s Waiting 5.0s for "Enter conversation" Button to exist
    t =     4.85s     Checking `Expect predicate `existsNoRetry == 1` for object "Enter conversation" Button`
    t =     4.85s         Checking existence of `"Enter conversation" Button`
    t =     4.92s Tap "Enter conversation" Button
    t =     4.92s     Wait for life.soullab.voicekernel.k00 to idle
    t =     4.92s     Find the "Enter conversation" Button
    t =     4.96s     Check for interrupting elements affecting "Enter conversation" Button
    t =     5.01s     Synthesize event
    t =     5.31s     Wait for life.soullab.voicekernel.k00 to idle
    t =    20.32s Waiting 5.0s for "Export journal" Button to exist
    t =    21.35s     Checking `Expect predicate `existsNoRetry == 1` for object "Export journal" Button`
    t =    21.35s         Checking existence of `"Export journal" Button`
    t =    21.42s Tap "Export journal" Button
    t =    21.42s     Wait for life.soullab.voicekernel.k00 to idle
    t =    21.43s     Find the "Export journal" Button
    t =    21.46s     Check for interrupting elements affecting "Export journal" Button
    t =    21.51s     Synthesize event
    t =    21.82s     Wait for life.soullab.voicekernel.k00 to idle
    t =    24.02s Terminate life.soullab.voicekernel.k00:64012
    t =    25.11s Wait for life.soullab.voicekernel.k00 to become Not Running
    t =    25.11s Tear Down
Test Case '-[DriverUITests.K00DriverTests testOneSample]' passed (25.180 seconds).
Test Suite 'K00DriverTests' passed at 2026-09-14 10:23:25.680.
	 Executed 1 test, with 0 failures (0 unexpected) in 25.180 (25.182) seconds
Test Suite 'DriverUITests.xctest' passed at 2026-09-14 10:23:25.682.
	 Executed 1 test, with 0 failures (0 unexpected) in 25.180 (25.184) seconds
Test Suite 'Selected tests' passed at 2026-09-14 10:23:25.683.
	 Executed 1 test, with 0 failures (0 unexpected) in 25.180 (25.185) seconds
2026-09-14 10:23:25.840 xcodebuild[2258:29199903] [MT] IDERunDestination: Supported platforms for the buildables in the current scheme is empty.
2026-09-14 10:23:26.038 xcodebuild[2258:29199903] [MT] IDETestOperationsObserverDebug: 28.052 elapsed -- Testing started completed.
2026-09-14 10:23:26.038 xcodebuild[2258:29199903] [MT] IDETestOperationsObserverDebug: 0.000 sec, +0.000 sec -- start
2026-09-14 10:23:26.038 xcodebuild[2258:29199903] [MT] IDETestOperationsObserverDebug: 28.052 sec, +28.052 sec -- end

Test session results, code coverage, and logs:
	/Users/soullab/Library/Developer/Xcode/DerivedData/VoiceKernelDriver-fzzaaslfvhsakngsdbnlfavryhsj/Logs/Test/Test-DriverUITests-2026.09.14_10-22-57--0400.xcresult

** TEST EXECUTE SUCCEEDED **

Testing started
