Command line invocation:
    /Applications/Xcode.app/Contents/Developer/usr/bin/xcodebuild test-without-building -xctestrun /private/tmp/voice-seam-01/ios/VoiceKernelDriver/.derived/Build/Products/DriverUITests_iphoneos26.2-arm64.xctestrun -destination id=00008140-00163D9922E0801C -collect-test-diagnostics never "-only-testing:DriverUITests/K00DriverTests/testOneSample"

2026-09-14 10:32:46.575 xcodebuild[3661:29220951] [MT] IDERunDestination: Supported platforms for the buildables in the current scheme is empty.
2026-09-14 10:32:46.578 xcodebuild[3661:29220951] [MT] IDERunDestination: Supported platforms for the buildables in the current scheme is empty.
2026-09-14 10:32:46.678 xcodebuild[3661:29220951] [MT] IDERunDestination: Supported platforms for the buildables in the current scheme is empty.
--- xcodebuild: WARNING: Using the first of multiple matching destinations:
{ platform:iOS, arch:arm64e, id:00008140-00163D9922E0801C, name:Kelly Nezat’s iPhone }
{ platform:iOS, arch:arm64, id:00008140-00163D9922E0801C, name:Kelly Nezat’s iPhone }
2026-09-14 10:32:46.937 xcodebuild[3661:29220951] [MT] IDERunDestination: Supported platforms for the buildables in the current scheme is empty.
2026-09-14 10:32:47.130 xcodebuild[3661:29220951] [MT] IDERunDestination: Supported platforms for the buildables in the current scheme is empty.
2026-09-14 10:32:49.397942-0400 DriverUITests-Runner[64072:14249320] [Default] Running tests...
    t =      nans Interface orientation changed to Portrait
Test Suite 'Selected tests' started at 2026-09-14 10:32:49.988.
Test Suite 'DriverUITests.xctest' started at 2026-09-14 10:32:49.988.
Test Suite 'K00DriverTests' started at 2026-09-14 10:32:49.988.
Test Case '-[DriverUITests.K00DriverTests testOneSample]' started.
    t =     0.00s Start Test at 2026-09-14 10:32:49.989
    t =     0.01s Set Up
    t =     0.01s Open life.soullab.voicekernel.k00
    t =     0.01s     Launch life.soullab.voicekernel.k00
    t =     0.14s         Setting up automation session
2026-09-14 10:32:50.150 xcodebuild[3661:29220951] [MT] IDERunDestination: Supported platforms for the buildables in the current scheme is empty.
    t =     0.22s         Wait for life.soullab.voicekernel.k00 to idle
    t =     1.36s Wait for life.soullab.voicekernel.k00 to become Running Foreground
    t =     1.37s Waiting 10.0s for "Enter conversation" Button to exist
    t =     2.37s     Checking `Expect predicate `existsNoRetry == 1` for object "Enter conversation" Button`
    t =     2.37s         Checking existence of `"Enter conversation" Button`
    t =     2.47s Checking existence of `"Voice processing: ON (default)" Button`
    t =     2.50s Checking existence of `"Voice processing: OFF (control run)" Button`
    t =     2.82s Waiting 3.0s for "Voice processing: ON (default)" Button to exist
    t =     3.84s     Checking `Expect predicate `existsNoRetry == 1` for object "Voice processing: ON (default)" Button`
    t =     3.84s         Checking existence of `"Voice processing: ON (default)" Button`
    t =     3.90s Waiting 5.0s for "Enter conversation" Button to exist
    t =     4.91s     Checking `Expect predicate `existsNoRetry == 1` for object "Enter conversation" Button`
    t =     4.91s         Checking existence of `"Enter conversation" Button`
    t =     4.96s Tap "Enter conversation" Button
    t =     4.96s     Wait for life.soullab.voicekernel.k00 to idle
    t =     4.97s     Find the "Enter conversation" Button
    t =     5.01s     Check for interrupting elements affecting "Enter conversation" Button
    t =     5.05s     Synthesize event
    t =     5.36s     Wait for life.soullab.voicekernel.k00 to idle
2026-09-14 10:33:00.127 xcodebuild[3661:29220951] [MT] IDERunDestination: Supported platforms for the buildables in the current scheme is empty.
    t =    20.37s Waiting 5.0s for "Export journal" Button to exist
    t =    21.39s     Checking `Expect predicate `existsNoRetry == 1` for object "Export journal" Button`
    t =    21.39s         Checking existence of `"Export journal" Button`
    t =    21.45s Tap "Export journal" Button
    t =    21.45s     Wait for life.soullab.voicekernel.k00 to idle
    t =    21.46s     Find the "Export journal" Button
    t =    21.50s     Check for interrupting elements affecting "Export journal" Button
    t =    21.54s     Synthesize event
    t =    21.84s     Wait for life.soullab.voicekernel.k00 to idle
    t =    24.04s Terminate life.soullab.voicekernel.k00:64073
    t =    25.08s Wait for life.soullab.voicekernel.k00 to become Not Running
    t =    25.08s Tear Down
Test Case '-[DriverUITests.K00DriverTests testOneSample]' passed (25.126 seconds).
Test Suite 'K00DriverTests' passed at 2026-09-14 10:33:15.117.
	 Executed 1 test, with 0 failures (0 unexpected) in 25.126 (25.128) seconds
Test Suite 'DriverUITests.xctest' passed at 2026-09-14 10:33:15.120.
	 Executed 1 test, with 0 failures (0 unexpected) in 25.126 (25.131) seconds
Test Suite 'Selected tests' passed at 2026-09-14 10:33:15.120.
	 Executed 1 test, with 0 failures (0 unexpected) in 25.126 (25.132) seconds
2026-09-14 10:33:15.216 xcodebuild[3661:29220951] [MT] IDERunDestination: Supported platforms for the buildables in the current scheme is empty.
2026-09-14 10:33:15.399 xcodebuild[3661:29220951] [MT] IDETestOperationsObserverDebug: 28.461 elapsed -- Testing started completed.
2026-09-14 10:33:15.399 xcodebuild[3661:29220951] [MT] IDETestOperationsObserverDebug: 0.000 sec, +0.000 sec -- start
2026-09-14 10:33:15.399 xcodebuild[3661:29220951] [MT] IDETestOperationsObserverDebug: 28.461 sec, +28.461 sec -- end

Test session results, code coverage, and logs:
	/Users/soullab/Library/Developer/Xcode/DerivedData/VoiceKernelDriver-gulmeficyeuoaygpqytywzqxnbgz/Logs/Test/Test-DriverUITests-2026.09.14_10-32-46--0400.xcresult

** TEST EXECUTE SUCCEEDED **

Testing started
