Command line invocation:
    /Applications/Xcode.app/Contents/Developer/usr/bin/xcodebuild test-without-building -xctestrun /private/tmp/voice-seam-01/ios/VoiceKernelDriver/.derived/Build/Products/DriverUITests_iphoneos26.2-arm64.xctestrun -destination id=00008140-00163D9922E0801C -collect-test-diagnostics never "-only-testing:DriverUITests/K00DriverTests/testOneSample"

2026-09-14 10:37:30.461 xcodebuild[4715:29235205] [MT] IDERunDestination: Supported platforms for the buildables in the current scheme is empty.
2026-09-14 10:37:30.464 xcodebuild[4715:29235205] [MT] IDERunDestination: Supported platforms for the buildables in the current scheme is empty.
2026-09-14 10:37:30.563 xcodebuild[4715:29235205] [MT] IDERunDestination: Supported platforms for the buildables in the current scheme is empty.
--- xcodebuild: WARNING: Using the first of multiple matching destinations:
{ platform:iOS, arch:arm64e, id:00008140-00163D9922E0801C, name:Kelly Nezat’s iPhone }
{ platform:iOS, arch:arm64, id:00008140-00163D9922E0801C, name:Kelly Nezat’s iPhone }
2026-09-14 10:37:30.828 xcodebuild[4715:29235205] [MT] IDERunDestination: Supported platforms for the buildables in the current scheme is empty.
2026-09-14 10:37:32.501051-0400 DriverUITests-Runner[64118:14258013] [Default] Running tests...
    t =      nans Interface orientation changed to Portrait
Test Suite 'Selected tests' started at 2026-09-14 10:37:33.059.
Test Suite 'DriverUITests.xctest' started at 2026-09-14 10:37:33.060.
Test Suite 'K00DriverTests' started at 2026-09-14 10:37:33.060.
Test Case '-[DriverUITests.K00DriverTests testOneSample]' started.
    t =     0.00s Start Test at 2026-09-14 10:37:33.061
    t =     0.02s Set Up
    t =     0.03s Open life.soullab.voicekernel.k00
    t =     0.03s     Launch life.soullab.voicekernel.k00
    t =     0.11s         Setting up automation session
    t =     0.19s         Wait for life.soullab.voicekernel.k00 to idle
2026-09-14 10:37:33.226 xcodebuild[4715:29235205] [MT] IDERunDestination: Supported platforms for the buildables in the current scheme is empty.
    t =     1.30s Wait for life.soullab.voicekernel.k00 to become Running Foreground
    t =     1.31s Waiting 10.0s for "Enter conversation" Button to exist
    t =     2.34s     Checking `Expect predicate `existsNoRetry == 1` for object "Enter conversation" Button`
    t =     2.35s         Checking existence of `"Enter conversation" Button`
    t =     2.44s Checking existence of `"Voice processing: ON (default)" Button`
    t =     2.47s Checking existence of `"Voice processing: OFF (control run)" Button`
    t =     2.80s Waiting 3.0s for "Voice processing: ON (default)" Button to exist
    t =     3.81s     Checking `Expect predicate `existsNoRetry == 1` for object "Voice processing: ON (default)" Button`
    t =     3.81s         Checking existence of `"Voice processing: ON (default)" Button`
    t =     3.87s Waiting 5.0s for "Enter conversation" Button to exist
    t =     4.89s     Checking `Expect predicate `existsNoRetry == 1` for object "Enter conversation" Button`
    t =     4.89s         Checking existence of `"Enter conversation" Button`
    t =     4.95s Tap "Enter conversation" Button
    t =     4.95s     Wait for life.soullab.voicekernel.k00 to idle
    t =     4.96s     Find the "Enter conversation" Button
    t =     4.99s     Check for interrupting elements affecting "Enter conversation" Button
    t =     5.04s     Synthesize event
    t =     5.34s     Wait for life.soullab.voicekernel.k00 to idle
    t =    20.36s Waiting 5.0s for "Export journal" Button to exist
    t =    21.39s     Checking `Expect predicate `existsNoRetry == 1` for object "Export journal" Button`
    t =    21.39s         Checking existence of `"Export journal" Button`
    t =    21.46s Tap "Export journal" Button
    t =    21.46s     Wait for life.soullab.voicekernel.k00 to idle
    t =    21.46s     Find the "Export journal" Button
    t =    21.60s     Check for interrupting elements affecting "Export journal" Button
    t =    21.68s     Synthesize event
    t =    21.99s     Wait for life.soullab.voicekernel.k00 to idle
    t =    24.22s Terminate life.soullab.voicekernel.k00:64119
    t =    25.22s Wait for life.soullab.voicekernel.k00 to become Not Running
    t =    25.22s Tear Down
Test Case '-[DriverUITests.K00DriverTests testOneSample]' passed (25.318 seconds).
Test Suite 'K00DriverTests' passed at 2026-09-14 10:37:58.380.
	 Executed 1 test, with 0 failures (0 unexpected) in 25.318 (25.320) seconds
Test Suite 'DriverUITests.xctest' passed at 2026-09-14 10:37:58.384.
	 Executed 1 test, with 0 failures (0 unexpected) in 25.318 (25.324) seconds
Test Suite 'Selected tests' passed at 2026-09-14 10:37:58.395.
	 Executed 1 test, with 0 failures (0 unexpected) in 25.318 (25.336) seconds
2026-09-14 10:37:58.464 xcodebuild[4715:29235205] [MT] IDERunDestination: Supported platforms for the buildables in the current scheme is empty.
2026-09-14 10:37:58.656 xcodebuild[4715:29235205] [MT] IDETestOperationsObserverDebug: 27.826 elapsed -- Testing started completed.
2026-09-14 10:37:58.656 xcodebuild[4715:29235205] [MT] IDETestOperationsObserverDebug: 0.000 sec, +0.000 sec -- start
2026-09-14 10:37:58.656 xcodebuild[4715:29235205] [MT] IDETestOperationsObserverDebug: 27.826 sec, +27.826 sec -- end

Test session results, code coverage, and logs:
	/Users/soullab/Library/Developer/Xcode/DerivedData/VoiceKernelDriver-fmrzmuzzrfudqtgnnyeedhzxppcd/Logs/Test/Test-DriverUITests-2026.09.14_10-37-30--0400.xcresult

** TEST EXECUTE SUCCEEDED **

Testing started
