Command line invocation:
    /Applications/Xcode.app/Contents/Developer/usr/bin/xcodebuild test-without-building -xctestrun /private/tmp/voice-seam-01/ios/VoiceKernelDriver/.derived/Build/Products/DriverUITests_iphoneos26.2-arm64.xctestrun -destination id=00008140-00163D9922E0801C -collect-test-diagnostics never "-only-testing:DriverUITests/K00DriverTests/testOneSample"

2026-09-14 10:29:38.367 xcodebuild[3200:29214049] [MT] IDERunDestination: Supported platforms for the buildables in the current scheme is empty.
2026-09-14 10:29:38.371 xcodebuild[3200:29214049] [MT] IDERunDestination: Supported platforms for the buildables in the current scheme is empty.
2026-09-14 10:29:38.469 xcodebuild[3200:29214049] [MT] IDERunDestination: Supported platforms for the buildables in the current scheme is empty.
--- xcodebuild: WARNING: Using the first of multiple matching destinations:
{ platform:iOS, arch:arm64e, id:00008140-00163D9922E0801C, name:Kelly Nezat’s iPhone }
{ platform:iOS, arch:arm64, id:00008140-00163D9922E0801C, name:Kelly Nezat’s iPhone }
2026-09-14 10:29:38.736 xcodebuild[3200:29214049] [MT] IDERunDestination: Supported platforms for the buildables in the current scheme is empty.
2026-09-14 10:29:40.515077-0400 DriverUITests-Runner[64049:14242953] [Default] Running tests...
    t =      nans Interface orientation changed to Portrait
Test Suite 'Selected tests' started at 2026-09-14 10:29:40.998.
Test Suite 'DriverUITests.xctest' started at 2026-09-14 10:29:40.999.
Test Suite 'K00DriverTests' started at 2026-09-14 10:29:40.999.
Test Case '-[DriverUITests.K00DriverTests testOneSample]' started.
    t =     0.00s Start Test at 2026-09-14 10:29:41.000
    t =     0.02s Set Up
    t =     0.03s Open life.soullab.voicekernel.k00
    t =     0.03s     Launch life.soullab.voicekernel.k00
    t =     0.13s         Setting up automation session
    t =     0.20s         Wait for life.soullab.voicekernel.k00 to idle
2026-09-14 10:29:41.241 xcodebuild[3200:29214049] [MT] IDERunDestination: Supported platforms for the buildables in the current scheme is empty.
    t =     1.30s Wait for life.soullab.voicekernel.k00 to become Running Foreground
    t =     1.30s Waiting 10.0s for "Enter conversation" Button to exist
    t =     2.36s     Checking `Expect predicate `existsNoRetry == 1` for object "Enter conversation" Button`
    t =     2.36s         Checking existence of `"Enter conversation" Button`
    t =     2.46s Checking existence of `"Voice processing: ON (default)" Button`
    t =     2.48s Checking existence of `"Voice processing: OFF (control run)" Button`
    t =     2.81s Waiting 3.0s for "Voice processing: ON (default)" Button to exist
    t =     3.84s     Checking `Expect predicate `existsNoRetry == 1` for object "Voice processing: ON (default)" Button`
    t =     3.84s         Checking existence of `"Voice processing: ON (default)" Button`
    t =     3.91s Waiting 5.0s for "Enter conversation" Button to exist
    t =     4.93s     Checking `Expect predicate `existsNoRetry == 1` for object "Enter conversation" Button`
    t =     4.93s         Checking existence of `"Enter conversation" Button`
    t =     4.99s Tap "Enter conversation" Button
    t =     4.99s     Wait for life.soullab.voicekernel.k00 to idle
    t =     4.99s     Find the "Enter conversation" Button
    t =     5.04s     Check for interrupting elements affecting "Enter conversation" Button
    t =     5.08s     Synthesize event
    t =     5.38s     Wait for life.soullab.voicekernel.k00 to idle
    t =    20.39s Waiting 5.0s for "Export journal" Button to exist
    t =    21.42s     Checking `Expect predicate `existsNoRetry == 1` for object "Export journal" Button`
    t =    21.42s         Checking existence of `"Export journal" Button`
    t =    21.48s Tap "Export journal" Button
    t =    21.48s     Wait for life.soullab.voicekernel.k00 to idle
    t =    21.49s     Find the "Export journal" Button
    t =    21.53s     Check for interrupting elements affecting "Export journal" Button
    t =    21.57s     Synthesize event
    t =    21.98s     Wait for life.soullab.voicekernel.k00 to idle
    t =    24.20s Terminate life.soullab.voicekernel.k00:64050
    t =    25.28s Wait for life.soullab.voicekernel.k00 to become Not Running
    t =    25.28s Tear Down
Test Case '-[DriverUITests.K00DriverTests testOneSample]' passed (25.344 seconds).
Test Suite 'K00DriverTests' passed at 2026-09-14 10:30:06.345.
	 Executed 1 test, with 0 failures (0 unexpected) in 25.344 (25.346) seconds
Test Suite 'DriverUITests.xctest' passed at 2026-09-14 10:30:06.348.
	 Executed 1 test, with 0 failures (0 unexpected) in 25.344 (25.349) seconds
Test Suite 'Selected tests' passed at 2026-09-14 10:30:06.349.
	 Executed 1 test, with 0 failures (0 unexpected) in 25.344 (25.351) seconds
2026-09-14 10:30:06.508 xcodebuild[3200:29214049] [MT] IDERunDestination: Supported platforms for the buildables in the current scheme is empty.
2026-09-14 10:30:06.697 xcodebuild[3200:29214049] [MT] IDETestOperationsObserverDebug: 27.960 elapsed -- Testing started completed.
2026-09-14 10:30:06.697 xcodebuild[3200:29214049] [MT] IDETestOperationsObserverDebug: 0.000 sec, +0.000 sec -- start
2026-09-14 10:30:06.697 xcodebuild[3200:29214049] [MT] IDETestOperationsObserverDebug: 27.960 sec, +27.960 sec -- end

Test session results, code coverage, and logs:
	/Users/soullab/Library/Developer/Xcode/DerivedData/VoiceKernelDriver-dawaihejwlmuuyghwlbubdoblvvw/Logs/Test/Test-DriverUITests-2026.09.14_10-29-38--0400.xcresult

** TEST EXECUTE SUCCEEDED **

Testing started
