Command line invocation:
    /Applications/Xcode.app/Contents/Developer/usr/bin/xcodebuild test-without-building -xctestrun /private/tmp/voice-seam-01/ios/VoiceKernelDriver/.derived/Build/Products/DriverUITests_iphoneos26.2-arm64.xctestrun -destination id=00008140-00163D9922E0801C -collect-test-diagnostics never "-only-testing:DriverUITests/K00DriverTests/testOneSample"

2026-09-14 10:27:21.254 xcodebuild[2890:29209118] [MT] IDERunDestination: Supported platforms for the buildables in the current scheme is empty.
2026-09-14 10:27:21.257 xcodebuild[2890:29209118] [MT] IDERunDestination: Supported platforms for the buildables in the current scheme is empty.
2026-09-14 10:27:21.357 xcodebuild[2890:29209118] [MT] IDERunDestination: Supported platforms for the buildables in the current scheme is empty.
--- xcodebuild: WARNING: Using the first of multiple matching destinations:
{ platform:iOS, arch:arm64e, id:00008140-00163D9922E0801C, name:Kelly Nezat’s iPhone }
{ platform:iOS, arch:arm64, id:00008140-00163D9922E0801C, name:Kelly Nezat’s iPhone }
2026-09-14 10:27:21.618 xcodebuild[2890:29209118] [MT] IDERunDestination: Supported platforms for the buildables in the current scheme is empty.
2026-09-14 10:27:21.803 xcodebuild[2890:29209118] [MT] IDERunDestination: Supported platforms for the buildables in the current scheme is empty.
2026-09-14 10:27:23.404628-0400 DriverUITests-Runner[64039:14238573] [Default] Running tests...
    t =      nans Interface orientation changed to Portrait
Test Suite 'Selected tests' started at 2026-09-14 10:27:23.955.
Test Suite 'DriverUITests.xctest' started at 2026-09-14 10:27:23.955.
Test Suite 'K00DriverTests' started at 2026-09-14 10:27:23.955.
Test Case '-[DriverUITests.K00DriverTests testOneSample]' started.
    t =     0.00s Start Test at 2026-09-14 10:27:23.956
    t =     0.02s Set Up
    t =     0.02s Open life.soullab.voicekernel.k00
    t =     0.02s     Launch life.soullab.voicekernel.k00
    t =     0.10s         Setting up automation session
    t =     0.18s         Wait for life.soullab.voicekernel.k00 to idle
2026-09-14 10:27:24.204 xcodebuild[2890:29209118] [MT] IDERunDestination: Supported platforms for the buildables in the current scheme is empty.
    t =     1.29s Wait for life.soullab.voicekernel.k00 to become Running Foreground
    t =     1.29s Waiting 10.0s for "Enter conversation" Button to exist
    t =     2.32s     Checking `Expect predicate `existsNoRetry == 1` for object "Enter conversation" Button`
    t =     2.33s         Checking existence of `"Enter conversation" Button`
    t =     2.43s Checking existence of `"Voice processing: ON (default)" Button`
    t =     2.45s Checking existence of `"Voice processing: OFF (control run)" Button`
    t =     2.78s Waiting 3.0s for "Voice processing: ON (default)" Button to exist
    t =     3.81s     Checking `Expect predicate `existsNoRetry == 1` for object "Voice processing: ON (default)" Button`
    t =     3.81s         Checking existence of `"Voice processing: ON (default)" Button`
    t =     3.87s Waiting 5.0s for "Enter conversation" Button to exist
    t =     4.91s     Checking `Expect predicate `existsNoRetry == 1` for object "Enter conversation" Button`
    t =     4.91s         Checking existence of `"Enter conversation" Button`
    t =     4.97s Tap "Enter conversation" Button
    t =     4.97s     Wait for life.soullab.voicekernel.k00 to idle
    t =     4.98s     Find the "Enter conversation" Button
    t =     5.02s     Check for interrupting elements affecting "Enter conversation" Button
    t =     5.06s     Synthesize event
    t =     5.35s     Wait for life.soullab.voicekernel.k00 to idle
    t =    20.36s Waiting 5.0s for "Export journal" Button to exist
    t =    21.39s     Checking `Expect predicate `existsNoRetry == 1` for object "Export journal" Button`
    t =    21.40s         Checking existence of `"Export journal" Button`
    t =    21.46s Tap "Export journal" Button
    t =    21.46s     Wait for life.soullab.voicekernel.k00 to idle
    t =    21.47s     Find the "Export journal" Button
    t =    21.51s     Check for interrupting elements affecting "Export journal" Button
    t =    21.55s     Synthesize event
    t =    21.86s     Wait for life.soullab.voicekernel.k00 to idle
    t =    24.07s Terminate life.soullab.voicekernel.k00:64040
    t =    25.09s Wait for life.soullab.voicekernel.k00 to become Not Running
    t =    25.09s Tear Down
Test Case '-[DriverUITests.K00DriverTests testOneSample]' passed (25.160 seconds).
Test Suite 'K00DriverTests' passed at 2026-09-14 10:27:49.119.
	 Executed 1 test, with 0 failures (0 unexpected) in 25.160 (25.164) seconds
Test Suite 'DriverUITests.xctest' passed at 2026-09-14 10:27:49.123.
	 Executed 1 test, with 0 failures (0 unexpected) in 25.160 (25.168) seconds
Test Suite 'Selected tests' passed at 2026-09-14 10:27:49.135.
	 Executed 1 test, with 0 failures (0 unexpected) in 25.160 (25.181) seconds
2026-09-14 10:27:49.273 xcodebuild[2890:29209118] [MT] IDERunDestination: Supported platforms for the buildables in the current scheme is empty.
2026-09-14 10:27:49.478 xcodebuild[2890:29209118] [MT] IDETestOperationsObserverDebug: 27.859 elapsed -- Testing started completed.
2026-09-14 10:27:49.478 xcodebuild[2890:29209118] [MT] IDETestOperationsObserverDebug: 0.000 sec, +0.000 sec -- start
2026-09-14 10:27:49.478 xcodebuild[2890:29209118] [MT] IDETestOperationsObserverDebug: 27.859 sec, +27.859 sec -- end

Test session results, code coverage, and logs:
	/Users/soullab/Library/Developer/Xcode/DerivedData/VoiceKernelDriver-fearvkrvbyqoeagectfetofennwc/Logs/Test/Test-DriverUITests-2026.09.14_10-27-21--0400.xcresult

** TEST EXECUTE SUCCEEDED **

Testing started
