Command line invocation:
    /Applications/Xcode.app/Contents/Developer/usr/bin/xcodebuild test-without-building -xctestrun /private/tmp/voice-seam-01/ios/VoiceKernelDriver/.derived/Build/Products/DriverUITests_iphoneos26.2-arm64.xctestrun -destination id=00008140-00163D9922E0801C -collect-test-diagnostics never "-only-testing:DriverUITests/K00DriverTests/testOneSample"

2026-09-14 10:23:40.744 xcodebuild[2358:29201592] [MT] IDERunDestination: Supported platforms for the buildables in the current scheme is empty.
2026-09-14 10:23:40.747 xcodebuild[2358:29201592] [MT] IDERunDestination: Supported platforms for the buildables in the current scheme is empty.
2026-09-14 10:23:40.845 xcodebuild[2358:29201592] [MT] IDERunDestination: Supported platforms for the buildables in the current scheme is empty.
--- xcodebuild: WARNING: Using the first of multiple matching destinations:
{ platform:iOS, arch:arm64e, id:00008140-00163D9922E0801C, name:Kelly Nezat’s iPhone }
{ platform:iOS, arch:arm64, id:00008140-00163D9922E0801C, name:Kelly Nezat’s iPhone }
2026-09-14 10:23:41.104 xcodebuild[2358:29201592] [MT] IDERunDestination: Supported platforms for the buildables in the current scheme is empty.
2026-09-14 10:23:41.297 xcodebuild[2358:29201592] [MT] IDERunDestination: Supported platforms for the buildables in the current scheme is empty.
2026-09-14 10:23:42.771434-0400 DriverUITests-Runner[64015:14230993] [Default] Running tests...
    t =      nans Interface orientation changed to Portrait
Test Suite 'Selected tests' started at 2026-09-14 10:23:43.325.
Test Suite 'DriverUITests.xctest' started at 2026-09-14 10:23:43.326.
Test Suite 'K00DriverTests' started at 2026-09-14 10:23:43.326.
Test Case '-[DriverUITests.K00DriverTests testOneSample]' started.
    t =     0.00s Start Test at 2026-09-14 10:23:43.327
    t =     0.02s Set Up
    t =     0.02s Open life.soullab.voicekernel.k00
    t =     0.02s     Launch life.soullab.voicekernel.k00
    t =     0.11s         Setting up automation session
    t =     0.19s         Wait for life.soullab.voicekernel.k00 to idle
2026-09-14 10:23:43.563 xcodebuild[2358:29201592] [MT] IDERunDestination: Supported platforms for the buildables in the current scheme is empty.
    t =     1.30s Wait for life.soullab.voicekernel.k00 to become Running Foreground
    t =     1.31s Waiting 10.0s for "Enter conversation" Button to exist
    t =     2.32s     Checking `Expect predicate `existsNoRetry == 1` for object "Enter conversation" Button`
    t =     2.32s         Checking existence of `"Enter conversation" Button`
    t =     2.42s Checking existence of `"Voice processing: ON (default)" Button`
    t =     2.45s Checking existence of `"Voice processing: OFF (control run)" Button`
    t =     2.78s Waiting 3.0s for "Voice processing: ON (default)" Button to exist
    t =     3.79s     Checking `Expect predicate `existsNoRetry == 1` for object "Voice processing: ON (default)" Button`
    t =     3.79s         Checking existence of `"Voice processing: ON (default)" Button`
    t =     3.85s Waiting 5.0s for "Enter conversation" Button to exist
    t =     4.85s     Checking `Expect predicate `existsNoRetry == 1` for object "Enter conversation" Button`
    t =     4.86s         Checking existence of `"Enter conversation" Button`
    t =     4.91s Tap "Enter conversation" Button
    t =     4.91s     Wait for life.soullab.voicekernel.k00 to idle
    t =     4.92s     Find the "Enter conversation" Button
    t =     4.95s     Check for interrupting elements affecting "Enter conversation" Button
    t =     5.00s     Synthesize event
    t =     5.29s     Wait for life.soullab.voicekernel.k00 to idle
    t =    20.30s Waiting 5.0s for "Export journal" Button to exist
    t =    21.34s     Checking `Expect predicate `existsNoRetry == 1` for object "Export journal" Button`
    t =    21.34s         Checking existence of `"Export journal" Button`
    t =    21.41s Tap "Export journal" Button
    t =    21.41s     Wait for life.soullab.voicekernel.k00 to idle
    t =    21.41s     Find the "Export journal" Button
    t =    21.45s     Check for interrupting elements affecting "Export journal" Button
    t =    21.50s     Synthesize event
    t =    21.79s     Wait for life.soullab.voicekernel.k00 to idle
    t =    24.01s Terminate life.soullab.voicekernel.k00:64016
    t =    25.09s Wait for life.soullab.voicekernel.k00 to become Not Running
    t =    25.09s Tear Down
Test Case '-[DriverUITests.K00DriverTests testOneSample]' passed (25.161 seconds).
Test Suite 'K00DriverTests' passed at 2026-09-14 10:24:08.488.
	 Executed 1 test, with 0 failures (0 unexpected) in 25.161 (25.162) seconds
Test Suite 'DriverUITests.xctest' passed at 2026-09-14 10:24:08.490.
	 Executed 1 test, with 0 failures (0 unexpected) in 25.161 (25.164) seconds
Test Suite 'Selected tests' passed at 2026-09-14 10:24:08.499.
	 Executed 1 test, with 0 failures (0 unexpected) in 25.161 (25.174) seconds
2026-09-14 10:24:08.640 xcodebuild[2358:29201592] [MT] IDERunDestination: Supported platforms for the buildables in the current scheme is empty.
2026-09-14 10:24:08.834 xcodebuild[2358:29201592] [MT] IDETestOperationsObserverDebug: 27.728 elapsed -- Testing started completed.
2026-09-14 10:24:08.834 xcodebuild[2358:29201592] [MT] IDETestOperationsObserverDebug: 0.000 sec, +0.000 sec -- start
2026-09-14 10:24:08.834 xcodebuild[2358:29201592] [MT] IDETestOperationsObserverDebug: 27.728 sec, +27.728 sec -- end

Test session results, code coverage, and logs:
	/Users/soullab/Library/Developer/Xcode/DerivedData/VoiceKernelDriver-fiikpbqaedmhsfcwhgmifxfjnyyn/Logs/Test/Test-DriverUITests-2026.09.14_10-23-40--0400.xcresult

** TEST EXECUTE SUCCEEDED **

Testing started
