Command line invocation:
    /Applications/Xcode.app/Contents/Developer/usr/bin/xcodebuild test-without-building -xctestrun /private/tmp/voice-seam-01/ios/VoiceKernelDriver/.derived/Build/Products/DriverUITests_iphoneos26.2-arm64.xctestrun -destination id=00008140-00163D9922E0801C -collect-test-diagnostics never "-only-testing:DriverUITests/K00DriverTests/testOneSample"

2026-09-14 10:35:51.845 xcodebuild[4064:29229506] [MT] IDERunDestination: Supported platforms for the buildables in the current scheme is empty.
2026-09-14 10:35:51.849 xcodebuild[4064:29229506] [MT] IDERunDestination: Supported platforms for the buildables in the current scheme is empty.
2026-09-14 10:35:51.947 xcodebuild[4064:29229506] [MT] IDERunDestination: Supported platforms for the buildables in the current scheme is empty.
--- xcodebuild: WARNING: Using the first of multiple matching destinations:
{ platform:iOS, arch:arm64e, id:00008140-00163D9922E0801C, name:Kelly Nezat’s iPhone }
{ platform:iOS, arch:arm64, id:00008140-00163D9922E0801C, name:Kelly Nezat’s iPhone }
2026-09-14 10:35:52.221 xcodebuild[4064:29229506] [MT] IDERunDestination: Supported platforms for the buildables in the current scheme is empty.
2026-09-14 10:35:52.424 xcodebuild[4064:29229506] [MT] IDERunDestination: Supported platforms for the buildables in the current scheme is empty.
2026-09-14 10:35:54.369931-0400 DriverUITests-Runner[64110:14255052] [Default] Running tests...
    t =      nans Interface orientation changed to Portrait
Test Suite 'Selected tests' started at 2026-09-14 10:35:54.924.
Test Suite 'DriverUITests.xctest' started at 2026-09-14 10:35:54.924.
Test Suite 'K00DriverTests' started at 2026-09-14 10:35:54.925.
Test Case '-[DriverUITests.K00DriverTests testOneSample]' started.
    t =     0.00s Start Test at 2026-09-14 10:35:54.925
    t =     0.02s Set Up
    t =     0.02s Open life.soullab.voicekernel.k00
    t =     0.02s     Launch life.soullab.voicekernel.k00
    t =     0.10s         Setting up automation session
    t =     0.19s         Wait for life.soullab.voicekernel.k00 to idle
2026-09-14 10:35:55.110 xcodebuild[4064:29229506] [MT] IDERunDestination: Supported platforms for the buildables in the current scheme is empty.
    t =     1.29s Wait for life.soullab.voicekernel.k00 to become Running Foreground
    t =     1.29s Waiting 10.0s for "Enter conversation" Button to exist
    t =     2.32s     Checking `Expect predicate `existsNoRetry == 1` for object "Enter conversation" Button`
    t =     2.32s         Checking existence of `"Enter conversation" Button`
    t =     2.42s Checking existence of `"Voice processing: ON (default)" Button`
    t =     2.44s Checking existence of `"Voice processing: OFF (control run)" Button`
    t =     2.77s Waiting 3.0s for "Voice processing: ON (default)" Button to exist
    t =     3.80s     Checking `Expect predicate `existsNoRetry == 1` for object "Voice processing: ON (default)" Button`
    t =     3.80s         Checking existence of `"Voice processing: ON (default)" Button`
    t =     3.86s Waiting 5.0s for "Enter conversation" Button to exist
    t =     4.87s     Checking `Expect predicate `existsNoRetry == 1` for object "Enter conversation" Button`
    t =     4.87s         Checking existence of `"Enter conversation" Button`
    t =     4.93s Tap "Enter conversation" Button
    t =     4.94s     Wait for life.soullab.voicekernel.k00 to idle
    t =     4.94s     Find the "Enter conversation" Button
    t =     4.98s     Check for interrupting elements affecting "Enter conversation" Button
    t =     5.02s     Synthesize event
2026-09-14 10:36:00.146 xcodebuild[4064:29229506] [MT] IDERunDestination: Supported platforms for the buildables in the current scheme is empty.
    t =     5.32s     Wait for life.soullab.voicekernel.k00 to idle
    t =    20.33s Waiting 5.0s for "Export journal" Button to exist
    t =    21.36s     Checking `Expect predicate `existsNoRetry == 1` for object "Export journal" Button`
    t =    21.37s         Checking existence of `"Export journal" Button`
    t =    21.43s Tap "Export journal" Button
    t =    21.43s     Wait for life.soullab.voicekernel.k00 to idle
    t =    21.44s     Find the "Export journal" Button
    t =    21.47s     Check for interrupting elements affecting "Export journal" Button
    t =    21.51s     Synthesize event
    t =    21.82s     Wait for life.soullab.voicekernel.k00 to idle
    t =    24.03s Terminate life.soullab.voicekernel.k00:64111
    t =    25.12s Wait for life.soullab.voicekernel.k00 to become Not Running
    t =    25.12s Tear Down
Test Case '-[DriverUITests.K00DriverTests testOneSample]' passed (25.188 seconds).
Test Suite 'K00DriverTests' passed at 2026-09-14 10:36:20.116.
	 Executed 1 test, with 0 failures (0 unexpected) in 25.188 (25.192) seconds
Test Suite 'DriverUITests.xctest' passed at 2026-09-14 10:36:20.125.
	 Executed 1 test, with 0 failures (0 unexpected) in 25.188 (25.200) seconds
Test Suite 'Selected tests' passed at 2026-09-14 10:36:20.129.
	 Executed 1 test, with 0 failures (0 unexpected) in 25.188 (25.205) seconds
2026-09-14 10:36:20.209 xcodebuild[4064:29229506] [MT] IDERunDestination: Supported platforms for the buildables in the current scheme is empty.
2026-09-14 10:36:20.423 xcodebuild[4064:29229506] [MT] IDETestOperationsObserverDebug: 28.201 elapsed -- Testing started completed.
2026-09-14 10:36:20.423 xcodebuild[4064:29229506] [MT] IDETestOperationsObserverDebug: 0.000 sec, +0.000 sec -- start
2026-09-14 10:36:20.423 xcodebuild[4064:29229506] [MT] IDETestOperationsObserverDebug: 28.201 sec, +28.201 sec -- end

Test session results, code coverage, and logs:
	/Users/soullab/Library/Developer/Xcode/DerivedData/VoiceKernelDriver-cvxkendxsphbyucciqteqshuweaq/Logs/Test/Test-DriverUITests-2026.09.14_10-35-52--0400.xcresult

** TEST EXECUTE SUCCEEDED **

Testing started
