Command line invocation:
    /Applications/Xcode.app/Contents/Developer/usr/bin/xcodebuild test-without-building -xctestrun /private/tmp/k0506-s2w5-b198e2e37/ios/VoiceKernelDriver/.derived/Build/Products/DriverUITests_iphoneos26.2-arm64.xctestrun -destination id=00008140-00163D9922E0801C -collect-test-diagnostics never "-only-testing:DriverUITests/K00DriverTests/testOutputSample"

2026-09-15 11:50:02.097 xcodebuild[94771:31279502] [MT] IDERunDestination: Supported platforms for the buildables in the current scheme is empty.
2026-09-15 11:50:02.100 xcodebuild[94771:31279502] [MT] IDERunDestination: Supported platforms for the buildables in the current scheme is empty.
2026-09-15 11:50:02.199 xcodebuild[94771:31279502] [MT] IDERunDestination: Supported platforms for the buildables in the current scheme is empty.
--- xcodebuild: WARNING: Using the first of multiple matching destinations:
{ platform:iOS, arch:arm64e, id:00008140-00163D9922E0801C, name:Kelly Nezat’s iPhone }
{ platform:iOS, arch:arm64, id:00008140-00163D9922E0801C, name:Kelly Nezat’s iPhone }
2026-09-15 11:50:02.793 xcodebuild[94771:31279502] [MT] IDERunDestination: Supported platforms for the buildables in the current scheme is empty.
2026-09-15 11:50:02.981 xcodebuild[94771:31279502] [MT] IDERunDestination: Supported platforms for the buildables in the current scheme is empty.
2026-09-15 11:50:08.421594-0400 DriverUITests-Runner[1920:312397] [Default] Running tests...
    t =      nans Interface orientation changed to Portrait
Test Suite 'Selected tests' started at 2026-09-15 11:50:42.402.
Test Suite 'DriverUITests.xctest' started at 2026-09-15 11:50:42.402.
Test Suite 'K00DriverTests' started at 2026-09-15 11:50:42.402.
Test Case '-[DriverUITests.K00DriverTests testOutputSample]' started.
    t =     0.00s Start Test at 2026-09-15 11:50:42.402
    t =     0.02s Set Up
    t =     0.03s Open life.soullab.voicekernel.vpio02
    t =     0.03s     Launch life.soullab.voicekernel.vpio02
    t =     0.06s         Wait for accessibility to load
    t =     0.06s         Setting up automation session
2026-09-15 11:50:42.604 xcodebuild[94771:31279502] [MT] IDERunDestination: Supported platforms for the buildables in the current scheme is empty.
    t =     0.24s         Wait for life.soullab.voicekernel.vpio02 to idle
    t =     1.41s Wait for life.soullab.voicekernel.vpio02 to become Running Foreground
    t =     1.42s Waiting 10.0s for "Enter conversation" Button to exist
    t =     2.43s     Checking `Expect predicate `existsNoRetry == 1` for object "Enter conversation" Button`
    t =     2.43s         Checking existence of `"Enter conversation" Button`
    t =     2.53s Checking existence of `"Voice processing: ON (default)" Button`
    t =     2.55s Checking existence of `"Voice processing: OFF (control run)" Button`
    t =     2.88s Waiting 3.0s for "Voice processing: ON (default)" Button to exist
    t =     3.91s     Checking `Expect predicate `existsNoRetry == 1` for object "Voice processing: ON (default)" Button`
    t =     3.91s         Checking existence of `"Voice processing: ON (default)" Button`
    t =     3.98s Waiting 5.0s for "Enter conversation" Button to exist
    t =     5.01s     Checking `Expect predicate `existsNoRetry == 1` for object "Enter conversation" Button`
    t =     5.01s         Checking existence of `"Enter conversation" Button`
    t =     5.08s Tap "Enter conversation" Button
    t =     5.08s     Wait for life.soullab.voicekernel.vpio02 to idle
    t =     5.08s     Find the "Enter conversation" Button
    t =     5.12s     Check for interrupting elements affecting "Enter conversation" Button
    t =     5.17s     Synthesize event
    t =     5.58s     Wait for life.soullab.voicekernel.vpio02 to idle
    t =     5.62s Waiting 5.0s for "Play 3 s tone" Button to exist
    t =     6.64s     Checking `Expect predicate `existsNoRetry == 1` for object "Play 3 s tone" Button`
    t =     6.64s         Checking existence of `"Play 3 s tone" Button`
    t =     6.71s         Capturing element debug description
    t =     7.63s     Checking `Expect predicate `existsNoRetry == 1` for object "Play 3 s tone" Button`
    t =     7.63s         Checking existence of `"Play 3 s tone" Button`
    t =     7.68s         Capturing element debug description
    t =     8.71s     Checking `Expect predicate `existsNoRetry == 1` for object "Play 3 s tone" Button`
    t =     8.71s         Checking existence of `"Play 3 s tone" Button`
    t =     8.76s         Capturing element debug description
    t =     9.68s     Checking `Expect predicate `existsNoRetry == 1` for object "Play 3 s tone" Button`
    t =     9.68s         Checking existence of `"Play 3 s tone" Button`
    t =     9.73s         Capturing element debug description
    t =    10.63s     Checking `Expect predicate `existsNoRetry == 1` for object "Play 3 s tone" Button`
    t =    10.63s         Checking existence of `"Play 3 s tone" Button`
    t =    10.67s         Capturing element debug description
    t =    10.67s     Checking existence of `"Play 3 s tone" Button`
    t =    10.71s Collecting debug information to assist test failure triage
    t =    10.71s     Requesting snapshot of accessibility hierarchy for app with pid 1953
    t =    10.80s Swipe up Application 'life.soullab.voicekernel.vpio02'
    t =    10.80s     Wait for life.soullab.voicekernel.vpio02 to idle
    t =    10.80s     Find the Application 'life.soullab.voicekernel.vpio02'
    t =    10.82s     Check for interrupting elements affecting "VoiceKernel VPIO-02" Application
    t =    10.84s     Synthesize event
    t =    11.27s     Wait for life.soullab.voicekernel.vpio02 to idle
    t =    13.81s Checking existence of `"Play 3 s tone" Button`
2026-09-15 11:50:56.271713-0400 DriverUITests-Runner[1920:312397] K00-OUTPUT: reveal swipe 1/4 — 'Play 3 s tone' exists: true
    t =    13.87s Checking existence of `"Play 3 s tone" Button`
    t =    13.91s Find the "Play 3 s tone" Button
    t =    15.95s Tap "Play 3 s tone" Button
    t =    15.95s     Wait for life.soullab.voicekernel.vpio02 to idle
    t =    15.96s     Find the "Play 3 s tone" Button
    t =    16.12s     Check for interrupting elements affecting "Play 3 s tone" Button
    t =    16.19s     Synthesize event
    t =    16.51s     Wait for life.soullab.voicekernel.vpio02 to idle
2026-09-15 11:50:58.923745-0400 DriverUITests-Runner[1920:312397] K00-OUTPUT: Play 1 tapped
    t =    17.53s Checking existence of `"Cancel active" Button`
    t =    17.58s Find the "Cancel active" Button
    t =    17.62s Tap "Cancel active" Button
    t =    17.62s     Wait for life.soullab.voicekernel.vpio02 to idle
    t =    17.63s     Find the "Cancel active" Button
    t =    17.67s     Check for interrupting elements affecting "Cancel active" Button
    t =    17.71s     Synthesize event
    t =    18.01s     Wait for life.soullab.voicekernel.vpio02 to idle
2026-09-15 11:51:00.417482-0400 DriverUITests-Runner[1920:312397] K00-OUTPUT: Cancel active tapped at ≈1000 ms after Play 1
    t =    19.02s Checking existence of `"Play 3 s tone" Button`
    t =    19.08s Find the "Play 3 s tone" Button
    t =    19.11s Tap "Play 3 s tone" Button
    t =    19.11s     Wait for life.soullab.voicekernel.vpio02 to idle
    t =    19.12s     Find the "Play 3 s tone" Button
    t =    19.15s     Check for interrupting elements affecting "Play 3 s tone" Button
    t =    19.19s     Synthesize event
    t =    19.50s     Wait for life.soullab.voicekernel.vpio02 to idle
2026-09-15 11:51:01.904695-0400 DriverUITests-Runner[1920:312397] K00-OUTPUT: Play 2 tapped (left to complete)
    t =    24.01s Waiting 5.0s for "Export journal" Button to exist
    t =    25.04s     Checking `Expect predicate `existsNoRetry == 1` for object "Export journal" Button`
    t =    25.04s         Checking existence of `"Export journal" Button`
    t =    25.10s Tap "Export journal" Button
    t =    25.10s     Wait for life.soullab.voicekernel.vpio02 to idle
    t =    25.11s     Find the "Export journal" Button
    t =    25.15s     Check for interrupting elements affecting "Export journal" Button
    t =    25.19s     Synthesize event
    t =    25.50s     Wait for life.soullab.voicekernel.vpio02 to idle
    t =    27.75s Terminate life.soullab.voicekernel.vpio02:1953
    t =    28.81s Wait for life.soullab.voicekernel.vpio02 to become Not Running
    t =    28.82s Tear Down
Test Case '-[DriverUITests.K00DriverTests testOutputSample]' passed (28.890 seconds).
Test Suite 'K00DriverTests' passed at 2026-09-15 11:51:11.296.
	 Executed 1 test, with 0 failures (0 unexpected) in 28.890 (28.894) seconds
Test Suite 'DriverUITests.xctest' passed at 2026-09-15 11:51:11.304.
	 Executed 1 test, with 0 failures (0 unexpected) in 28.890 (28.902) seconds
Test Suite 'Selected tests' passed at 2026-09-15 11:51:11.304.
	 Executed 1 test, with 0 failures (0 unexpected) in 28.890 (28.903) seconds
2026-09-15 11:51:11.398 xcodebuild[94771:31279502] [MT] IDERunDestination: Supported platforms for the buildables in the current scheme is empty.
2026-09-15 11:51:11.608 xcodebuild[94771:31279502] [MT] IDETestOperationsObserverDebug: 68.814 elapsed -- Testing started completed.
2026-09-15 11:51:11.608 xcodebuild[94771:31279502] [MT] IDETestOperationsObserverDebug: 0.000 sec, +0.000 sec -- start
2026-09-15 11:51:11.608 xcodebuild[94771:31279502] [MT] IDETestOperationsObserverDebug: 68.814 sec, +68.814 sec -- end

Test session results, code coverage, and logs:
	/Users/soullab/Library/Developer/Xcode/DerivedData/VoiceKernelDriver-elldykeslekkmkdipgnozhstoxnn/Logs/Test/Test-DriverUITests-2026.09.15_11-50-02--0400.xcresult

** TEST EXECUTE SUCCEEDED **

Testing started
