Command line invocation:
    /Applications/Xcode.app/Contents/Developer/usr/bin/xcodebuild test-without-building -xctestrun /private/tmp/vpio-01b-driver-compile-record/ios/VoiceKernelDriver/.derived/Build/Products/DriverUITests_iphoneos26.2-arm64.xctestrun -destination id=00008140-00163D9922E0801C -collect-test-diagnostics never "-only-testing:DriverUITests/K00DriverTests/testOneSample"

2026-09-14 16:22:56.090 xcodebuild[46093:29744600] [MT] IDERunDestination: Supported platforms for the buildables in the current scheme is empty.
2026-09-14 16:22:56.093 xcodebuild[46093:29744600] [MT] IDERunDestination: Supported platforms for the buildables in the current scheme is empty.
2026-09-14 16:22:56.193 xcodebuild[46093:29744600] [MT] IDERunDestination: Supported platforms for the buildables in the current scheme is empty.
--- xcodebuild: WARNING: Using the first of multiple matching destinations:
{ platform:iOS, arch:arm64e, id:00008140-00163D9922E0801C, name:Kelly Nezat’s iPhone }
{ platform:iOS, arch:arm64, id:00008140-00163D9922E0801C, name:Kelly Nezat’s iPhone }
2026-09-14 16:22:56.456 xcodebuild[46093:29744600] [MT] IDERunDestination: Supported platforms for the buildables in the current scheme is empty.
2026-09-14 16:22:58.724536-0400 DriverUITests-Runner[65657:14490704] [Default] Running tests...
    t =      nans Interface orientation changed to Portrait
Test Suite 'Selected tests' started at 2026-09-14 16:22:59.195.
Test Suite 'DriverUITests.xctest' started at 2026-09-14 16:22:59.196.
Test Suite 'K00DriverTests' started at 2026-09-14 16:22:59.196.
Test Case '-[DriverUITests.K00DriverTests testOneSample]' started.
    t =     0.00s Start Test at 2026-09-14 16:22:59.197
    t =     0.02s Set Up
    t =     0.03s Open life.soullab.voicekernel.vpio01
    t =     0.03s     Launch life.soullab.voicekernel.vpio01
    t =     0.13s         Setting up automation session
    t =     0.20s         Wait for life.soullab.voicekernel.vpio01 to idle
2026-09-14 16:22:59.348 xcodebuild[46093:29744600] [MT] IDERunDestination: Supported platforms for the buildables in the current scheme is empty.
2026-09-14 16:23:00.139 xcodebuild[46093:29744600] [MT] IDERunDestination: Supported platforms for the buildables in the current scheme is empty.
    t =     1.31s Wait for life.soullab.voicekernel.vpio01 to become Running Foreground
    t =     1.32s Waiting 10.0s for "Enter conversation" Button to exist
    t =     2.36s     Checking `Expect predicate `existsNoRetry == 1` for object "Enter conversation" Button`
    t =     2.36s         Checking existence of `"Enter conversation" Button`
    t =     2.46s Checking existence of `"Voice processing: ON (default)" Button`
    t =     2.49s Checking existence of `"Voice processing: OFF (control run)" Button`
    t =     2.82s Waiting 3.0s for "Voice processing: ON (default)" Button to exist
    t =     3.86s     Checking `Expect predicate `existsNoRetry == 1` for object "Voice processing: ON (default)" Button`
    t =     3.86s         Checking existence of `"Voice processing: ON (default)" Button`
    t =     3.93s Waiting 5.0s for "Enter conversation" Button to exist
    t =     4.96s     Checking `Expect predicate `existsNoRetry == 1` for object "Enter conversation" Button`
    t =     4.96s         Checking existence of `"Enter conversation" Button`
    t =     5.02s Tap "Enter conversation" Button
    t =     5.02s     Wait for life.soullab.voicekernel.vpio01 to idle
    t =     5.03s     Find the "Enter conversation" Button
    t =     5.07s     Check for interrupting elements affecting "Enter conversation" Button
    t =     5.11s     Synthesize event
    t =     5.42s     Wait for life.soullab.voicekernel.vpio01 to idle
    t =    20.43s Waiting 5.0s for "Export journal" Button to exist
    t =    21.45s     Checking `Expect predicate `existsNoRetry == 1` for object "Export journal" Button`
    t =    21.45s         Checking existence of `"Export journal" Button`
    t =    21.52s Tap "Export journal" Button
    t =    21.52s     Wait for life.soullab.voicekernel.vpio01 to idle
    t =    21.52s     Find the "Export journal" Button
    t =    21.56s     Check for interrupting elements affecting "Export journal" Button
    t =    21.60s     Synthesize event
    t =    21.90s     Wait for life.soullab.voicekernel.vpio01 to idle
    t =    24.11s Terminate life.soullab.voicekernel.vpio01:65658
    t =    25.12s Wait for life.soullab.voicekernel.vpio01 to become Not Running
    t =    25.12s Tear Down
Test Case '-[DriverUITests.K00DriverTests testOneSample]' passed (25.179 seconds).
Test Suite 'K00DriverTests' passed at 2026-09-14 16:23:24.377.
	 Executed 1 test, with 0 failures (0 unexpected) in 25.179 (25.180) seconds
Test Suite 'DriverUITests.xctest' passed at 2026-09-14 16:23:24.377.
	 Executed 1 test, with 0 failures (0 unexpected) in 25.179 (25.181) seconds
Test Suite 'Selected tests' passed at 2026-09-14 16:23:24.378.
	 Executed 1 test, with 0 failures (0 unexpected) in 25.179 (25.182) seconds
2026-09-14 16:23:24.437 xcodebuild[46093:29744600] [MT] IDERunDestination: Supported platforms for the buildables in the current scheme is empty.
2026-09-14 16:23:24.630 xcodebuild[46093:29744600] [MT] IDETestOperationsObserverDebug: 28.172 elapsed -- Testing started completed.
2026-09-14 16:23:24.630 xcodebuild[46093:29744600] [MT] IDETestOperationsObserverDebug: 0.000 sec, +0.000 sec -- start
2026-09-14 16:23:24.630 xcodebuild[46093:29744600] [MT] IDETestOperationsObserverDebug: 28.172 sec, +28.172 sec -- end

Test session results, code coverage, and logs:
	/Users/soullab/Library/Developer/Xcode/DerivedData/VoiceKernelDriver-bgvtzftiljpslhfjlkdldtdgmbhs/Logs/Test/Test-DriverUITests-2026.09.14_16-22-56--0400.xcresult

** TEST EXECUTE SUCCEEDED **

Testing started
