Command line invocation:
    /Applications/Xcode.app/Contents/Developer/usr/bin/xcodebuild test-without-building -xctestrun /private/tmp/vpio-01b-driver-compile-record/ios/VoiceKernelDriver/.derived/Build/Products/DriverUITests_iphoneos26.2-arm64.xctestrun -destination id=00008140-00163D9922E0801C -collect-test-diagnostics never "-only-testing:DriverUITests/K00DriverTests/testOneSample"

2026-09-14 16:17:13.614 xcodebuild[44625:29732056] [MT] IDERunDestination: Supported platforms for the buildables in the current scheme is empty.
2026-09-14 16:17:13.617 xcodebuild[44625:29732056] [MT] IDERunDestination: Supported platforms for the buildables in the current scheme is empty.
2026-09-14 16:17:13.716 xcodebuild[44625:29732056] [MT] IDERunDestination: Supported platforms for the buildables in the current scheme is empty.
--- xcodebuild: WARNING: Using the first of multiple matching destinations:
{ platform:iOS, arch:arm64e, id:00008140-00163D9922E0801C, name:Kelly Nezat’s iPhone }
{ platform:iOS, arch:arm64, id:00008140-00163D9922E0801C, name:Kelly Nezat’s iPhone }
2026-09-14 16:17:13.968 xcodebuild[44625:29732056] [MT] IDERunDestination: Supported platforms for the buildables in the current scheme is empty.
2026-09-14 16:17:14.152 xcodebuild[44625:29732056] [MT] IDERunDestination: Supported platforms for the buildables in the current scheme is empty.
2026-09-14 16:17:15.783400-0400 DriverUITests-Runner[65568:14480093] [Default] Running tests...
    t =      nans Interface orientation changed to Portrait
Test Suite 'Selected tests' started at 2026-09-14 16:17:16.254.
Test Suite 'DriverUITests.xctest' started at 2026-09-14 16:17:16.255.
Test Suite 'K00DriverTests' started at 2026-09-14 16:17:16.255.
Test Case '-[DriverUITests.K00DriverTests testOneSample]' started.
    t =     0.00s Start Test at 2026-09-14 16:17:16.256
    t =     0.02s Set Up
    t =     0.02s Open life.soullab.voicekernel.vpio01
    t =     0.02s     Launch life.soullab.voicekernel.vpio01
    t =     0.10s         Setting up automation session
    t =     0.18s         Wait for life.soullab.voicekernel.vpio01 to idle
2026-09-14 16:17:16.409 xcodebuild[44625:29732056] [MT] IDERunDestination: Supported platforms for the buildables in the current scheme is empty.
    t =     1.27s Wait for life.soullab.voicekernel.vpio01 to become Running Foreground
    t =     1.28s Waiting 10.0s for "Enter conversation" Button to exist
    t =     2.29s     Checking `Expect predicate `existsNoRetry == 1` for object "Enter conversation" Button`
    t =     2.29s         Checking existence of `"Enter conversation" Button`
    t =     2.39s Checking existence of `"Voice processing: ON (default)" Button`
    t =     2.41s Checking existence of `"Voice processing: OFF (control run)" Button`
    t =     2.74s Waiting 3.0s for "Voice processing: ON (default)" Button to exist
    t =     3.76s     Checking `Expect predicate `existsNoRetry == 1` for object "Voice processing: ON (default)" Button`
    t =     3.76s         Checking existence of `"Voice processing: ON (default)" Button`
    t =     3.82s Waiting 5.0s for "Enter conversation" Button to exist
    t =     4.83s     Checking `Expect predicate `existsNoRetry == 1` for object "Enter conversation" Button`
    t =     4.83s         Checking existence of `"Enter conversation" Button`
    t =     4.89s Tap "Enter conversation" Button
    t =     4.89s     Wait for life.soullab.voicekernel.vpio01 to idle
    t =     4.90s     Find the "Enter conversation" Button
    t =     4.93s     Check for interrupting elements affecting "Enter conversation" Button
    t =     4.98s     Synthesize event
    t =     5.27s     Wait for life.soullab.voicekernel.vpio01 to idle
    t =    20.28s Waiting 5.0s for "Export journal" Button to exist
    t =    21.31s     Checking `Expect predicate `existsNoRetry == 1` for object "Export journal" Button`
    t =    21.32s         Checking existence of `"Export journal" Button`
    t =    21.38s Tap "Export journal" Button
    t =    21.38s     Wait for life.soullab.voicekernel.vpio01 to idle
    t =    21.39s     Find the "Export journal" Button
    t =    21.42s     Check for interrupting elements affecting "Export journal" Button
    t =    21.46s     Synthesize event
    t =    21.76s     Wait for life.soullab.voicekernel.vpio01 to idle
    t =    23.98s Terminate life.soullab.voicekernel.vpio01:65569
    t =    24.99s Wait for life.soullab.voicekernel.vpio01 to become Not Running
    t =    24.99s Tear Down
Test Case '-[DriverUITests.K00DriverTests testOneSample]' passed (25.040 seconds).
Test Suite 'K00DriverTests' passed at 2026-09-14 16:17:41.296.
	 Executed 1 test, with 0 failures (0 unexpected) in 25.040 (25.041) seconds
Test Suite 'DriverUITests.xctest' passed at 2026-09-14 16:17:41.297.
	 Executed 1 test, with 0 failures (0 unexpected) in 25.040 (25.042) seconds
Test Suite 'Selected tests' passed at 2026-09-14 16:17:41.297.
	 Executed 1 test, with 0 failures (0 unexpected) in 25.040 (25.043) seconds
2026-09-14 16:17:41.359 xcodebuild[44625:29732056] [MT] IDERunDestination: Supported platforms for the buildables in the current scheme is empty.
2026-09-14 16:17:41.569 xcodebuild[44625:29732056] [MT] IDETestOperationsObserverDebug: 27.599 elapsed -- Testing started completed.
2026-09-14 16:17:41.569 xcodebuild[44625:29732056] [MT] IDETestOperationsObserverDebug: 0.000 sec, +0.000 sec -- start
2026-09-14 16:17:41.569 xcodebuild[44625:29732056] [MT] IDETestOperationsObserverDebug: 27.599 sec, +27.599 sec -- end

Test session results, code coverage, and logs:
	/Users/soullab/Library/Developer/Xcode/DerivedData/VoiceKernelDriver-egtjdvkbalyzzzbglyxgkokkvvwq/Logs/Test/Test-DriverUITests-2026.09.14_16-17-13--0400.xcresult

** TEST EXECUTE SUCCEEDED **

Testing started
