Command line invocation:
    /Applications/Xcode.app/Contents/Developer/usr/bin/xcodebuild test-without-building -xctestrun /private/tmp/vpio-01b-driver-compile-record/ios/VoiceKernelDriver/.derived/Build/Products/DriverUITests_iphoneos26.2-arm64.xctestrun -destination id=00008140-00163D9922E0801C -collect-test-diagnostics never "-only-testing:DriverUITests/K00DriverTests/testOneSample"

2026-09-14 16:13:40.263 xcodebuild[43537:29724490] [MT] IDERunDestination: Supported platforms for the buildables in the current scheme is empty.
2026-09-14 16:13:40.266 xcodebuild[43537:29724490] [MT] IDERunDestination: Supported platforms for the buildables in the current scheme is empty.
2026-09-14 16:13:40.366 xcodebuild[43537:29724490] [MT] IDERunDestination: Supported platforms for the buildables in the current scheme is empty.
--- xcodebuild: WARNING: Using the first of multiple matching destinations:
{ platform:iOS, arch:arm64e, id:00008140-00163D9922E0801C, name:Kelly Nezat’s iPhone }
{ platform:iOS, arch:arm64, id:00008140-00163D9922E0801C, name:Kelly Nezat’s iPhone }
2026-09-14 16:13:40.615 xcodebuild[43537:29724490] [MT] IDERunDestination: Supported platforms for the buildables in the current scheme is empty.
2026-09-14 16:13:40.803 xcodebuild[43537:29724490] [MT] IDERunDestination: Supported platforms for the buildables in the current scheme is empty.
2026-09-14 16:13:42.465085-0400 DriverUITests-Runner[65530:14474075] [Default] Running tests...
    t =      nans Interface orientation changed to Portrait
Test Suite 'Selected tests' started at 2026-09-14 16:13:42.940.
Test Suite 'DriverUITests.xctest' started at 2026-09-14 16:13:42.941.
Test Suite 'K00DriverTests' started at 2026-09-14 16:13:42.941.
Test Case '-[DriverUITests.K00DriverTests testOneSample]' started.
    t =     0.00s Start Test at 2026-09-14 16:13:42.942
    t =     0.02s Set Up
    t =     0.02s Open life.soullab.voicekernel.vpio01
    t =     0.02s     Launch life.soullab.voicekernel.vpio01
    t =     0.11s         Setting up automation session
    t =     0.18s         Wait for life.soullab.voicekernel.vpio01 to idle
2026-09-14 16:13:43.074 xcodebuild[43537:29724490] [MT] IDERunDestination: Supported platforms for the buildables in the current scheme is empty.
    t =     1.27s Wait for life.soullab.voicekernel.vpio01 to become Running Foreground
    t =     1.28s Waiting 10.0s for "Enter conversation" Button to exist
    t =     2.34s     Checking `Expect predicate `existsNoRetry == 1` for object "Enter conversation" Button`
    t =     2.35s         Checking existence of `"Enter conversation" Button`
    t =     2.44s Checking existence of `"Voice processing: ON (default)" Button`
    t =     2.47s Checking existence of `"Voice processing: OFF (control run)" Button`
    t =     2.80s Waiting 3.0s for "Voice processing: ON (default)" Button to exist
    t =     3.82s     Checking `Expect predicate `existsNoRetry == 1` for object "Voice processing: ON (default)" Button`
    t =     3.83s         Checking existence of `"Voice processing: ON (default)" Button`
    t =     3.89s Waiting 5.0s for "Enter conversation" Button to exist
    t =     4.91s     Checking `Expect predicate `existsNoRetry == 1` for object "Enter conversation" Button`
    t =     4.92s         Checking existence of `"Enter conversation" Button`
    t =     4.98s Tap "Enter conversation" Button
    t =     4.98s     Wait for life.soullab.voicekernel.vpio01 to idle
    t =     4.99s     Find the "Enter conversation" Button
    t =     5.13s     Check for interrupting elements affecting "Enter conversation" Button
    t =     5.21s     Synthesize event
    t =     5.51s     Wait for life.soullab.voicekernel.vpio01 to idle
    t =    20.52s Waiting 5.0s for "Export journal" Button to exist
    t =    21.52s     Checking `Expect predicate `existsNoRetry == 1` for object "Export journal" Button`
    t =    21.53s         Checking existence of `"Export journal" Button`
    t =    21.59s Tap "Export journal" Button
    t =    21.59s     Wait for life.soullab.voicekernel.vpio01 to idle
    t =    21.60s     Find the "Export journal" Button
    t =    21.63s     Check for interrupting elements affecting "Export journal" Button
    t =    21.67s     Synthesize event
    t =    21.97s     Wait for life.soullab.voicekernel.vpio01 to idle
    t =    24.18s Terminate life.soullab.voicekernel.vpio01:65531
    t =    25.19s Wait for life.soullab.voicekernel.vpio01 to become Not Running
    t =    25.19s Tear Down
Test Case '-[DriverUITests.K00DriverTests testOneSample]' passed (25.249 seconds).
Test Suite 'K00DriverTests' passed at 2026-09-14 16:14:08.193.
	 Executed 1 test, with 0 failures (0 unexpected) in 25.249 (25.252) seconds
Test Suite 'DriverUITests.xctest' passed at 2026-09-14 16:14:08.196.
	 Executed 1 test, with 0 failures (0 unexpected) in 25.249 (25.256) seconds
Test Suite 'Selected tests' passed at 2026-09-14 16:14:08.199.
	 Executed 1 test, with 0 failures (0 unexpected) in 25.249 (25.259) seconds
2026-09-14 16:14:08.255 xcodebuild[43537:29724490] [MT] IDERunDestination: Supported platforms for the buildables in the current scheme is empty.
2026-09-14 16:14:08.458 xcodebuild[43537:29724490] [MT] IDETestOperationsObserverDebug: 27.842 elapsed -- Testing started completed.
2026-09-14 16:14:08.458 xcodebuild[43537:29724490] [MT] IDETestOperationsObserverDebug: 0.000 sec, +0.000 sec -- start
2026-09-14 16:14:08.458 xcodebuild[43537:29724490] [MT] IDETestOperationsObserverDebug: 27.842 sec, +27.842 sec -- end

Test session results, code coverage, and logs:
	/Users/soullab/Library/Developer/Xcode/DerivedData/VoiceKernelDriver-bbxwlncvxfybolefekfdfvpjcscg/Logs/Test/Test-DriverUITests-2026.09.14_16-13-40--0400.xcresult

** TEST EXECUTE SUCCEEDED **

Testing started
