Command line invocation:
    /Applications/Xcode.app/Contents/Developer/usr/bin/xcodebuild test-without-building -xctestrun /private/tmp/vpio-01b-driver-compile-record/ios/VoiceKernelDriver/.derived/Build/Products/DriverUITests_iphoneos26.2-arm64.xctestrun -destination id=00008140-00163D9922E0801C -collect-test-diagnostics never "-only-testing:DriverUITests/K00DriverTests/testOneSample"

2026-09-14 16:15:26.120 xcodebuild[44254:29729004] [MT] IDERunDestination: Supported platforms for the buildables in the current scheme is empty.
2026-09-14 16:15:26.123 xcodebuild[44254:29729004] [MT] IDERunDestination: Supported platforms for the buildables in the current scheme is empty.
2026-09-14 16:15:26.222 xcodebuild[44254:29729004] [MT] IDERunDestination: Supported platforms for the buildables in the current scheme is empty.
--- xcodebuild: WARNING: Using the first of multiple matching destinations:
{ platform:iOS, arch:arm64e, id:00008140-00163D9922E0801C, name:Kelly Nezat’s iPhone }
{ platform:iOS, arch:arm64, id:00008140-00163D9922E0801C, name:Kelly Nezat’s iPhone }
2026-09-14 16:15:26.523 xcodebuild[44254:29729004] [MT] IDERunDestination: Supported platforms for the buildables in the current scheme is empty.
2026-09-14 16:15:26.735 xcodebuild[44254:29729004] [MT] IDERunDestination: Supported platforms for the buildables in the current scheme is empty.
2026-09-14 16:15:28.568512-0400 DriverUITests-Runner[65554:14477095] [Default] Running tests...
    t =      nans Interface orientation changed to Portrait
Test Suite 'Selected tests' started at 2026-09-14 16:15:29.123.
Test Suite 'DriverUITests.xctest' started at 2026-09-14 16:15:29.123.
Test Suite 'K00DriverTests' started at 2026-09-14 16:15:29.124.
Test Case '-[DriverUITests.K00DriverTests testOneSample]' started.
    t =     0.00s Start Test at 2026-09-14 16:15:29.124
    t =     0.02s Set Up
    t =     0.02s Open life.soullab.voicekernel.vpio01
    t =     0.02s     Launch life.soullab.voicekernel.vpio01
    t =     0.12s         Setting up automation session
2026-09-14 16:15:29.243 xcodebuild[44254:29729004] [MT] IDERunDestination: Supported platforms for the buildables in the current scheme is empty.
    t =     0.19s         Wait for life.soullab.voicekernel.vpio01 to idle
    t =     1.30s Wait for life.soullab.voicekernel.vpio01 to become Running Foreground
    t =     1.31s Waiting 10.0s for "Enter conversation" Button to exist
    t =     2.34s     Checking `Expect predicate `existsNoRetry == 1` for object "Enter conversation" Button`
    t =     2.34s         Checking existence of `"Enter conversation" Button`
    t =     2.43s Checking existence of `"Voice processing: ON (default)" Button`
    t =     2.46s Checking existence of `"Voice processing: OFF (control run)" Button`
    t =     2.78s Waiting 3.0s for "Voice processing: ON (default)" Button to exist
    t =     3.80s     Checking `Expect predicate `existsNoRetry == 1` for object "Voice processing: ON (default)" Button`
    t =     3.80s         Checking existence of `"Voice processing: ON (default)" Button`
    t =     3.87s Waiting 5.0s for "Enter conversation" Button to exist
    t =     4.88s     Checking `Expect predicate `existsNoRetry == 1` for object "Enter conversation" Button`
    t =     4.88s         Checking existence of `"Enter conversation" Button`
    t =     4.95s Tap "Enter conversation" Button
    t =     4.95s     Wait for life.soullab.voicekernel.vpio01 to idle
    t =     4.96s     Find the "Enter conversation" Button
    t =     4.99s     Check for interrupting elements affecting "Enter conversation" Button
    t =     5.04s     Synthesize event
    t =     5.34s     Wait for life.soullab.voicekernel.vpio01 to idle
    t =    20.35s Waiting 5.0s for "Export journal" Button to exist
    t =    21.37s     Checking `Expect predicate `existsNoRetry == 1` for object "Export journal" Button`
    t =    21.37s         Checking existence of `"Export journal" Button`
    t =    21.44s Tap "Export journal" Button
    t =    21.44s     Wait for life.soullab.voicekernel.vpio01 to idle
    t =    21.44s     Find the "Export journal" Button
    t =    21.58s     Check for interrupting elements affecting "Export journal" Button
    t =    21.65s     Synthesize event
    t =    21.95s     Wait for life.soullab.voicekernel.vpio01 to idle
    t =    24.17s Terminate life.soullab.voicekernel.vpio01:65555
    t =    25.17s Wait for life.soullab.voicekernel.vpio01 to become Not Running
    t =    25.18s Tear Down
Test Case '-[DriverUITests.K00DriverTests testOneSample]' passed (25.233 seconds).
Test Suite 'K00DriverTests' passed at 2026-09-14 16:15:54.359.
	 Executed 1 test, with 0 failures (0 unexpected) in 25.233 (25.235) seconds
Test Suite 'DriverUITests.xctest' passed at 2026-09-14 16:15:54.362.
	 Executed 1 test, with 0 failures (0 unexpected) in 25.233 (25.238) seconds
Test Suite 'Selected tests' passed at 2026-09-14 16:15:54.367.
	 Executed 1 test, with 0 failures (0 unexpected) in 25.233 (25.244) seconds
2026-09-14 16:15:54.428 xcodebuild[44254:29729004] [MT] IDERunDestination: Supported platforms for the buildables in the current scheme is empty.
2026-09-14 16:15:54.628 xcodebuild[44254:29729004] [MT] IDETestOperationsObserverDebug: 28.104 elapsed -- Testing started completed.
2026-09-14 16:15:54.628 xcodebuild[44254:29729004] [MT] IDETestOperationsObserverDebug: 0.000 sec, +0.000 sec -- start
2026-09-14 16:15:54.628 xcodebuild[44254:29729004] [MT] IDETestOperationsObserverDebug: 28.104 sec, +28.104 sec -- end

Test session results, code coverage, and logs:
	/Users/soullab/Library/Developer/Xcode/DerivedData/VoiceKernelDriver-asazhdotkyxphxarxribitnkavvj/Logs/Test/Test-DriverUITests-2026.09.14_16-15-26--0400.xcresult

** TEST EXECUTE SUCCEEDED **

Testing started
