Command line invocation:
    /Applications/Xcode.app/Contents/Developer/usr/bin/xcodebuild test-without-building -xctestrun /private/tmp/vpio-01b-driver-compile-record/ios/VoiceKernelDriver/.derived/Build/Products/DriverUITests_iphoneos26.2-arm64.xctestrun -destination id=00008140-00163D9922E0801C -collect-test-diagnostics never "-only-testing:DriverUITests/K00DriverTests/testOneSample"

2026-09-14 16:19:04.126 xcodebuild[44943:29735149] [MT] IDERunDestination: Supported platforms for the buildables in the current scheme is empty.
2026-09-14 16:19:04.129 xcodebuild[44943:29735149] [MT] IDERunDestination: Supported platforms for the buildables in the current scheme is empty.
2026-09-14 16:19:04.229 xcodebuild[44943:29735149] [MT] IDERunDestination: Supported platforms for the buildables in the current scheme is empty.
--- xcodebuild: WARNING: Using the first of multiple matching destinations:
{ platform:iOS, arch:arm64e, id:00008140-00163D9922E0801C, name:Kelly Nezat’s iPhone }
{ platform:iOS, arch:arm64, id:00008140-00163D9922E0801C, name:Kelly Nezat’s iPhone }
2026-09-14 16:19:04.490 xcodebuild[44943:29735149] [MT] IDERunDestination: Supported platforms for the buildables in the current scheme is empty.
2026-09-14 16:19:04.702 xcodebuild[44943:29735149] [MT] IDERunDestination: Supported platforms for the buildables in the current scheme is empty.
2026-09-14 16:19:06.694057-0400 DriverUITests-Runner[65593:14483175] [Default] Running tests...
    t =      nans Interface orientation changed to Portrait
Test Suite 'Selected tests' started at 2026-09-14 16:19:07.164.
Test Suite 'DriverUITests.xctest' started at 2026-09-14 16:19:07.165.
Test Suite 'K00DriverTests' started at 2026-09-14 16:19:07.165.
Test Case '-[DriverUITests.K00DriverTests testOneSample]' started.
    t =     0.00s Start Test at 2026-09-14 16:19:07.166
    t =     0.02s Set Up
    t =     0.03s Open life.soullab.voicekernel.vpio01
    t =     0.03s     Launch life.soullab.voicekernel.vpio01
    t =     0.10s         Setting up automation session
    t =     0.19s         Wait for life.soullab.voicekernel.vpio01 to idle
2026-09-14 16:19:07.316 xcodebuild[44943:29735149] [MT] IDERunDestination: Supported platforms for the buildables in the current scheme is empty.
    t =     1.29s Wait for life.soullab.voicekernel.vpio01 to become Running Foreground
    t =     1.29s Waiting 10.0s for "Enter conversation" Button to exist
    t =     2.32s     Checking `Expect predicate `existsNoRetry == 1` for object "Enter conversation" Button`
    t =     2.32s         Checking existence of `"Enter conversation" Button`
    t =     2.42s Checking existence of `"Voice processing: ON (default)" Button`
    t =     2.45s Checking existence of `"Voice processing: OFF (control run)" Button`
    t =     2.77s Waiting 3.0s for "Voice processing: ON (default)" Button to exist
    t =     3.77s     Checking `Expect predicate `existsNoRetry == 1` for object "Voice processing: ON (default)" Button`
    t =     3.78s         Checking existence of `"Voice processing: ON (default)" Button`
    t =     3.84s Waiting 5.0s for "Enter conversation" Button to exist
    t =     4.86s     Checking `Expect predicate `existsNoRetry == 1` for object "Enter conversation" Button`
    t =     4.86s         Checking existence of `"Enter conversation" Button`
    t =     4.92s Tap "Enter conversation" Button
    t =     4.92s     Wait for life.soullab.voicekernel.vpio01 to idle
    t =     4.92s     Find the "Enter conversation" Button
    t =     4.96s     Check for interrupting elements affecting "Enter conversation" Button
    t =     5.00s     Synthesize event
    t =     5.30s     Wait for life.soullab.voicekernel.vpio01 to idle
    t =    20.31s Waiting 5.0s for "Export journal" Button to exist
    t =    21.32s     Checking `Expect predicate `existsNoRetry == 1` for object "Export journal" Button`
    t =    21.33s         Checking existence of `"Export journal" Button`
    t =    21.39s Tap "Export journal" Button
    t =    21.39s     Wait for life.soullab.voicekernel.vpio01 to idle
    t =    21.40s     Find the "Export journal" Button
    t =    21.44s     Check for interrupting elements affecting "Export journal" Button
    t =    21.48s     Synthesize event
    t =    21.78s     Wait for life.soullab.voicekernel.vpio01 to idle
    t =    24.00s Terminate life.soullab.voicekernel.vpio01:65594
    t =    25.03s Wait for life.soullab.voicekernel.vpio01 to become Not Running
    t =    25.03s Tear Down
Test Case '-[DriverUITests.K00DriverTests testOneSample]' passed (25.098 seconds).
Test Suite 'K00DriverTests' passed at 2026-09-14 16:19:32.265.
	 Executed 1 test, with 0 failures (0 unexpected) in 25.098 (25.100) seconds
Test Suite 'DriverUITests.xctest' passed at 2026-09-14 16:19:32.266.
	 Executed 1 test, with 0 failures (0 unexpected) in 25.098 (25.101) seconds
Test Suite 'Selected tests' passed at 2026-09-14 16:19:32.269.
	 Executed 1 test, with 0 failures (0 unexpected) in 25.098 (25.104) seconds
2026-09-14 16:19:32.322 xcodebuild[44943:29735149] [MT] IDERunDestination: Supported platforms for the buildables in the current scheme is empty.
2026-09-14 16:19:32.519 xcodebuild[44943:29735149] [MT] IDETestOperationsObserverDebug: 28.028 elapsed -- Testing started completed.
2026-09-14 16:19:32.519 xcodebuild[44943:29735149] [MT] IDETestOperationsObserverDebug: 0.000 sec, +0.000 sec -- start
2026-09-14 16:19:32.519 xcodebuild[44943:29735149] [MT] IDETestOperationsObserverDebug: 28.028 sec, +28.028 sec -- end

Test session results, code coverage, and logs:
	/Users/soullab/Library/Developer/Xcode/DerivedData/VoiceKernelDriver-bryccpaqkqwwwcgiqhkszsiwizgk/Logs/Test/Test-DriverUITests-2026.09.14_16-19-04--0400.xcresult

** TEST EXECUTE SUCCEEDED **

Testing started
