Command line invocation:
    /Applications/Xcode.app/Contents/Developer/usr/bin/xcodebuild test-without-building -xctestrun /private/tmp/vpio-01b-driver-compile-record/ios/VoiceKernelDriver/.derived/Build/Products/DriverUITests_iphoneos26.2-arm64.xctestrun -destination id=00008140-00163D9922E0801C -collect-test-diagnostics never "-only-testing:DriverUITests/K00DriverTests/testOneSample"

2026-09-14 16:06:31.921 xcodebuild[42180:29709429] [MT] IDERunDestination: Supported platforms for the buildables in the current scheme is empty.
2026-09-14 16:06:31.924 xcodebuild[42180:29709429] [MT] IDERunDestination: Supported platforms for the buildables in the current scheme is empty.
2026-09-14 16:06:32.023 xcodebuild[42180:29709429] [MT] IDERunDestination: Supported platforms for the buildables in the current scheme is empty.
--- xcodebuild: WARNING: Using the first of multiple matching destinations:
{ platform:iOS, arch:arm64e, id:00008140-00163D9922E0801C, name:Kelly Nezat’s iPhone }
{ platform:iOS, arch:arm64, id:00008140-00163D9922E0801C, name:Kelly Nezat’s iPhone }
2026-09-14 16:06:32.292 xcodebuild[42180:29709429] [MT] IDERunDestination: Supported platforms for the buildables in the current scheme is empty.
2026-09-14 16:06:32.484 xcodebuild[42180:29709429] [MT] IDERunDestination: Supported platforms for the buildables in the current scheme is empty.
2026-09-14 16:06:34.095687-0400 DriverUITests-Runner[65452:14461024] [Default] Running tests...
    t =      nans Interface orientation changed to Portrait
Test Suite 'Selected tests' started at 2026-09-14 16:06:34.608.
Test Suite 'DriverUITests.xctest' started at 2026-09-14 16:06:34.609.
Test Suite 'K00DriverTests' started at 2026-09-14 16:06:34.609.
Test Case '-[DriverUITests.K00DriverTests testOneSample]' started.
    t =     0.00s Start Test at 2026-09-14 16:06:34.610
    t =     0.02s Set Up
    t =     0.03s Open life.soullab.voicekernel.vpio01
    t =     0.03s     Launch life.soullab.voicekernel.vpio01
    t =     0.12s         Setting up automation session
    t =     0.20s         Wait for life.soullab.voicekernel.vpio01 to idle
2026-09-14 16:06:34.773 xcodebuild[42180:29709429] [MT] IDERunDestination: Supported platforms for the buildables in the current scheme is empty.
    t =     1.31s Wait for life.soullab.voicekernel.vpio01 to become Running Foreground
    t =     1.31s Waiting 10.0s for "Enter conversation" Button to exist
    t =     2.35s     Checking `Expect predicate `existsNoRetry == 1` for object "Enter conversation" Button`
    t =     2.35s         Checking existence of `"Enter conversation" Button`
    t =     2.45s Checking existence of `"Voice processing: ON (default)" Button`
    t =     2.48s Checking existence of `"Voice processing: OFF (control run)" Button`
    t =     2.80s Waiting 3.0s for "Voice processing: ON (default)" Button to exist
    t =     3.83s     Checking `Expect predicate `existsNoRetry == 1` for object "Voice processing: ON (default)" Button`
    t =     3.83s         Checking existence of `"Voice processing: ON (default)" Button`
    t =     3.88s Waiting 5.0s for "Enter conversation" Button to exist
    t =     4.89s     Checking `Expect predicate `existsNoRetry == 1` for object "Enter conversation" Button`
    t =     4.89s         Checking existence of `"Enter conversation" Button`
    t =     4.95s Tap "Enter conversation" Button
    t =     4.95s     Wait for life.soullab.voicekernel.vpio01 to idle
    t =     4.96s     Find the "Enter conversation" Button
    t =     5.00s     Check for interrupting elements affecting "Enter conversation" Button
    t =     5.05s     Synthesize event
    t =     5.35s     Wait for life.soullab.voicekernel.vpio01 to idle
    t =    20.36s Waiting 5.0s for "Export journal" Button to exist
    t =    21.37s     Checking `Expect predicate `existsNoRetry == 1` for object "Export journal" Button`
    t =    21.38s         Checking existence of `"Export journal" Button`
    t =    21.44s Tap "Export journal" Button
    t =    21.44s     Wait for life.soullab.voicekernel.vpio01 to idle
    t =    21.45s     Find the "Export journal" Button
    t =    21.49s     Check for interrupting elements affecting "Export journal" Button
    t =    21.53s     Synthesize event
    t =    21.82s     Wait for life.soullab.voicekernel.vpio01 to idle
    t =    24.05s Terminate life.soullab.voicekernel.vpio01:65453
    t =    25.06s Wait for life.soullab.voicekernel.vpio01 to become Not Running
    t =    25.06s Tear Down
Test Case '-[DriverUITests.K00DriverTests testOneSample]' passed (25.134 seconds).
Test Suite 'K00DriverTests' passed at 2026-09-14 16:06:59.748.
	 Executed 1 test, with 0 failures (0 unexpected) in 25.134 (25.139) seconds
Test Suite 'DriverUITests.xctest' passed at 2026-09-14 16:06:59.749.
	 Executed 1 test, with 0 failures (0 unexpected) in 25.134 (25.140) seconds
Test Suite 'Selected tests' passed at 2026-09-14 16:06:59.750.
	 Executed 1 test, with 0 failures (0 unexpected) in 25.134 (25.142) seconds
2026-09-14 16:06:59.796 xcodebuild[42180:29709429] [MT] IDERunDestination: Supported platforms for the buildables in the current scheme is empty.
2026-09-14 16:06:59.989 xcodebuild[42180:29709429] [MT] IDETestOperationsObserverDebug: 27.695 elapsed -- Testing started completed.
2026-09-14 16:06:59.989 xcodebuild[42180:29709429] [MT] IDETestOperationsObserverDebug: 0.000 sec, +0.000 sec -- start
2026-09-14 16:06:59.989 xcodebuild[42180:29709429] [MT] IDETestOperationsObserverDebug: 27.695 sec, +27.695 sec -- end

Test session results, code coverage, and logs:
	/Users/soullab/Library/Developer/Xcode/DerivedData/VoiceKernelDriver-ewnlyzplxkhyeefuezteesqxqnlb/Logs/Test/Test-DriverUITests-2026.09.14_16-06-32--0400.xcresult

** TEST EXECUTE SUCCEEDED **

Testing started
