Command line invocation:
    /Applications/Xcode.app/Contents/Developer/usr/bin/xcodebuild test-without-building -xctestrun /private/tmp/vpio-01b-driver-compile-record/ios/VoiceKernelDriver/.derived/Build/Products/DriverUITests_iphoneos26.2-arm64.xctestrun -destination id=00008140-00163D9922E0801C -collect-test-diagnostics never "-only-testing:DriverUITests/K00DriverTests/testOneSample"

2026-09-14 16:10:12.725 xcodebuild[42821:29717457] [MT] IDERunDestination: Supported platforms for the buildables in the current scheme is empty.
2026-09-14 16:10:12.728 xcodebuild[42821:29717457] [MT] IDERunDestination: Supported platforms for the buildables in the current scheme is empty.
2026-09-14 16:10:12.826 xcodebuild[42821:29717457] [MT] IDERunDestination: Supported platforms for the buildables in the current scheme is empty.
--- xcodebuild: WARNING: Using the first of multiple matching destinations:
{ platform:iOS, arch:arm64e, id:00008140-00163D9922E0801C, name:Kelly Nezat’s iPhone }
{ platform:iOS, arch:arm64, id:00008140-00163D9922E0801C, name:Kelly Nezat’s iPhone }
2026-09-14 16:10:13.371 xcodebuild[42821:29717457] [MT] IDERunDestination: Supported platforms for the buildables in the current scheme is empty.
2026-09-14 16:10:13.566 xcodebuild[42821:29717457] [MT] IDERunDestination: Supported platforms for the buildables in the current scheme is empty.
2026-09-14 16:10:15.090331-0400 DriverUITests-Runner[65500:14468022] [Default] Running tests...
    t =      nans Interface orientation changed to Portrait
Test Suite 'Selected tests' started at 2026-09-14 16:10:15.563.
Test Suite 'DriverUITests.xctest' started at 2026-09-14 16:10:15.563.
Test Suite 'K00DriverTests' started at 2026-09-14 16:10:15.563.
Test Case '-[DriverUITests.K00DriverTests testOneSample]' started.
    t =     0.00s Start Test at 2026-09-14 16:10:15.564
    t =     0.02s Set Up
    t =     0.02s Open life.soullab.voicekernel.vpio01
    t =     0.02s     Launch life.soullab.voicekernel.vpio01
    t =     0.11s         Setting up automation session
    t =     0.19s         Wait for life.soullab.voicekernel.vpio01 to idle
2026-09-14 16:10:15.731 xcodebuild[42821:29717457] [MT] IDERunDestination: Supported platforms for the buildables in the current scheme is empty.
    t =     1.30s Wait for life.soullab.voicekernel.vpio01 to become Running Foreground
    t =     1.30s Waiting 10.0s for "Enter conversation" Button to exist
    t =     2.33s     Checking `Expect predicate `existsNoRetry == 1` for object "Enter conversation" Button`
    t =     2.33s         Checking existence of `"Enter conversation" Button`
    t =     2.42s Checking existence of `"Voice processing: ON (default)" Button`
    t =     2.45s Checking existence of `"Voice processing: OFF (control run)" Button`
    t =     2.77s Waiting 3.0s for "Voice processing: ON (default)" Button to exist
    t =     3.81s     Checking `Expect predicate `existsNoRetry == 1` for object "Voice processing: ON (default)" Button`
    t =     3.81s         Checking existence of `"Voice processing: ON (default)" Button`
    t =     3.88s Waiting 5.0s for "Enter conversation" Button to exist
    t =     4.91s     Checking `Expect predicate `existsNoRetry == 1` for object "Enter conversation" Button`
    t =     4.91s         Checking existence of `"Enter conversation" Button`
    t =     4.97s Tap "Enter conversation" Button
    t =     4.97s     Wait for life.soullab.voicekernel.vpio01 to idle
    t =     4.98s     Find the "Enter conversation" Button
    t =     5.01s     Check for interrupting elements affecting "Enter conversation" Button
    t =     5.06s     Synthesize event
    t =     5.36s     Wait for life.soullab.voicekernel.vpio01 to idle
    t =    20.37s Waiting 5.0s for "Export journal" Button to exist
    t =    21.40s     Checking `Expect predicate `existsNoRetry == 1` for object "Export journal" Button`
    t =    21.40s         Checking existence of `"Export journal" Button`
    t =    21.47s Tap "Export journal" Button
    t =    21.47s     Wait for life.soullab.voicekernel.vpio01 to idle
    t =    21.47s     Find the "Export journal" Button
    t =    21.62s     Check for interrupting elements affecting "Export journal" Button
    t =    21.69s     Synthesize event
    t =    21.99s     Wait for life.soullab.voicekernel.vpio01 to idle
    t =    24.20s Terminate life.soullab.voicekernel.vpio01:65501
    t =    25.21s Wait for life.soullab.voicekernel.vpio01 to become Not Running
    t =    25.21s Tear Down
Test Case '-[DriverUITests.K00DriverTests testOneSample]' passed (25.283 seconds).
Test Suite 'K00DriverTests' passed at 2026-09-14 16:10:40.849.
	 Executed 1 test, with 0 failures (0 unexpected) in 25.283 (25.286) seconds
Test Suite 'DriverUITests.xctest' passed at 2026-09-14 16:10:40.854.
	 Executed 1 test, with 0 failures (0 unexpected) in 25.283 (25.290) seconds
Test Suite 'Selected tests' passed at 2026-09-14 16:10:40.859.
	 Executed 1 test, with 0 failures (0 unexpected) in 25.283 (25.297) seconds
2026-09-14 16:10:40.882 xcodebuild[42821:29717457] [MT] IDERunDestination: Supported platforms for the buildables in the current scheme is empty.
2026-09-14 16:10:41.101 xcodebuild[42821:29717457] [MT] IDETestOperationsObserverDebug: 27.729 elapsed -- Testing started completed.
2026-09-14 16:10:41.101 xcodebuild[42821:29717457] [MT] IDETestOperationsObserverDebug: 0.000 sec, +0.000 sec -- start
2026-09-14 16:10:41.101 xcodebuild[42821:29717457] [MT] IDETestOperationsObserverDebug: 27.729 sec, +27.729 sec -- end

Test session results, code coverage, and logs:
	/Users/soullab/Library/Developer/Xcode/DerivedData/VoiceKernelDriver-fbhlgxjyzfetfiecaeveadavczyb/Logs/Test/Test-DriverUITests-2026.09.14_16-10-12--0400.xcresult

** TEST EXECUTE SUCCEEDED **

Testing started
