Command line invocation:
    /Applications/Xcode.app/Contents/Developer/usr/bin/xcodebuild test-without-building -xctestrun /private/tmp/vpio-01b-driver-compile-record/ios/VoiceKernelDriver/.derived/Build/Products/DriverUITests_iphoneos26.2-arm64.xctestrun -destination id=00008140-00163D9922E0801C -collect-test-diagnostics never "-only-testing:DriverUITests/K00DriverTests/testOneSample"

2026-09-14 16:16:01.953 xcodebuild[44403:29730347] [MT] IDERunDestination: Supported platforms for the buildables in the current scheme is empty.
2026-09-14 16:16:01.955 xcodebuild[44403:29730347] [MT] IDERunDestination: Supported platforms for the buildables in the current scheme is empty.
2026-09-14 16:16:02.055 xcodebuild[44403:29730347] [MT] IDERunDestination: Supported platforms for the buildables in the current scheme is empty.
--- xcodebuild: WARNING: Using the first of multiple matching destinations:
{ platform:iOS, arch:arm64e, id:00008140-00163D9922E0801C, name:Kelly Nezat’s iPhone }
{ platform:iOS, arch:arm64, id:00008140-00163D9922E0801C, name:Kelly Nezat’s iPhone }
2026-09-14 16:16:02.325 xcodebuild[44403:29730347] [MT] IDERunDestination: Supported platforms for the buildables in the current scheme is empty.
2026-09-14 16:16:02.514 xcodebuild[44403:29730347] [MT] IDERunDestination: Supported platforms for the buildables in the current scheme is empty.
2026-09-14 16:16:04.072812-0400 DriverUITests-Runner[65559:14478135] [Default] Running tests...
    t =      nans Interface orientation changed to Portrait
Test Suite 'Selected tests' started at 2026-09-14 16:16:04.550.
Test Suite 'DriverUITests.xctest' started at 2026-09-14 16:16:04.551.
Test Suite 'K00DriverTests' started at 2026-09-14 16:16:04.551.
Test Case '-[DriverUITests.K00DriverTests testOneSample]' started.
    t =     0.00s Start Test at 2026-09-14 16:16:04.552
    t =     0.02s Set Up
    t =     0.02s Open life.soullab.voicekernel.vpio01
    t =     0.02s     Launch life.soullab.voicekernel.vpio01
    t =     0.11s         Setting up automation session
    t =     0.19s         Wait for life.soullab.voicekernel.vpio01 to idle
2026-09-14 16:16:04.696 xcodebuild[44403:29730347] [MT] IDERunDestination: Supported platforms for the buildables in the current scheme is empty.
    t =     1.29s Wait for life.soullab.voicekernel.vpio01 to become Running Foreground
    t =     1.29s Waiting 10.0s for "Enter conversation" Button to exist
    t =     2.32s     Checking `Expect predicate `existsNoRetry == 1` for object "Enter conversation" Button`
    t =     2.33s         Checking existence of `"Enter conversation" Button`
    t =     2.43s Checking existence of `"Voice processing: ON (default)" Button`
    t =     2.45s Checking existence of `"Voice processing: OFF (control run)" Button`
    t =     2.78s Waiting 3.0s for "Voice processing: ON (default)" Button to exist
    t =     3.79s     Checking `Expect predicate `existsNoRetry == 1` for object "Voice processing: ON (default)" Button`
    t =     3.79s         Checking existence of `"Voice processing: ON (default)" Button`
    t =     3.85s Waiting 5.0s for "Enter conversation" Button to exist
    t =     4.88s     Checking `Expect predicate `existsNoRetry == 1` for object "Enter conversation" Button`
    t =     4.88s         Checking existence of `"Enter conversation" Button`
    t =     4.94s Tap "Enter conversation" Button
    t =     4.94s     Wait for life.soullab.voicekernel.vpio01 to idle
    t =     4.95s     Find the "Enter conversation" Button
    t =     5.09s     Check for interrupting elements affecting "Enter conversation" Button
    t =     5.16s     Synthesize event
    t =     5.47s     Wait for life.soullab.voicekernel.vpio01 to idle
    t =    20.48s Waiting 5.0s for "Export journal" Button to exist
    t =    21.51s     Checking `Expect predicate `existsNoRetry == 1` for object "Export journal" Button`
    t =    21.51s         Checking existence of `"Export journal" Button`
    t =    21.57s Tap "Export journal" Button
    t =    21.58s     Wait for life.soullab.voicekernel.vpio01 to idle
    t =    21.58s     Find the "Export journal" Button
    t =    21.62s     Check for interrupting elements affecting "Export journal" Button
    t =    21.66s     Synthesize event
    t =    21.95s     Wait for life.soullab.voicekernel.vpio01 to idle
    t =    24.16s Terminate life.soullab.voicekernel.vpio01:65560
    t =    25.27s Wait for life.soullab.voicekernel.vpio01 to become Not Running
    t =    25.27s Tear Down
Test Case '-[DriverUITests.K00DriverTests testOneSample]' passed (25.322 seconds).
Test Suite 'K00DriverTests' passed at 2026-09-14 16:16:29.878.
	 Executed 1 test, with 0 failures (0 unexpected) in 25.322 (25.327) seconds
Test Suite 'DriverUITests.xctest' passed at 2026-09-14 16:16:29.879.
	 Executed 1 test, with 0 failures (0 unexpected) in 25.322 (25.328) seconds
Test Suite 'Selected tests' passed at 2026-09-14 16:16:29.879.
	 Executed 1 test, with 0 failures (0 unexpected) in 25.322 (25.329) seconds
2026-09-14 16:16:29.941 xcodebuild[44403:29730347] [MT] IDERunDestination: Supported platforms for the buildables in the current scheme is empty.
2026-09-14 16:16:30.139 xcodebuild[44403:29730347] [MT] IDETestOperationsObserverDebug: 27.812 elapsed -- Testing started completed.
2026-09-14 16:16:30.139 xcodebuild[44403:29730347] [MT] IDETestOperationsObserverDebug: 0.000 sec, +0.000 sec -- start
2026-09-14 16:16:30.139 xcodebuild[44403:29730347] [MT] IDETestOperationsObserverDebug: 27.812 sec, +27.812 sec -- end

Test session results, code coverage, and logs:
	/Users/soullab/Library/Developer/Xcode/DerivedData/VoiceKernelDriver-aqwuzkmsmlcsuwagegnrylqnaksd/Logs/Test/Test-DriverUITests-2026.09.14_16-16-02--0400.xcresult

** TEST EXECUTE SUCCEEDED **

Testing started
