Command line invocation:
    /Applications/Xcode.app/Contents/Developer/usr/bin/xcodebuild test-without-building -xctestrun /private/tmp/vpio-01b-driver-compile-record/ios/VoiceKernelDriver/.derived/Build/Products/DriverUITests_iphoneos26.2-arm64.xctestrun -destination id=00008140-00163D9922E0801C -collect-test-diagnostics never "-only-testing:DriverUITests/K00DriverTests/testOneSample"

2026-09-14 16:09:39.543 xcodebuild[42713:29715380] [MT] IDERunDestination: Supported platforms for the buildables in the current scheme is empty.
2026-09-14 16:09:39.547 xcodebuild[42713:29715380] [MT] IDERunDestination: Supported platforms for the buildables in the current scheme is empty.
2026-09-14 16:09:39.644 xcodebuild[42713:29715380] [MT] IDERunDestination: Supported platforms for the buildables in the current scheme is empty.
--- xcodebuild: WARNING: Using the first of multiple matching destinations:
{ platform:iOS, arch:arm64e, id:00008140-00163D9922E0801C, name:Kelly Nezat’s iPhone }
{ platform:iOS, arch:arm64, id:00008140-00163D9922E0801C, name:Kelly Nezat’s iPhone }
2026-09-14 16:09:39.939 xcodebuild[42713:29715380] [MT] IDERunDestination: Supported platforms for the buildables in the current scheme is empty.
2026-09-14 16:09:41.827890-0400 DriverUITests-Runner[65497:14467117] [Default] Running tests...
    t =      nans Interface orientation changed to Portrait
Test Suite 'Selected tests' started at 2026-09-14 16:09:42.391.
Test Suite 'DriverUITests.xctest' started at 2026-09-14 16:09:42.391.
Test Suite 'K00DriverTests' started at 2026-09-14 16:09:42.391.
Test Case '-[DriverUITests.K00DriverTests testOneSample]' started.
    t =     0.00s Start Test at 2026-09-14 16:09:42.392
    t =     0.02s Set Up
    t =     0.02s Open life.soullab.voicekernel.vpio01
    t =     0.02s     Launch life.soullab.voicekernel.vpio01
    t =     0.12s         Setting up automation session
    t =     0.19s         Wait for life.soullab.voicekernel.vpio01 to idle
2026-09-14 16:09:42.539 xcodebuild[42713:29715380] [MT] IDERunDestination: Supported platforms for the buildables in the current scheme is empty.
    t =     1.30s Wait for life.soullab.voicekernel.vpio01 to become Running Foreground
    t =     1.31s Waiting 10.0s for "Enter conversation" Button to exist
    t =     2.37s     Checking `Expect predicate `existsNoRetry == 1` for object "Enter conversation" Button`
    t =     2.37s         Checking existence of `"Enter conversation" Button`
    t =     2.47s Checking existence of `"Voice processing: ON (default)" Button`
    t =     2.50s Checking existence of `"Voice processing: OFF (control run)" Button`
    t =     2.83s Waiting 3.0s for "Voice processing: ON (default)" Button to exist
    t =     3.84s     Checking `Expect predicate `existsNoRetry == 1` for object "Voice processing: ON (default)" Button`
    t =     3.84s         Checking existence of `"Voice processing: ON (default)" Button`
    t =     3.90s Waiting 5.0s for "Enter conversation" Button to exist
    t =     4.92s     Checking `Expect predicate `existsNoRetry == 1` for object "Enter conversation" Button`
    t =     4.92s         Checking existence of `"Enter conversation" Button`
    t =     4.98s Tap "Enter conversation" Button
    t =     4.98s     Wait for life.soullab.voicekernel.vpio01 to idle
    t =     4.99s     Find the "Enter conversation" Button
    t =     5.03s     Check for interrupting elements affecting "Enter conversation" Button
    t =     5.07s     Synthesize event
    t =     5.36s     Wait for life.soullab.voicekernel.vpio01 to idle
    t =    20.38s Waiting 5.0s for "Export journal" Button to exist
    t =    21.39s     Checking `Expect predicate `existsNoRetry == 1` for object "Export journal" Button`
    t =    21.39s         Checking existence of `"Export journal" Button`
    t =    21.46s Tap "Export journal" Button
    t =    21.46s     Wait for life.soullab.voicekernel.vpio01 to idle
    t =    21.47s     Find the "Export journal" Button
    t =    21.50s     Check for interrupting elements affecting "Export journal" Button
    t =    21.55s     Synthesize event
    t =    21.85s     Wait for life.soullab.voicekernel.vpio01 to idle
    t =    24.06s Terminate life.soullab.voicekernel.vpio01:65498
    t =    25.07s Wait for life.soullab.voicekernel.vpio01 to become Not Running
    t =    25.08s Tear Down
Test Case '-[DriverUITests.K00DriverTests testOneSample]' passed (25.147 seconds).
Test Suite 'K00DriverTests' passed at 2026-09-14 16:10:07.541.
	 Executed 1 test, with 0 failures (0 unexpected) in 25.147 (25.149) seconds
Test Suite 'DriverUITests.xctest' passed at 2026-09-14 16:10:07.544.
	 Executed 1 test, with 0 failures (0 unexpected) in 25.147 (25.153) seconds
Test Suite 'Selected tests' passed at 2026-09-14 16:10:07.547.
	 Executed 1 test, with 0 failures (0 unexpected) in 25.147 (25.157) seconds
2026-09-14 16:10:07.575 xcodebuild[42713:29715380] [MT] IDERunDestination: Supported platforms for the buildables in the current scheme is empty.
2026-09-14 16:10:07.803 xcodebuild[42713:29715380] [MT] IDETestOperationsObserverDebug: 27.862 elapsed -- Testing started completed.
2026-09-14 16:10:07.803 xcodebuild[42713:29715380] [MT] IDETestOperationsObserverDebug: 0.000 sec, +0.000 sec -- start
2026-09-14 16:10:07.803 xcodebuild[42713:29715380] [MT] IDETestOperationsObserverDebug: 27.862 sec, +27.862 sec -- end

Test session results, code coverage, and logs:
	/Users/soullab/Library/Developer/Xcode/DerivedData/VoiceKernelDriver-dmrfyzcarmvdobdfrgiqfwrsjdji/Logs/Test/Test-DriverUITests-2026.09.14_16-09-39--0400.xcresult

** TEST EXECUTE SUCCEEDED **

Testing started
