Command line invocation:
    /Applications/Xcode.app/Contents/Developer/usr/bin/xcodebuild test-without-building -xctestrun /private/tmp/vpio-01b-driver-compile-record/ios/VoiceKernelDriver/.derived/Build/Products/DriverUITests_iphoneos26.2-arm64.xctestrun -destination id=00008140-00163D9922E0801C -collect-test-diagnostics never "-only-testing:DriverUITests/K00DriverTests/testOneSample"

2026-09-14 16:07:33.064 xcodebuild[42355:29711206] [MT] IDERunDestination: Supported platforms for the buildables in the current scheme is empty.
2026-09-14 16:07:33.067 xcodebuild[42355:29711206] [MT] IDERunDestination: Supported platforms for the buildables in the current scheme is empty.
2026-09-14 16:07:33.165 xcodebuild[42355:29711206] [MT] IDERunDestination: Supported platforms for the buildables in the current scheme is empty.
--- xcodebuild: WARNING: Using the first of multiple matching destinations:
{ platform:iOS, arch:arm64e, id:00008140-00163D9922E0801C, name:Kelly Nezat’s iPhone }
{ platform:iOS, arch:arm64, id:00008140-00163D9922E0801C, name:Kelly Nezat’s iPhone }
2026-09-14 16:07:33.416 xcodebuild[42355:29711206] [MT] IDERunDestination: Supported platforms for the buildables in the current scheme is empty.
2026-09-14 16:07:35.135541-0400 DriverUITests-Runner[65480:14463063] [Default] Running tests...
    t =      nans Interface orientation changed to Portrait
Test Suite 'Selected tests' started at 2026-09-14 16:07:35.624.
Test Suite 'DriverUITests.xctest' started at 2026-09-14 16:07:35.624.
Test Suite 'K00DriverTests' started at 2026-09-14 16:07:35.625.
Test Case '-[DriverUITests.K00DriverTests testOneSample]' started.
    t =     0.00s Start Test at 2026-09-14 16:07:35.625
    t =     0.02s Set Up
    t =     0.03s Open life.soullab.voicekernel.vpio01
    t =     0.03s     Launch life.soullab.voicekernel.vpio01
    t =     0.12s         Setting up automation session
    t =     0.19s         Wait for life.soullab.voicekernel.vpio01 to idle
2026-09-14 16:07:35.777 xcodebuild[42355:29711206] [MT] IDERunDestination: Supported platforms for the buildables in the current scheme is empty.
    t =     1.29s Wait for life.soullab.voicekernel.vpio01 to become Running Foreground
    t =     1.30s Waiting 10.0s for "Enter conversation" Button to exist
    t =     2.35s     Checking `Expect predicate `existsNoRetry == 1` for object "Enter conversation" Button`
    t =     2.35s         Checking existence of `"Enter conversation" Button`
    t =     2.44s Checking existence of `"Voice processing: ON (default)" Button`
    t =     2.48s Checking existence of `"Voice processing: OFF (control run)" Button`
    t =     2.80s Waiting 3.0s for "Voice processing: ON (default)" Button to exist
    t =     3.83s     Checking `Expect predicate `existsNoRetry == 1` for object "Voice processing: ON (default)" Button`
    t =     3.83s         Checking existence of `"Voice processing: ON (default)" Button`
    t =     3.89s Waiting 5.0s for "Enter conversation" Button to exist
    t =     4.89s     Checking `Expect predicate `existsNoRetry == 1` for object "Enter conversation" Button`
    t =     4.90s         Checking existence of `"Enter conversation" Button`
    t =     4.96s Tap "Enter conversation" Button
    t =     4.96s     Wait for life.soullab.voicekernel.vpio01 to idle
    t =     4.96s     Find the "Enter conversation" Button
    t =     5.00s     Check for interrupting elements affecting "Enter conversation" Button
    t =     5.04s     Synthesize event
    t =     5.34s     Wait for life.soullab.voicekernel.vpio01 to idle
    t =    20.35s Waiting 5.0s for "Export journal" Button to exist
    t =    21.36s     Checking `Expect predicate `existsNoRetry == 1` for object "Export journal" Button`
    t =    21.36s         Checking existence of `"Export journal" Button`
    t =    21.43s Tap "Export journal" Button
    t =    21.43s     Wait for life.soullab.voicekernel.vpio01 to idle
    t =    21.44s     Find the "Export journal" Button
    t =    21.57s     Check for interrupting elements affecting "Export journal" Button
    t =    21.65s     Synthesize event
    t =    21.95s     Wait for life.soullab.voicekernel.vpio01 to idle
    t =    24.16s Terminate life.soullab.voicekernel.vpio01:65481
    t =    25.25s Wait for life.soullab.voicekernel.vpio01 to become Not Running
    t =    25.26s Tear Down
Test Case '-[DriverUITests.K00DriverTests testOneSample]' passed (25.297 seconds).
Test Suite 'K00DriverTests' passed at 2026-09-14 16:08:00.923.
	 Executed 1 test, with 0 failures (0 unexpected) in 25.297 (25.298) seconds
Test Suite 'DriverUITests.xctest' passed at 2026-09-14 16:08:00.924.
	 Executed 1 test, with 0 failures (0 unexpected) in 25.297 (25.300) seconds
Test Suite 'Selected tests' passed at 2026-09-14 16:08:00.925.
	 Executed 1 test, with 0 failures (0 unexpected) in 25.297 (25.302) seconds
2026-09-14 16:08:00.993 xcodebuild[42355:29711206] [MT] IDERunDestination: Supported platforms for the buildables in the current scheme is empty.
2026-09-14 16:08:01.179 xcodebuild[42355:29711206] [MT] IDETestOperationsObserverDebug: 27.762 elapsed -- Testing started completed.
2026-09-14 16:08:01.179 xcodebuild[42355:29711206] [MT] IDETestOperationsObserverDebug: 0.000 sec, +0.000 sec -- start
2026-09-14 16:08:01.179 xcodebuild[42355:29711206] [MT] IDETestOperationsObserverDebug: 27.762 sec, +27.762 sec -- end

Test session results, code coverage, and logs:
	/Users/soullab/Library/Developer/Xcode/DerivedData/VoiceKernelDriver-eixgewdfnmqzfjefjykuutdsryaw/Logs/Test/Test-DriverUITests-2026.09.14_16-07-33--0400.xcresult

** TEST EXECUTE SUCCEEDED **

Testing started
