Command line invocation:
    /Applications/Xcode.app/Contents/Developer/usr/bin/xcodebuild test-without-building -xctestrun /private/tmp/vpio-01b-driver-compile-record/ios/VoiceKernelDriver/.derived/Build/Products/DriverUITests_iphoneos26.2-arm64.xctestrun -destination id=00008140-00163D9922E0801C -collect-test-diagnostics never "-only-testing:DriverUITests/K00DriverTests/testOneSample"

2026-09-14 16:17:49.939 xcodebuild[44721:29733050] [MT] IDERunDestination: Supported platforms for the buildables in the current scheme is empty.
2026-09-14 16:17:49.942 xcodebuild[44721:29733050] [MT] IDERunDestination: Supported platforms for the buildables in the current scheme is empty.
2026-09-14 16:17:50.041 xcodebuild[44721:29733050] [MT] IDERunDestination: Supported platforms for the buildables in the current scheme is empty.
--- xcodebuild: WARNING: Using the first of multiple matching destinations:
{ platform:iOS, arch:arm64e, id:00008140-00163D9922E0801C, name:Kelly Nezat’s iPhone }
{ platform:iOS, arch:arm64, id:00008140-00163D9922E0801C, name:Kelly Nezat’s iPhone }
2026-09-14 16:17:50.309 xcodebuild[44721:29733050] [MT] IDERunDestination: Supported platforms for the buildables in the current scheme is empty.
2026-09-14 16:17:52.424349-0400 DriverUITests-Runner[65577:14481154] [Default] Running tests...
    t =      nans Interface orientation changed to Portrait
Test Suite 'Selected tests' started at 2026-09-14 16:17:53.001.
Test Suite 'DriverUITests.xctest' started at 2026-09-14 16:17:53.002.
Test Suite 'K00DriverTests' started at 2026-09-14 16:17:53.002.
Test Case '-[DriverUITests.K00DriverTests testOneSample]' started.
    t =     0.00s Start Test at 2026-09-14 16:17:53.003
    t =     0.01s Set Up
    t =     0.02s Open life.soullab.voicekernel.vpio01
    t =     0.02s     Launch life.soullab.voicekernel.vpio01
    t =     0.11s         Setting up automation session
    t =     0.18s         Wait for life.soullab.voicekernel.vpio01 to idle
2026-09-14 16:17:53.137 xcodebuild[44721:29733050] [MT] IDERunDestination: Supported platforms for the buildables in the current scheme is empty.
    t =     1.30s Wait for life.soullab.voicekernel.vpio01 to become Running Foreground
    t =     1.31s Waiting 10.0s for "Enter conversation" Button to exist
    t =     2.33s     Checking `Expect predicate `existsNoRetry == 1` for object "Enter conversation" Button`
    t =     2.33s         Checking existence of `"Enter conversation" Button`
    t =     2.43s Checking existence of `"Voice processing: ON (default)" Button`
    t =     2.46s Checking existence of `"Voice processing: OFF (control run)" Button`
    t =     2.78s Waiting 3.0s for "Voice processing: ON (default)" Button to exist
    t =     3.80s     Checking `Expect predicate `existsNoRetry == 1` for object "Voice processing: ON (default)" Button`
    t =     3.80s         Checking existence of `"Voice processing: ON (default)" Button`
    t =     3.86s Waiting 5.0s for "Enter conversation" Button to exist
    t =     4.88s     Checking `Expect predicate `existsNoRetry == 1` for object "Enter conversation" Button`
    t =     4.88s         Checking existence of `"Enter conversation" Button`
    t =     4.94s Tap "Enter conversation" Button
    t =     4.94s     Wait for life.soullab.voicekernel.vpio01 to idle
    t =     4.95s     Find the "Enter conversation" Button
    t =     4.99s     Check for interrupting elements affecting "Enter conversation" Button
    t =     5.03s     Synthesize event
    t =     5.32s     Wait for life.soullab.voicekernel.vpio01 to idle
2026-09-14 16:18:00.148 xcodebuild[44721:29733050] [MT] IDERunDestination: Supported platforms for the buildables in the current scheme is empty.
    t =    20.34s Waiting 5.0s for "Export journal" Button to exist
    t =    21.35s     Checking `Expect predicate `existsNoRetry == 1` for object "Export journal" Button`
    t =    21.35s         Checking existence of `"Export journal" Button`
    t =    21.42s Tap "Export journal" Button
    t =    21.42s     Wait for life.soullab.voicekernel.vpio01 to idle
    t =    21.43s     Find the "Export journal" Button
    t =    21.46s     Check for interrupting elements affecting "Export journal" Button
    t =    21.50s     Synthesize event
    t =    21.81s     Wait for life.soullab.voicekernel.vpio01 to idle
    t =    24.02s Terminate life.soullab.voicekernel.vpio01:65578
    t =    25.04s Wait for life.soullab.voicekernel.vpio01 to become Not Running
    t =    25.04s Tear Down
Test Case '-[DriverUITests.K00DriverTests testOneSample]' passed (25.095 seconds).
Test Suite 'K00DriverTests' passed at 2026-09-14 16:18:18.099.
	 Executed 1 test, with 0 failures (0 unexpected) in 25.095 (25.096) seconds
Test Suite 'DriverUITests.xctest' passed at 2026-09-14 16:18:18.100.
	 Executed 1 test, with 0 failures (0 unexpected) in 25.095 (25.098) seconds
Test Suite 'Selected tests' passed at 2026-09-14 16:18:18.101.
	 Executed 1 test, with 0 failures (0 unexpected) in 25.095 (25.100) seconds
2026-09-14 16:18:18.163 xcodebuild[44721:29733050] [MT] IDERunDestination: Supported platforms for the buildables in the current scheme is empty.
2026-09-14 16:18:18.349 xcodebuild[44721:29733050] [MT] IDETestOperationsObserverDebug: 28.039 elapsed -- Testing started completed.
2026-09-14 16:18:18.349 xcodebuild[44721:29733050] [MT] IDETestOperationsObserverDebug: 0.000 sec, +0.000 sec -- start
2026-09-14 16:18:18.349 xcodebuild[44721:29733050] [MT] IDETestOperationsObserverDebug: 28.039 sec, +28.039 sec -- end

Test session results, code coverage, and logs:
	/Users/soullab/Library/Developer/Xcode/DerivedData/VoiceKernelDriver-duyslxnvgslelegoulzradpysmkv/Logs/Test/Test-DriverUITests-2026.09.14_16-17-50--0400.xcresult

** TEST EXECUTE SUCCEEDED **

Testing started
