Command line invocation:
    /Applications/Xcode.app/Contents/Developer/usr/bin/xcodebuild test-without-building -xctestrun /private/tmp/vpio-01b-driver-compile-record/ios/VoiceKernelDriver/.derived/Build/Products/DriverUITests_iphoneos26.2-arm64.xctestrun -destination id=00008140-00163D9922E0801C -collect-test-diagnostics never "-only-testing:DriverUITests/K00DriverTests/testOneSample"

2026-09-14 16:09:07.396 xcodebuild[42621:29714287] [MT] IDERunDestination: Supported platforms for the buildables in the current scheme is empty.
2026-09-14 16:09:07.400 xcodebuild[42621:29714287] [MT] IDERunDestination: Supported platforms for the buildables in the current scheme is empty.
2026-09-14 16:09:07.499 xcodebuild[42621:29714287] [MT] IDERunDestination: Supported platforms for the buildables in the current scheme is empty.
--- xcodebuild: WARNING: Using the first of multiple matching destinations:
{ platform:iOS, arch:arm64e, id:00008140-00163D9922E0801C, name:Kelly Nezat’s iPhone }
{ platform:iOS, arch:arm64, id:00008140-00163D9922E0801C, name:Kelly Nezat’s iPhone }
2026-09-14 16:09:07.790 xcodebuild[42621:29714287] [MT] IDERunDestination: Supported platforms for the buildables in the current scheme is empty.
2026-09-14 16:09:08.016 xcodebuild[42621:29714287] [MT] IDERunDestination: Supported platforms for the buildables in the current scheme is empty.
2026-09-14 16:09:09.479240-0400 DriverUITests-Runner[65493:14466001] [Default] Running tests...
    t =      nans Interface orientation changed to Portrait
Test Suite 'Selected tests' started at 2026-09-14 16:09:09.939.
Test Suite 'DriverUITests.xctest' started at 2026-09-14 16:09:09.940.
Test Suite 'K00DriverTests' started at 2026-09-14 16:09:09.940.
Test Case '-[DriverUITests.K00DriverTests testOneSample]' started.
    t =     0.00s Start Test at 2026-09-14 16:09:09.941
    t =     0.02s Set Up
    t =     0.03s Open life.soullab.voicekernel.vpio01
    t =     0.03s     Launch life.soullab.voicekernel.vpio01
    t =     0.11s         Setting up automation session
2026-09-14 16:09:10.060 xcodebuild[42621:29714287] [MT] IDERunDestination: Supported platforms for the buildables in the current scheme is empty.
    t =     0.20s         Wait for life.soullab.voicekernel.vpio01 to idle
    t =     1.31s Wait for life.soullab.voicekernel.vpio01 to become Running Foreground
    t =     1.32s Waiting 10.0s for "Enter conversation" Button to exist
    t =     2.32s     Checking `Expect predicate `existsNoRetry == 1` for object "Enter conversation" Button`
    t =     2.32s         Checking existence of `"Enter conversation" Button`
    t =     2.42s Checking existence of `"Voice processing: ON (default)" Button`
    t =     2.45s Checking existence of `"Voice processing: OFF (control run)" Button`
    t =     2.77s Waiting 3.0s for "Voice processing: ON (default)" Button to exist
    t =     3.80s     Checking `Expect predicate `existsNoRetry == 1` for object "Voice processing: ON (default)" Button`
    t =     3.80s         Checking existence of `"Voice processing: ON (default)" Button`
    t =     3.87s Waiting 5.0s for "Enter conversation" Button to exist
    t =     4.89s     Checking `Expect predicate `existsNoRetry == 1` for object "Enter conversation" Button`
    t =     4.89s         Checking existence of `"Enter conversation" Button`
    t =     4.95s Tap "Enter conversation" Button
    t =     4.95s     Wait for life.soullab.voicekernel.vpio01 to idle
    t =     4.96s     Find the "Enter conversation" Button
    t =     5.00s     Check for interrupting elements affecting "Enter conversation" Button
    t =     5.04s     Synthesize event
    t =     5.34s     Wait for life.soullab.voicekernel.vpio01 to idle
    t =    20.35s Waiting 5.0s for "Export journal" Button to exist
    t =    21.35s     Checking `Expect predicate `existsNoRetry == 1` for object "Export journal" Button`
    t =    21.36s         Checking existence of `"Export journal" Button`
    t =    21.42s Tap "Export journal" Button
    t =    21.42s     Wait for life.soullab.voicekernel.vpio01 to idle
    t =    21.43s     Find the "Export journal" Button
    t =    21.57s     Check for interrupting elements affecting "Export journal" Button
    t =    21.64s     Synthesize event
    t =    21.95s     Wait for life.soullab.voicekernel.vpio01 to idle
    t =    24.16s Terminate life.soullab.voicekernel.vpio01:65494
    t =    25.23s Wait for life.soullab.voicekernel.vpio01 to become Not Running
    t =    25.23s Tear Down
Test Case '-[DriverUITests.K00DriverTests testOneSample]' passed (25.292 seconds).
Test Suite 'K00DriverTests' passed at 2026-09-14 16:09:35.233.
	 Executed 1 test, with 0 failures (0 unexpected) in 25.292 (25.293) seconds
Test Suite 'DriverUITests.xctest' passed at 2026-09-14 16:09:35.235.
	 Executed 1 test, with 0 failures (0 unexpected) in 25.292 (25.295) seconds
Test Suite 'Selected tests' passed at 2026-09-14 16:09:35.236.
	 Executed 1 test, with 0 failures (0 unexpected) in 25.292 (25.297) seconds
2026-09-14 16:09:35.270 xcodebuild[42621:29714287] [MT] IDERunDestination: Supported platforms for the buildables in the current scheme is empty.
2026-09-14 16:09:35.462 xcodebuild[42621:29714287] [MT] IDETestOperationsObserverDebug: 27.671 elapsed -- Testing started completed.
2026-09-14 16:09:35.462 xcodebuild[42621:29714287] [MT] IDETestOperationsObserverDebug: 0.000 sec, +0.000 sec -- start
2026-09-14 16:09:35.462 xcodebuild[42621:29714287] [MT] IDETestOperationsObserverDebug: 27.671 sec, +27.671 sec -- end

Test session results, code coverage, and logs:
	/Users/soullab/Library/Developer/Xcode/DerivedData/VoiceKernelDriver-fygdtkddpeedvdeorazymyenqaay/Logs/Test/Test-DriverUITests-2026.09.14_16-09-07--0400.xcresult

** TEST EXECUTE SUCCEEDED **

Testing started
