Command line invocation:
    /Applications/Xcode.app/Contents/Developer/usr/bin/xcodebuild test-without-building -xctestrun /private/tmp/vpio-01b-driver-compile-record/ios/VoiceKernelDriver/.derived/Build/Products/DriverUITests_iphoneos26.2-arm64.xctestrun -destination id=00008140-00163D9922E0801C -collect-test-diagnostics never "-only-testing:DriverUITests/K00DriverTests/testOneSample"

2026-09-14 16:22:16.731 xcodebuild[45957:29743369] [MT] IDERunDestination: Supported platforms for the buildables in the current scheme is empty.
2026-09-14 16:22:16.735 xcodebuild[45957:29743369] [MT] IDERunDestination: Supported platforms for the buildables in the current scheme is empty.
2026-09-14 16:22:16.834 xcodebuild[45957:29743369] [MT] IDERunDestination: Supported platforms for the buildables in the current scheme is empty.
--- xcodebuild: WARNING: Using the first of multiple matching destinations:
{ platform:iOS, arch:arm64e, id:00008140-00163D9922E0801C, name:Kelly Nezat’s iPhone }
{ platform:iOS, arch:arm64, id:00008140-00163D9922E0801C, name:Kelly Nezat’s iPhone }
2026-09-14 16:22:17.087 xcodebuild[45957:29743369] [MT] IDERunDestination: Supported platforms for the buildables in the current scheme is empty.
2026-09-14 16:22:17.270 xcodebuild[45957:29743369] [MT] IDERunDestination: Supported platforms for the buildables in the current scheme is empty.
2026-09-14 16:22:19.130188-0400 DriverUITests-Runner[65654:14489631] [Default] Running tests...
    t =      nans Interface orientation changed to Portrait
Test Suite 'Selected tests' started at 2026-09-14 16:22:19.671.
Test Suite 'DriverUITests.xctest' started at 2026-09-14 16:22:19.671.
Test Suite 'K00DriverTests' started at 2026-09-14 16:22:19.672.
Test Case '-[DriverUITests.K00DriverTests testOneSample]' started.
    t =     0.00s Start Test at 2026-09-14 16:22:19.672
    t =     0.02s Set Up
    t =     0.02s Open life.soullab.voicekernel.vpio01
    t =     0.02s     Launch life.soullab.voicekernel.vpio01
    t =     0.09s         Setting up automation session
    t =     0.18s         Wait for life.soullab.voicekernel.vpio01 to idle
2026-09-14 16:22:19.822 xcodebuild[45957:29743369] [MT] IDERunDestination: Supported platforms for the buildables in the current scheme is empty.
    t =     1.30s Wait for life.soullab.voicekernel.vpio01 to become Running Foreground
    t =     1.31s Waiting 10.0s for "Enter conversation" Button to exist
    t =     2.35s     Checking `Expect predicate `existsNoRetry == 1` for object "Enter conversation" Button`
    t =     2.35s         Checking existence of `"Enter conversation" Button`
    t =     2.44s Checking existence of `"Voice processing: ON (default)" Button`
    t =     2.47s Checking existence of `"Voice processing: OFF (control run)" Button`
    t =     2.80s Waiting 3.0s for "Voice processing: ON (default)" Button to exist
    t =     3.84s     Checking `Expect predicate `existsNoRetry == 1` for object "Voice processing: ON (default)" Button`
    t =     3.84s         Checking existence of `"Voice processing: ON (default)" Button`
    t =     3.90s Waiting 5.0s for "Enter conversation" Button to exist
    t =     4.93s     Checking `Expect predicate `existsNoRetry == 1` for object "Enter conversation" Button`
    t =     4.94s         Checking existence of `"Enter conversation" Button`
    t =     5.00s Tap "Enter conversation" Button
    t =     5.00s     Wait for life.soullab.voicekernel.vpio01 to idle
    t =     5.01s     Find the "Enter conversation" Button
    t =     5.16s     Check for interrupting elements affecting "Enter conversation" Button
    t =     5.23s     Synthesize event
    t =     5.53s     Wait for life.soullab.voicekernel.vpio01 to idle
    t =    20.54s Waiting 5.0s for "Export journal" Button to exist
    t =    21.55s     Checking `Expect predicate `existsNoRetry == 1` for object "Export journal" Button`
    t =    21.55s         Checking existence of `"Export journal" Button`
    t =    21.62s Tap "Export journal" Button
    t =    21.62s     Wait for life.soullab.voicekernel.vpio01 to idle
    t =    21.62s     Find the "Export journal" Button
    t =    21.66s     Check for interrupting elements affecting "Export journal" Button
    t =    21.70s     Synthesize event
    t =    21.99s     Wait for life.soullab.voicekernel.vpio01 to idle
    t =    24.22s Terminate life.soullab.voicekernel.vpio01:65655
    t =    25.24s Wait for life.soullab.voicekernel.vpio01 to become Not Running
    t =    25.24s Tear Down
Test Case '-[DriverUITests.K00DriverTests testOneSample]' passed (25.294 seconds).
Test Suite 'K00DriverTests' passed at 2026-09-14 16:22:44.966.
	 Executed 1 test, with 0 failures (0 unexpected) in 25.294 (25.295) seconds
Test Suite 'DriverUITests.xctest' passed at 2026-09-14 16:22:44.968.
	 Executed 1 test, with 0 failures (0 unexpected) in 25.294 (25.296) seconds
Test Suite 'Selected tests' passed at 2026-09-14 16:22:44.969.
	 Executed 1 test, with 0 failures (0 unexpected) in 25.294 (25.298) seconds
2026-09-14 16:22:45.037 xcodebuild[45957:29743369] [MT] IDERunDestination: Supported platforms for the buildables in the current scheme is empty.
2026-09-14 16:22:45.240 xcodebuild[45957:29743369] [MT] IDETestOperationsObserverDebug: 28.152 elapsed -- Testing started completed.
2026-09-14 16:22:45.240 xcodebuild[45957:29743369] [MT] IDETestOperationsObserverDebug: 0.000 sec, +0.000 sec -- start
2026-09-14 16:22:45.240 xcodebuild[45957:29743369] [MT] IDETestOperationsObserverDebug: 28.152 sec, +28.152 sec -- end

Test session results, code coverage, and logs:
	/Users/soullab/Library/Developer/Xcode/DerivedData/VoiceKernelDriver-cladtfjvudnwcudybyoxfgrlzwsl/Logs/Test/Test-DriverUITests-2026.09.14_16-22-16--0400.xcresult

** TEST EXECUTE SUCCEEDED **

Testing started
