Command line invocation:
    /Applications/Xcode.app/Contents/Developer/usr/bin/xcodebuild test-without-building -xctestrun /private/tmp/vpio-01b-driver-compile-record/ios/VoiceKernelDriver/.derived/Build/Products/DriverUITests_iphoneos26.2-arm64.xctestrun -destination id=00008140-00163D9922E0801C -collect-test-diagnostics never "-only-testing:DriverUITests/K00DriverTests/testOneSample"

2026-09-14 16:08:35.511 xcodebuild[42549:29713272] [MT] IDERunDestination: Supported platforms for the buildables in the current scheme is empty.
2026-09-14 16:08:35.514 xcodebuild[42549:29713272] [MT] IDERunDestination: Supported platforms for the buildables in the current scheme is empty.
2026-09-14 16:08:35.614 xcodebuild[42549:29713272] [MT] IDERunDestination: Supported platforms for the buildables in the current scheme is empty.
--- xcodebuild: WARNING: Using the first of multiple matching destinations:
{ platform:iOS, arch:arm64e, id:00008140-00163D9922E0801C, name:Kelly Nezat’s iPhone }
{ platform:iOS, arch:arm64, id:00008140-00163D9922E0801C, name:Kelly Nezat’s iPhone }
2026-09-14 16:08:35.879 xcodebuild[42549:29713272] [MT] IDERunDestination: Supported platforms for the buildables in the current scheme is empty.
2026-09-14 16:08:36.068 xcodebuild[42549:29713272] [MT] IDERunDestination: Supported platforms for the buildables in the current scheme is empty.
2026-09-14 16:08:37.683934-0400 DriverUITests-Runner[65490:14465034] [Default] Running tests...
    t =      nans Interface orientation changed to Portrait
Test Suite 'Selected tests' started at 2026-09-14 16:08:38.232.
Test Suite 'DriverUITests.xctest' started at 2026-09-14 16:08:38.233.
Test Suite 'K00DriverTests' started at 2026-09-14 16:08:38.233.
Test Case '-[DriverUITests.K00DriverTests testOneSample]' started.
    t =     0.00s Start Test at 2026-09-14 16:08:38.234
    t =     0.02s Set Up
    t =     0.02s Open life.soullab.voicekernel.vpio01
    t =     0.02s     Launch life.soullab.voicekernel.vpio01
    t =     0.11s         Setting up automation session
    t =     0.19s         Wait for life.soullab.voicekernel.vpio01 to idle
2026-09-14 16:08:38.376 xcodebuild[42549:29713272] [MT] IDERunDestination: Supported platforms for the buildables in the current scheme is empty.
    t =     1.30s Wait for life.soullab.voicekernel.vpio01 to become Running Foreground
    t =     1.30s Waiting 10.0s for "Enter conversation" Button to exist
    t =     2.33s     Checking `Expect predicate `existsNoRetry == 1` for object "Enter conversation" Button`
    t =     2.33s         Checking existence of `"Enter conversation" Button`
    t =     2.42s Checking existence of `"Voice processing: ON (default)" Button`
    t =     2.45s Checking existence of `"Voice processing: OFF (control run)" Button`
    t =     2.77s Waiting 3.0s for "Voice processing: ON (default)" Button to exist
    t =     3.77s     Checking `Expect predicate `existsNoRetry == 1` for object "Voice processing: ON (default)" Button`
    t =     3.78s         Checking existence of `"Voice processing: ON (default)" Button`
    t =     3.84s Waiting 5.0s for "Enter conversation" Button to exist
    t =     4.84s     Checking `Expect predicate `existsNoRetry == 1` for object "Enter conversation" Button`
    t =     4.84s         Checking existence of `"Enter conversation" Button`
    t =     4.90s Tap "Enter conversation" Button
    t =     4.90s     Wait for life.soullab.voicekernel.vpio01 to idle
    t =     4.91s     Find the "Enter conversation" Button
    t =     5.05s     Check for interrupting elements affecting "Enter conversation" Button
    t =     5.13s     Synthesize event
    t =     5.43s     Wait for life.soullab.voicekernel.vpio01 to idle
    t =    20.44s Waiting 5.0s for "Export journal" Button to exist
    t =    21.46s     Checking `Expect predicate `existsNoRetry == 1` for object "Export journal" Button`
    t =    21.46s         Checking existence of `"Export journal" Button`
    t =    21.53s Tap "Export journal" Button
    t =    21.53s     Wait for life.soullab.voicekernel.vpio01 to idle
    t =    21.54s     Find the "Export journal" Button
    t =    21.57s     Check for interrupting elements affecting "Export journal" Button
    t =    21.61s     Synthesize event
    t =    21.92s     Wait for life.soullab.voicekernel.vpio01 to idle
    t =    24.13s Terminate life.soullab.voicekernel.vpio01:65491
    t =    25.14s Wait for life.soullab.voicekernel.vpio01 to become Not Running
    t =    25.14s Tear Down
Test Case '-[DriverUITests.K00DriverTests testOneSample]' passed (25.194 seconds).
Test Suite 'K00DriverTests' passed at 2026-09-14 16:09:03.428.
	 Executed 1 test, with 0 failures (0 unexpected) in 25.194 (25.195) seconds
Test Suite 'DriverUITests.xctest' passed at 2026-09-14 16:09:03.428.
	 Executed 1 test, with 0 failures (0 unexpected) in 25.194 (25.195) seconds
Test Suite 'Selected tests' passed at 2026-09-14 16:09:03.429.
	 Executed 1 test, with 0 failures (0 unexpected) in 25.194 (25.196) seconds
2026-09-14 16:09:03.479 xcodebuild[42549:29713272] [MT] IDERunDestination: Supported platforms for the buildables in the current scheme is empty.
2026-09-14 16:09:03.656 xcodebuild[42549:29713272] [MT] IDETestOperationsObserverDebug: 27.776 elapsed -- Testing started completed.
2026-09-14 16:09:03.656 xcodebuild[42549:29713272] [MT] IDETestOperationsObserverDebug: 0.000 sec, +0.000 sec -- start
2026-09-14 16:09:03.656 xcodebuild[42549:29713272] [MT] IDETestOperationsObserverDebug: 27.776 sec, +27.776 sec -- end

Test session results, code coverage, and logs:
	/Users/soullab/Library/Developer/Xcode/DerivedData/VoiceKernelDriver-bdwyoerqczjkgleadxmrnmtlaihm/Logs/Test/Test-DriverUITests-2026.09.14_16-08-35--0400.xcresult

** TEST EXECUTE SUCCEEDED **

Testing started
