Command line invocation:
    /Applications/Xcode.app/Contents/Developer/usr/bin/xcodebuild test-without-building -xctestrun /private/tmp/vpio-01b-driver-compile-record/ios/VoiceKernelDriver/.derived/Build/Products/DriverUITests_iphoneos26.2-arm64.xctestrun -destination id=00008140-00163D9922E0801C -collect-test-diagnostics never "-only-testing:DriverUITests/K00DriverTests/testOneSample"

2026-09-14 16:07:02.316 xcodebuild[42262:29710406] [MT] IDERunDestination: Supported platforms for the buildables in the current scheme is empty.
2026-09-14 16:07:02.319 xcodebuild[42262:29710406] [MT] IDERunDestination: Supported platforms for the buildables in the current scheme is empty.
2026-09-14 16:07:02.418 xcodebuild[42262:29710406] [MT] IDERunDestination: Supported platforms for the buildables in the current scheme is empty.
--- xcodebuild: WARNING: Using the first of multiple matching destinations:
{ platform:iOS, arch:arm64e, id:00008140-00163D9922E0801C, name:Kelly Nezat’s iPhone }
{ platform:iOS, arch:arm64, id:00008140-00163D9922E0801C, name:Kelly Nezat’s iPhone }
2026-09-14 16:07:02.665 xcodebuild[42262:29710406] [MT] IDERunDestination: Supported platforms for the buildables in the current scheme is empty.
2026-09-14 16:07:02.873 xcodebuild[42262:29710406] [MT] IDERunDestination: Supported platforms for the buildables in the current scheme is empty.
2026-09-14 16:07:04.685834-0400 DriverUITests-Runner[65473:14462138] [Default] Running tests...
    t =      nans Interface orientation changed to Portrait
Test Suite 'Selected tests' started at 2026-09-14 16:07:05.223.
Test Suite 'DriverUITests.xctest' started at 2026-09-14 16:07:05.224.
Test Suite 'K00DriverTests' started at 2026-09-14 16:07:05.224.
Test Case '-[DriverUITests.K00DriverTests testOneSample]' started.
    t =     0.00s Start Test at 2026-09-14 16:07:05.225
    t =     0.02s Set Up
    t =     0.02s Open life.soullab.voicekernel.vpio01
    t =     0.02s     Launch life.soullab.voicekernel.vpio01
    t =     0.10s         Setting up automation session
    t =     0.19s         Wait for life.soullab.voicekernel.vpio01 to idle
2026-09-14 16:07:05.377 xcodebuild[42262:29710406] [MT] IDERunDestination: Supported platforms for the buildables in the current scheme is empty.
    t =     1.30s Wait for life.soullab.voicekernel.vpio01 to become Running Foreground
    t =     1.30s Waiting 10.0s for "Enter conversation" Button to exist
    t =     2.33s     Checking `Expect predicate `existsNoRetry == 1` for object "Enter conversation" Button`
    t =     2.33s         Checking existence of `"Enter conversation" Button`
    t =     2.42s Checking existence of `"Voice processing: ON (default)" Button`
    t =     2.45s Checking existence of `"Voice processing: OFF (control run)" Button`
    t =     2.77s Waiting 3.0s for "Voice processing: ON (default)" Button to exist
    t =     3.78s     Checking `Expect predicate `existsNoRetry == 1` for object "Voice processing: ON (default)" Button`
    t =     3.78s         Checking existence of `"Voice processing: ON (default)" Button`
    t =     3.85s Waiting 5.0s for "Enter conversation" Button to exist
    t =     4.88s     Checking `Expect predicate `existsNoRetry == 1` for object "Enter conversation" Button`
    t =     4.88s         Checking existence of `"Enter conversation" Button`
    t =     4.94s Tap "Enter conversation" Button
    t =     4.94s     Wait for life.soullab.voicekernel.vpio01 to idle
    t =     4.94s     Find the "Enter conversation" Button
    t =     4.98s     Check for interrupting elements affecting "Enter conversation" Button
    t =     5.03s     Synthesize event
    t =     5.32s     Wait for life.soullab.voicekernel.vpio01 to idle
    t =    20.34s Waiting 5.0s for "Export journal" Button to exist
    t =    21.35s     Checking `Expect predicate `existsNoRetry == 1` for object "Export journal" Button`
    t =    21.35s         Checking existence of `"Export journal" Button`
    t =    21.41s Tap "Export journal" Button
    t =    21.42s     Wait for life.soullab.voicekernel.vpio01 to idle
    t =    21.42s     Find the "Export journal" Button
    t =    21.45s     Check for interrupting elements affecting "Export journal" Button
    t =    21.50s     Synthesize event
    t =    21.79s     Wait for life.soullab.voicekernel.vpio01 to idle
    t =    24.01s Terminate life.soullab.voicekernel.vpio01:65474
    t =    25.02s Wait for life.soullab.voicekernel.vpio01 to become Not Running
    t =    25.02s Tear Down
Test Case '-[DriverUITests.K00DriverTests testOneSample]' passed (25.070 seconds).
Test Suite 'K00DriverTests' passed at 2026-09-14 16:07:30.296.
	 Executed 1 test, with 0 failures (0 unexpected) in 25.070 (25.072) seconds
Test Suite 'DriverUITests.xctest' passed at 2026-09-14 16:07:30.297.
	 Executed 1 test, with 0 failures (0 unexpected) in 25.070 (25.074) seconds
Test Suite 'Selected tests' passed at 2026-09-14 16:07:30.301.
	 Executed 1 test, with 0 failures (0 unexpected) in 25.070 (25.077) seconds
2026-09-14 16:07:30.365 xcodebuild[42262:29710406] [MT] IDERunDestination: Supported platforms for the buildables in the current scheme is empty.
2026-09-14 16:07:30.558 xcodebuild[42262:29710406] [MT] IDETestOperationsObserverDebug: 27.891 elapsed -- Testing started completed.
2026-09-14 16:07:30.558 xcodebuild[42262:29710406] [MT] IDETestOperationsObserverDebug: 0.000 sec, +0.000 sec -- start
2026-09-14 16:07:30.558 xcodebuild[42262:29710406] [MT] IDETestOperationsObserverDebug: 27.891 sec, +27.891 sec -- end

Test session results, code coverage, and logs:
	/Users/soullab/Library/Developer/Xcode/DerivedData/VoiceKernelDriver-hacuesavtccgbccskatiyrlkaqwf/Logs/Test/Test-DriverUITests-2026.09.14_16-07-02--0400.xcresult

** TEST EXECUTE SUCCEEDED **

Testing started
