Command line invocation:
    /Applications/Xcode.app/Contents/Developer/usr/bin/xcodebuild test-without-building -xctestrun /private/tmp/vpio-01b-driver-compile-record/ios/VoiceKernelDriver/.derived/Build/Products/DriverUITests_iphoneos26.2-arm64.xctestrun -destination id=00008140-00163D9922E0801C -collect-test-diagnostics never "-only-testing:DriverUITests/K00DriverTests/testOneSample"

2026-09-14 16:13:05.383 xcodebuild[43390:29723195] [MT] IDERunDestination: Supported platforms for the buildables in the current scheme is empty.
2026-09-14 16:13:05.386 xcodebuild[43390:29723195] [MT] IDERunDestination: Supported platforms for the buildables in the current scheme is empty.
2026-09-14 16:13:05.485 xcodebuild[43390:29723195] [MT] IDERunDestination: Supported platforms for the buildables in the current scheme is empty.
--- xcodebuild: WARNING: Using the first of multiple matching destinations:
{ platform:iOS, arch:arm64e, id:00008140-00163D9922E0801C, name:Kelly Nezat’s iPhone }
{ platform:iOS, arch:arm64, id:00008140-00163D9922E0801C, name:Kelly Nezat’s iPhone }
2026-09-14 16:13:05.766 xcodebuild[43390:29723195] [MT] IDERunDestination: Supported platforms for the buildables in the current scheme is empty.
2026-09-14 16:13:05.958 xcodebuild[43390:29723195] [MT] IDERunDestination: Supported platforms for the buildables in the current scheme is empty.
2026-09-14 16:13:08.210705-0400 DriverUITests-Runner[65524:14473092] [Default] Running tests...
    t =      nans Interface orientation changed to Portrait
Test Suite 'Selected tests' started at 2026-09-14 16:13:08.769.
Test Suite 'DriverUITests.xctest' started at 2026-09-14 16:13:08.770.
Test Suite 'K00DriverTests' started at 2026-09-14 16:13:08.770.
Test Case '-[DriverUITests.K00DriverTests testOneSample]' started.
    t =     0.00s Start Test at 2026-09-14 16:13:08.771
    t =     0.02s Set Up
    t =     0.02s Open life.soullab.voicekernel.vpio01
    t =     0.02s     Launch life.soullab.voicekernel.vpio01
    t =     0.11s         Setting up automation session
    t =     0.19s         Wait for life.soullab.voicekernel.vpio01 to idle
2026-09-14 16:13:08.941 xcodebuild[43390:29723195] [MT] IDERunDestination: Supported platforms for the buildables in the current scheme is empty.
    t =     1.30s Wait for life.soullab.voicekernel.vpio01 to become Running Foreground
    t =     1.30s Waiting 10.0s for "Enter conversation" Button to exist
    t =     2.36s     Checking `Expect predicate `existsNoRetry == 1` for object "Enter conversation" Button`
    t =     2.36s         Checking existence of `"Enter conversation" Button`
    t =     2.45s Checking existence of `"Voice processing: ON (default)" Button`
    t =     2.48s Checking existence of `"Voice processing: OFF (control run)" Button`
    t =     2.81s Waiting 3.0s for "Voice processing: ON (default)" Button to exist
    t =     3.83s     Checking `Expect predicate `existsNoRetry == 1` for object "Voice processing: ON (default)" Button`
    t =     3.83s         Checking existence of `"Voice processing: ON (default)" Button`
    t =     3.88s Waiting 5.0s for "Enter conversation" Button to exist
    t =     4.89s     Checking `Expect predicate `existsNoRetry == 1` for object "Enter conversation" Button`
    t =     4.89s         Checking existence of `"Enter conversation" Button`
    t =     4.95s Tap "Enter conversation" Button
    t =     4.95s     Wait for life.soullab.voicekernel.vpio01 to idle
    t =     4.96s     Find the "Enter conversation" Button
    t =     5.00s     Check for interrupting elements affecting "Enter conversation" Button
    t =     5.04s     Synthesize event
    t =     5.34s     Wait for life.soullab.voicekernel.vpio01 to idle
    t =    20.36s Waiting 5.0s for "Export journal" Button to exist
    t =    21.38s     Checking `Expect predicate `existsNoRetry == 1` for object "Export journal" Button`
    t =    21.38s         Checking existence of `"Export journal" Button`
    t =    21.45s Tap "Export journal" Button
    t =    21.45s     Wait for life.soullab.voicekernel.vpio01 to idle
    t =    21.45s     Find the "Export journal" Button
    t =    21.49s     Check for interrupting elements affecting "Export journal" Button
    t =    21.53s     Synthesize event
    t =    21.82s     Wait for life.soullab.voicekernel.vpio01 to idle
    t =    24.05s Terminate life.soullab.voicekernel.vpio01:65525
    t =    25.05s Wait for life.soullab.voicekernel.vpio01 to become Not Running
    t =    25.05s Tear Down
Test Case '-[DriverUITests.K00DriverTests testOneSample]' passed (25.105 seconds).
Test Suite 'K00DriverTests' passed at 2026-09-14 16:13:33.880.
	 Executed 1 test, with 0 failures (0 unexpected) in 25.105 (25.110) seconds
Test Suite 'DriverUITests.xctest' passed at 2026-09-14 16:13:33.882.
	 Executed 1 test, with 0 failures (0 unexpected) in 25.105 (25.112) seconds
Test Suite 'Selected tests' passed at 2026-09-14 16:13:33.883.
	 Executed 1 test, with 0 failures (0 unexpected) in 25.105 (25.114) seconds
2026-09-14 16:13:33.950 xcodebuild[43390:29723195] [MT] IDERunDestination: Supported platforms for the buildables in the current scheme is empty.
2026-09-14 16:13:34.150 xcodebuild[43390:29723195] [MT] IDETestOperationsObserverDebug: 28.382 elapsed -- Testing started completed.
2026-09-14 16:13:34.150 xcodebuild[43390:29723195] [MT] IDETestOperationsObserverDebug: 0.000 sec, +0.000 sec -- start
2026-09-14 16:13:34.150 xcodebuild[43390:29723195] [MT] IDETestOperationsObserverDebug: 28.382 sec, +28.382 sec -- end

Test session results, code coverage, and logs:
	/Users/soullab/Library/Developer/Xcode/DerivedData/VoiceKernelDriver-drwwlxoxlnbreqhdbwvohchroawo/Logs/Test/Test-DriverUITests-2026.09.14_16-13-05--0400.xcresult

** TEST EXECUTE SUCCEEDED **

Testing started
