Command line invocation:
    /Applications/Xcode.app/Contents/Developer/usr/bin/xcodebuild test-without-building -xctestrun /private/tmp/vpio-01b-driver-compile-record/ios/VoiceKernelDriver/.derived/Build/Products/DriverUITests_iphoneos26.2-arm64.xctestrun -destination id=00008140-00163D9922E0801C -collect-test-diagnostics never "-only-testing:DriverUITests/K00DriverTests/testOneSample"

2026-09-14 16:19:41.725 xcodebuild[45069:29736376] [MT] IDERunDestination: Supported platforms for the buildables in the current scheme is empty.
2026-09-14 16:19:41.728 xcodebuild[45069:29736376] [MT] IDERunDestination: Supported platforms for the buildables in the current scheme is empty.
2026-09-14 16:19:41.828 xcodebuild[45069:29736376] [MT] IDERunDestination: Supported platforms for the buildables in the current scheme is empty.
--- xcodebuild: WARNING: Using the first of multiple matching destinations:
{ platform:iOS, arch:arm64e, id:00008140-00163D9922E0801C, name:Kelly Nezat’s iPhone }
{ platform:iOS, arch:arm64, id:00008140-00163D9922E0801C, name:Kelly Nezat’s iPhone }
2026-09-14 16:19:42.085 xcodebuild[45069:29736376] [MT] IDERunDestination: Supported platforms for the buildables in the current scheme is empty.
2026-09-14 16:19:42.275 xcodebuild[45069:29736376] [MT] IDERunDestination: Supported platforms for the buildables in the current scheme is empty.
2026-09-14 16:19:43.865912-0400 DriverUITests-Runner[65598:14484229] [Default] Running tests...
    t =      nans Interface orientation changed to Portrait
Test Suite 'Selected tests' started at 2026-09-14 16:19:44.328.
Test Suite 'DriverUITests.xctest' started at 2026-09-14 16:19:44.329.
Test Suite 'K00DriverTests' started at 2026-09-14 16:19:44.329.
Test Case '-[DriverUITests.K00DriverTests testOneSample]' started.
    t =     0.00s Start Test at 2026-09-14 16:19:44.330
    t =     0.02s Set Up
    t =     0.03s Open life.soullab.voicekernel.vpio01
    t =     0.03s     Launch life.soullab.voicekernel.vpio01
    t =     0.13s         Setting up automation session
    t =     0.20s         Wait for life.soullab.voicekernel.vpio01 to idle
2026-09-14 16:19:44.466 xcodebuild[45069:29736376] [MT] IDERunDestination: Supported platforms for the buildables in the current scheme is empty.
    t =     1.30s Wait for life.soullab.voicekernel.vpio01 to become Running Foreground
    t =     1.31s Waiting 10.0s for "Enter conversation" Button to exist
    t =     2.34s     Checking `Expect predicate `existsNoRetry == 1` for object "Enter conversation" Button`
    t =     2.34s         Checking existence of `"Enter conversation" Button`
    t =     2.43s Checking existence of `"Voice processing: ON (default)" Button`
    t =     2.46s Checking existence of `"Voice processing: OFF (control run)" Button`
    t =     2.78s Waiting 3.0s for "Voice processing: ON (default)" Button to exist
    t =     3.80s     Checking `Expect predicate `existsNoRetry == 1` for object "Voice processing: ON (default)" Button`
    t =     3.80s         Checking existence of `"Voice processing: ON (default)" Button`
    t =     3.87s Waiting 5.0s for "Enter conversation" Button to exist
    t =     4.88s     Checking `Expect predicate `existsNoRetry == 1` for object "Enter conversation" Button`
    t =     4.88s         Checking existence of `"Enter conversation" Button`
    t =     4.94s Tap "Enter conversation" Button
    t =     4.94s     Wait for life.soullab.voicekernel.vpio01 to idle
    t =     4.95s     Find the "Enter conversation" Button
    t =     4.99s     Check for interrupting elements affecting "Enter conversation" Button
    t =     5.03s     Synthesize event
    t =     5.32s     Wait for life.soullab.voicekernel.vpio01 to idle
    t =    20.34s Waiting 5.0s for "Export journal" Button to exist
    t =    21.36s     Checking `Expect predicate `existsNoRetry == 1` for object "Export journal" Button`
    t =    21.37s         Checking existence of `"Export journal" Button`
    t =    21.43s Tap "Export journal" Button
    t =    21.43s     Wait for life.soullab.voicekernel.vpio01 to idle
    t =    21.44s     Find the "Export journal" Button
    t =    21.48s     Check for interrupting elements affecting "Export journal" Button
    t =    21.52s         Wait for com.apple.springboard to idle
    t =    22.65s     Synthesize event
    t =    22.97s     Wait for life.soullab.voicekernel.vpio01 to idle
    t =    25.18s Terminate life.soullab.voicekernel.vpio01:65599
    t =    26.29s Wait for life.soullab.voicekernel.vpio01 to become Not Running
    t =    26.29s Tear Down
Test Case '-[DriverUITests.K00DriverTests testOneSample]' passed (26.353 seconds).
Test Suite 'K00DriverTests' passed at 2026-09-14 16:20:10.684.
	 Executed 1 test, with 0 failures (0 unexpected) in 26.353 (26.355) seconds
Test Suite 'DriverUITests.xctest' passed at 2026-09-14 16:20:10.686.
	 Executed 1 test, with 0 failures (0 unexpected) in 26.353 (26.357) seconds
Test Suite 'Selected tests' passed at 2026-09-14 16:20:10.687.
	 Executed 1 test, with 0 failures (0 unexpected) in 26.353 (26.359) seconds
2026-09-14 16:20:10.749 xcodebuild[45069:29736376] [MT] IDERunDestination: Supported platforms for the buildables in the current scheme is empty.
2026-09-14 16:20:10.940 xcodebuild[45069:29736376] [MT] IDETestOperationsObserverDebug: 28.854 elapsed -- Testing started completed.
2026-09-14 16:20:10.940 xcodebuild[45069:29736376] [MT] IDETestOperationsObserverDebug: 0.000 sec, +0.000 sec -- start
2026-09-14 16:20:10.940 xcodebuild[45069:29736376] [MT] IDETestOperationsObserverDebug: 28.854 sec, +28.854 sec -- end

Test session results, code coverage, and logs:
	/Users/soullab/Library/Developer/Xcode/DerivedData/VoiceKernelDriver-cgmvjxzkgfqlmednzegjtzcxzupw/Logs/Test/Test-DriverUITests-2026.09.14_16-19-41--0400.xcresult

** TEST EXECUTE SUCCEEDED **

Testing started
