Command line invocation:
    /Applications/Xcode.app/Contents/Developer/usr/bin/xcodebuild test-without-building -xctestrun /private/tmp/vpio-01b-driver-compile-record/ios/VoiceKernelDriver/.derived/Build/Products/DriverUITests_iphoneos26.2-arm64.xctestrun -destination id=00008140-00163D9922E0801C -collect-test-diagnostics never "-only-testing:DriverUITests/K00DriverTests/testOneSample"

2026-09-14 16:20:58.490 xcodebuild[45606:29740784] [MT] IDERunDestination: Supported platforms for the buildables in the current scheme is empty.
2026-09-14 16:20:58.493 xcodebuild[45606:29740784] [MT] IDERunDestination: Supported platforms for the buildables in the current scheme is empty.
2026-09-14 16:20:58.593 xcodebuild[45606:29740784] [MT] IDERunDestination: Supported platforms for the buildables in the current scheme is empty.
--- xcodebuild: WARNING: Using the first of multiple matching destinations:
{ platform:iOS, arch:arm64e, id:00008140-00163D9922E0801C, name:Kelly Nezat’s iPhone }
{ platform:iOS, arch:arm64, id:00008140-00163D9922E0801C, name:Kelly Nezat’s iPhone }
2026-09-14 16:20:58.867 xcodebuild[45606:29740784] [MT] IDERunDestination: Supported platforms for the buildables in the current scheme is empty.
2026-09-14 16:21:00.796741-0400 DriverUITests-Runner[65611:14486475] [Default] Running tests...
    t =      nans Interface orientation changed to Portrait
Test Suite 'Selected tests' started at 2026-09-14 16:21:01.338.
Test Suite 'DriverUITests.xctest' started at 2026-09-14 16:21:01.339.
Test Suite 'K00DriverTests' started at 2026-09-14 16:21:01.340.
Test Case '-[DriverUITests.K00DriverTests testOneSample]' started.
    t =     0.00s Start Test at 2026-09-14 16:21:01.340
    t =     0.02s Set Up
    t =     0.02s Open life.soullab.voicekernel.vpio01
    t =     0.02s     Launch life.soullab.voicekernel.vpio01
    t =     0.09s         Setting up automation session
    t =     0.19s         Wait for life.soullab.voicekernel.vpio01 to idle
2026-09-14 16:21:01.488 xcodebuild[45606:29740784] [MT] IDERunDestination: Supported platforms for the buildables in the current scheme is empty.
    t =     1.29s Wait for life.soullab.voicekernel.vpio01 to become Running Foreground
    t =     1.30s Waiting 10.0s for "Enter conversation" Button to exist
    t =     2.36s     Checking `Expect predicate `existsNoRetry == 1` for object "Enter conversation" Button`
    t =     2.36s         Checking existence of `"Enter conversation" Button`
    t =     2.45s Checking existence of `"Voice processing: ON (default)" Button`
    t =     2.47s Checking existence of `"Voice processing: OFF (control run)" Button`
    t =     2.80s Waiting 3.0s for "Voice processing: ON (default)" Button to exist
    t =     3.81s     Checking `Expect predicate `existsNoRetry == 1` for object "Voice processing: ON (default)" Button`
    t =     3.81s         Checking existence of `"Voice processing: ON (default)" Button`
    t =     3.88s Waiting 5.0s for "Enter conversation" Button to exist
    t =     4.89s     Checking `Expect predicate `existsNoRetry == 1` for object "Enter conversation" Button`
    t =     4.89s         Checking existence of `"Enter conversation" Button`
    t =     4.95s Tap "Enter conversation" Button
    t =     4.96s     Wait for life.soullab.voicekernel.vpio01 to idle
    t =     4.96s     Find the "Enter conversation" Button
    t =     5.00s     Check for interrupting elements affecting "Enter conversation" Button
    t =     5.04s         Wait for com.apple.springboard to idle
    t =     5.11s     Synthesize event
    t =     5.41s     Wait for life.soullab.voicekernel.vpio01 to idle
    t =    20.42s Waiting 5.0s for "Export journal" Button to exist
    t =    21.44s     Checking `Expect predicate `existsNoRetry == 1` for object "Export journal" Button`
    t =    21.44s         Checking existence of `"Export journal" Button`
    t =    21.51s Tap "Export journal" Button
    t =    21.51s     Wait for life.soullab.voicekernel.vpio01 to idle
    t =    21.52s     Find the "Export journal" Button
    t =    21.55s     Check for interrupting elements affecting "Export journal" Button
    t =    21.60s     Synthesize event
    t =    21.90s     Wait for life.soullab.voicekernel.vpio01 to idle
    t =    24.11s Terminate life.soullab.voicekernel.vpio01:65612
    t =    25.12s Wait for life.soullab.voicekernel.vpio01 to become Not Running
    t =    25.13s Tear Down
Test Case '-[DriverUITests.K00DriverTests testOneSample]' passed (25.186 seconds).
Test Suite 'K00DriverTests' passed at 2026-09-14 16:21:26.527.
	 Executed 1 test, with 0 failures (0 unexpected) in 25.186 (25.188) seconds
Test Suite 'DriverUITests.xctest' passed at 2026-09-14 16:21:26.529.
	 Executed 1 test, with 0 failures (0 unexpected) in 25.186 (25.190) seconds
Test Suite 'Selected tests' passed at 2026-09-14 16:21:26.531.
	 Executed 1 test, with 0 failures (0 unexpected) in 25.186 (25.193) seconds
2026-09-14 16:21:26.600 xcodebuild[45606:29740784] [MT] IDERunDestination: Supported platforms for the buildables in the current scheme is empty.
2026-09-14 16:21:26.796 xcodebuild[45606:29740784] [MT] IDETestOperationsObserverDebug: 27.928 elapsed -- Testing started completed.
2026-09-14 16:21:26.796 xcodebuild[45606:29740784] [MT] IDETestOperationsObserverDebug: 0.000 sec, +0.000 sec -- start
2026-09-14 16:21:26.796 xcodebuild[45606:29740784] [MT] IDETestOperationsObserverDebug: 27.928 sec, +27.928 sec -- end

Test session results, code coverage, and logs:
	/Users/soullab/Library/Developer/Xcode/DerivedData/VoiceKernelDriver-ettnwmzninntjpcvbhqfxmqlcnln/Logs/Test/Test-DriverUITests-2026.09.14_16-20-58--0400.xcresult

** TEST EXECUTE SUCCEEDED **

Testing started
