Command line invocation:
    /Applications/Xcode.app/Contents/Developer/usr/bin/xcodebuild test-without-building -xctestrun /private/tmp/vpio-01b-driver-compile-record/ios/VoiceKernelDriver/.derived/Build/Products/DriverUITests_iphoneos26.2-arm64.xctestrun -destination id=00008140-00163D9922E0801C -collect-test-diagnostics never "-only-testing:DriverUITests/K00DriverTests/testOneSample"

2026-09-14 16:08:04.158 xcodebuild[42458:29712204] [MT] IDERunDestination: Supported platforms for the buildables in the current scheme is empty.
2026-09-14 16:08:04.161 xcodebuild[42458:29712204] [MT] IDERunDestination: Supported platforms for the buildables in the current scheme is empty.
2026-09-14 16:08:04.260 xcodebuild[42458:29712204] [MT] IDERunDestination: Supported platforms for the buildables in the current scheme is empty.
--- xcodebuild: WARNING: Using the first of multiple matching destinations:
{ platform:iOS, arch:arm64e, id:00008140-00163D9922E0801C, name:Kelly Nezat’s iPhone }
{ platform:iOS, arch:arm64, id:00008140-00163D9922E0801C, name:Kelly Nezat’s iPhone }
2026-09-14 16:08:04.519 xcodebuild[42458:29712204] [MT] IDERunDestination: Supported platforms for the buildables in the current scheme is empty.
2026-09-14 16:08:04.708 xcodebuild[42458:29712204] [MT] IDERunDestination: Supported platforms for the buildables in the current scheme is empty.
2026-09-14 16:08:06.338082-0400 DriverUITests-Runner[65487:14464010] [Default] Running tests...
    t =      nans Interface orientation changed to Portrait
Test Suite 'Selected tests' started at 2026-09-14 16:08:06.815.
Test Suite 'DriverUITests.xctest' started at 2026-09-14 16:08:06.816.
Test Suite 'K00DriverTests' started at 2026-09-14 16:08:06.816.
Test Case '-[DriverUITests.K00DriverTests testOneSample]' started.
    t =     0.00s Start Test at 2026-09-14 16:08:06.817
    t =     0.02s Set Up
    t =     0.02s Open life.soullab.voicekernel.vpio01
    t =     0.03s     Launch life.soullab.voicekernel.vpio01
    t =     0.11s         Setting up automation session
    t =     0.19s         Wait for life.soullab.voicekernel.vpio01 to idle
2026-09-14 16:08:06.966 xcodebuild[42458:29712204] [MT] IDERunDestination: Supported platforms for the buildables in the current scheme is empty.
    t =     1.29s Wait for life.soullab.voicekernel.vpio01 to become Running Foreground
    t =     1.30s Waiting 10.0s for "Enter conversation" Button to exist
    t =     2.34s     Checking `Expect predicate `existsNoRetry == 1` for object "Enter conversation" Button`
    t =     2.34s         Checking existence of `"Enter conversation" Button`
    t =     2.44s Checking existence of `"Voice processing: ON (default)" Button`
    t =     2.47s Checking existence of `"Voice processing: OFF (control run)" Button`
    t =     2.79s Waiting 3.0s for "Voice processing: ON (default)" Button to exist
    t =     3.80s     Checking `Expect predicate `existsNoRetry == 1` for object "Voice processing: ON (default)" Button`
    t =     3.81s         Checking existence of `"Voice processing: ON (default)" Button`
    t =     3.87s Waiting 5.0s for "Enter conversation" Button to exist
    t =     4.87s     Checking `Expect predicate `existsNoRetry == 1` for object "Enter conversation" Button`
    t =     4.87s         Checking existence of `"Enter conversation" Button`
    t =     4.93s Tap "Enter conversation" Button
    t =     4.93s     Wait for life.soullab.voicekernel.vpio01 to idle
    t =     4.94s     Find the "Enter conversation" Button
    t =     4.98s     Check for interrupting elements affecting "Enter conversation" Button
    t =     5.02s     Synthesize event
    t =     5.33s     Wait for life.soullab.voicekernel.vpio01 to idle
    t =    20.34s Waiting 5.0s for "Export journal" Button to exist
    t =    21.36s     Checking `Expect predicate `existsNoRetry == 1` for object "Export journal" Button`
    t =    21.36s         Checking existence of `"Export journal" Button`
    t =    21.43s Tap "Export journal" Button
    t =    21.43s     Wait for life.soullab.voicekernel.vpio01 to idle
    t =    21.43s     Find the "Export journal" Button
    t =    21.47s     Check for interrupting elements affecting "Export journal" Button
    t =    21.51s     Synthesize event
    t =    21.80s     Wait for life.soullab.voicekernel.vpio01 to idle
    t =    24.03s Terminate life.soullab.voicekernel.vpio01:65488
    t =    25.12s Wait for life.soullab.voicekernel.vpio01 to become Not Running
    t =    25.12s Tear Down
Test Case '-[DriverUITests.K00DriverTests testOneSample]' passed (25.185 seconds).
Test Suite 'K00DriverTests' passed at 2026-09-14 16:08:32.004.
	 Executed 1 test, with 0 failures (0 unexpected) in 25.185 (25.188) seconds
Test Suite 'DriverUITests.xctest' passed at 2026-09-14 16:08:32.005.
	 Executed 1 test, with 0 failures (0 unexpected) in 25.185 (25.189) seconds
Test Suite 'Selected tests' passed at 2026-09-14 16:08:32.007.
	 Executed 1 test, with 0 failures (0 unexpected) in 25.185 (25.192) seconds
2026-09-14 16:08:32.068 xcodebuild[42458:29712204] [MT] IDERunDestination: Supported platforms for the buildables in the current scheme is empty.
2026-09-14 16:08:32.263 xcodebuild[42458:29712204] [MT] IDETestOperationsObserverDebug: 27.743 elapsed -- Testing started completed.
2026-09-14 16:08:32.263 xcodebuild[42458:29712204] [MT] IDETestOperationsObserverDebug: 0.000 sec, +0.000 sec -- start
2026-09-14 16:08:32.263 xcodebuild[42458:29712204] [MT] IDETestOperationsObserverDebug: 27.743 sec, +27.743 sec -- end

Test session results, code coverage, and logs:
	/Users/soullab/Library/Developer/Xcode/DerivedData/VoiceKernelDriver-ckmkkllbkaqwssflmyflsenqokfo/Logs/Test/Test-DriverUITests-2026.09.14_16-08-04--0400.xcresult

** TEST EXECUTE SUCCEEDED **

Testing started
