Command line invocation:
    /Applications/Xcode.app/Contents/Developer/usr/bin/xcodebuild test-without-building -xctestrun /private/tmp/vpio-01b-driver-compile-record/ios/VoiceKernelDriver/.derived/Build/Products/DriverUITests_iphoneos26.2-arm64.xctestrun -destination id=00008140-00163D9922E0801C -collect-test-diagnostics never "-only-testing:DriverUITests/K00DriverTests/testOneSample"

2026-09-14 16:16:37.594 xcodebuild[44547:29731381] [MT] IDERunDestination: Supported platforms for the buildables in the current scheme is empty.
2026-09-14 16:16:37.598 xcodebuild[44547:29731381] [MT] IDERunDestination: Supported platforms for the buildables in the current scheme is empty.
2026-09-14 16:16:37.696 xcodebuild[44547:29731381] [MT] IDERunDestination: Supported platforms for the buildables in the current scheme is empty.
--- xcodebuild: WARNING: Using the first of multiple matching destinations:
{ platform:iOS, arch:arm64e, id:00008140-00163D9922E0801C, name:Kelly Nezat’s iPhone }
{ platform:iOS, arch:arm64, id:00008140-00163D9922E0801C, name:Kelly Nezat’s iPhone }
2026-09-14 16:16:37.949 xcodebuild[44547:29731381] [MT] IDERunDestination: Supported platforms for the buildables in the current scheme is empty.
2026-09-14 16:16:38.130 xcodebuild[44547:29731381] [MT] IDERunDestination: Supported platforms for the buildables in the current scheme is empty.
2026-09-14 16:16:40.104754-0400 DriverUITests-Runner[65564:14479103] [Default] Running tests...
    t =      nans Interface orientation changed to Portrait
Test Suite 'Selected tests' started at 2026-09-14 16:16:40.580.
Test Suite 'DriverUITests.xctest' started at 2026-09-14 16:16:40.580.
Test Suite 'K00DriverTests' started at 2026-09-14 16:16:40.580.
Test Case '-[DriverUITests.K00DriverTests testOneSample]' started.
    t =     0.00s Start Test at 2026-09-14 16:16:40.581
    t =     0.02s Set Up
    t =     0.02s Open life.soullab.voicekernel.vpio01
    t =     0.02s     Launch life.soullab.voicekernel.vpio01
    t =     0.11s         Setting up automation session
    t =     0.19s         Wait for life.soullab.voicekernel.vpio01 to idle
2026-09-14 16:16:40.741 xcodebuild[44547:29731381] [MT] IDERunDestination: Supported platforms for the buildables in the current scheme is empty.
    t =     1.31s Wait for life.soullab.voicekernel.vpio01 to become Running Foreground
    t =     1.31s Waiting 10.0s for "Enter conversation" Button to exist
    t =     2.32s     Checking `Expect predicate `existsNoRetry == 1` for object "Enter conversation" Button`
    t =     2.32s         Checking existence of `"Enter conversation" Button`
    t =     2.41s Checking existence of `"Voice processing: ON (default)" Button`
    t =     2.43s Checking existence of `"Voice processing: OFF (control run)" Button`
    t =     2.76s Waiting 3.0s for "Voice processing: ON (default)" Button to exist
    t =     3.78s     Checking `Expect predicate `existsNoRetry == 1` for object "Voice processing: ON (default)" Button`
    t =     3.78s         Checking existence of `"Voice processing: ON (default)" Button`
    t =     3.85s Waiting 5.0s for "Enter conversation" Button to exist
    t =     4.85s     Checking `Expect predicate `existsNoRetry == 1` for object "Enter conversation" Button`
    t =     4.85s         Checking existence of `"Enter conversation" Button`
    t =     4.91s Tap "Enter conversation" Button
    t =     4.91s     Wait for life.soullab.voicekernel.vpio01 to idle
    t =     4.92s     Find the "Enter conversation" Button
    t =     4.95s     Check for interrupting elements affecting "Enter conversation" Button
    t =     4.99s     Synthesize event
    t =     5.29s     Wait for life.soullab.voicekernel.vpio01 to idle
    t =    20.31s Waiting 5.0s for "Export journal" Button to exist
    t =    21.33s     Checking `Expect predicate `existsNoRetry == 1` for object "Export journal" Button`
    t =    21.33s         Checking existence of `"Export journal" Button`
    t =    21.40s Tap "Export journal" Button
    t =    21.40s     Wait for life.soullab.voicekernel.vpio01 to idle
    t =    21.41s     Find the "Export journal" Button
    t =    21.44s     Check for interrupting elements affecting "Export journal" Button
    t =    21.48s     Synthesize event
    t =    21.78s     Wait for life.soullab.voicekernel.vpio01 to idle
    t =    24.00s Terminate life.soullab.voicekernel.vpio01:65565
    t =    25.01s Wait for life.soullab.voicekernel.vpio01 to become Not Running
    t =    25.02s Tear Down
Test Case '-[DriverUITests.K00DriverTests testOneSample]' passed (25.064 seconds).
Test Suite 'K00DriverTests' passed at 2026-09-14 16:17:05.645.
	 Executed 1 test, with 0 failures (0 unexpected) in 25.064 (25.065) seconds
Test Suite 'DriverUITests.xctest' passed at 2026-09-14 16:17:05.645.
	 Executed 1 test, with 0 failures (0 unexpected) in 25.064 (25.065) seconds
Test Suite 'Selected tests' passed at 2026-09-14 16:17:05.646.
	 Executed 1 test, with 0 failures (0 unexpected) in 25.064 (25.066) seconds
2026-09-14 16:17:05.730 xcodebuild[44547:29731381] [MT] IDERunDestination: Supported platforms for the buildables in the current scheme is empty.
2026-09-14 16:17:05.908 xcodebuild[44547:29731381] [MT] IDETestOperationsObserverDebug: 27.959 elapsed -- Testing started completed.
2026-09-14 16:17:05.908 xcodebuild[44547:29731381] [MT] IDETestOperationsObserverDebug: 0.000 sec, +0.000 sec -- start
2026-09-14 16:17:05.908 xcodebuild[44547:29731381] [MT] IDETestOperationsObserverDebug: 27.959 sec, +27.959 sec -- end

Test session results, code coverage, and logs:
	/Users/soullab/Library/Developer/Xcode/DerivedData/VoiceKernelDriver-dfzwzjhpnupbbgeytvoqdoeffzsv/Logs/Test/Test-DriverUITests-2026.09.14_16-16-37--0400.xcresult

** TEST EXECUTE SUCCEEDED **

Testing started
