Command line invocation:
    /Applications/Xcode.app/Contents/Developer/usr/bin/xcodebuild test-without-building -xctestrun /private/tmp/vpio-01b-driver-compile-record/ios/VoiceKernelDriver/.derived/Build/Products/DriverUITests_iphoneos26.2-arm64.xctestrun -destination id=00008140-00163D9922E0801C -collect-test-diagnostics never "-only-testing:DriverUITests/K00DriverTests/testOneSample"

2026-09-14 16:14:14.760 xcodebuild[43661:29725579] [MT] IDERunDestination: Supported platforms for the buildables in the current scheme is empty.
2026-09-14 16:14:14.763 xcodebuild[43661:29725579] [MT] IDERunDestination: Supported platforms for the buildables in the current scheme is empty.
2026-09-14 16:14:14.861 xcodebuild[43661:29725579] [MT] IDERunDestination: Supported platforms for the buildables in the current scheme is empty.
--- xcodebuild: WARNING: Using the first of multiple matching destinations:
{ platform:iOS, arch:arm64e, id:00008140-00163D9922E0801C, name:Kelly Nezat’s iPhone }
{ platform:iOS, arch:arm64, id:00008140-00163D9922E0801C, name:Kelly Nezat’s iPhone }
2026-09-14 16:14:15.115 xcodebuild[43661:29725579] [MT] IDERunDestination: Supported platforms for the buildables in the current scheme is empty.
2026-09-14 16:14:15.297 xcodebuild[43661:29725579] [MT] IDERunDestination: Supported platforms for the buildables in the current scheme is empty.
2026-09-14 16:14:17.382281-0400 DriverUITests-Runner[65533:14474984] [Default] Running tests...
    t =      nans Interface orientation changed to Portrait
Test Suite 'Selected tests' started at 2026-09-14 16:14:17.845.
Test Suite 'DriverUITests.xctest' started at 2026-09-14 16:14:17.846.
Test Suite 'K00DriverTests' started at 2026-09-14 16:14:17.846.
Test Case '-[DriverUITests.K00DriverTests testOneSample]' started.
    t =     0.00s Start Test at 2026-09-14 16:14:17.847
    t =     0.02s Set Up
    t =     0.02s Open life.soullab.voicekernel.vpio01
    t =     0.02s     Launch life.soullab.voicekernel.vpio01
    t =     0.11s         Setting up automation session
    t =     0.18s         Wait for life.soullab.voicekernel.vpio01 to idle
2026-09-14 16:14:17.964 xcodebuild[43661:29725579] [MT] IDERunDestination: Supported platforms for the buildables in the current scheme is empty.
    t =     1.27s Wait for life.soullab.voicekernel.vpio01 to become Running Foreground
    t =     1.28s Waiting 10.0s for "Enter conversation" Button to exist
    t =     2.29s     Checking `Expect predicate `existsNoRetry == 1` for object "Enter conversation" Button`
    t =     2.29s         Checking existence of `"Enter conversation" Button`
    t =     2.38s Checking existence of `"Voice processing: ON (default)" Button`
    t =     2.41s Checking existence of `"Voice processing: OFF (control run)" Button`
    t =     2.73s Waiting 3.0s for "Voice processing: ON (default)" Button to exist
    t =     3.74s     Checking `Expect predicate `existsNoRetry == 1` for object "Voice processing: ON (default)" Button`
    t =     3.74s         Checking existence of `"Voice processing: ON (default)" Button`
    t =     3.80s Waiting 5.0s for "Enter conversation" Button to exist
    t =     4.82s     Checking `Expect predicate `existsNoRetry == 1` for object "Enter conversation" Button`
    t =     4.82s         Checking existence of `"Enter conversation" Button`
    t =     4.88s Tap "Enter conversation" Button
    t =     4.88s     Wait for life.soullab.voicekernel.vpio01 to idle
    t =     4.89s     Find the "Enter conversation" Button
    t =     4.93s     Check for interrupting elements affecting "Enter conversation" Button
    t =     4.97s     Synthesize event
    t =     5.27s     Wait for life.soullab.voicekernel.vpio01 to idle
    t =    20.28s Waiting 5.0s for "Export journal" Button to exist
    t =    21.29s     Checking `Expect predicate `existsNoRetry == 1` for object "Export journal" Button`
    t =    21.29s         Checking existence of `"Export journal" Button`
    t =    21.36s Tap "Export journal" Button
    t =    21.36s     Wait for life.soullab.voicekernel.vpio01 to idle
    t =    21.36s     Find the "Export journal" Button
    t =    21.40s     Check for interrupting elements affecting "Export journal" Button
    t =    21.44s     Synthesize event
    t =    21.74s     Wait for life.soullab.voicekernel.vpio01 to idle
    t =    23.96s Terminate life.soullab.voicekernel.vpio01:65534
    t =    25.06s Wait for life.soullab.voicekernel.vpio01 to become Not Running
    t =    25.06s Tear Down
Test Case '-[DriverUITests.K00DriverTests testOneSample]' passed (25.096 seconds).
Test Suite 'K00DriverTests' passed at 2026-09-14 16:14:42.943.
	 Executed 1 test, with 0 failures (0 unexpected) in 25.096 (25.097) seconds
Test Suite 'DriverUITests.xctest' passed at 2026-09-14 16:14:42.943.
	 Executed 1 test, with 0 failures (0 unexpected) in 25.096 (25.098) seconds
Test Suite 'Selected tests' passed at 2026-09-14 16:14:42.944.
	 Executed 1 test, with 0 failures (0 unexpected) in 25.096 (25.099) seconds
2026-09-14 16:14:43.032 xcodebuild[43661:29725579] [MT] IDERunDestination: Supported platforms for the buildables in the current scheme is empty.
2026-09-14 16:14:43.210 xcodebuild[43661:29725579] [MT] IDETestOperationsObserverDebug: 28.095 elapsed -- Testing started completed.
2026-09-14 16:14:43.210 xcodebuild[43661:29725579] [MT] IDETestOperationsObserverDebug: 0.000 sec, +0.000 sec -- start
2026-09-14 16:14:43.210 xcodebuild[43661:29725579] [MT] IDETestOperationsObserverDebug: 28.095 sec, +28.095 sec -- end

Test session results, code coverage, and logs:
	/Users/soullab/Library/Developer/Xcode/DerivedData/VoiceKernelDriver-csykehknmzsrzlegktyxjhfjzbcr/Logs/Test/Test-DriverUITests-2026.09.14_16-14-14--0400.xcresult

** TEST EXECUTE SUCCEEDED **

Testing started
