Command line invocation:
    /Applications/Xcode.app/Contents/Developer/usr/bin/xcodebuild -project VoiceKernelHarness.xcodeproj -scheme VoiceKernelHarness -destination id=00008140-00163D9922E0801C -derivedDataPath /private/tmp/sid-mac-compile-02-faf918b5c5b2cd85f8e8a6c9cbda8bc76df11ce8-derived DEVELOPMENT_TEAM=ZVK2X646Z2 CODE_SIGN_STYLE=Automatic -allowProvisioningUpdates build

Build settings from command line:
    CODE_SIGN_STYLE = Automatic
    DEVELOPMENT_TEAM = ZVK2X646Z2

Resolve Package Graph


Resolved source packages:
  VoiceKernel: /tmp/sid-mac-compile-02-faf918b5c5b2cd85f8e8a6c9cbda8bc76df11ce8/ios/VoiceKernel

2026-09-15 17:42:44.756 xcodebuild[67391:31850043] [MT] IDERunDestination: Supported platforms for the buildables in the current scheme is empty.
ComputePackagePrebuildTargetDependencyGraph

Prepare packages

CreateBuildRequest

SendProjectDescription

CreateBuildOperation

ComputeTargetDependencyGraph
note: Building targets in dependency order
note: Target dependency graph (3 targets)
    Target 'VoiceKernelHarness' in project 'VoiceKernelHarness'
        ➜ Explicit dependency on target 'VoiceKernel' in project 'VoiceKernel'
    Target 'VoiceKernel' in project 'VoiceKernel'
        ➜ Explicit dependency on target 'VoiceKernel' in project 'VoiceKernel'
    Target 'VoiceKernel' in project 'VoiceKernel' (no dependencies)

GatherProvisioningInputs

CreateBuildDescription

ExecuteExternalTool /Applications/Xcode.app/Contents/Developer/Toolchains/XcodeDefault.xctoolchain/usr/bin/clang -v -E -dM -isysroot /Applications/Xcode.app/Contents/Developer/Platforms/iPhoneOS.platform/Developer/SDKs/iPhoneOS26.2.sdk -x c -c /dev/null

ExecuteExternalTool /Applications/Xcode.app/Contents/Developer/Toolchains/XcodeDefault.xctoolchain/usr/bin/swiftc --version

ExecuteExternalTool /Applications/Xcode.app/Contents/Developer/Toolchains/XcodeDefault.xctoolchain/usr/bin/ld -version_details

Build description signature: c7d1c5b3011bdeb5dbbfd4c186d5d2c2
Build description path: /tmp/sid-mac-compile-02-faf918b5c5b2cd85f8e8a6c9cbda8bc76df11ce8-derived/Build/Intermediates.noindex/XCBuildData/c7d1c5b3011bdeb5dbbfd4c186d5d2c2.xcbuilddata
ClangStatCache /Applications/Xcode.app/Contents/Developer/Toolchains/XcodeDefault.xctoolchain/usr/bin/clang-stat-cache /Applications/Xcode.app/Contents/Developer/Platforms/iPhoneOS.platform/Developer/SDKs/iPhoneOS26.2.sdk /tmp/sid-mac-compile-02-faf918b5c5b2cd85f8e8a6c9cbda8bc76df11ce8-derived/SDKStatCaches.noindex/iphoneos26.2-23C57-3794476bd08197c3e2abd9bb477ef7f7.sdkstatcache
    cd /tmp/sid-mac-compile-02-faf918b5c5b2cd85f8e8a6c9cbda8bc76df11ce8/ios/VoiceKernelHarness/VoiceKernelHarness.xcodeproj
    /Applications/Xcode.app/Contents/Developer/Toolchains/XcodeDefault.xctoolchain/usr/bin/clang-stat-cache /Applications/Xcode.app/Contents/Developer/Platforms/iPhoneOS.platform/Developer/SDKs/iPhoneOS26.2.sdk -o /tmp/sid-mac-compile-02-faf918b5c5b2cd85f8e8a6c9cbda8bc76df11ce8-derived/SDKStatCaches.noindex/iphoneos26.2-23C57-3794476bd08197c3e2abd9bb477ef7f7.sdkstatcache

WriteAuxiliaryFile /tmp/sid-mac-compile-02-faf918b5c5b2cd85f8e8a6c9cbda8bc76df11ce8-derived/Build/Intermediates.noindex/VoiceKernelHarness.build/Debug-iphoneos/VoiceKernelHarness.build/DerivedSources/Entitlements.plist (in target 'VoiceKernelHarness' from project 'VoiceKernelHarness')
    cd /tmp/sid-mac-compile-02-faf918b5c5b2cd85f8e8a6c9cbda8bc76df11ce8/ios/VoiceKernelHarness
    write-file /tmp/sid-mac-compile-02-faf918b5c5b2cd85f8e8a6c9cbda8bc76df11ce8-derived/Build/Intermediates.noindex/VoiceKernelHarness.build/Debug-iphoneos/VoiceKernelHarness.build/DerivedSources/Entitlements.plist

ProcessProductPackaging /Users/soullab/Library/Developer/Xcode/UserData/Provisioning\ Profiles/08a653d1-5ec3-4206-84fd-991a5fcc11c2.mobileprovision /tmp/sid-mac-compile-02-faf918b5c5b2cd85f8e8a6c9cbda8bc76df11ce8-derived/Build/Products/Debug-iphoneos/VoiceKernelHarness.app/embedded.mobileprovision (in target 'VoiceKernelHarness' from project 'VoiceKernelHarness')
    cd /tmp/sid-mac-compile-02-faf918b5c5b2cd85f8e8a6c9cbda8bc76df11ce8/ios/VoiceKernelHarness
    builtin-productPackagingUtility /Users/soullab/Library/Developer/Xcode/UserData/Provisioning\ Profiles/08a653d1-5ec3-4206-84fd-991a5fcc11c2.mobileprovision -o /tmp/sid-mac-compile-02-faf918b5c5b2cd85f8e8a6c9cbda8bc76df11ce8-derived/Build/Products/Debug-iphoneos/VoiceKernelHarness.app/embedded.mobileprovision

ProcessProductPackaging "" /tmp/sid-mac-compile-02-faf918b5c5b2cd85f8e8a6c9cbda8bc76df11ce8-derived/Build/Intermediates.noindex/VoiceKernelHarness.build/Debug-iphoneos/VoiceKernelHarness.build/VoiceKernelHarness.app.xcent (in target 'VoiceKernelHarness' from project 'VoiceKernelHarness')
    cd /tmp/sid-mac-compile-02-faf918b5c5b2cd85f8e8a6c9cbda8bc76df11ce8/ios/VoiceKernelHarness
    
    Entitlements:
    
    {
    "application-identifier" = "ZVK2X646Z2.life.soullab.voicekernel.vpio02sid";
    "com.apple.developer.team-identifier" = ZVK2X646Z2;
    "get-task-allow" = 1;
}
    
    builtin-productPackagingUtility -entitlements -format xml -o /tmp/sid-mac-compile-02-faf918b5c5b2cd85f8e8a6c9cbda8bc76df11ce8-derived/Build/Intermediates.noindex/VoiceKernelHarness.build/Debug-iphoneos/VoiceKernelHarness.build/VoiceKernelHarness.app.xcent

ProcessProductPackagingDER /tmp/sid-mac-compile-02-faf918b5c5b2cd85f8e8a6c9cbda8bc76df11ce8-derived/Build/Intermediates.noindex/VoiceKernelHarness.build/Debug-iphoneos/VoiceKernelHarness.build/VoiceKernelHarness.app.xcent /tmp/sid-mac-compile-02-faf918b5c5b2cd85f8e8a6c9cbda8bc76df11ce8-derived/Build/Intermediates.noindex/VoiceKernelHarness.build/Debug-iphoneos/VoiceKernelHarness.build/VoiceKernelHarness.app.xcent.der (in target 'VoiceKernelHarness' from project 'VoiceKernelHarness')
    cd /tmp/sid-mac-compile-02-faf918b5c5b2cd85f8e8a6c9cbda8bc76df11ce8/ios/VoiceKernelHarness
    /usr/bin/derq query -f xml -i /tmp/sid-mac-compile-02-faf918b5c5b2cd85f8e8a6c9cbda8bc76df11ce8-derived/Build/Intermediates.noindex/VoiceKernelHarness.build/Debug-iphoneos/VoiceKernelHarness.build/VoiceKernelHarness.app.xcent -o /tmp/sid-mac-compile-02-faf918b5c5b2cd85f8e8a6c9cbda8bc76df11ce8-derived/Build/Intermediates.noindex/VoiceKernelHarness.build/Debug-iphoneos/VoiceKernelHarness.build/VoiceKernelHarness.app.xcent.der --raw

Ld /tmp/sid-mac-compile-02-faf918b5c5b2cd85f8e8a6c9cbda8bc76df11ce8-derived/Build/Products/Debug-iphoneos/VoiceKernelHarness.app/__preview.dylib normal (in target 'VoiceKernelHarness' from project 'VoiceKernelHarness')
    cd /tmp/sid-mac-compile-02-faf918b5c5b2cd85f8e8a6c9cbda8bc76df11ce8/ios/VoiceKernelHarness
    /Applications/Xcode.app/Contents/Developer/Toolchains/XcodeDefault.xctoolchain/usr/bin/clang -Xlinker -reproducible -target arm64-apple-ios16.0 -dynamiclib -isysroot /Applications/Xcode.app/Contents/Developer/Platforms/iPhoneOS.platform/Developer/SDKs/iPhoneOS26.2.sdk -O0 -L/tmp/sid-mac-compile-02-faf918b5c5b2cd85f8e8a6c9cbda8bc76df11ce8-derived/Build/Products/Debug-iphoneos -F/tmp/sid-mac-compile-02-faf918b5c5b2cd85f8e8a6c9cbda8bc76df11ce8-derived/Build/Products/Debug-iphoneos/PackageFrameworks -F/tmp/sid-mac-compile-02-faf918b5c5b2cd85f8e8a6c9cbda8bc76df11ce8-derived/Build/Products/Debug-iphoneos -install_name @rpath/VoiceKernelHarness.debug.dylib -dead_strip -rdynamic -Xlinker -no_deduplicate -Xlinker -dependency_info -Xlinker /tmp/sid-mac-compile-02-faf918b5c5b2cd85f8e8a6c9cbda8bc76df11ce8-derived/Build/Intermediates.noindex/VoiceKernelHarness.build/Debug-iphoneos/VoiceKernelHarness.build/Objects-normal/arm64/VoiceKernelHarness_dependency_info.dat -Xlinker -no_adhoc_codesign -o /tmp/sid-mac-compile-02-faf918b5c5b2cd85f8e8a6c9cbda8bc76df11ce8-derived/Build/Products/Debug-iphoneos/VoiceKernelHarness.app/__preview.dylib

Ld /tmp/sid-mac-compile-02-faf918b5c5b2cd85f8e8a6c9cbda8bc76df11ce8-derived/Build/Products/Debug-iphoneos/VoiceKernelHarness.app/VoiceKernelHarness.debug.dylib normal (in target 'VoiceKernelHarness' from project 'VoiceKernelHarness')
    cd /tmp/sid-mac-compile-02-faf918b5c5b2cd85f8e8a6c9cbda8bc76df11ce8/ios/VoiceKernelHarness
    /Applications/Xcode.app/Contents/Developer/Toolchains/XcodeDefault.xctoolchain/usr/bin/clang -Xlinker -reproducible -target arm64-apple-ios16.0 -dynamiclib -isysroot /Applications/Xcode.app/Contents/Developer/Platforms/iPhoneOS.platform/Developer/SDKs/iPhoneOS26.2.sdk -O0 -L/tmp/sid-mac-compile-02-faf918b5c5b2cd85f8e8a6c9cbda8bc76df11ce8-derived/Build/Intermediates.noindex/EagerLinkingTBDs/Debug-iphoneos -L/tmp/sid-mac-compile-02-faf918b5c5b2cd85f8e8a6c9cbda8bc76df11ce8-derived/Build/Products/Debug-iphoneos -F/tmp/sid-mac-compile-02-faf918b5c5b2cd85f8e8a6c9cbda8bc76df11ce8-derived/Build/Intermediates.noindex/EagerLinkingTBDs/Debug-iphoneos -F/tmp/sid-mac-compile-02-faf918b5c5b2cd85f8e8a6c9cbda8bc76df11ce8-derived/Build/Products/Debug-iphoneos/PackageFrameworks -F/tmp/sid-mac-compile-02-faf918b5c5b2cd85f8e8a6c9cbda8bc76df11ce8-derived/Build/Products/Debug-iphoneos -filelist /tmp/sid-mac-compile-02-faf918b5c5b2cd85f8e8a6c9cbda8bc76df11ce8-derived/Build/Intermediates.noindex/VoiceKernelHarness.build/Debug-iphoneos/VoiceKernelHarness.build/Objects-normal/arm64/VoiceKernelHarness.LinkFileList -install_name @rpath/VoiceKernelHarness.debug.dylib -Xlinker -rpath -Xlinker /usr/lib/swift -Xlinker -rpath -Xlinker /tmp/sid-mac-compile-02-faf918b5c5b2cd85f8e8a6c9cbda8bc76df11ce8-derived/Build/Products/Debug-iphoneos/PackageFrameworks -Xlinker -rpath -Xlinker @executable_path/Frameworks -dead_strip -Xlinker -object_path_lto -Xlinker /tmp/sid-mac-compile-02-faf918b5c5b2cd85f8e8a6c9cbda8bc76df11ce8-derived/Build/Intermediates.noindex/VoiceKernelHarness.build/Debug-iphoneos/VoiceKernelHarness.build/Objects-normal/arm64/VoiceKernelHarness_lto.o -rdynamic -Xlinker -no_deduplicate -Xlinker -dependency_info -Xlinker /tmp/sid-mac-compile-02-faf918b5c5b2cd85f8e8a6c9cbda8bc76df11ce8-derived/Build/Intermediates.noindex/VoiceKernelHarness.build/Debug-iphoneos/VoiceKernelHarness.build/Objects-normal/arm64/VoiceKernelHarness_dependency_info.dat -fobjc-link-runtime -L/Applications/Xcode.app/Contents/Developer/Toolchains/XcodeDefault.xctoolchain/usr/lib/swift/iphoneos -L/usr/lib/swift -Xlinker -add_ast_path -Xlinker /tmp/sid-mac-compile-02-faf918b5c5b2cd85f8e8a6c9cbda8bc76df11ce8-derived/Build/Intermediates.noindex/VoiceKernelHarness.build/Debug-iphoneos/VoiceKernelHarness.build/Objects-normal/arm64/VoiceKernelHarness.swiftmodule @/tmp/sid-mac-compile-02-faf918b5c5b2cd85f8e8a6c9cbda8bc76df11ce8-derived/Build/Intermediates.noindex/VoiceKernelHarness.build/Debug-iphoneos/VoiceKernelHarness.build/Objects-normal/arm64/VoiceKernelHarness-linker-args.resp -Wl,-no_warn_duplicate_libraries -framework AudioToolbox -Xlinker -alias -Xlinker _main -Xlinker ___debug_main_executable_dylib_entry_point -Xlinker -no_adhoc_codesign -o /tmp/sid-mac-compile-02-faf918b5c5b2cd85f8e8a6c9cbda8bc76df11ce8-derived/Build/Products/Debug-iphoneos/VoiceKernelHarness.app/VoiceKernelHarness.debug.dylib -Xlinker -add_ast_path -Xlinker /tmp/sid-mac-compile-02-faf918b5c5b2cd85f8e8a6c9cbda8bc76df11ce8-derived/Build/Intermediates.noindex/VoiceKernel.build/Debug-iphoneos/VoiceKernel.build/Objects-normal/arm64/VoiceKernel.swiftmodule @/tmp/sid-mac-compile-02-faf918b5c5b2cd85f8e8a6c9cbda8bc76df11ce8-derived/Build/Intermediates.noindex/VoiceKernel.build/Debug-iphoneos/VoiceKernel.build/Objects-normal/arm64/VoiceKernel-linker-args.resp

ProcessInfoPlistFile /tmp/sid-mac-compile-02-faf918b5c5b2cd85f8e8a6c9cbda8bc76df11ce8-derived/Build/Products/Debug-iphoneos/VoiceKernelHarness.app/Info.plist /tmp/sid-mac-compile-02-faf918b5c5b2cd85f8e8a6c9cbda8bc76df11ce8/ios/VoiceKernelHarness/Harness/Info.plist (in target 'VoiceKernelHarness' from project 'VoiceKernelHarness')
    cd /tmp/sid-mac-compile-02-faf918b5c5b2cd85f8e8a6c9cbda8bc76df11ce8/ios/VoiceKernelHarness
    builtin-infoPlistUtility /tmp/sid-mac-compile-02-faf918b5c5b2cd85f8e8a6c9cbda8bc76df11ce8/ios/VoiceKernelHarness/Harness/Info.plist -producttype com.apple.product-type.application -genpkginfo /tmp/sid-mac-compile-02-faf918b5c5b2cd85f8e8a6c9cbda8bc76df11ce8-derived/Build/Products/Debug-iphoneos/VoiceKernelHarness.app/PkgInfo -expandbuildsettings -format binary -platform iphoneos -requiredArchitecture arm64 -o /tmp/sid-mac-compile-02-faf918b5c5b2cd85f8e8a6c9cbda8bc76df11ce8-derived/Build/Products/Debug-iphoneos/VoiceKernelHarness.app/Info.plist

ConstructStubExecutorLinkFileList /tmp/sid-mac-compile-02-faf918b5c5b2cd85f8e8a6c9cbda8bc76df11ce8-derived/Build/Intermediates.noindex/VoiceKernelHarness.build/Debug-iphoneos/VoiceKernelHarness.build/VoiceKernelHarness-ExecutorLinkFileList-normal-arm64.txt (in target 'VoiceKernelHarness' from project 'VoiceKernelHarness')
    cd /tmp/sid-mac-compile-02-faf918b5c5b2cd85f8e8a6c9cbda8bc76df11ce8/ios/VoiceKernelHarness
    construct-stub-executor-link-file-list /tmp/sid-mac-compile-02-faf918b5c5b2cd85f8e8a6c9cbda8bc76df11ce8-derived/Build/Products/Debug-iphoneos/VoiceKernelHarness.app/VoiceKernelHarness.debug.dylib /Applications/Xcode.app/Contents/Developer/Platforms/iPhoneOS.platform/Developer/usr/lib/libPreviewsJITStubExecutor_no_swift_entry_point.a /Applications/Xcode.app/Contents/Developer/Platforms/iPhoneOS.platform/Developer/usr/lib/libPreviewsJITStubExecutor.a --output /tmp/sid-mac-compile-02-faf918b5c5b2cd85f8e8a6c9cbda8bc76df11ce8-derived/Build/Intermediates.noindex/VoiceKernelHarness.build/Debug-iphoneos/VoiceKernelHarness.build/VoiceKernelHarness-ExecutorLinkFileList-normal-arm64.txt
note: Using stub executor library with Swift entry point. (in target 'VoiceKernelHarness' from project 'VoiceKernelHarness')

Ld /tmp/sid-mac-compile-02-faf918b5c5b2cd85f8e8a6c9cbda8bc76df11ce8-derived/Build/Products/Debug-iphoneos/VoiceKernelHarness.app/VoiceKernelHarness normal (in target 'VoiceKernelHarness' from project 'VoiceKernelHarness')
    cd /tmp/sid-mac-compile-02-faf918b5c5b2cd85f8e8a6c9cbda8bc76df11ce8/ios/VoiceKernelHarness
    /Applications/Xcode.app/Contents/Developer/Toolchains/XcodeDefault.xctoolchain/usr/bin/clang -Xlinker -reproducible -target arm64-apple-ios16.0 -isysroot /Applications/Xcode.app/Contents/Developer/Platforms/iPhoneOS.platform/Developer/SDKs/iPhoneOS26.2.sdk -O0 -L/tmp/sid-mac-compile-02-faf918b5c5b2cd85f8e8a6c9cbda8bc76df11ce8-derived/Build/Products/Debug-iphoneos -F/tmp/sid-mac-compile-02-faf918b5c5b2cd85f8e8a6c9cbda8bc76df11ce8-derived/Build/Products/Debug-iphoneos/PackageFrameworks -F/tmp/sid-mac-compile-02-faf918b5c5b2cd85f8e8a6c9cbda8bc76df11ce8-derived/Build/Products/Debug-iphoneos -Xlinker -rpath -Xlinker @executable_path -Xlinker -rpath -Xlinker /tmp/sid-mac-compile-02-faf918b5c5b2cd85f8e8a6c9cbda8bc76df11ce8-derived/Build/Products/Debug-iphoneos/PackageFrameworks -Xlinker -rpath -Xlinker @executable_path/Frameworks -rdynamic -Xlinker -no_deduplicate -e ___debug_blank_executor_main -Xlinker -sectcreate -Xlinker __TEXT -Xlinker __debug_dylib -Xlinker /tmp/sid-mac-compile-02-faf918b5c5b2cd85f8e8a6c9cbda8bc76df11ce8-derived/Build/Intermediates.noindex/VoiceKernelHarness.build/Debug-iphoneos/VoiceKernelHarness.build/VoiceKernelHarness-DebugDylibPath-normal-arm64.txt -Xlinker -sectcreate -Xlinker __TEXT -Xlinker __debug_instlnm -Xlinker /tmp/sid-mac-compile-02-faf918b5c5b2cd85f8e8a6c9cbda8bc76df11ce8-derived/Build/Intermediates.noindex/VoiceKernelHarness.build/Debug-iphoneos/VoiceKernelHarness.build/VoiceKernelHarness-DebugDylibInstallName-normal-arm64.txt -Xlinker -filelist -Xlinker /tmp/sid-mac-compile-02-faf918b5c5b2cd85f8e8a6c9cbda8bc76df11ce8-derived/Build/Intermediates.noindex/VoiceKernelHarness.build/Debug-iphoneos/VoiceKernelHarness.build/VoiceKernelHarness-ExecutorLinkFileList-normal-arm64.txt /tmp/sid-mac-compile-02-faf918b5c5b2cd85f8e8a6c9cbda8bc76df11ce8-derived/Build/Products/Debug-iphoneos/VoiceKernelHarness.app/VoiceKernelHarness.debug.dylib -Xlinker -no_adhoc_codesign -o /tmp/sid-mac-compile-02-faf918b5c5b2cd85f8e8a6c9cbda8bc76df11ce8-derived/Build/Products/Debug-iphoneos/VoiceKernelHarness.app/VoiceKernelHarness

CopySwiftLibs /tmp/sid-mac-compile-02-faf918b5c5b2cd85f8e8a6c9cbda8bc76df11ce8-derived/Build/Products/Debug-iphoneos/VoiceKernelHarness.app (in target 'VoiceKernelHarness' from project 'VoiceKernelHarness')
    cd /tmp/sid-mac-compile-02-faf918b5c5b2cd85f8e8a6c9cbda8bc76df11ce8/ios/VoiceKernelHarness
    builtin-swiftStdLibTool --copy --verbose --sign 42E2C8D83763966C9411E9622B92872D0D3885B4 --scan-executable /tmp/sid-mac-compile-02-faf918b5c5b2cd85f8e8a6c9cbda8bc76df11ce8-derived/Build/Products/Debug-iphoneos/VoiceKernelHarness.app/VoiceKernelHarness.debug.dylib --scan-folder /tmp/sid-mac-compile-02-faf918b5c5b2cd85f8e8a6c9cbda8bc76df11ce8-derived/Build/Products/Debug-iphoneos/VoiceKernelHarness.app/Frameworks --scan-folder /tmp/sid-mac-compile-02-faf918b5c5b2cd85f8e8a6c9cbda8bc76df11ce8-derived/Build/Products/Debug-iphoneos/VoiceKernelHarness.app/PlugIns --scan-folder /tmp/sid-mac-compile-02-faf918b5c5b2cd85f8e8a6c9cbda8bc76df11ce8-derived/Build/Products/Debug-iphoneos/VoiceKernelHarness.app/SystemExtensions --scan-folder /tmp/sid-mac-compile-02-faf918b5c5b2cd85f8e8a6c9cbda8bc76df11ce8-derived/Build/Products/Debug-iphoneos/VoiceKernelHarness.app/Extensions --platform iphoneos --toolchain /Applications/Xcode.app/Contents/Developer/Toolchains/XcodeDefault.xctoolchain --destination /tmp/sid-mac-compile-02-faf918b5c5b2cd85f8e8a6c9cbda8bc76df11ce8-derived/Build/Products/Debug-iphoneos/VoiceKernelHarness.app/Frameworks --strip-bitcode --strip-bitcode-tool /Applications/Xcode.app/Contents/Developer/Toolchains/XcodeDefault.xctoolchain/usr/bin/bitcode_strip --emit-dependency-info /tmp/sid-mac-compile-02-faf918b5c5b2cd85f8e8a6c9cbda8bc76df11ce8-derived/Build/Intermediates.noindex/VoiceKernelHarness.build/Debug-iphoneos/VoiceKernelHarness.build/SwiftStdLibToolInputDependencies.dep --filter-for-swift-os

ExtractAppIntentsMetadata (in target 'VoiceKernelHarness' from project 'VoiceKernelHarness')
    cd /tmp/sid-mac-compile-02-faf918b5c5b2cd85f8e8a6c9cbda8bc76df11ce8/ios/VoiceKernelHarness
    /Applications/Xcode.app/Contents/Developer/Toolchains/XcodeDefault.xctoolchain/usr/bin/appintentsmetadataprocessor --toolchain-dir /Applications/Xcode.app/Contents/Developer/Toolchains/XcodeDefault.xctoolchain --module-name VoiceKernelHarness --sdk-root /Applications/Xcode.app/Contents/Developer/Platforms/iPhoneOS.platform/Developer/SDKs/iPhoneOS26.2.sdk --xcode-version 17C529 --platform-family iOS --deployment-target 16.0 --bundle-identifier life.soullab.voicekernel.vpio02sid --output /tmp/sid-mac-compile-02-faf918b5c5b2cd85f8e8a6c9cbda8bc76df11ce8-derived/Build/Products/Debug-iphoneos/VoiceKernelHarness.app --target-triple arm64-apple-ios16.0 --binary-file /tmp/sid-mac-compile-02-faf918b5c5b2cd85f8e8a6c9cbda8bc76df11ce8-derived/Build/Products/Debug-iphoneos/VoiceKernelHarness.app/VoiceKernelHarness --dependency-file /tmp/sid-mac-compile-02-faf918b5c5b2cd85f8e8a6c9cbda8bc76df11ce8-derived/Build/Intermediates.noindex/VoiceKernelHarness.build/Debug-iphoneos/VoiceKernelHarness.build/Objects-normal/arm64/VoiceKernelHarness_dependency_info.dat --stringsdata-file /tmp/sid-mac-compile-02-faf918b5c5b2cd85f8e8a6c9cbda8bc76df11ce8-derived/Build/Intermediates.noindex/VoiceKernelHarness.build/Debug-iphoneos/VoiceKernelHarness.build/Objects-normal/arm64/ExtractedAppShortcutsMetadata.stringsdata --source-file-list /tmp/sid-mac-compile-02-faf918b5c5b2cd85f8e8a6c9cbda8bc76df11ce8-derived/Build/Intermediates.noindex/VoiceKernelHarness.build/Debug-iphoneos/VoiceKernelHarness.build/Objects-normal/arm64/VoiceKernelHarness.SwiftFileList --metadata-file-list /tmp/sid-mac-compile-02-faf918b5c5b2cd85f8e8a6c9cbda8bc76df11ce8-derived/Build/Intermediates.noindex/VoiceKernelHarness.build/Debug-iphoneos/VoiceKernelHarness.build/VoiceKernelHarness.DependencyMetadataFileList --static-metadata-file-list /tmp/sid-mac-compile-02-faf918b5c5b2cd85f8e8a6c9cbda8bc76df11ce8-derived/Build/Intermediates.noindex/VoiceKernelHarness.build/Debug-iphoneos/VoiceKernelHarness.build/VoiceKernelHarness.DependencyStaticMetadataFileList --swift-const-vals-list /tmp/sid-mac-compile-02-faf918b5c5b2cd85f8e8a6c9cbda8bc76df11ce8-derived/Build/Intermediates.noindex/VoiceKernelHarness.build/Debug-iphoneos/VoiceKernelHarness.build/Objects-normal/arm64/VoiceKernelHarness.SwiftConstValuesFileList --compile-time-extraction --deployment-aware-processing --validate-assistant-intents --no-app-shortcuts-localization
2026-09-15 17:42:45.791 appintentsmetadataprocessor[67408:31850244] Starting appintentsmetadataprocessor export
2026-09-15 17:42:45.792 appintentsmetadataprocessor[67408:31850244] warning: Metadata extraction skipped. No AppIntents.framework dependency found.

CodeSign /tmp/sid-mac-compile-02-faf918b5c5b2cd85f8e8a6c9cbda8bc76df11ce8-derived/Build/Products/Debug-iphoneos/VoiceKernelHarness.app/VoiceKernelHarness.debug.dylib (in target 'VoiceKernelHarness' from project 'VoiceKernelHarness')
    cd /tmp/sid-mac-compile-02-faf918b5c5b2cd85f8e8a6c9cbda8bc76df11ce8/ios/VoiceKernelHarness
    
    Signing Identity:     "Apple Development: Kelly Nezat (N9DTF6434L)"
    Provisioning Profile: "iOS Team Provisioning Profile: *"
                          (08a653d1-5ec3-4206-84fd-991a5fcc11c2)
    
    /usr/bin/codesign --force --sign 42E2C8D83763966C9411E9622B92872D0D3885B4 --timestamp\=none --generate-entitlement-der /tmp/sid-mac-compile-02-faf918b5c5b2cd85f8e8a6c9cbda8bc76df11ce8-derived/Build/Products/Debug-iphoneos/VoiceKernelHarness.app/VoiceKernelHarness.debug.dylib

CodeSign /tmp/sid-mac-compile-02-faf918b5c5b2cd85f8e8a6c9cbda8bc76df11ce8-derived/Build/Products/Debug-iphoneos/VoiceKernelHarness.app/__preview.dylib (in target 'VoiceKernelHarness' from project 'VoiceKernelHarness')
    cd /tmp/sid-mac-compile-02-faf918b5c5b2cd85f8e8a6c9cbda8bc76df11ce8/ios/VoiceKernelHarness
    
    Signing Identity:     "Apple Development: Kelly Nezat (N9DTF6434L)"
    Provisioning Profile: "iOS Team Provisioning Profile: *"
                          (08a653d1-5ec3-4206-84fd-991a5fcc11c2)
    
    /usr/bin/codesign --force --sign 42E2C8D83763966C9411E9622B92872D0D3885B4 --timestamp\=none --generate-entitlement-der /tmp/sid-mac-compile-02-faf918b5c5b2cd85f8e8a6c9cbda8bc76df11ce8-derived/Build/Products/Debug-iphoneos/VoiceKernelHarness.app/__preview.dylib

CodeSign /tmp/sid-mac-compile-02-faf918b5c5b2cd85f8e8a6c9cbda8bc76df11ce8-derived/Build/Products/Debug-iphoneos/VoiceKernelHarness.app (in target 'VoiceKernelHarness' from project 'VoiceKernelHarness')
    cd /tmp/sid-mac-compile-02-faf918b5c5b2cd85f8e8a6c9cbda8bc76df11ce8/ios/VoiceKernelHarness
    
    Signing Identity:     "Apple Development: Kelly Nezat (N9DTF6434L)"
    Provisioning Profile: "iOS Team Provisioning Profile: *"
                          (08a653d1-5ec3-4206-84fd-991a5fcc11c2)
    
    /usr/bin/codesign --force --sign 42E2C8D83763966C9411E9622B92872D0D3885B4 --entitlements /tmp/sid-mac-compile-02-faf918b5c5b2cd85f8e8a6c9cbda8bc76df11ce8-derived/Build/Intermediates.noindex/VoiceKernelHarness.build/Debug-iphoneos/VoiceKernelHarness.build/VoiceKernelHarness.app.xcent --timestamp\=none --generate-entitlement-der /tmp/sid-mac-compile-02-faf918b5c5b2cd85f8e8a6c9cbda8bc76df11ce8-derived/Build/Products/Debug-iphoneos/VoiceKernelHarness.app

Validate /tmp/sid-mac-compile-02-faf918b5c5b2cd85f8e8a6c9cbda8bc76df11ce8-derived/Build/Products/Debug-iphoneos/VoiceKernelHarness.app (in target 'VoiceKernelHarness' from project 'VoiceKernelHarness')
    cd /tmp/sid-mac-compile-02-faf918b5c5b2cd85f8e8a6c9cbda8bc76df11ce8/ios/VoiceKernelHarness
    builtin-validationUtility /tmp/sid-mac-compile-02-faf918b5c5b2cd85f8e8a6c9cbda8bc76df11ce8-derived/Build/Products/Debug-iphoneos/VoiceKernelHarness.app -shallow-bundle -infoplist-subpath Info.plist

** BUILD SUCCEEDED **

