Command line invocation:
    /Applications/Xcode.app/Contents/Developer/usr/bin/xcodebuild test-without-building -xctestrun /private/tmp/voice-driver-01/ios/VoiceKernelDriver/.derived/Build/Products/DriverUITests_iphoneos26.2-arm64.xctestrun -destination id=00008140-00163D9922E0801C -collect-test-diagnostics never "-only-testing:DriverUITests/K00DriverTests/testOneSample"

2026-09-12 15:03:43.290 xcodebuild[50989:26253059] [MT] IDERunDestination: Supported platforms for the buildables in the current scheme is empty.
2026-09-12 15:03:43.293 xcodebuild[50989:26253059] [MT] IDERunDestination: Supported platforms for the buildables in the current scheme is empty.
2026-09-12 15:03:43.392 xcodebuild[50989:26253059] [MT] IDERunDestination: Supported platforms for the buildables in the current scheme is empty.
--- xcodebuild: WARNING: Using the first of multiple matching destinations:
{ platform:iOS, arch:arm64e, id:00008140-00163D9922E0801C, name:Kelly Nezat’s iPhone }
{ platform:iOS, arch:arm64, id:00008140-00163D9922E0801C, name:Kelly Nezat’s iPhone }
2026-09-12 15:03:43.565 xcodebuild[50989:26253059] [MT] IDERunDestination: Supported platforms for the buildables in the current scheme is empty.
2026-09-12 15:03:43.748 xcodebuild[50989:26253059] [MT] IDERunDestination: Supported platforms for the buildables in the current scheme is empty.
2026-09-12 15:03:45.453859-0400 DriverUITests-Runner[55488:12640524] [Default] Running tests...
    t =      nans Interface orientation changed to Portrait
Test Suite 'Selected tests' started at 2026-09-12 15:03:45.930.
Test Suite 'DriverUITests.xctest' started at 2026-09-12 15:03:45.931.
Test Suite 'K00DriverTests' started at 2026-09-12 15:03:45.931.
Test Case '-[DriverUITests.K00DriverTests testOneSample]' started.
    t =     0.00s Start Test at 2026-09-12 15:03:45.932
    t =     0.02s Set Up
    t =     0.02s Open life.soullab.voicekernel.k00
    t =     0.02s     Launch life.soullab.voicekernel.k00
    t =     0.10s         Setting up automation session
    t =     0.18s         Wait for life.soullab.voicekernel.k00 to idle
2026-09-12 15:03:46.142 xcodebuild[50989:26253059] [MT] IDERunDestination: Supported platforms for the buildables in the current scheme is empty.
    t =     1.27s Wait for life.soullab.voicekernel.k00 to become Running Foreground
    t =     1.28s Waiting 10.0s for "Enter conversation" Button to exist
    t =     2.33s     Checking `Expect predicate `existsNoRetry == 1` for object "Enter conversation" Button`
    t =     2.33s         Checking existence of `"Enter conversation" Button`
    t =     2.43s Checking existence of `"Voice processing: ON (default)" Button`
    t =     2.46s Checking existence of `"Voice processing: OFF (control run)" Button`
    t =     2.78s Waiting 3.0s for "Voice processing: ON (default)" Button to exist
    t =     3.80s     Checking `Expect predicate `existsNoRetry == 1` for object "Voice processing: ON (default)" Button`
    t =     3.80s         Checking existence of `"Voice processing: ON (default)" Button`
    t =     3.86s Waiting 5.0s for "Enter conversation" Button to exist
    t =     4.86s     Checking `Expect predicate `existsNoRetry == 1` for object "Enter conversation" Button`
    t =     4.86s         Checking existence of `"Enter conversation" Button`
    t =     4.93s Tap "Enter conversation" Button
    t =     4.93s     Wait for life.soullab.voicekernel.k00 to idle
    t =     4.93s     Find the "Enter conversation" Button
    t =     4.97s     Check for interrupting elements affecting "Enter conversation" Button
    t =     5.02s     Synthesize event
    t =     5.31s     Wait for life.soullab.voicekernel.k00 to idle
    t =    20.32s Waiting 5.0s for "Export journal" Button to exist
    t =    21.34s     Checking `Expect predicate `existsNoRetry == 1` for object "Export journal" Button`
    t =    21.34s         Checking existence of `"Export journal" Button`
    t =    21.41s Tap "Export journal" Button
    t =    21.41s     Wait for life.soullab.voicekernel.k00 to idle
    t =    21.42s     Find the "Export journal" Button
    t =    21.45s     Check for interrupting elements affecting "Export journal" Button
    t =    21.50s     Synthesize event
    t =    21.80s     Wait for life.soullab.voicekernel.k00 to idle
    t =    24.02s Terminate life.soullab.voicekernel.k00:55489
    t =    25.09s Wait for life.soullab.voicekernel.k00 to become Not Running
    t =    25.09s Tear Down
Test Case '-[DriverUITests.K00DriverTests testOneSample]' passed (25.164 seconds).
Test Suite 'K00DriverTests' passed at 2026-09-12 15:04:11.100.
	 Executed 1 test, with 0 failures (0 unexpected) in 25.164 (25.169) seconds
Test Suite 'DriverUITests.xctest' passed at 2026-09-12 15:04:11.108.
	 Executed 1 test, with 0 failures (0 unexpected) in 25.164 (25.177) seconds
Test Suite 'Selected tests' passed at 2026-09-12 15:04:11.109.
	 Executed 1 test, with 0 failures (0 unexpected) in 25.164 (25.178) seconds
2026-09-12 15:04:11.219 xcodebuild[50989:26253059] [MT] IDERunDestination: Supported platforms for the buildables in the current scheme is empty.
2026-09-12 15:04:11.433 xcodebuild[50989:26253059] [MT] IDETestOperationsObserverDebug: 27.868 elapsed -- Testing started completed.
2026-09-12 15:04:11.434 xcodebuild[50989:26253059] [MT] IDETestOperationsObserverDebug: 0.000 sec, +0.000 sec -- start
2026-09-12 15:04:11.434 xcodebuild[50989:26253059] [MT] IDETestOperationsObserverDebug: 27.868 sec, +27.868 sec -- end

Test session results, code coverage, and logs:
	/Users/soullab/Library/Developer/Xcode/DerivedData/VoiceKernelDriver-bbzohokrogjfxtarjhjdzeloxjin/Logs/Test/Test-DriverUITests-2026.09.12_15-03-43--0400.xcresult

** TEST EXECUTE SUCCEEDED **

Testing started
