Command line invocation:
    /Applications/Xcode.app/Contents/Developer/usr/bin/xcodebuild test-without-building -xctestrun /private/tmp/voice-driver-01/ios/VoiceKernelDriver/.derived/Build/Products/DriverUITests_iphoneos26.2-arm64.xctestrun -destination id=00008140-00163D9922E0801C -collect-test-diagnostics never "-only-testing:DriverUITests/K00DriverTests/testOneSample"

2026-09-12 15:04:48.543 xcodebuild[51123:26254700] [MT] IDERunDestination: Supported platforms for the buildables in the current scheme is empty.
2026-09-12 15:04:48.546 xcodebuild[51123:26254700] [MT] IDERunDestination: Supported platforms for the buildables in the current scheme is empty.
2026-09-12 15:04:48.645 xcodebuild[51123:26254700] [MT] IDERunDestination: Supported platforms for the buildables in the current scheme is empty.
--- xcodebuild: WARNING: Using the first of multiple matching destinations:
{ platform:iOS, arch:arm64e, id:00008140-00163D9922E0801C, name:Kelly Nezat’s iPhone }
{ platform:iOS, arch:arm64, id:00008140-00163D9922E0801C, name:Kelly Nezat’s iPhone }
2026-09-12 15:04:48.816 xcodebuild[51123:26254700] [MT] IDERunDestination: Supported platforms for the buildables in the current scheme is empty.
2026-09-12 15:04:48.999 xcodebuild[51123:26254700] [MT] IDERunDestination: Supported platforms for the buildables in the current scheme is empty.
2026-09-12 15:04:50.627030-0400 DriverUITests-Runner[55500:12643068] [Default] Running tests...
    t =      nans Interface orientation changed to Portrait
Test Suite 'Selected tests' started at 2026-09-12 15:04:51.144.
Test Suite 'DriverUITests.xctest' started at 2026-09-12 15:04:51.145.
Test Suite 'K00DriverTests' started at 2026-09-12 15:04:51.146.
Test Case '-[DriverUITests.K00DriverTests testOneSample]' started.
    t =     0.00s Start Test at 2026-09-12 15:04:51.147
    t =     0.02s Set Up
    t =     0.02s Open life.soullab.voicekernel.k00
    t =     0.02s     Launch life.soullab.voicekernel.k00
    t =     0.12s         Setting up automation session
    t =     0.18s         Wait for life.soullab.voicekernel.k00 to idle
2026-09-12 15:04:51.342 xcodebuild[51123:26254700] [MT] IDERunDestination: Supported platforms for the buildables in the current scheme is empty.
    t =     1.28s Wait for life.soullab.voicekernel.k00 to become Running Foreground
    t =     1.28s Waiting 10.0s for "Enter conversation" Button to exist
    t =     2.30s     Checking `Expect predicate `existsNoRetry == 1` for object "Enter conversation" Button`
    t =     2.30s         Checking existence of `"Enter conversation" Button`
    t =     2.39s Checking existence of `"Voice processing: ON (default)" Button`
    t =     2.42s Checking existence of `"Voice processing: OFF (control run)" Button`
    t =     2.75s Waiting 3.0s for "Voice processing: ON (default)" Button to exist
    t =     3.75s     Checking `Expect predicate `existsNoRetry == 1` for object "Voice processing: ON (default)" Button`
    t =     3.75s         Checking existence of `"Voice processing: ON (default)" Button`
    t =     3.82s Waiting 5.0s for "Enter conversation" Button to exist
    t =     4.83s     Checking `Expect predicate `existsNoRetry == 1` for object "Enter conversation" Button`
    t =     4.84s         Checking existence of `"Enter conversation" Button`
    t =     4.90s Tap "Enter conversation" Button
    t =     4.90s     Wait for life.soullab.voicekernel.k00 to idle
    t =     4.90s     Find the "Enter conversation" Button
    t =     4.94s     Check for interrupting elements affecting "Enter conversation" Button
    t =     4.98s     Synthesize event
    t =     5.27s     Wait for life.soullab.voicekernel.k00 to idle
    t =    20.28s Waiting 5.0s for "Export journal" Button to exist
    t =    21.31s     Checking `Expect predicate `existsNoRetry == 1` for object "Export journal" Button`
    t =    21.32s         Checking existence of `"Export journal" Button`
    t =    21.38s Tap "Export journal" Button
    t =    21.38s     Wait for life.soullab.voicekernel.k00 to idle
    t =    21.38s     Find the "Export journal" Button
    t =    21.42s     Check for interrupting elements affecting "Export journal" Button
    t =    21.46s     Synthesize event
    t =    21.77s     Wait for life.soullab.voicekernel.k00 to idle
    t =    23.98s Terminate life.soullab.voicekernel.k00:55501
    t =    25.07s Wait for life.soullab.voicekernel.k00 to become Not Running
    t =    25.07s Tear Down
Test Case '-[DriverUITests.K00DriverTests testOneSample]' passed (25.157 seconds).
Test Suite 'K00DriverTests' passed at 2026-09-12 15:05:16.304.
	 Executed 1 test, with 0 failures (0 unexpected) in 25.157 (25.159) seconds
Test Suite 'DriverUITests.xctest' passed at 2026-09-12 15:05:16.311.
	 Executed 1 test, with 0 failures (0 unexpected) in 25.157 (25.166) seconds
Test Suite 'Selected tests' passed at 2026-09-12 15:05:16.314.
	 Executed 1 test, with 0 failures (0 unexpected) in 25.157 (25.170) seconds
2026-09-12 15:05:16.395 xcodebuild[51123:26254700] [MT] IDERunDestination: Supported platforms for the buildables in the current scheme is empty.
2026-09-12 15:05:16.617 xcodebuild[51123:26254700] [MT] IDETestOperationsObserverDebug: 27.800 elapsed -- Testing started completed.
2026-09-12 15:05:16.617 xcodebuild[51123:26254700] [MT] IDETestOperationsObserverDebug: 0.000 sec, +0.000 sec -- start
2026-09-12 15:05:16.617 xcodebuild[51123:26254700] [MT] IDETestOperationsObserverDebug: 27.800 sec, +27.800 sec -- end

Test session results, code coverage, and logs:
	/Users/soullab/Library/Developer/Xcode/DerivedData/VoiceKernelDriver-gjkgbdkwcckpwvdrwkwcdruifops/Logs/Test/Test-DriverUITests-2026.09.12_15-04-48--0400.xcresult

** TEST EXECUTE SUCCEEDED **

Testing started
