Command line invocation:
    /Applications/Xcode.app/Contents/Developer/usr/bin/xcodebuild test-without-building -xctestrun /private/tmp/voice-driver-01/ios/VoiceKernelDriver/.derived/Build/Products/DriverUITests_iphoneos26.2-arm64.xctestrun -destination id=00008140-00163D9922E0801C -collect-test-diagnostics never "-only-testing:DriverUITests/K00DriverTests/testOneSample"

2026-09-12 15:01:33.157 xcodebuild[50741:26249230] [MT] IDERunDestination: Supported platforms for the buildables in the current scheme is empty.
2026-09-12 15:01:33.160 xcodebuild[50741:26249230] [MT] IDERunDestination: Supported platforms for the buildables in the current scheme is empty.
2026-09-12 15:01:33.260 xcodebuild[50741:26249230] [MT] IDERunDestination: Supported platforms for the buildables in the current scheme is empty.
--- xcodebuild: WARNING: Using the first of multiple matching destinations:
{ platform:iOS, arch:arm64e, id:00008140-00163D9922E0801C, name:Kelly Nezat’s iPhone }
{ platform:iOS, arch:arm64, id:00008140-00163D9922E0801C, name:Kelly Nezat’s iPhone }
2026-09-12 15:01:33.723 xcodebuild[50741:26249230] [MT] IDERunDestination: Supported platforms for the buildables in the current scheme is empty.
2026-09-12 15:01:33.921 xcodebuild[50741:26249230] [MT] IDERunDestination: Supported platforms for the buildables in the current scheme is empty.
2026-09-12 15:01:35.453826-0400 DriverUITests-Runner[55476:12635569] [Default] Running tests...
    t =      nans Interface orientation changed to Portrait
Test Suite 'Selected tests' started at 2026-09-12 15:01:36.027.
Test Suite 'DriverUITests.xctest' started at 2026-09-12 15:01:36.028.
Test Suite 'K00DriverTests' started at 2026-09-12 15:01:36.028.
Test Case '-[DriverUITests.K00DriverTests testOneSample]' started.
    t =     0.00s Start Test at 2026-09-12 15:01:36.028
    t =     0.02s Set Up
    t =     0.02s Open life.soullab.voicekernel.k00
    t =     0.02s     Launch life.soullab.voicekernel.k00
    t =     0.13s         Setting up automation session
2026-09-12 15:01:36.200 xcodebuild[50741:26249230] [MT] IDERunDestination: Supported platforms for the buildables in the current scheme is empty.
    t =     0.20s         Wait for life.soullab.voicekernel.k00 to idle
    t =     1.32s Wait for life.soullab.voicekernel.k00 to become Running Foreground
    t =     1.32s Waiting 10.0s for "Enter conversation" Button to exist
    t =     2.33s     Checking `Expect predicate `existsNoRetry == 1` for object "Enter conversation" Button`
    t =     2.33s         Checking existence of `"Enter conversation" Button`
    t =     2.42s Checking existence of `"Voice processing: ON (default)" Button`
    t =     2.45s Checking existence of `"Voice processing: OFF (control run)" Button`
    t =     2.78s Waiting 3.0s for "Voice processing: ON (default)" Button to exist
    t =     3.78s     Checking `Expect predicate `existsNoRetry == 1` for object "Voice processing: ON (default)" Button`
    t =     3.78s         Checking existence of `"Voice processing: ON (default)" Button`
    t =     3.84s Waiting 5.0s for "Enter conversation" Button to exist
    t =     4.85s     Checking `Expect predicate `existsNoRetry == 1` for object "Enter conversation" Button`
    t =     4.85s         Checking existence of `"Enter conversation" Button`
    t =     4.91s Tap "Enter conversation" Button
    t =     4.91s     Wait for life.soullab.voicekernel.k00 to idle
    t =     4.91s     Find the "Enter conversation" Button
    t =     4.95s     Check for interrupting elements affecting "Enter conversation" Button
    t =     4.99s     Synthesize event
    t =     5.29s     Wait for life.soullab.voicekernel.k00 to idle
    t =    20.31s Waiting 5.0s for "Export journal" Button to exist
    t =    21.34s     Checking `Expect predicate `existsNoRetry == 1` for object "Export journal" Button`
    t =    21.34s         Checking existence of `"Export journal" Button`
    t =    21.41s Tap "Export journal" Button
    t =    21.41s     Wait for life.soullab.voicekernel.k00 to idle
    t =    21.41s     Find the "Export journal" Button
    t =    21.45s     Check for interrupting elements affecting "Export journal" Button
    t =    21.49s     Synthesize event
    t =    21.79s     Wait for life.soullab.voicekernel.k00 to idle
    t =    24.01s Terminate life.soullab.voicekernel.k00:55477
    t =    25.10s Wait for life.soullab.voicekernel.k00 to become Not Running
    t =    25.10s Tear Down
Test Case '-[DriverUITests.K00DriverTests testOneSample]' passed (25.154 seconds).
Test Suite 'K00DriverTests' passed at 2026-09-12 15:02:01.183.
	 Executed 1 test, with 0 failures (0 unexpected) in 25.154 (25.155) seconds
Test Suite 'DriverUITests.xctest' passed at 2026-09-12 15:02:01.184.
	 Executed 1 test, with 0 failures (0 unexpected) in 25.154 (25.156) seconds
Test Suite 'Selected tests' passed at 2026-09-12 15:02:01.185.
	 Executed 1 test, with 0 failures (0 unexpected) in 25.154 (25.158) seconds
2026-09-12 15:02:01.317 xcodebuild[50741:26249230] [MT] IDERunDestination: Supported platforms for the buildables in the current scheme is empty.
2026-09-12 15:02:01.523 xcodebuild[50741:26249230] [MT] IDETestOperationsObserverDebug: 27.799 elapsed -- Testing started completed.
2026-09-12 15:02:01.523 xcodebuild[50741:26249230] [MT] IDETestOperationsObserverDebug: 0.000 sec, +0.000 sec -- start
2026-09-12 15:02:01.523 xcodebuild[50741:26249230] [MT] IDETestOperationsObserverDebug: 27.799 sec, +27.799 sec -- end

Test session results, code coverage, and logs:
	/Users/soullab/Library/Developer/Xcode/DerivedData/VoiceKernelDriver-dewmcyqgutlmghatrkdufgeponsy/Logs/Test/Test-DriverUITests-2026.09.12_15-01-33--0400.xcresult

** TEST EXECUTE SUCCEEDED **

Testing started
