Command line invocation:
    /Applications/Xcode.app/Contents/Developer/usr/bin/xcodebuild test-without-building -xctestrun /private/tmp/voice-driver-01/ios/VoiceKernelDriver/.derived/Build/Products/DriverUITests_iphoneos26.2-arm64.xctestrun -destination id=00008140-00163D9922E0801C -collect-test-diagnostics never "-only-testing:DriverUITests/K00DriverTests/testOneSample"

2026-09-12 15:04:15.945 xcodebuild[51060:26253890] [MT] IDERunDestination: Supported platforms for the buildables in the current scheme is empty.
2026-09-12 15:04:15.949 xcodebuild[51060:26253890] [MT] IDERunDestination: Supported platforms for the buildables in the current scheme is empty.
--- xcodebuild: WARNING: Using the first of multiple matching destinations:
{ platform:iOS, arch:arm64e, id:00008140-00163D9922E0801C, name:Kelly Nezat’s iPhone }
{ platform:iOS, arch:arm64, id:00008140-00163D9922E0801C, name:Kelly Nezat’s iPhone }
2026-09-12 15:04:16.209 xcodebuild[51060:26253890] [MT] IDERunDestination: Supported platforms for the buildables in the current scheme is empty.
2026-09-12 15:04:17.795355-0400 DriverUITests-Runner[55491:12641715] [Default] Running tests...
    t =      nans Interface orientation changed to Portrait
Test Suite 'Selected tests' started at 2026-09-12 15:04:18.259.
Test Suite 'DriverUITests.xctest' started at 2026-09-12 15:04:18.259.
Test Suite 'K00DriverTests' started at 2026-09-12 15:04:18.260.
Test Case '-[DriverUITests.K00DriverTests testOneSample]' started.
    t =     0.00s Start Test at 2026-09-12 15:04:18.260
    t =     0.02s Set Up
    t =     0.03s Open life.soullab.voicekernel.k00
    t =     0.03s     Launch life.soullab.voicekernel.k00
    t =     0.11s         Setting up automation session
    t =     0.19s         Wait for life.soullab.voicekernel.k00 to idle
2026-09-12 15:04:18.454 xcodebuild[51060:26253890] [MT] IDERunDestination: Supported platforms for the buildables in the current scheme is empty.
    t =     1.28s Wait for life.soullab.voicekernel.k00 to become Running Foreground
    t =     1.28s Waiting 10.0s for "Enter conversation" Button to exist
    t =     2.32s     Checking `Expect predicate `existsNoRetry == 1` for object "Enter conversation" Button`
    t =     2.32s         Checking existence of `"Enter conversation" Button`
    t =     2.41s Checking existence of `"Voice processing: ON (default)" Button`
    t =     2.44s Checking existence of `"Voice processing: OFF (control run)" Button`
    t =     2.77s Waiting 3.0s for "Voice processing: ON (default)" Button to exist
    t =     3.78s     Checking `Expect predicate `existsNoRetry == 1` for object "Voice processing: ON (default)" Button`
    t =     3.78s         Checking existence of `"Voice processing: ON (default)" Button`
    t =     3.85s Waiting 5.0s for "Enter conversation" Button to exist
    t =     4.89s     Checking `Expect predicate `existsNoRetry == 1` for object "Enter conversation" Button`
    t =     4.89s         Checking existence of `"Enter conversation" Button`
    t =     4.95s Tap "Enter conversation" Button
    t =     4.95s     Wait for life.soullab.voicekernel.k00 to idle
    t =     4.95s     Find the "Enter conversation" Button
    t =     5.09s     Check for interrupting elements affecting "Enter conversation" Button
    t =     5.17s     Synthesize event
    t =     5.46s     Wait for life.soullab.voicekernel.k00 to idle
    t =    20.48s Waiting 5.0s for "Export journal" Button to exist
    t =    21.50s     Checking `Expect predicate `existsNoRetry == 1` for object "Export journal" Button`
    t =    21.50s         Checking existence of `"Export journal" Button`
    t =    21.57s Tap "Export journal" Button
    t =    21.57s     Wait for life.soullab.voicekernel.k00 to idle
    t =    21.57s     Find the "Export journal" Button
    t =    21.61s     Check for interrupting elements affecting "Export journal" Button
    t =    21.65s     Synthesize event
    t =    21.95s     Wait for life.soullab.voicekernel.k00 to idle
    t =    24.17s Terminate life.soullab.voicekernel.k00:55492
    t =    25.25s Wait for life.soullab.voicekernel.k00 to become Not Running
    t =    25.25s Tear Down
Test Case '-[DriverUITests.K00DriverTests testOneSample]' passed (25.332 seconds).
Test Suite 'K00DriverTests' passed at 2026-09-12 15:04:43.593.
	 Executed 1 test, with 0 failures (0 unexpected) in 25.332 (25.333) seconds
Test Suite 'DriverUITests.xctest' passed at 2026-09-12 15:04:43.595.
	 Executed 1 test, with 0 failures (0 unexpected) in 25.332 (25.336) seconds
Test Suite 'Selected tests' passed at 2026-09-12 15:04:43.597.
	 Executed 1 test, with 0 failures (0 unexpected) in 25.332 (25.338) seconds
2026-09-12 15:04:43.716 xcodebuild[51060:26253890] [MT] IDERunDestination: Supported platforms for the buildables in the current scheme is empty.
2026-09-12 15:04:43.909 xcodebuild[51060:26253890] [MT] IDETestOperationsObserverDebug: 27.699 elapsed -- Testing started completed.
2026-09-12 15:04:43.909 xcodebuild[51060:26253890] [MT] IDETestOperationsObserverDebug: 0.000 sec, +0.000 sec -- start
2026-09-12 15:04:43.909 xcodebuild[51060:26253890] [MT] IDETestOperationsObserverDebug: 27.699 sec, +27.699 sec -- end

Test session results, code coverage, and logs:
	/Users/soullab/Library/Developer/Xcode/DerivedData/VoiceKernelDriver-aaadssjaglzntygephtweljqwuxt/Logs/Test/Test-DriverUITests-2026.09.12_15-04-16--0400.xcresult

** TEST EXECUTE SUCCEEDED **

Testing started
