Command line invocation:
    /Applications/Xcode.app/Contents/Developer/usr/bin/xcodebuild test-without-building -xctestrun /private/tmp/voice-driver-01/ios/VoiceKernelDriver/.derived/Build/Products/DriverUITests_iphoneos26.2-arm64.xctestrun -destination id=00008140-00163D9922E0801C -collect-test-diagnostics never "-only-testing:DriverUITests/K00DriverTests/testOneSample"

2026-09-12 15:05:21.291 xcodebuild[51182:26255601] [MT] IDERunDestination: Supported platforms for the buildables in the current scheme is empty.
2026-09-12 15:05:21.294 xcodebuild[51182:26255601] [MT] IDERunDestination: Supported platforms for the buildables in the current scheme is empty.
2026-09-12 15:05:21.394 xcodebuild[51182:26255601] [MT] IDERunDestination: Supported platforms for the buildables in the current scheme is empty.
--- xcodebuild: WARNING: Using the first of multiple matching destinations:
{ platform:iOS, arch:arm64e, id:00008140-00163D9922E0801C, name:Kelly Nezat’s iPhone }
{ platform:iOS, arch:arm64, id:00008140-00163D9922E0801C, name:Kelly Nezat’s iPhone }
2026-09-12 15:05:21.550 xcodebuild[51182:26255601] [MT] IDERunDestination: Supported platforms for the buildables in the current scheme is empty.
2026-09-12 15:05:23.173652-0400 DriverUITests-Runner[55505:12644349] [Default] Running tests...
    t =      nans Interface orientation changed to Portrait
Test Suite 'Selected tests' started at 2026-09-12 15:05:23.636.
Test Suite 'DriverUITests.xctest' started at 2026-09-12 15:05:23.637.
Test Suite 'K00DriverTests' started at 2026-09-12 15:05:23.637.
Test Case '-[DriverUITests.K00DriverTests testOneSample]' started.
    t =     0.00s Start Test at 2026-09-12 15:05:23.638
    t =     0.02s Set Up
    t =     0.02s Open life.soullab.voicekernel.k00
    t =     0.02s     Launch life.soullab.voicekernel.k00
    t =     0.10s         Setting up automation session
    t =     0.18s         Wait for life.soullab.voicekernel.k00 to idle
2026-09-12 15:05:23.826 xcodebuild[51182:26255601] [MT] IDERunDestination: Supported platforms for the buildables in the current scheme is empty.
    t =     1.27s Wait for life.soullab.voicekernel.k00 to become Running Foreground
    t =     1.27s Waiting 10.0s for "Enter conversation" Button to exist
    t =     2.33s     Checking `Expect predicate `existsNoRetry == 1` for object "Enter conversation" Button`
    t =     2.33s         Checking existence of `"Enter conversation" Button`
    t =     2.43s Checking existence of `"Voice processing: ON (default)" Button`
    t =     2.46s Checking existence of `"Voice processing: OFF (control run)" Button`
    t =     2.78s Waiting 3.0s for "Voice processing: ON (default)" Button to exist
    t =     3.80s     Checking `Expect predicate `existsNoRetry == 1` for object "Voice processing: ON (default)" Button`
    t =     3.80s         Checking existence of `"Voice processing: ON (default)" Button`
    t =     3.87s Waiting 5.0s for "Enter conversation" Button to exist
    t =     4.90s     Checking `Expect predicate `existsNoRetry == 1` for object "Enter conversation" Button`
    t =     4.90s         Checking existence of `"Enter conversation" Button`
    t =     4.96s Tap "Enter conversation" Button
    t =     4.96s     Wait for life.soullab.voicekernel.k00 to idle
    t =     4.97s     Find the "Enter conversation" Button
    t =     5.00s     Check for interrupting elements affecting "Enter conversation" Button
    t =     5.05s     Synthesize event
    t =     5.35s     Wait for life.soullab.voicekernel.k00 to idle
    t =    20.35s Waiting 5.0s for "Export journal" Button to exist
    t =    21.38s     Checking `Expect predicate `existsNoRetry == 1` for object "Export journal" Button`
    t =    21.39s         Checking existence of `"Export journal" Button`
    t =    21.45s Tap "Export journal" Button
    t =    21.45s     Wait for life.soullab.voicekernel.k00 to idle
    t =    21.46s     Find the "Export journal" Button
    t =    21.49s     Check for interrupting elements affecting "Export journal" Button
    t =    21.53s     Synthesize event
    t =    21.83s     Wait for life.soullab.voicekernel.k00 to idle
    t =    24.06s Terminate life.soullab.voicekernel.k00:55506
    t =    25.07s Wait for life.soullab.voicekernel.k00 to become Not Running
    t =    25.07s Tear Down
Test Case '-[DriverUITests.K00DriverTests testOneSample]' passed (25.161 seconds).
Test Suite 'K00DriverTests' passed at 2026-09-12 15:05:48.800.
	 Executed 1 test, with 0 failures (0 unexpected) in 25.161 (25.163) seconds
Test Suite 'DriverUITests.xctest' passed at 2026-09-12 15:05:48.802.
	 Executed 1 test, with 0 failures (0 unexpected) in 25.161 (25.165) seconds
Test Suite 'Selected tests' passed at 2026-09-12 15:05:48.804.
	 Executed 1 test, with 0 failures (0 unexpected) in 25.161 (25.168) seconds
2026-09-12 15:05:48.882 xcodebuild[51182:26255601] [MT] IDERunDestination: Supported platforms for the buildables in the current scheme is empty.
2026-09-12 15:05:49.111 xcodebuild[51182:26255601] [MT] IDETestOperationsObserverDebug: 27.560 elapsed -- Testing started completed.
2026-09-12 15:05:49.111 xcodebuild[51182:26255601] [MT] IDETestOperationsObserverDebug: 0.000 sec, +0.000 sec -- start
2026-09-12 15:05:49.111 xcodebuild[51182:26255601] [MT] IDETestOperationsObserverDebug: 27.560 sec, +27.560 sec -- end

Test session results, code coverage, and logs:
	/Users/soullab/Library/Developer/Xcode/DerivedData/VoiceKernelDriver-dikkbrhrrimeeacymoagvdjfzqga/Logs/Test/Test-DriverUITests-2026.09.12_15-05-21--0400.xcresult

** TEST EXECUTE SUCCEEDED **

Testing started
