Command line invocation:
    /Applications/Xcode.app/Contents/Developer/usr/bin/xcodebuild test-without-building -xctestrun /private/tmp/voice-driver-01/ios/VoiceKernelDriver/.derived/Build/Products/DriverUITests_iphoneos26.2-arm64.xctestrun -destination id=00008140-00163D9922E0801C -collect-test-diagnostics never "-only-testing:DriverUITests/K00DriverTests/testOneSample"

2026-09-12 15:02:38.280 xcodebuild[50852:26251383] [MT] IDERunDestination: Supported platforms for the buildables in the current scheme is empty.
2026-09-12 15:02:38.283 xcodebuild[50852:26251383] [MT] IDERunDestination: Supported platforms for the buildables in the current scheme is empty.
2026-09-12 15:02:38.381 xcodebuild[50852:26251383] [MT] IDERunDestination: Supported platforms for the buildables in the current scheme is empty.
--- xcodebuild: WARNING: Using the first of multiple matching destinations:
{ platform:iOS, arch:arm64e, id:00008140-00163D9922E0801C, name:Kelly Nezat’s iPhone }
{ platform:iOS, arch:arm64, id:00008140-00163D9922E0801C, name:Kelly Nezat’s iPhone }
2026-09-12 15:02:38.546 xcodebuild[50852:26251383] [MT] IDERunDestination: Supported platforms for the buildables in the current scheme is empty.
2026-09-12 15:02:40.361650-0400 DriverUITests-Runner[55482:12638105] [Default] Running tests...
    t =      nans Interface orientation changed to Portrait
Test Suite 'Selected tests' started at 2026-09-12 15:02:40.838.
Test Suite 'DriverUITests.xctest' started at 2026-09-12 15:02:40.839.
Test Suite 'K00DriverTests' started at 2026-09-12 15:02:40.839.
Test Case '-[DriverUITests.K00DriverTests testOneSample]' started.
    t =     0.00s Start Test at 2026-09-12 15:02:40.839
    t =     0.02s Set Up
    t =     0.02s Open life.soullab.voicekernel.k00
    t =     0.02s     Launch life.soullab.voicekernel.k00
    t =     0.11s         Setting up automation session
    t =     0.19s         Wait for life.soullab.voicekernel.k00 to idle
2026-09-12 15:02:41.052 xcodebuild[50852:26251383] [MT] IDERunDestination: Supported platforms for the buildables in the current scheme is empty.
    t =     1.29s Wait for life.soullab.voicekernel.k00 to become Running Foreground
    t =     1.29s Waiting 10.0s for "Enter conversation" Button to exist
    t =     2.32s     Checking `Expect predicate `existsNoRetry == 1` for object "Enter conversation" Button`
    t =     2.32s         Checking existence of `"Enter conversation" Button`
    t =     2.41s Checking existence of `"Voice processing: ON (default)" Button`
    t =     2.44s Checking existence of `"Voice processing: OFF (control run)" Button`
    t =     2.77s Waiting 3.0s for "Voice processing: ON (default)" Button to exist
    t =     3.80s     Checking `Expect predicate `existsNoRetry == 1` for object "Voice processing: ON (default)" Button`
    t =     3.80s         Checking existence of `"Voice processing: ON (default)" Button`
    t =     3.87s Waiting 5.0s for "Enter conversation" Button to exist
    t =     4.88s     Checking `Expect predicate `existsNoRetry == 1` for object "Enter conversation" Button`
    t =     4.88s         Checking existence of `"Enter conversation" Button`
    t =     4.95s Tap "Enter conversation" Button
    t =     4.95s     Wait for life.soullab.voicekernel.k00 to idle
    t =     4.95s     Find the "Enter conversation" Button
    t =     4.99s     Check for interrupting elements affecting "Enter conversation" Button
    t =     5.04s     Synthesize event
    t =     5.33s     Wait for life.soullab.voicekernel.k00 to idle
    t =    20.35s Waiting 5.0s for "Export journal" Button to exist
    t =    21.37s     Checking `Expect predicate `existsNoRetry == 1` for object "Export journal" Button`
    t =    21.37s         Checking existence of `"Export journal" Button`
    t =    21.44s Tap "Export journal" Button
    t =    21.44s     Wait for life.soullab.voicekernel.k00 to idle
    t =    21.45s     Find the "Export journal" Button
    t =    21.59s     Check for interrupting elements affecting "Export journal" Button
    t =    21.67s     Synthesize event
    t =    21.97s     Wait for life.soullab.voicekernel.k00 to idle
    t =    24.19s Terminate life.soullab.voicekernel.k00:55483
    t =    25.28s Wait for life.soullab.voicekernel.k00 to become Not Running
    t =    25.28s Tear Down
Test Case '-[DriverUITests.K00DriverTests testOneSample]' passed (25.372 seconds).
Test Suite 'K00DriverTests' passed at 2026-09-12 15:03:06.212.
	 Executed 1 test, with 0 failures (0 unexpected) in 25.372 (25.374) seconds
Test Suite 'DriverUITests.xctest' passed at 2026-09-12 15:03:06.214.
	 Executed 1 test, with 0 failures (0 unexpected) in 25.372 (25.375) seconds
Test Suite 'Selected tests' passed at 2026-09-12 15:03:06.215.
	 Executed 1 test, with 0 failures (0 unexpected) in 25.372 (25.377) seconds
2026-09-12 15:03:06.292 xcodebuild[50852:26251383] [MT] IDERunDestination: Supported platforms for the buildables in the current scheme is empty.
2026-09-12 15:03:06.542 xcodebuild[50852:26251383] [MT] IDETestOperationsObserverDebug: 27.995 elapsed -- Testing started completed.
2026-09-12 15:03:06.542 xcodebuild[50852:26251383] [MT] IDETestOperationsObserverDebug: 0.000 sec, +0.000 sec -- start
2026-09-12 15:03:06.542 xcodebuild[50852:26251383] [MT] IDETestOperationsObserverDebug: 27.995 sec, +27.995 sec -- end

Test session results, code coverage, and logs:
	/Users/soullab/Library/Developer/Xcode/DerivedData/VoiceKernelDriver-dejnsonayhftlreprpqcnycuwtqf/Logs/Test/Test-DriverUITests-2026.09.12_15-02-38--0400.xcresult

** TEST EXECUTE SUCCEEDED **

Testing started
