Command line invocation:
    /Applications/Xcode.app/Contents/Developer/usr/bin/xcodebuild test-without-building -xctestrun /private/tmp/voice-driver-01/ios/VoiceKernelDriver/.derived/Build/Products/DriverUITests_iphoneos26.2-arm64.xctestrun -destination id=00008140-00163D9922E0801C -collect-test-diagnostics never "-only-testing:DriverUITests/K00DriverTests/testOneSample"

2026-09-12 15:03:10.864 xcodebuild[50929:26252229] [MT] IDERunDestination: Supported platforms for the buildables in the current scheme is empty.
2026-09-12 15:03:10.867 xcodebuild[50929:26252229] [MT] IDERunDestination: Supported platforms for the buildables in the current scheme is empty.
2026-09-12 15:03:10.966 xcodebuild[50929:26252229] [MT] IDERunDestination: Supported platforms for the buildables in the current scheme is empty.
--- xcodebuild: WARNING: Using the first of multiple matching destinations:
{ platform:iOS, arch:arm64e, id:00008140-00163D9922E0801C, name:Kelly Nezat’s iPhone }
{ platform:iOS, arch:arm64, id:00008140-00163D9922E0801C, name:Kelly Nezat’s iPhone }
2026-09-12 15:03:11.132 xcodebuild[50929:26252229] [MT] IDERunDestination: Supported platforms for the buildables in the current scheme is empty.
2026-09-12 15:03:11.314 xcodebuild[50929:26252229] [MT] IDERunDestination: Supported platforms for the buildables in the current scheme is empty.
2026-09-12 15:03:12.901519-0400 DriverUITests-Runner[55485:12639373] [Default] Running tests...
    t =      nans Interface orientation changed to Portrait
Test Suite 'Selected tests' started at 2026-09-12 15:03:13.451.
Test Suite 'DriverUITests.xctest' started at 2026-09-12 15:03:13.452.
Test Suite 'K00DriverTests' started at 2026-09-12 15:03:13.452.
Test Case '-[DriverUITests.K00DriverTests testOneSample]' started.
    t =     0.00s Start Test at 2026-09-12 15:03:13.453
    t =     0.02s Set Up
    t =     0.02s Open life.soullab.voicekernel.k00
    t =     0.02s     Launch life.soullab.voicekernel.k00
    t =     0.11s         Setting up automation session
    t =     0.19s         Wait for life.soullab.voicekernel.k00 to idle
2026-09-12 15:03:13.650 xcodebuild[50929:26252229] [MT] IDERunDestination: Supported platforms for the buildables in the current scheme is empty.
    t =     1.30s Wait for life.soullab.voicekernel.k00 to become Running Foreground
    t =     1.30s Waiting 10.0s for "Enter conversation" Button to exist
    t =     2.34s     Checking `Expect predicate `existsNoRetry == 1` for object "Enter conversation" Button`
    t =     2.34s         Checking existence of `"Enter conversation" Button`
    t =     2.44s Checking existence of `"Voice processing: ON (default)" Button`
    t =     2.47s Checking existence of `"Voice processing: OFF (control run)" Button`
    t =     2.79s Waiting 3.0s for "Voice processing: ON (default)" Button to exist
    t =     3.80s     Checking `Expect predicate `existsNoRetry == 1` for object "Voice processing: ON (default)" Button`
    t =     3.80s         Checking existence of `"Voice processing: ON (default)" Button`
    t =     3.86s Waiting 5.0s for "Enter conversation" Button to exist
    t =     4.88s     Checking `Expect predicate `existsNoRetry == 1` for object "Enter conversation" Button`
    t =     4.88s         Checking existence of `"Enter conversation" Button`
    t =     4.94s Tap "Enter conversation" Button
    t =     4.94s     Wait for life.soullab.voicekernel.k00 to idle
    t =     4.95s     Find the "Enter conversation" Button
    t =     4.98s     Check for interrupting elements affecting "Enter conversation" Button
    t =     5.02s     Synthesize event
    t =     5.32s     Wait for life.soullab.voicekernel.k00 to idle
    t =    20.33s Waiting 5.0s for "Export journal" Button to exist
    t =    21.35s     Checking `Expect predicate `existsNoRetry == 1` for object "Export journal" Button`
    t =    21.35s         Checking existence of `"Export journal" Button`
    t =    21.42s Tap "Export journal" Button
    t =    21.42s     Wait for life.soullab.voicekernel.k00 to idle
    t =    21.42s     Find the "Export journal" Button
    t =    21.46s     Check for interrupting elements affecting "Export journal" Button
    t =    21.50s     Synthesize event
    t =    21.80s     Wait for life.soullab.voicekernel.k00 to idle
    t =    24.01s Terminate life.soullab.voicekernel.k00:55486
    t =    25.02s Wait for life.soullab.voicekernel.k00 to become Not Running
    t =    25.02s Tear Down
Test Case '-[DriverUITests.K00DriverTests testOneSample]' passed (25.085 seconds).
Test Suite 'K00DriverTests' passed at 2026-09-12 15:03:38.541.
	 Executed 1 test, with 0 failures (0 unexpected) in 25.085 (25.089) seconds
Test Suite 'DriverUITests.xctest' passed at 2026-09-12 15:03:38.542.
	 Executed 1 test, with 0 failures (0 unexpected) in 25.085 (25.090) seconds
Test Suite 'Selected tests' passed at 2026-09-12 15:03:38.542.
	 Executed 1 test, with 0 failures (0 unexpected) in 25.085 (25.091) seconds
2026-09-12 15:03:38.633 xcodebuild[50929:26252229] [MT] IDERunDestination: Supported platforms for the buildables in the current scheme is empty.
2026-09-12 15:03:38.863 xcodebuild[50929:26252229] [MT] IDETestOperationsObserverDebug: 27.730 elapsed -- Testing started completed.
2026-09-12 15:03:38.863 xcodebuild[50929:26252229] [MT] IDETestOperationsObserverDebug: 0.000 sec, +0.000 sec -- start
2026-09-12 15:03:38.863 xcodebuild[50929:26252229] [MT] IDETestOperationsObserverDebug: 27.730 sec, +27.730 sec -- end

Test session results, code coverage, and logs:
	/Users/soullab/Library/Developer/Xcode/DerivedData/VoiceKernelDriver-cdkematvqizgwpcdvwzcyqxdcyja/Logs/Test/Test-DriverUITests-2026.09.12_15-03-10--0400.xcresult

** TEST EXECUTE SUCCEEDED **

Testing started
