Command line invocation:
    /Applications/Xcode.app/Contents/Developer/usr/bin/xcodebuild test-without-building -xctestrun /private/tmp/k0506-batch-83a382a14/ios/VoiceKernelDriver/.derived/Build/Products/DriverUITests_iphoneos26.2-arm64.xctestrun -destination id=00008140-00163D9922E0801C -collect-test-diagnostics never "-only-testing:DriverUITests/K00DriverTests/testOutputSample"

2026-09-14 20:52:54.732 xcodebuild[93485:30241619] [MT] IDERunDestination: Supported platforms for the buildables in the current scheme is empty.
2026-09-14 20:52:54.735 xcodebuild[93485:30241619] [MT] IDERunDestination: Supported platforms for the buildables in the current scheme is empty.
2026-09-14 20:52:54.834 xcodebuild[93485:30241619] [MT] IDERunDestination: Supported platforms for the buildables in the current scheme is empty.
--- xcodebuild: WARNING: Using the first of multiple matching destinations:
{ platform:iOS, arch:arm64e, id:00008140-00163D9922E0801C, name:Kelly Nezat’s iPhone }
{ platform:iOS, arch:arm64, id:00008140-00163D9922E0801C, name:Kelly Nezat’s iPhone }
2026-09-14 20:52:55.101 xcodebuild[93485:30241619] [MT] IDERunDestination: Supported platforms for the buildables in the current scheme is empty.
2026-09-14 20:52:55.287 xcodebuild[93485:30241619] [MT] IDERunDestination: Supported platforms for the buildables in the current scheme is empty.
2026-09-14 20:52:56.805655-0400 DriverUITests-Runner[67298:14730808] [Default] Running tests...
    t =      nans Interface orientation changed to Portrait
Test Suite 'Selected tests' started at 2026-09-14 20:52:57.281.
Test Suite 'DriverUITests.xctest' started at 2026-09-14 20:52:57.281.
Test Suite 'K00DriverTests' started at 2026-09-14 20:52:57.282.
Test Case '-[DriverUITests.K00DriverTests testOutputSample]' started.
    t =     0.00s Start Test at 2026-09-14 20:52:57.282
    t =     0.02s Set Up
    t =     0.02s Open life.soullab.voicekernel.vpio02
    t =     0.02s     Launch life.soullab.voicekernel.vpio02
    t =     0.10s         Setting up automation session
    t =     0.18s         Wait for life.soullab.voicekernel.vpio02 to idle
2026-09-14 20:52:57.536 xcodebuild[93485:30241619] [MT] IDERunDestination: Supported platforms for the buildables in the current scheme is empty.
    t =     1.28s Wait for life.soullab.voicekernel.vpio02 to become Running Foreground
    t =     1.28s Waiting 10.0s for "Enter conversation" Button to exist
    t =     2.35s     Checking `Expect predicate `existsNoRetry == 1` for object "Enter conversation" Button`
    t =     2.35s         Checking existence of `"Enter conversation" Button`
    t =     2.44s Checking existence of `"Voice processing: ON (default)" Button`
    t =     2.47s Checking existence of `"Voice processing: OFF (control run)" Button`
    t =     2.79s Waiting 3.0s for "Voice processing: ON (default)" Button to exist
2026-09-14 20:53:00.152 xcodebuild[93485:30241619] [MT] IDERunDestination: Supported platforms for the buildables in the current scheme is empty.
    t =     3.83s     Checking `Expect predicate `existsNoRetry == 1` for object "Voice processing: ON (default)" Button`
    t =     3.84s         Checking existence of `"Voice processing: ON (default)" Button`
    t =     3.90s Waiting 5.0s for "Enter conversation" Button to exist
    t =     4.91s     Checking `Expect predicate `existsNoRetry == 1` for object "Enter conversation" Button`
    t =     4.91s         Checking existence of `"Enter conversation" Button`
    t =     4.97s Tap "Enter conversation" Button
    t =     4.97s     Wait for life.soullab.voicekernel.vpio02 to idle
    t =     4.97s     Find the "Enter conversation" Button
    t =     5.01s     Check for interrupting elements affecting "Enter conversation" Button
    t =     5.06s     Synthesize event
    t =     5.35s     Wait for life.soullab.voicekernel.vpio02 to idle
    t =     5.35s Waiting 5.0s for "Play 3 s tone" Button to exist
    t =     6.39s     Checking `Expect predicate `existsNoRetry == 1` for object "Play 3 s tone" Button`
    t =     6.39s         Checking existence of `"Play 3 s tone" Button`
    t =     6.45s         Capturing element debug description
    t =     7.38s     Checking `Expect predicate `existsNoRetry == 1` for object "Play 3 s tone" Button`
    t =     7.38s         Checking existence of `"Play 3 s tone" Button`
    t =     7.43s         Capturing element debug description
    t =     8.37s     Checking `Expect predicate `existsNoRetry == 1` for object "Play 3 s tone" Button`
    t =     8.37s         Checking existence of `"Play 3 s tone" Button`
    t =     8.42s         Capturing element debug description
    t =     9.36s     Checking `Expect predicate `existsNoRetry == 1` for object "Play 3 s tone" Button`
    t =     9.36s         Checking existence of `"Play 3 s tone" Button`
    t =     9.41s         Capturing element debug description
    t =    10.36s     Checking `Expect predicate `existsNoRetry == 1` for object "Play 3 s tone" Button`
    t =    10.36s         Checking existence of `"Play 3 s tone" Button`
    t =    10.41s         Capturing element debug description
    t =    10.41s     Checking existence of `"Play 3 s tone" Button`
    t =    10.45s Collecting debug information to assist test failure triage
    t =    10.45s     Requesting snapshot of accessibility hierarchy for app with pid 67299
    t =    10.54s Swipe up Application 'life.soullab.voicekernel.vpio02'
    t =    10.54s     Wait for life.soullab.voicekernel.vpio02 to idle
    t =    10.54s     Find the Application 'life.soullab.voicekernel.vpio02'
    t =    10.56s     Check for interrupting elements affecting "VoiceKernel VPIO-02" Application
    t =    10.58s     Synthesize event
    t =    11.02s     Wait for life.soullab.voicekernel.vpio02 to idle
    t =    13.57s Checking existence of `"Play 3 s tone" Button`
2026-09-14 20:53:10.909807-0400 DriverUITests-Runner[67298:14730808] K00-OUTPUT: reveal swipe 1/4 — 'Play 3 s tone' exists: true
    t =    13.63s Checking existence of `"Play 3 s tone" Button`
    t =    13.67s Find the "Play 3 s tone" Button
    t =    15.71s Tap "Play 3 s tone" Button
    t =    15.71s     Wait for life.soullab.voicekernel.vpio02 to idle
    t =    15.72s     Find the "Play 3 s tone" Button
    t =    15.77s     Check for interrupting elements affecting "Play 3 s tone" Button
    t =    15.82s     Synthesize event
    t =    16.13s     Wait for life.soullab.voicekernel.vpio02 to idle
2026-09-14 20:53:13.422043-0400 DriverUITests-Runner[67298:14730808] K00-OUTPUT: Play 1 tapped
    t =    17.15s Checking existence of `"Cancel active" Button`
    t =    17.20s Find the "Cancel active" Button
    t =    17.24s Tap "Cancel active" Button
    t =    17.24s     Wait for life.soullab.voicekernel.vpio02 to idle
    t =    17.25s     Find the "Cancel active" Button
    t =    17.28s     Check for interrupting elements affecting "Cancel active" Button
    t =    17.32s     Synthesize event
    t =    17.62s     Wait for life.soullab.voicekernel.vpio02 to idle
2026-09-14 20:53:14.903743-0400 DriverUITests-Runner[67298:14730808] K00-OUTPUT: Cancel active tapped at ≈1000 ms after Play 1
    t =    18.63s Checking existence of `"Play 3 s tone" Button`
    t =    18.68s Find the "Play 3 s tone" Button
    t =    18.72s Tap "Play 3 s tone" Button
    t =    18.72s     Wait for life.soullab.voicekernel.vpio02 to idle
    t =    18.73s     Find the "Play 3 s tone" Button
    t =    18.76s     Check for interrupting elements affecting "Play 3 s tone" Button
    t =    18.81s     Synthesize event
    t =    19.11s     Wait for life.soullab.voicekernel.vpio02 to idle
2026-09-14 20:53:16.402442-0400 DriverUITests-Runner[67298:14730808] K00-OUTPUT: Play 2 tapped (left to complete)
    t =    23.63s Waiting 5.0s for "Export journal" Button to exist
    t =    24.65s     Checking `Expect predicate `existsNoRetry == 1` for object "Export journal" Button`
    t =    24.65s         Checking existence of `"Export journal" Button`
    t =    24.70s Tap "Export journal" Button
    t =    24.70s     Wait for life.soullab.voicekernel.vpio02 to idle
    t =    24.71s     Find the "Export journal" Button
    t =    24.76s     Check for interrupting elements affecting "Export journal" Button
    t =    24.81s     Synthesize event
    t =    25.11s     Wait for life.soullab.voicekernel.vpio02 to idle
    t =    27.32s Terminate life.soullab.voicekernel.vpio02:67299
    t =    28.35s Wait for life.soullab.voicekernel.vpio02 to become Not Running
    t =    28.35s Tear Down
Test Case '-[DriverUITests.K00DriverTests testOutputSample]' passed (28.455 seconds).
Test Suite 'K00DriverTests' passed at 2026-09-14 20:53:25.738.
	 Executed 1 test, with 0 failures (0 unexpected) in 28.455 (28.456) seconds
Test Suite 'DriverUITests.xctest' passed at 2026-09-14 20:53:25.739.
	 Executed 1 test, with 0 failures (0 unexpected) in 28.455 (28.458) seconds
Test Suite 'Selected tests' passed at 2026-09-14 20:53:25.740.
	 Executed 1 test, with 0 failures (0 unexpected) in 28.455 (28.460) seconds
2026-09-14 20:53:25.850 xcodebuild[93485:30241619] [MT] IDERunDestination: Supported platforms for the buildables in the current scheme is empty.
2026-09-14 20:53:26.120 xcodebuild[93485:30241619] [MT] IDETestOperationsObserverDebug: 31.017 elapsed -- Testing started completed.
2026-09-14 20:53:26.120 xcodebuild[93485:30241619] [MT] IDETestOperationsObserverDebug: 0.000 sec, +0.000 sec -- start
2026-09-14 20:53:26.120 xcodebuild[93485:30241619] [MT] IDETestOperationsObserverDebug: 31.017 sec, +31.017 sec -- end

Test session results, code coverage, and logs:
	/Users/soullab/Library/Developer/Xcode/DerivedData/VoiceKernelDriver-hkbyigwyvnkkcdarnzznwykdxlce/Logs/Test/Test-DriverUITests-2026.09.14_20-52-54--0400.xcresult

** TEST EXECUTE SUCCEEDED **

Testing started
