Command line invocation:
    /Applications/Xcode.app/Contents/Developer/usr/bin/xcodebuild test-without-building -xctestrun /private/tmp/k0506-batch-83a382a14/ios/VoiceKernelDriver/.derived/Build/Products/DriverUITests_iphoneos26.2-arm64.xctestrun -destination id=00008140-00163D9922E0801C -collect-test-diagnostics never "-only-testing:DriverUITests/K00DriverTests/testOutputSample"

2026-09-14 20:53:59.714 xcodebuild[93729:30243621] [MT] IDERunDestination: Supported platforms for the buildables in the current scheme is empty.
2026-09-14 20:53:59.717 xcodebuild[93729:30243621] [MT] IDERunDestination: Supported platforms for the buildables in the current scheme is empty.
2026-09-14 20:53:59.815 xcodebuild[93729:30243621] [MT] IDERunDestination: Supported platforms for the buildables in the current scheme is empty.
--- xcodebuild: WARNING: Using the first of multiple matching destinations:
{ platform:iOS, arch:arm64e, id:00008140-00163D9922E0801C, name:Kelly Nezat’s iPhone }
{ platform:iOS, arch:arm64, id:00008140-00163D9922E0801C, name:Kelly Nezat’s iPhone }
2026-09-14 20:54:00.098 xcodebuild[93729:30243621] [MT] IDERunDestination: Supported platforms for the buildables in the current scheme is empty.
2026-09-14 20:54:01.849998-0400 DriverUITests-Runner[67301:14732911] [Default] Running tests...
    t =      nans Interface orientation changed to Portrait
Test Suite 'Selected tests' started at 2026-09-14 20:54:02.311.
Test Suite 'DriverUITests.xctest' started at 2026-09-14 20:54:02.312.
Test Suite 'K00DriverTests' started at 2026-09-14 20:54:02.312.
Test Case '-[DriverUITests.K00DriverTests testOutputSample]' started.
    t =     0.00s Start Test at 2026-09-14 20:54:02.313
    t =     0.02s Set Up
    t =     0.02s Open life.soullab.voicekernel.vpio02
    t =     0.02s     Launch life.soullab.voicekernel.vpio02
    t =     0.10s         Setting up automation session
    t =     0.18s         Wait for life.soullab.voicekernel.vpio02 to idle
2026-09-14 20:54:02.580 xcodebuild[93729:30243621] [MT] IDERunDestination: Supported platforms for the buildables in the current scheme is empty.
    t =     1.28s Wait for life.soullab.voicekernel.vpio02 to become Running Foreground
    t =     1.28s Waiting 10.0s for "Enter conversation" Button to exist
    t =     2.29s     Checking `Expect predicate `existsNoRetry == 1` for object "Enter conversation" Button`
    t =     2.29s         Checking existence of `"Enter conversation" Button`
    t =     2.39s Checking existence of `"Voice processing: ON (default)" Button`
    t =     2.42s Checking existence of `"Voice processing: OFF (control run)" Button`
    t =     2.74s Waiting 3.0s for "Voice processing: ON (default)" Button to exist
    t =     3.76s     Checking `Expect predicate `existsNoRetry == 1` for object "Voice processing: ON (default)" Button`
    t =     3.76s         Checking existence of `"Voice processing: ON (default)" Button`
    t =     3.82s Waiting 5.0s for "Enter conversation" Button to exist
    t =     4.84s     Checking `Expect predicate `existsNoRetry == 1` for object "Enter conversation" Button`
    t =     4.85s         Checking existence of `"Enter conversation" Button`
    t =     4.91s Tap "Enter conversation" Button
    t =     4.91s     Wait for life.soullab.voicekernel.vpio02 to idle
    t =     4.91s     Find the "Enter conversation" Button
    t =     4.95s     Check for interrupting elements affecting "Enter conversation" Button
    t =     5.00s     Synthesize event
    t =     5.29s     Wait for life.soullab.voicekernel.vpio02 to idle
    t =     5.30s Waiting 5.0s for "Play 3 s tone" Button to exist
    t =     6.33s     Checking `Expect predicate `existsNoRetry == 1` for object "Play 3 s tone" Button`
    t =     6.34s         Checking existence of `"Play 3 s tone" Button`
    t =     6.38s         Capturing element debug description
    t =     7.31s     Checking `Expect predicate `existsNoRetry == 1` for object "Play 3 s tone" Button`
    t =     7.31s         Checking existence of `"Play 3 s tone" Button`
    t =     7.36s         Capturing element debug description
    t =     8.39s     Checking `Expect predicate `existsNoRetry == 1` for object "Play 3 s tone" Button`
    t =     8.39s         Checking existence of `"Play 3 s tone" Button`
    t =     8.43s         Capturing element debug description
    t =     9.36s     Checking `Expect predicate `existsNoRetry == 1` for object "Play 3 s tone" Button`
    t =     9.36s         Checking existence of `"Play 3 s tone" Button`
    t =     9.42s         Capturing element debug description
    t =    10.30s     Checking `Expect predicate `existsNoRetry == 1` for object "Play 3 s tone" Button`
    t =    10.30s         Checking existence of `"Play 3 s tone" Button`
    t =    10.35s         Capturing element debug description
    t =    10.36s     Checking existence of `"Play 3 s tone" Button`
    t =    10.39s Collecting debug information to assist test failure triage
    t =    10.40s     Requesting snapshot of accessibility hierarchy for app with pid 67302
    t =    10.48s Swipe up Application 'life.soullab.voicekernel.vpio02'
    t =    10.48s     Wait for life.soullab.voicekernel.vpio02 to idle
    t =    10.48s     Find the Application 'life.soullab.voicekernel.vpio02'
    t =    10.51s     Check for interrupting elements affecting "VoiceKernel VPIO-02" Application
    t =    10.54s     Synthesize event
    t =    10.98s     Wait for life.soullab.voicekernel.vpio02 to idle
    t =    13.52s Checking existence of `"Play 3 s tone" Button`
2026-09-14 20:54:15.895450-0400 DriverUITests-Runner[67301:14732911] K00-OUTPUT: reveal swipe 1/4 — 'Play 3 s tone' exists: true
    t =    13.58s Checking existence of `"Play 3 s tone" Button`
    t =    13.62s Find the "Play 3 s tone" Button
    t =    15.66s Tap "Play 3 s tone" Button
    t =    15.66s     Wait for life.soullab.voicekernel.vpio02 to idle
    t =    15.67s     Find the "Play 3 s tone" Button
    t =    15.72s     Check for interrupting elements affecting "Play 3 s tone" Button
    t =    15.77s     Synthesize event
    t =    16.19s     Wait for life.soullab.voicekernel.vpio02 to idle
2026-09-14 20:54:18.513150-0400 DriverUITests-Runner[67301:14732911] K00-OUTPUT: Play 1 tapped
    t =    17.21s Checking existence of `"Cancel active" Button`
    t =    17.26s Find the "Cancel active" Button
    t =    17.30s Tap "Cancel active" Button
    t =    17.30s     Wait for life.soullab.voicekernel.vpio02 to idle
    t =    17.31s     Find the "Cancel active" Button
    t =    17.34s     Check for interrupting elements affecting "Cancel active" Button
    t =    17.39s     Synthesize event
    t =    17.69s     Wait for life.soullab.voicekernel.vpio02 to idle
2026-09-14 20:54:20.016284-0400 DriverUITests-Runner[67301:14732911] K00-OUTPUT: Cancel active tapped at ≈1000 ms after Play 1
    t =    18.71s Checking existence of `"Play 3 s tone" Button`
    t =    18.76s Find the "Play 3 s tone" Button
    t =    18.80s Tap "Play 3 s tone" Button
    t =    18.80s     Wait for life.soullab.voicekernel.vpio02 to idle
    t =    18.81s     Find the "Play 3 s tone" Button
    t =    18.84s     Check for interrupting elements affecting "Play 3 s tone" Button
    t =    18.88s     Synthesize event
    t =    19.19s     Wait for life.soullab.voicekernel.vpio02 to idle
2026-09-14 20:54:21.509779-0400 DriverUITests-Runner[67301:14732911] K00-OUTPUT: Play 2 tapped (left to complete)
    t =    23.70s Waiting 5.0s for "Export journal" Button to exist
    t =    24.74s     Checking `Expect predicate `existsNoRetry == 1` for object "Export journal" Button`
    t =    24.74s         Checking existence of `"Export journal" Button`
    t =    24.80s Tap "Export journal" Button
    t =    24.80s     Wait for life.soullab.voicekernel.vpio02 to idle
    t =    24.82s     Find the "Export journal" Button
    t =    24.85s     Check for interrupting elements affecting "Export journal" Button
    t =    25.02s     Synthesize event
    t =    25.33s     Wait for life.soullab.voicekernel.vpio02 to idle
    t =    27.55s Terminate life.soullab.voicekernel.vpio02:67302
    t =    28.64s Wait for life.soullab.voicekernel.vpio02 to become Not Running
    t =    28.64s Tear Down
Test Case '-[DriverUITests.K00DriverTests testOutputSample]' passed (28.723 seconds).
Test Suite 'K00DriverTests' passed at 2026-09-14 20:54:31.037.
	 Executed 1 test, with 0 failures (0 unexpected) in 28.723 (28.725) seconds
Test Suite 'DriverUITests.xctest' passed at 2026-09-14 20:54:31.042.
	 Executed 1 test, with 0 failures (0 unexpected) in 28.723 (28.730) seconds
Test Suite 'Selected tests' passed at 2026-09-14 20:54:31.045.
	 Executed 1 test, with 0 failures (0 unexpected) in 28.723 (28.733) seconds
2026-09-14 20:54:31.178 xcodebuild[93729:30243621] [MT] IDERunDestination: Supported platforms for the buildables in the current scheme is empty.
2026-09-14 20:54:31.429 xcodebuild[93729:30243621] [MT] IDETestOperationsObserverDebug: 31.330 elapsed -- Testing started completed.
2026-09-14 20:54:31.429 xcodebuild[93729:30243621] [MT] IDETestOperationsObserverDebug: 0.000 sec, +0.000 sec -- start
2026-09-14 20:54:31.429 xcodebuild[93729:30243621] [MT] IDETestOperationsObserverDebug: 31.330 sec, +31.330 sec -- end

Test session results, code coverage, and logs:
	/Users/soullab/Library/Developer/Xcode/DerivedData/VoiceKernelDriver-hhzwuczaqfrcwedlfyzjfxlndfmu/Logs/Test/Test-DriverUITests-2026.09.14_20-53-59--0400.xcresult

** TEST EXECUTE SUCCEEDED **

Testing started
