Command line invocation:
    /Applications/Xcode.app/Contents/Developer/usr/bin/xcodebuild test-without-building -xctestrun /private/tmp/k0506-batch-83a382a14/ios/VoiceKernelDriver/.derived/Build/Products/DriverUITests_iphoneos26.2-arm64.xctestrun -destination id=00008140-00163D9922E0801C -collect-test-diagnostics never "-only-testing:DriverUITests/K00DriverTests/testOutputSample"

2026-09-14 20:47:46.275 xcodebuild[92863:30233675] [MT] IDERunDestination: Supported platforms for the buildables in the current scheme is empty.
2026-09-14 20:47:46.278 xcodebuild[92863:30233675] [MT] IDERunDestination: Supported platforms for the buildables in the current scheme is empty.
2026-09-14 20:47:46.377 xcodebuild[92863:30233675] [MT] IDERunDestination: Supported platforms for the buildables in the current scheme is empty.
--- xcodebuild: WARNING: Using the first of multiple matching destinations:
{ platform:iOS, arch:arm64e, id:00008140-00163D9922E0801C, name:Kelly Nezat’s iPhone }
{ platform:iOS, arch:arm64, id:00008140-00163D9922E0801C, name:Kelly Nezat’s iPhone }
2026-09-14 20:47:46.897 xcodebuild[92863:30233675] [MT] IDERunDestination: Supported platforms for the buildables in the current scheme is empty.
2026-09-14 20:47:47.085 xcodebuild[92863:30233675] [MT] IDERunDestination: Supported platforms for the buildables in the current scheme is empty.
2026-09-14 20:47:48.985582-0400 DriverUITests-Runner[67271:14720920] [Default] Running tests...
    t =      nans Interface orientation changed to Portrait
Test Suite 'Selected tests' started at 2026-09-14 20:47:49.597.
Test Suite 'DriverUITests.xctest' started at 2026-09-14 20:47:49.597.
Test Suite 'K00DriverTests' started at 2026-09-14 20:47:49.597.
Test Case '-[DriverUITests.K00DriverTests testOutputSample]' started.
    t =     0.00s Start Test at 2026-09-14 20:47:49.598
    t =     0.02s Set Up
    t =     0.02s Open life.soullab.voicekernel.vpio02
    t =     0.02s     Launch life.soullab.voicekernel.vpio02
    t =     0.13s         Setting up automation session
2026-09-14 20:47:49.863 xcodebuild[92863:30233675] [MT] IDERunDestination: Supported platforms for the buildables in the current scheme is empty.
    t =     0.28s         Wait for life.soullab.voicekernel.vpio02 to idle
    t =     1.52s Wait for life.soullab.voicekernel.vpio02 to become Running Foreground
    t =     1.52s Waiting 10.0s for "Enter conversation" Button to exist
    t =     2.53s     Checking `Expect predicate `existsNoRetry == 1` for object "Enter conversation" Button`
    t =     2.53s         Checking existence of `"Enter conversation" Button`
    t =     2.63s Checking existence of `"Voice processing: ON (default)" Button`
    t =     2.65s Checking existence of `"Voice processing: OFF (control run)" Button`
    t =     2.98s Waiting 3.0s for "Voice processing: ON (default)" Button to exist
    t =     4.01s     Checking `Expect predicate `existsNoRetry == 1` for object "Voice processing: ON (default)" Button`
    t =     4.01s         Checking existence of `"Voice processing: ON (default)" Button`
    t =     4.07s Waiting 5.0s for "Enter conversation" Button to exist
    t =     5.08s     Checking `Expect predicate `existsNoRetry == 1` for object "Enter conversation" Button`
    t =     5.08s         Checking existence of `"Enter conversation" Button`
    t =     5.13s Tap "Enter conversation" Button
    t =     5.13s     Wait for life.soullab.voicekernel.vpio02 to idle
    t =     5.13s     Find the "Enter conversation" Button
    t =     5.17s     Check for interrupting elements affecting "Enter conversation" Button
    t =     5.21s     Synthesize event
    t =     5.51s     Wait for life.soullab.voicekernel.vpio02 to idle
    t =     5.52s Waiting 5.0s for "Play 3 s tone" Button to exist
    t =     6.56s     Checking `Expect predicate `existsNoRetry == 1` for object "Play 3 s tone" Button`
    t =     6.56s         Checking existence of `"Play 3 s tone" Button`
    t =     6.61s         Capturing element debug description
    t =     7.54s     Checking `Expect predicate `existsNoRetry == 1` for object "Play 3 s tone" Button`
    t =     7.54s         Checking existence of `"Play 3 s tone" Button`
    t =     7.59s         Capturing element debug description
    t =     8.52s     Checking `Expect predicate `existsNoRetry == 1` for object "Play 3 s tone" Button`
    t =     8.52s         Checking existence of `"Play 3 s tone" Button`
    t =     8.58s         Capturing element debug description
    t =     9.60s     Checking `Expect predicate `existsNoRetry == 1` for object "Play 3 s tone" Button`
    t =     9.60s         Checking existence of `"Play 3 s tone" Button`
    t =     9.66s         Capturing element debug description
2026-09-14 20:48:00.155 xcodebuild[92863:30233675] [MT] IDERunDestination: Supported platforms for the buildables in the current scheme is empty.
    t =    10.52s     Checking `Expect predicate `existsNoRetry == 1` for object "Play 3 s tone" Button`
    t =    10.52s         Checking existence of `"Play 3 s tone" Button`
    t =    10.57s         Capturing element debug description
    t =    10.57s     Checking existence of `"Play 3 s tone" Button`
    t =    10.60s Collecting debug information to assist test failure triage
    t =    10.60s     Requesting snapshot of accessibility hierarchy for app with pid 67272
    t =    10.68s Swipe up Application 'life.soullab.voicekernel.vpio02'
    t =    10.68s     Wait for life.soullab.voicekernel.vpio02 to idle
    t =    10.68s     Find the Application 'life.soullab.voicekernel.vpio02'
    t =    10.70s     Check for interrupting elements affecting "VoiceKernel VPIO-02" Application
    t =    10.73s     Synthesize event
    t =    11.16s     Wait for life.soullab.voicekernel.vpio02 to idle
    t =    13.70s Checking existence of `"Play 3 s tone" Button`
2026-09-14 20:48:03.334532-0400 DriverUITests-Runner[67271:14720920] K00-OUTPUT: reveal swipe 1/4 — 'Play 3 s tone' exists: true
    t =    13.74s Checking existence of `"Play 3 s tone" Button`
    t =    13.76s Find the "Play 3 s tone" Button
    t =    15.80s Tap "Play 3 s tone" Button
    t =    15.81s     Wait for life.soullab.voicekernel.vpio02 to idle
    t =    15.82s     Find the "Play 3 s tone" Button
    t =    15.88s     Check for interrupting elements affecting "Play 3 s tone" Button
    t =    15.93s     Synthesize event
    t =    16.23s     Wait for life.soullab.voicekernel.vpio02 to idle
2026-09-14 20:48:05.841489-0400 DriverUITests-Runner[67271:14720920] K00-OUTPUT: Play 1 tapped
    t =    17.26s Checking existence of `"Cancel active" Button`
    t =    17.31s Find the "Cancel active" Button
    t =    17.45s Tap "Cancel active" Button
    t =    17.45s     Wait for life.soullab.voicekernel.vpio02 to idle
    t =    17.46s     Find the "Cancel active" Button
    t =    17.52s     Check for interrupting elements affecting "Cancel active" Button
    t =    17.57s     Synthesize event
    t =    17.87s     Wait for life.soullab.voicekernel.vpio02 to idle
2026-09-14 20:48:07.475376-0400 DriverUITests-Runner[67271:14720920] K00-OUTPUT: Cancel active tapped at ≈1000 ms after Play 1
    t =    18.88s Checking existence of `"Play 3 s tone" Button`
    t =    18.94s Find the "Play 3 s tone" Button
    t =    18.98s Tap "Play 3 s tone" Button
    t =    18.98s     Wait for life.soullab.voicekernel.vpio02 to idle
    t =    18.99s     Find the "Play 3 s tone" Button
    t =    19.02s     Check for interrupting elements affecting "Play 3 s tone" Button
    t =    19.07s     Synthesize event
    t =    19.38s     Wait for life.soullab.voicekernel.vpio02 to idle
2026-09-14 20:48:08.983379-0400 DriverUITests-Runner[67271:14720920] K00-OUTPUT: Play 2 tapped (left to complete)
    t =    23.89s Waiting 5.0s for "Export journal" Button to exist
    t =    24.92s     Checking `Expect predicate `existsNoRetry == 1` for object "Export journal" Button`
    t =    24.92s         Checking existence of `"Export journal" Button`
    t =    24.97s Tap "Export journal" Button
    t =    24.97s     Wait for life.soullab.voicekernel.vpio02 to idle
    t =    24.98s     Find the "Export journal" Button
    t =    25.02s     Check for interrupting elements affecting "Export journal" Button
    t =    25.06s     Synthesize event
    t =    25.38s     Wait for life.soullab.voicekernel.vpio02 to idle
    t =    27.61s Terminate life.soullab.voicekernel.vpio02:67272
    t =    28.64s Wait for life.soullab.voicekernel.vpio02 to become Not Running
    t =    28.65s Tear Down
Test Case '-[DriverUITests.K00DriverTests testOutputSample]' passed (28.743 seconds).
Test Suite 'K00DriverTests' passed at 2026-09-14 20:48:18.344.
	 Executed 1 test, with 0 failures (0 unexpected) in 28.743 (28.747) seconds
Test Suite 'DriverUITests.xctest' passed at 2026-09-14 20:48:18.348.
	 Executed 1 test, with 0 failures (0 unexpected) in 28.743 (28.751) seconds
Test Suite 'Selected tests' passed at 2026-09-14 20:48:18.350.
	 Executed 1 test, with 0 failures (0 unexpected) in 28.743 (28.754) seconds
2026-09-14 20:48:18.523 xcodebuild[92863:30233675] [MT] IDERunDestination: Supported platforms for the buildables in the current scheme is empty.
2026-09-14 20:48:18.746 xcodebuild[92863:30233675] [MT] IDETestOperationsObserverDebug: 31.847 elapsed -- Testing started completed.
2026-09-14 20:48:18.746 xcodebuild[92863:30233675] [MT] IDETestOperationsObserverDebug: 0.000 sec, +0.000 sec -- start
2026-09-14 20:48:18.746 xcodebuild[92863:30233675] [MT] IDETestOperationsObserverDebug: 31.847 sec, +31.847 sec -- end

Test session results, code coverage, and logs:
	/Users/soullab/Library/Developer/Xcode/DerivedData/VoiceKernelDriver-cxlakflidewkcnesfweiscadrerz/Logs/Test/Test-DriverUITests-2026.09.14_20-47-46--0400.xcresult

** TEST EXECUTE SUCCEEDED **

Testing started
