Command line invocation:
    /Applications/Xcode.app/Contents/Developer/usr/bin/xcodebuild test-without-building -xctestrun /private/tmp/k0506-batch-83a382a14/ios/VoiceKernelDriver/.derived/Build/Products/DriverUITests_iphoneos26.2-arm64.xctestrun -destination id=00008140-00163D9922E0801C -collect-test-diagnostics never "-only-testing:DriverUITests/K00DriverTests/testOutputSample"

2026-09-14 20:50:49.854 xcodebuild[93222:30238532] [MT] IDERunDestination: Supported platforms for the buildables in the current scheme is empty.
2026-09-14 20:50:49.857 xcodebuild[93222:30238532] [MT] IDERunDestination: Supported platforms for the buildables in the current scheme is empty.
2026-09-14 20:50:49.955 xcodebuild[93222:30238532] [MT] IDERunDestination: Supported platforms for the buildables in the current scheme is empty.
--- xcodebuild: WARNING: Using the first of multiple matching destinations:
{ platform:iOS, arch:arm64e, id:00008140-00163D9922E0801C, name:Kelly Nezat’s iPhone }
{ platform:iOS, arch:arm64, id:00008140-00163D9922E0801C, name:Kelly Nezat’s iPhone }
2026-09-14 20:50:50.226 xcodebuild[93222:30238532] [MT] IDERunDestination: Supported platforms for the buildables in the current scheme is empty.
2026-09-14 20:50:50.409 xcodebuild[93222:30238532] [MT] IDERunDestination: Supported platforms for the buildables in the current scheme is empty.
2026-09-14 20:50:51.991028-0400 DriverUITests-Runner[67290:14726794] [Default] Running tests...
    t =      nans Interface orientation changed to Portrait
Test Suite 'Selected tests' started at 2026-09-14 20:50:52.463.
Test Suite 'DriverUITests.xctest' started at 2026-09-14 20:50:52.464.
Test Suite 'K00DriverTests' started at 2026-09-14 20:50:52.464.
Test Case '-[DriverUITests.K00DriverTests testOutputSample]' started.
    t =     0.00s Start Test at 2026-09-14 20:50:52.465
    t =     0.02s Set Up
    t =     0.02s Open life.soullab.voicekernel.vpio02
    t =     0.02s     Launch life.soullab.voicekernel.vpio02
    t =     0.11s         Setting up automation session
    t =     0.19s         Wait for life.soullab.voicekernel.vpio02 to idle
2026-09-14 20:50:52.742 xcodebuild[93222:30238532] [MT] IDERunDestination: Supported platforms for the buildables in the current scheme is empty.
    t =     1.30s Wait for life.soullab.voicekernel.vpio02 to become Running Foreground
    t =     1.30s Waiting 10.0s for "Enter conversation" Button to exist
    t =     2.32s     Checking `Expect predicate `existsNoRetry == 1` for object "Enter conversation" Button`
    t =     2.32s         Checking existence of `"Enter conversation" Button`
    t =     2.41s Checking existence of `"Voice processing: ON (default)" Button`
    t =     2.44s Checking existence of `"Voice processing: OFF (control run)" Button`
    t =     2.77s Waiting 3.0s for "Voice processing: ON (default)" Button to exist
    t =     3.81s     Checking `Expect predicate `existsNoRetry == 1` for object "Voice processing: ON (default)" Button`
    t =     3.81s         Checking existence of `"Voice processing: ON (default)" Button`
    t =     3.87s Waiting 5.0s for "Enter conversation" Button to exist
    t =     4.88s     Checking `Expect predicate `existsNoRetry == 1` for object "Enter conversation" Button`
    t =     4.88s         Checking existence of `"Enter conversation" Button`
    t =     4.94s Tap "Enter conversation" Button
    t =     4.94s     Wait for life.soullab.voicekernel.vpio02 to idle
    t =     4.95s     Find the "Enter conversation" Button
    t =     4.99s     Check for interrupting elements affecting "Enter conversation" Button
    t =     5.03s     Synthesize event
    t =     5.32s     Wait for life.soullab.voicekernel.vpio02 to idle
    t =     5.33s Waiting 5.0s for "Play 3 s tone" Button to exist
    t =     6.36s     Checking `Expect predicate `existsNoRetry == 1` for object "Play 3 s tone" Button`
    t =     6.37s         Checking existence of `"Play 3 s tone" Button`
    t =     6.40s         Capturing element debug description
    t =     7.33s     Checking `Expect predicate `existsNoRetry == 1` for object "Play 3 s tone" Button`
    t =     7.34s         Checking existence of `"Play 3 s tone" Button`
    t =     7.38s         Capturing element debug description
2026-09-14 20:51:00.149 xcodebuild[93222:30238532] [MT] IDERunDestination: Supported platforms for the buildables in the current scheme is empty.
    t =     8.42s     Checking `Expect predicate `existsNoRetry == 1` for object "Play 3 s tone" Button`
    t =     8.42s         Checking existence of `"Play 3 s tone" Button`
    t =     8.46s         Capturing element debug description
    t =     9.39s     Checking `Expect predicate `existsNoRetry == 1` for object "Play 3 s tone" Button`
    t =     9.39s         Checking existence of `"Play 3 s tone" Button`
    t =     9.44s         Capturing element debug description
    t =    10.33s     Checking `Expect predicate `existsNoRetry == 1` for object "Play 3 s tone" Button`
    t =    10.34s         Checking existence of `"Play 3 s tone" Button`
    t =    10.38s         Capturing element debug description
    t =    10.38s     Checking existence of `"Play 3 s tone" Button`
    t =    10.41s Collecting debug information to assist test failure triage
    t =    10.41s     Requesting snapshot of accessibility hierarchy for app with pid 67291
    t =    10.49s Swipe up Application 'life.soullab.voicekernel.vpio02'
    t =    10.49s     Wait for life.soullab.voicekernel.vpio02 to idle
    t =    10.50s     Find the Application 'life.soullab.voicekernel.vpio02'
    t =    10.52s     Check for interrupting elements affecting "VoiceKernel VPIO-02" Application
    t =    10.54s     Synthesize event
    t =    10.98s     Wait for life.soullab.voicekernel.vpio02 to idle
    t =    13.52s Checking existence of `"Play 3 s tone" Button`
2026-09-14 20:51:06.044353-0400 DriverUITests-Runner[67290:14726794] K00-OUTPUT: reveal swipe 1/4 — 'Play 3 s tone' exists: true
    t =    13.58s Checking existence of `"Play 3 s tone" Button`
    t =    13.61s Find the "Play 3 s tone" Button
    t =    15.65s Tap "Play 3 s tone" Button
    t =    15.66s     Wait for life.soullab.voicekernel.vpio02 to idle
    t =    15.67s     Find the "Play 3 s tone" Button
    t =    15.73s     Check for interrupting elements affecting "Play 3 s tone" Button
    t =    15.78s     Synthesize event
    t =    16.09s     Wait for life.soullab.voicekernel.vpio02 to idle
2026-09-14 20:51:08.562529-0400 DriverUITests-Runner[67290:14726794] K00-OUTPUT: Play 1 tapped
    t =    17.11s Checking existence of `"Cancel active" Button`
    t =    17.16s Find the "Cancel active" Button
    t =    17.20s Tap "Cancel active" Button
    t =    17.20s     Wait for life.soullab.voicekernel.vpio02 to idle
    t =    17.21s     Find the "Cancel active" Button
    t =    17.24s     Check for interrupting elements affecting "Cancel active" Button
    t =    17.29s     Synthesize event
    t =    17.59s     Wait for life.soullab.voicekernel.vpio02 to idle
2026-09-14 20:51:10.071553-0400 DriverUITests-Runner[67290:14726794] K00-OUTPUT: Cancel active tapped at ≈1000 ms after Play 1
    t =    18.61s Checking existence of `"Play 3 s tone" Button`
    t =    18.67s Find the "Play 3 s tone" Button
    t =    18.81s Tap "Play 3 s tone" Button
    t =    18.81s     Wait for life.soullab.voicekernel.vpio02 to idle
    t =    18.82s     Find the "Play 3 s tone" Button
    t =    18.86s     Check for interrupting elements affecting "Play 3 s tone" Button
    t =    18.91s     Synthesize event
    t =    19.22s     Wait for life.soullab.voicekernel.vpio02 to idle
2026-09-14 20:51:11.691586-0400 DriverUITests-Runner[67290:14726794] K00-OUTPUT: Play 2 tapped (left to complete)
    t =    23.73s Waiting 5.0s for "Export journal" Button to exist
    t =    24.77s     Checking `Expect predicate `existsNoRetry == 1` for object "Export journal" Button`
    t =    24.77s         Checking existence of `"Export journal" Button`
    t =    24.82s Tap "Export journal" Button
    t =    24.83s     Wait for life.soullab.voicekernel.vpio02 to idle
    t =    24.83s     Find the "Export journal" Button
    t =    24.87s     Check for interrupting elements affecting "Export journal" Button
    t =    24.91s     Synthesize event
    t =    25.22s     Wait for life.soullab.voicekernel.vpio02 to idle
    t =    27.43s Terminate life.soullab.voicekernel.vpio02:67291
    t =    28.47s Wait for life.soullab.voicekernel.vpio02 to become Not Running
    t =    28.47s Tear Down
Test Case '-[DriverUITests.K00DriverTests testOutputSample]' passed (28.548 seconds).
Test Suite 'K00DriverTests' passed at 2026-09-14 20:51:21.021.
	 Executed 1 test, with 0 failures (0 unexpected) in 28.548 (28.557) seconds
Test Suite 'DriverUITests.xctest' passed at 2026-09-14 20:51:21.022.
	 Executed 1 test, with 0 failures (0 unexpected) in 28.548 (28.558) seconds
Test Suite 'Selected tests' passed at 2026-09-14 20:51:21.027.
	 Executed 1 test, with 0 failures (0 unexpected) in 28.548 (28.563) seconds
2026-09-14 20:51:21.166 xcodebuild[93222:30238532] [MT] IDERunDestination: Supported platforms for the buildables in the current scheme is empty.
2026-09-14 20:51:21.398 xcodebuild[93222:30238532] [MT] IDETestOperationsObserverDebug: 31.170 elapsed -- Testing started completed.
2026-09-14 20:51:21.398 xcodebuild[93222:30238532] [MT] IDETestOperationsObserverDebug: 0.000 sec, +0.000 sec -- start
2026-09-14 20:51:21.398 xcodebuild[93222:30238532] [MT] IDETestOperationsObserverDebug: 31.170 sec, +31.170 sec -- end

Test session results, code coverage, and logs:
	/Users/soullab/Library/Developer/Xcode/DerivedData/VoiceKernelDriver-fsbghgrgrsmeueboqxcewwnadhvq/Logs/Test/Test-DriverUITests-2026.09.14_20-50-50--0400.xcresult

** TEST EXECUTE SUCCEEDED **

Testing started
