Command line invocation:
    /Applications/Xcode.app/Contents/Developer/usr/bin/xcodebuild test-without-building -xctestrun /private/tmp/k0506-batch-83a382a14/ios/VoiceKernelDriver/.derived/Build/Products/DriverUITests_iphoneos26.2-arm64.xctestrun -destination id=00008140-00163D9922E0801C -collect-test-diagnostics never "-only-testing:DriverUITests/K00DriverTests/testOutputSample"

2026-09-14 20:56:10.442 xcodebuild[93979:30246869] [MT] IDERunDestination: Supported platforms for the buildables in the current scheme is empty.
2026-09-14 20:56:10.445 xcodebuild[93979:30246869] [MT] IDERunDestination: Supported platforms for the buildables in the current scheme is empty.
2026-09-14 20:56:10.545 xcodebuild[93979:30246869] [MT] IDERunDestination: Supported platforms for the buildables in the current scheme is empty.
--- xcodebuild: WARNING: Using the first of multiple matching destinations:
{ platform:iOS, arch:arm64e, id:00008140-00163D9922E0801C, name:Kelly Nezat’s iPhone }
{ platform:iOS, arch:arm64, id:00008140-00163D9922E0801C, name:Kelly Nezat’s iPhone }
2026-09-14 20:56:10.825 xcodebuild[93979:30246869] [MT] IDERunDestination: Supported platforms for the buildables in the current scheme is empty.
2026-09-14 20:56:11.021 xcodebuild[93979:30246869] [MT] IDERunDestination: Supported platforms for the buildables in the current scheme is empty.
2026-09-14 20:56:12.516557-0400 DriverUITests-Runner[67318:14736878] [Default] Running tests...
    t =      nans Interface orientation changed to Portrait
Test Suite 'Selected tests' started at 2026-09-14 20:56:12.993.
Test Suite 'DriverUITests.xctest' started at 2026-09-14 20:56:12.993.
Test Suite 'K00DriverTests' started at 2026-09-14 20:56:12.994.
Test Case '-[DriverUITests.K00DriverTests testOutputSample]' started.
    t =     0.00s Start Test at 2026-09-14 20:56:12.994
    t =     0.02s Set Up
    t =     0.02s Open life.soullab.voicekernel.vpio02
    t =     0.03s     Launch life.soullab.voicekernel.vpio02
    t =     0.11s         Setting up automation session
    t =     0.19s         Wait for life.soullab.voicekernel.vpio02 to idle
2026-09-14 20:56:13.250 xcodebuild[93979:30246869] [MT] IDERunDestination: Supported platforms for the buildables in the current scheme is empty.
    t =     1.29s Wait for life.soullab.voicekernel.vpio02 to become Running Foreground
    t =     1.30s Waiting 10.0s for "Enter conversation" Button to exist
    t =     2.31s     Checking `Expect predicate `existsNoRetry == 1` for object "Enter conversation" Button`
    t =     2.31s         Checking existence of `"Enter conversation" Button`
    t =     2.41s Checking existence of `"Voice processing: ON (default)" Button`
    t =     2.44s Checking existence of `"Voice processing: OFF (control run)" Button`
    t =     2.76s Waiting 3.0s for "Voice processing: ON (default)" Button to exist
    t =     3.80s     Checking `Expect predicate `existsNoRetry == 1` for object "Voice processing: ON (default)" Button`
    t =     3.80s         Checking existence of `"Voice processing: ON (default)" Button`
    t =     3.86s Waiting 5.0s for "Enter conversation" Button to exist
    t =     4.87s     Checking `Expect predicate `existsNoRetry == 1` for object "Enter conversation" Button`
    t =     4.87s         Checking existence of `"Enter conversation" Button`
    t =     4.93s Tap "Enter conversation" Button
    t =     4.93s     Wait for life.soullab.voicekernel.vpio02 to idle
    t =     4.94s     Find the "Enter conversation" Button
    t =     4.97s     Check for interrupting elements affecting "Enter conversation" Button
    t =     5.02s     Synthesize event
    t =     5.31s     Wait for life.soullab.voicekernel.vpio02 to idle
    t =     5.31s Waiting 5.0s for "Play 3 s tone" Button to exist
    t =     6.34s     Checking `Expect predicate `existsNoRetry == 1` for object "Play 3 s tone" Button`
    t =     6.34s         Checking existence of `"Play 3 s tone" Button`
    t =     6.39s         Capturing element debug description
    t =     7.32s     Checking `Expect predicate `existsNoRetry == 1` for object "Play 3 s tone" Button`
    t =     7.32s         Checking existence of `"Play 3 s tone" Button`
    t =     7.36s         Capturing element debug description
    t =     8.40s     Checking `Expect predicate `existsNoRetry == 1` for object "Play 3 s tone" Button`
    t =     8.40s         Checking existence of `"Play 3 s tone" Button`
    t =     8.46s         Capturing element debug description
    t =     9.38s     Checking `Expect predicate `existsNoRetry == 1` for object "Play 3 s tone" Button`
    t =     9.38s         Checking existence of `"Play 3 s tone" Button`
    t =     9.43s         Capturing element debug description
    t =    10.31s     Checking `Expect predicate `existsNoRetry == 1` for object "Play 3 s tone" Button`
    t =    10.31s         Checking existence of `"Play 3 s tone" Button`
    t =    10.36s         Capturing element debug description
    t =    10.36s     Checking existence of `"Play 3 s tone" Button`
    t =    10.40s Collecting debug information to assist test failure triage
    t =    10.40s     Requesting snapshot of accessibility hierarchy for app with pid 67319
    t =    10.48s Swipe up Application 'life.soullab.voicekernel.vpio02'
    t =    10.49s     Wait for life.soullab.voicekernel.vpio02 to idle
    t =    10.49s     Find the Application 'life.soullab.voicekernel.vpio02'
    t =    10.51s     Check for interrupting elements affecting "VoiceKernel VPIO-02" Application
    t =    10.54s     Synthesize event
    t =    10.97s     Wait for life.soullab.voicekernel.vpio02 to idle
    t =    13.53s Checking existence of `"Play 3 s tone" Button`
2026-09-14 20:56:26.576705-0400 DriverUITests-Runner[67318:14736878] K00-OUTPUT: reveal swipe 1/4 — 'Play 3 s tone' exists: true
    t =    13.58s Checking existence of `"Play 3 s tone" Button`
    t =    13.61s Find the "Play 3 s tone" Button
    t =    15.64s Tap "Play 3 s tone" Button
    t =    15.65s     Wait for life.soullab.voicekernel.vpio02 to idle
    t =    15.65s     Find the "Play 3 s tone" Button
    t =    15.71s     Check for interrupting elements affecting "Play 3 s tone" Button
    t =    15.76s     Synthesize event
    t =    16.07s     Wait for life.soullab.voicekernel.vpio02 to idle
2026-09-14 20:56:29.081154-0400 DriverUITests-Runner[67318:14736878] K00-OUTPUT: Play 1 tapped
    t =    17.09s Checking existence of `"Cancel active" Button`
    t =    17.13s Find the "Cancel active" Button
    t =    17.17s Tap "Cancel active" Button
    t =    17.17s     Wait for life.soullab.voicekernel.vpio02 to idle
    t =    17.18s     Find the "Cancel active" Button
    t =    17.21s     Check for interrupting elements affecting "Cancel active" Button
    t =    17.25s     Synthesize event
    t =    17.67s     Wait for life.soullab.voicekernel.vpio02 to idle
2026-09-14 20:56:30.676567-0400 DriverUITests-Runner[67318:14736878] K00-OUTPUT: Cancel active tapped at ≈1000 ms after Play 1
    t =    18.68s Checking existence of `"Play 3 s tone" Button`
    t =    18.74s Find the "Play 3 s tone" Button
    t =    18.77s Tap "Play 3 s tone" Button
    t =    18.77s     Wait for life.soullab.voicekernel.vpio02 to idle
    t =    18.78s     Find the "Play 3 s tone" Button
    t =    18.81s     Check for interrupting elements affecting "Play 3 s tone" Button
    t =    18.85s     Synthesize event
    t =    19.16s     Wait for life.soullab.voicekernel.vpio02 to idle
2026-09-14 20:56:32.158020-0400 DriverUITests-Runner[67318:14736878] K00-OUTPUT: Play 2 tapped (left to complete)
    t =    23.67s Waiting 5.0s for "Export journal" Button to exist
    t =    24.69s     Checking `Expect predicate `existsNoRetry == 1` for object "Export journal" Button`
    t =    24.70s         Checking existence of `"Export journal" Button`
    t =    24.75s Tap "Export journal" Button
    t =    24.75s     Wait for life.soullab.voicekernel.vpio02 to idle
    t =    24.76s     Find the "Export journal" Button
    t =    24.79s     Check for interrupting elements affecting "Export journal" Button
    t =    24.84s     Synthesize event
    t =    25.14s     Wait for life.soullab.voicekernel.vpio02 to idle
    t =    27.36s Terminate life.soullab.voicekernel.vpio02:67319
    t =    28.43s Wait for life.soullab.voicekernel.vpio02 to become Not Running
    t =    28.43s Tear Down
Test Case '-[DriverUITests.K00DriverTests testOutputSample]' passed (28.506 seconds).
Test Suite 'K00DriverTests' passed at 2026-09-14 20:56:41.502.
	 Executed 1 test, with 0 failures (0 unexpected) in 28.506 (28.508) seconds
Test Suite 'DriverUITests.xctest' passed at 2026-09-14 20:56:41.507.
	 Executed 1 test, with 0 failures (0 unexpected) in 28.506 (28.513) seconds
Test Suite 'Selected tests' passed at 2026-09-14 20:56:41.508.
	 Executed 1 test, with 0 failures (0 unexpected) in 28.506 (28.515) seconds
2026-09-14 20:56:41.723 xcodebuild[93979:30246869] [MT] IDERunDestination: Supported platforms for the buildables in the current scheme is empty.
2026-09-14 20:56:41.927 xcodebuild[93979:30246869] [MT] IDETestOperationsObserverDebug: 31.101 elapsed -- Testing started completed.
2026-09-14 20:56:41.928 xcodebuild[93979:30246869] [MT] IDETestOperationsObserverDebug: 0.000 sec, +0.000 sec -- start
2026-09-14 20:56:41.928 xcodebuild[93979:30246869] [MT] IDETestOperationsObserverDebug: 31.101 sec, +31.101 sec -- end

Test session results, code coverage, and logs:
	/Users/soullab/Library/Developer/Xcode/DerivedData/VoiceKernelDriver-dkhxfbxuzzyfuicejdgxqmuoxwrw/Logs/Test/Test-DriverUITests-2026.09.14_20-56-10--0400.xcresult

** TEST EXECUTE SUCCEEDED **

Testing started
