M-A1-stale-address-retained: KILLED [absentAddressRepairedToResolved,staleAddressRepairedToResolved,invalidAddressRepairedToResolved]
M-A1-chapter10-restored: KILLED [absentResolvesToFirstSection,staleResolvesToFirstSection,invalidResolvesToFirstSection,absentAddressRepairedToResolved,staleAddressRepairedToResolved,invalidAddressRepairedToResolved,noChapter10Heuristic]
M-A1-repair-coupled-to-scroll: KILLED [zeroArrivalScroll,zeroArrivalScrollCalls]
M-A2-chapter-scoped-status: KILLED [offChapterErrorVisible,offChapterConflictVisible]
M-A2-saved-never-shown: KILLED [savedAfterInitialLoad,savedAfterAcknowledgement]
M-A2-false-saved-despite-failure: KILLED [offChapterErrorVisible,offChapterConflictVisible]
M-A2-draft-counter-restored: KILLED [draftCounterAbsent]
M-A4-silent-leave: KILLED [unconfirmedEligibleDepartureGuarded,dirtyDepartureGuarded,textSurvivesRefusedDeparture,eligibleDeparturePersistsAfterLeave,unconfirmedDepartureGuarded]
M-A4-saved-on-keepalive-attempt: KILLED [unconfirmedEligibleNeverClaimsSaved,unconfirmedEligibleDepartureGuarded]
M-A4-local-prose-backup: KILLED [noLocalStorageProse]
M-A4-keepalive-dropped: KILLED [unconfirmedEligibleNeverClaimsSaved,eligibleDepartureUsesKeepalive,eligibleDeparturePersistsAfterLeave]
M-A5-entry-loses-focus: KILLED [pointerPathSameEditorNode]
M-A5-return-loses-focus: KILLED [pointerPathSameEditorNode]
M-A5-escape-broken: KILLED [escapeReturnsFromFullCanvas,escapeReturnPreservesTuple]
M-A5-editor-remounted: KILLED [pointerEntryPreservesTuple,pointerReturnPreservesTuple,pointerPathSameEditorNode,sectionNeverRemounted]
M-A5-keyboard-restore-dropped: KILLED [keyboardEnterEntryRestoresTuple,escapeReturnPreservesTuple,keyboardSpaceEntryRestoresTuple]
M-A3-draft-wide-only: KILLED [differentSectionSaves,unrelatedSavesWhileConflicted,lockedComparisonSingleWinner,digestOverExactDeliveredBytes,latestAcknowledgedDigestWins]
M-A3-same-section-overwrite: KILLED [sameSectionConflicts,conflictVisibleWholeDraft,conflictMarkedAtSection,conflictPersistsAfterUnrelatedSave,lockedComparisonSingleWinner,comparisonUnderLockRefusesChangedBody,digestOverExactDeliveredBytes]
M-A3-outside-lock-check: KILLED [lockedComparisonSingleWinner,comparisonUnderLockRefusesChangedBody]
M-A3-missing-digest-bypass: KILLED [missingDigestFallsBackToVersionRule,invalidDigestFallsBackToVersionRule]
M-A3-conflict-disappears: KILLED [conflictPersistsAfterUnrelatedSave]
M-A3-unrelated-blocked: KILLED [unrelatedSavesWhileConflicted]
M-A3-rail-marker-hidden: KILLED [conflictMarkedAtSection,conflictPersistsAfterUnrelatedSave]
M-A3-section-marker-hidden: KILLED [conflictMarkedAtSection,conflictPersistsAfterUnrelatedSave]
M-A3-resolution-control: KILLED [noResolutionUi]
M-A3-late-digest-overwrite: KILLED [latestAcknowledgedDigestWins]
M-A3-version-adopted-after-digest-acceptance: KILLED [sameSectionConflicts,conflictVisibleWholeDraft,conflictMarkedAtSection,conflictPersistsAfterUnrelatedSave]
M-A3-accepted-by-misreported: KILLED [sameSectionConflicts,conflictVisibleWholeDraft,conflictMarkedAtSection,conflictPersistsAfterUnrelatedSave]
M-A3-digest-normalized: KILLED [differentSectionSaves,unrelatedSavesWhileConflicted,lockedComparisonSingleWinner,digestOverExactDeliveredBytes,latestAcknowledgedDigestWins]
