Command line invocation:
    /Applications/Xcode.app/Contents/Developer/usr/bin/xcodebuild test-without-building -xctestrun /private/tmp/k0506-driver-compile-8b111709b/ios/VoiceKernelDriver/.derived/Build/Products/DriverUITests_iphoneos26.2-arm64.xctestrun -destination id=00008140-00163D9922E0801C -collect-test-diagnostics never "-only-testing:DriverUITests/K00DriverTests/testOutputSample"

2026-09-14 20:02:02.213 xcodebuild[83857:30150215] [MT] IDERunDestination: Supported platforms for the buildables in the current scheme is empty.
2026-09-14 20:02:02.217 xcodebuild[83857:30150215] [MT] IDERunDestination: Supported platforms for the buildables in the current scheme is empty.
2026-09-14 20:02:02.314 xcodebuild[83857:30150215] [MT] IDERunDestination: Supported platforms for the buildables in the current scheme is empty.
2026-09-14 20:02:02.418 xcodebuild[83857:30150215] [MT] IDERunDestination: Supported platforms for the buildables in the current scheme is empty.
--- xcodebuild: WARNING: Using the first of multiple matching destinations:
{ platform:iOS, arch:arm64e, id:00008140-00163D9922E0801C, name:Kelly Nezat’s iPhone }
{ platform:iOS, arch:arm64, id:00008140-00163D9922E0801C, name:Kelly Nezat’s iPhone }
2026-09-14 20:02:02.602 xcodebuild[83857:30150215] [MT] IDERunDestination: Supported platforms for the buildables in the current scheme is empty.
2026-09-14 20:02:02.790 xcodebuild[83857:30150215] [MT] IDERunDestination: Supported platforms for the buildables in the current scheme is empty.
2026-09-14 20:02:04.486027-0400 DriverUITests-Runner[67013:14690711] [Default] Running tests...
    t =      nans Interface orientation changed to Portrait
Test Suite 'Selected tests' started at 2026-09-14 20:02:04.955.
Test Suite 'DriverUITests.xctest' started at 2026-09-14 20:02:04.956.
Test Suite 'K00DriverTests' started at 2026-09-14 20:02:04.956.
Test Case '-[DriverUITests.K00DriverTests testOutputSample]' started.
    t =     0.00s Start Test at 2026-09-14 20:02:04.957
    t =     0.02s Set Up
    t =     0.02s Open life.soullab.voicekernel.vpio02
    t =     0.02s     Launch life.soullab.voicekernel.vpio02
    t =     0.11s         Setting up automation session
    t =     0.17s         Wait for life.soullab.voicekernel.vpio02 to idle
2026-09-14 20:02:05.270 xcodebuild[83857:30150215] [MT] IDERunDestination: Supported platforms for the buildables in the current scheme is empty.
    t =     1.27s Wait for life.soullab.voicekernel.vpio02 to become Running Foreground
    t =     1.27s Waiting 10.0s for "Enter conversation" Button to exist
    t =     2.32s     Checking `Expect predicate `existsNoRetry == 1` for object "Enter conversation" Button`
    t =     2.32s         Checking existence of `"Enter conversation" Button`
    t =     2.41s Checking existence of `"Voice processing: ON (default)" Button`
    t =     2.44s Checking existence of `"Voice processing: OFF (control run)" Button`
    t =     2.77s Waiting 3.0s for "Voice processing: ON (default)" Button to exist
    t =     3.79s     Checking `Expect predicate `existsNoRetry == 1` for object "Voice processing: ON (default)" Button`
    t =     3.79s         Checking existence of `"Voice processing: ON (default)" Button`
    t =     3.85s Waiting 5.0s for "Enter conversation" Button to exist
    t =     4.87s     Checking `Expect predicate `existsNoRetry == 1` for object "Enter conversation" Button`
    t =     4.87s         Checking existence of `"Enter conversation" Button`
    t =     4.93s Tap "Enter conversation" Button
    t =     4.93s     Wait for life.soullab.voicekernel.vpio02 to idle
    t =     4.93s     Find the "Enter conversation" Button
    t =     4.97s     Check for interrupting elements affecting "Enter conversation" Button
    t =     5.02s     Synthesize event
    t =     5.31s     Wait for life.soullab.voicekernel.vpio02 to idle
    t =     5.32s Waiting 5.0s for "Play 3 s tone" Button to exist
    t =     6.35s     Checking `Expect predicate `existsNoRetry == 1` for object "Play 3 s tone" Button`
    t =     6.35s         Checking existence of `"Play 3 s tone" Button`
    t =     6.39s         Capturing element debug description
    t =     7.32s     Checking `Expect predicate `existsNoRetry == 1` for object "Play 3 s tone" Button`
    t =     7.32s         Checking existence of `"Play 3 s tone" Button`
    t =     7.38s         Capturing element debug description
    t =     8.41s     Checking `Expect predicate `existsNoRetry == 1` for object "Play 3 s tone" Button`
    t =     8.41s         Checking existence of `"Play 3 s tone" Button`
    t =     8.46s         Capturing element debug description
    t =     9.38s     Checking `Expect predicate `existsNoRetry == 1` for object "Play 3 s tone" Button`
    t =     9.38s         Checking existence of `"Play 3 s tone" Button`
    t =     9.43s         Capturing element debug description
    t =    10.32s     Checking `Expect predicate `existsNoRetry == 1` for object "Play 3 s tone" Button`
    t =    10.33s         Checking existence of `"Play 3 s tone" Button`
    t =    10.38s         Capturing element debug description
    t =    10.38s     Checking existence of `"Play 3 s tone" Button`
    t =    10.41s Collecting debug information to assist test failure triage
    t =    10.41s     Requesting snapshot of accessibility hierarchy for app with pid 67014
/tmp/k0506-driver-compile-8b111709b/ios/VoiceKernelDriver/DriverUITests/K00DriverTests.swift:238: error: -[DriverUITests.K00DriverTests testOutputSample] : failed - DRIVER/INFRASTRUCTURE FAILURE: 'Play 3 s tone' not found after Enter
    t =    10.53s Tear Down
2026-09-14 20:02:15.744 xcodebuild[83857:30150215] [MT] IDERunDestination: Supported platforms for the buildables in the current scheme is empty.
Test Case '-[DriverUITests.K00DriverTests testOutputSample]' failed (10.787 seconds).
Test Suite 'K00DriverTests' failed at 2026-09-14 20:02:15.744.
	 Executed 1 test, with 1 failure (0 unexpected) in 10.787 (10.788) seconds
Test Suite 'DriverUITests.xctest' failed at 2026-09-14 20:02:15.746.
	 Executed 1 test, with 1 failure (0 unexpected) in 10.787 (10.790) seconds
Test Suite 'Selected tests' failed at 2026-09-14 20:02:15.751.
	 Executed 1 test, with 1 failure (0 unexpected) in 10.787 (10.796) seconds
2026-09-14 20:02:56.660 xcodebuild[83857:30150215] [MT] IDETestOperationsObserverDebug: 54.057 elapsed -- Testing started completed.
2026-09-14 20:02:56.660 xcodebuild[83857:30150215] [MT] IDETestOperationsObserverDebug: 0.000 sec, +0.000 sec -- start
2026-09-14 20:02:56.660 xcodebuild[83857:30150215] [MT] IDETestOperationsObserverDebug: 54.057 sec, +54.057 sec -- end

Test session results, code coverage, and logs:
	/Users/soullab/Library/Developer/Xcode/DerivedData/VoiceKernelDriver-doougzfqxphjgdffhtnhtaqjlnuz/Logs/Test/Test-DriverUITests-2026.09.14_20-02-02--0400.xcresult

** TEST EXECUTE FAILED **

Testing started
