Command line invocation:
    /Applications/Xcode.app/Contents/Developer/usr/bin/xcodebuild test-without-building -xctestrun /private/tmp/k0506-driver-compile-8b111709b/ios/VoiceKernelDriver/.derived/Build/Products/DriverUITests_iphoneos26.2-arm64.xctestrun -destination id=00008140-00163D9922E0801C -collect-test-diagnostics never "-only-testing:DriverUITests/K00DriverTests/testTerminateOnly"

2026-09-14 19:54:02.048 xcodebuild[82957:30135683] [MT] IDERunDestination: Supported platforms for the buildables in the current scheme is empty.
2026-09-14 19:54:02.051 xcodebuild[82957:30135683] [MT] IDERunDestination: Supported platforms for the buildables in the current scheme is empty.
2026-09-14 19:54:02.151 xcodebuild[82957:30135683] [MT] IDERunDestination: Supported platforms for the buildables in the current scheme is empty.
--- xcodebuild: WARNING: Using the first of multiple matching destinations:
{ platform:iOS, arch:arm64e, id:00008140-00163D9922E0801C, name:Kelly Nezat’s iPhone }
{ platform:iOS, arch:arm64, id:00008140-00163D9922E0801C, name:Kelly Nezat’s iPhone }
2026-09-14 19:54:02.447 xcodebuild[82957:30135683] [MT] IDERunDestination: Supported platforms for the buildables in the current scheme is empty.
2026-09-14 19:54:02.641 xcodebuild[82957:30135683] [MT] IDERunDestination: Supported platforms for the buildables in the current scheme is empty.
2026-09-14 19:54:04.952976-0400 DriverUITests-Runner[66961:14681922] [Default] Running tests...
    t =      nans Interface orientation changed to Portrait
Test Suite 'Selected tests' started at 2026-09-14 19:54:05.485.
Test Suite 'DriverUITests.xctest' started at 2026-09-14 19:54:05.486.
Test Suite 'K00DriverTests' started at 2026-09-14 19:54:05.486.
Test Case '-[DriverUITests.K00DriverTests testTerminateOnly]' started.
    t =     0.00s Start Test at 2026-09-14 19:54:05.487
    t =     0.02s Set Up
    t =     0.02s Terminate life.soullab.voicekernel.vpio02:66960
2026-09-14 19:54:05.785 xcodebuild[82957:30135683] [MT] IDERunDestination: Supported platforms for the buildables in the current scheme is empty.
    t =     1.04s Wait for life.soullab.voicekernel.vpio02 to become Not Running
    t =     1.04s Tear Down
Test Case '-[DriverUITests.K00DriverTests testTerminateOnly]' passed (1.090 seconds).
Test Suite 'K00DriverTests' passed at 2026-09-14 19:54:06.580.
	 Executed 1 test, with 0 failures (0 unexpected) in 1.090 (1.094) seconds
Test Suite 'DriverUITests.xctest' passed at 2026-09-14 19:54:06.583.
	 Executed 1 test, with 0 failures (0 unexpected) in 1.090 (1.096) seconds
Test Suite 'Selected tests' passed at 2026-09-14 19:54:06.583.
	 Executed 1 test, with 0 failures (0 unexpected) in 1.090 (1.098) seconds
2026-09-14 19:54:06.789 xcodebuild[82957:30135683] [MT] IDERunDestination: Supported platforms for the buildables in the current scheme is empty.
2026-09-14 19:54:07.014 xcodebuild[82957:30135683] [MT] IDETestOperationsObserverDebug: 4.565 elapsed -- Testing started completed.
2026-09-14 19:54:07.014 xcodebuild[82957:30135683] [MT] IDETestOperationsObserverDebug: 0.000 sec, +0.000 sec -- start
2026-09-14 19:54:07.014 xcodebuild[82957:30135683] [MT] IDETestOperationsObserverDebug: 4.565 sec, +4.565 sec -- end

Test session results, code coverage, and logs:
	/Users/soullab/Library/Developer/Xcode/DerivedData/VoiceKernelDriver-faantljmqgqvcteuielevrdwjvks/Logs/Test/Test-DriverUITests-2026.09.14_19-54-02--0400.xcresult

** TEST EXECUTE SUCCEEDED **

Testing started
