Command line invocation:
    /Applications/Xcode.app/Contents/Developer/usr/bin/xcodebuild test-without-building -xctestrun /private/tmp/k0506-driver-compile-8b111709b/ios/VoiceKernelDriver/.derived/Build/Products/DriverUITests_iphoneos26.2-arm64.xctestrun -destination id=00008140-00163D9922E0801C -collect-test-diagnostics never "-only-testing:DriverUITests/K00DriverTests/testTerminateOnly"

2026-09-14 19:55:43.399 xcodebuild[83138:30138560] [MT] IDERunDestination: Supported platforms for the buildables in the current scheme is empty.
2026-09-14 19:55:43.402 xcodebuild[83138:30138560] [MT] IDERunDestination: Supported platforms for the buildables in the current scheme is empty.
2026-09-14 19:55:43.502 xcodebuild[83138:30138560] [MT] IDERunDestination: Supported platforms for the buildables in the current scheme is empty.
--- xcodebuild: WARNING: Using the first of multiple matching destinations:
{ platform:iOS, arch:arm64e, id:00008140-00163D9922E0801C, name:Kelly Nezat’s iPhone }
{ platform:iOS, arch:arm64, id:00008140-00163D9922E0801C, name:Kelly Nezat’s iPhone }
2026-09-14 19:55:43.779 xcodebuild[83138:30138560] [MT] IDERunDestination: Supported platforms for the buildables in the current scheme is empty.
2026-09-14 19:55:43.983 xcodebuild[83138:30138560] [MT] IDERunDestination: Supported platforms for the buildables in the current scheme is empty.
2026-09-14 19:55:46.411404-0400 DriverUITests-Runner[66967:14683808] [Default] Running tests...
    t =      nans Interface orientation changed to Portrait
Test Suite 'Selected tests' started at 2026-09-14 19:55:46.881.
Test Suite 'DriverUITests.xctest' started at 2026-09-14 19:55:46.882.
Test Suite 'K00DriverTests' started at 2026-09-14 19:55:46.882.
Test Case '-[DriverUITests.K00DriverTests testTerminateOnly]' started.
    t =     0.00s Start Test at 2026-09-14 19:55:46.883
    t =     0.02s Set Up
    t =     0.03s Terminate life.soullab.voicekernel.vpio02:66966
2026-09-14 19:55:47.197 xcodebuild[83138:30138560] [MT] IDERunDestination: Supported platforms for the buildables in the current scheme is empty.
    t =     1.03s Wait for life.soullab.voicekernel.vpio02 to become Not Running
    t =     1.03s Tear Down
Test Case '-[DriverUITests.K00DriverTests testTerminateOnly]' passed (1.086 seconds).
Test Suite 'K00DriverTests' passed at 2026-09-14 19:55:47.968.
	 Executed 1 test, with 0 failures (0 unexpected) in 1.086 (1.087) seconds
Test Suite 'DriverUITests.xctest' passed at 2026-09-14 19:55:47.970.
	 Executed 1 test, with 0 failures (0 unexpected) in 1.086 (1.088) seconds
Test Suite 'Selected tests' passed at 2026-09-14 19:55:47.971.
	 Executed 1 test, with 0 failures (0 unexpected) in 1.086 (1.090) seconds
2026-09-14 19:55:48.198 xcodebuild[83138:30138560] [MT] IDERunDestination: Supported platforms for the buildables in the current scheme is empty.
2026-09-14 19:55:48.397 xcodebuild[83138:30138560] [MT] IDETestOperationsObserverDebug: 4.617 elapsed -- Testing started completed.
2026-09-14 19:55:48.397 xcodebuild[83138:30138560] [MT] IDETestOperationsObserverDebug: 0.000 sec, +0.000 sec -- start
2026-09-14 19:55:48.397 xcodebuild[83138:30138560] [MT] IDETestOperationsObserverDebug: 4.617 sec, +4.617 sec -- end

Test session results, code coverage, and logs:
	/Users/soullab/Library/Developer/Xcode/DerivedData/VoiceKernelDriver-bagewmtggvdqnweixloqohuemopa/Logs/Test/Test-DriverUITests-2026.09.14_19-55-43--0400.xcresult

** TEST EXECUTE SUCCEEDED **

Testing started
