Command line invocation:
    /Applications/Xcode.app/Contents/Developer/usr/bin/xcodebuild test-without-building -xctestrun /private/tmp/k0506-driver-compile-8b111709b/ios/VoiceKernelDriver/.derived/Build/Products/DriverUITests_iphoneos26.2-arm64.xctestrun -destination id=00008140-00163D9922E0801C -collect-test-diagnostics never "-only-testing:DriverUITests/K00DriverTests/testTerminateOnly"

2026-09-14 20:04:51.411 xcodebuild[84146:30155208] [MT] IDERunDestination: Supported platforms for the buildables in the current scheme is empty.
2026-09-14 20:04:51.414 xcodebuild[84146:30155208] [MT] IDERunDestination: Supported platforms for the buildables in the current scheme is empty.
2026-09-14 20:04:51.513 xcodebuild[84146:30155208] [MT] IDERunDestination: Supported platforms for the buildables in the current scheme is empty.
--- xcodebuild: WARNING: Using the first of multiple matching destinations:
{ platform:iOS, arch:arm64e, id:00008140-00163D9922E0801C, name:Kelly Nezat’s iPhone }
{ platform:iOS, arch:arm64, id:00008140-00163D9922E0801C, name:Kelly Nezat’s iPhone }
2026-09-14 20:04:51.802 xcodebuild[84146:30155208] [MT] IDERunDestination: Supported platforms for the buildables in the current scheme is empty.
2026-09-14 20:04:51.989 xcodebuild[84146:30155208] [MT] IDERunDestination: Supported platforms for the buildables in the current scheme is empty.
2026-09-14 20:04:54.203476-0400 DriverUITests-Runner[67019:14693592] [Default] Running tests...
    t =      nans Interface orientation changed to Portrait
Test Suite 'Selected tests' started at 2026-09-14 20:04:54.656.
Test Suite 'DriverUITests.xctest' started at 2026-09-14 20:04:54.656.
Test Suite 'K00DriverTests' started at 2026-09-14 20:04:54.656.
Test Case '-[DriverUITests.K00DriverTests testTerminateOnly]' started.
    t =     0.00s Start Test at 2026-09-14 20:04:54.657
    t =     0.02s Set Up
    t =     0.02s Terminate life.soullab.voicekernel.vpio02:67017
2026-09-14 20:04:54.995 xcodebuild[84146:30155208] [MT] IDERunDestination: Supported platforms for the buildables in the current scheme is empty.
    t =     1.04s Wait for life.soullab.voicekernel.vpio02 to become Not Running
    t =     1.05s Tear Down
Test Case '-[DriverUITests.K00DriverTests testTerminateOnly]' passed (1.094 seconds).
Test Suite 'K00DriverTests' passed at 2026-09-14 20:04:55.753.
	 Executed 1 test, with 0 failures (0 unexpected) in 1.094 (1.096) seconds
Test Suite 'DriverUITests.xctest' passed at 2026-09-14 20:04:55.754.
	 Executed 1 test, with 0 failures (0 unexpected) in 1.094 (1.097) seconds
Test Suite 'Selected tests' passed at 2026-09-14 20:04:55.754.
	 Executed 1 test, with 0 failures (0 unexpected) in 1.094 (1.099) seconds
2026-09-14 20:04:55.980 xcodebuild[84146:30155208] [MT] IDERunDestination: Supported platforms for the buildables in the current scheme is empty.
2026-09-14 20:04:56.175 xcodebuild[84146:30155208] [MT] IDETestOperationsObserverDebug: 4.371 elapsed -- Testing started completed.
2026-09-14 20:04:56.175 xcodebuild[84146:30155208] [MT] IDETestOperationsObserverDebug: 0.000 sec, +0.000 sec -- start
2026-09-14 20:04:56.175 xcodebuild[84146:30155208] [MT] IDETestOperationsObserverDebug: 4.371 sec, +4.371 sec -- end

Test session results, code coverage, and logs:
	/Users/soullab/Library/Developer/Xcode/DerivedData/VoiceKernelDriver-drrmvncxloykrkdciyckxnjzobqq/Logs/Test/Test-DriverUITests-2026.09.14_20-04-51--0400.xcresult

** TEST EXECUTE SUCCEEDED **

Testing started
