Command line invocation:
    /Applications/Xcode.app/Contents/Developer/usr/bin/xcodebuild test-without-building -xctestrun /private/tmp/k0506-driver-compile-8b111709b/ios/VoiceKernelDriver/.derived/Build/Products/DriverUITests_iphoneos26.2-arm64.xctestrun -destination id=00008140-00163D9922E0801C -collect-test-diagnostics never "-only-testing:DriverUITests/K00DriverTests/testTerminateOnly"

2026-09-14 20:01:06.084 xcodebuild[83761:30148397] [MT] IDERunDestination: Supported platforms for the buildables in the current scheme is empty.
2026-09-14 20:01:06.088 xcodebuild[83761:30148397] [MT] IDERunDestination: Supported platforms for the buildables in the current scheme is empty.
2026-09-14 20:01:06.187 xcodebuild[83761:30148397] [MT] IDERunDestination: Supported platforms for the buildables in the current scheme is empty.
--- xcodebuild: WARNING: Using the first of multiple matching destinations:
{ platform:iOS, arch:arm64e, id:00008140-00163D9922E0801C, name:Kelly Nezat’s iPhone }
{ platform:iOS, arch:arm64, id:00008140-00163D9922E0801C, name:Kelly Nezat’s iPhone }
2026-09-14 20:01:06.757 xcodebuild[83761:30148397] [MT] IDERunDestination: Supported platforms for the buildables in the current scheme is empty.
2026-09-14 20:01:06.953 xcodebuild[83761:30148397] [MT] IDERunDestination: Supported platforms for the buildables in the current scheme is empty.
2026-09-14 20:01:09.302422-0400 DriverUITests-Runner[67012:14689925] [Default] Running tests...
    t =      nans Interface orientation changed to Portrait
Test Suite 'Selected tests' started at 2026-09-14 20:01:09.848.
Test Suite 'DriverUITests.xctest' started at 2026-09-14 20:01:09.849.
Test Suite 'K00DriverTests' started at 2026-09-14 20:01:09.849.
Test Case '-[DriverUITests.K00DriverTests testTerminateOnly]' started.
    t =     0.00s Start Test at 2026-09-14 20:01:09.850
    t =     0.02s Set Up
    t =     0.02s Terminate life.soullab.voicekernel.vpio02:67002
2026-09-14 20:01:10.171 xcodebuild[83761:30148397] [MT] IDERunDestination: Supported platforms for the buildables in the current scheme is empty.
    t =     1.10s Wait for life.soullab.voicekernel.vpio02 to become Not Running
    t =     1.10s Tear Down
Test Case '-[DriverUITests.K00DriverTests testTerminateOnly]' passed (1.150 seconds).
Test Suite 'K00DriverTests' passed at 2026-09-14 20:01:11.000.
	 Executed 1 test, with 0 failures (0 unexpected) in 1.150 (1.151) seconds
Test Suite 'DriverUITests.xctest' passed at 2026-09-14 20:01:11.002.
	 Executed 1 test, with 0 failures (0 unexpected) in 1.150 (1.153) seconds
Test Suite 'Selected tests' passed at 2026-09-14 20:01:11.003.
	 Executed 1 test, with 0 failures (0 unexpected) in 1.150 (1.155) seconds
2026-09-14 20:01:11.221 xcodebuild[83761:30148397] [MT] IDERunDestination: Supported platforms for the buildables in the current scheme is empty.
2026-09-14 20:01:11.422 xcodebuild[83761:30148397] [MT] IDETestOperationsObserverDebug: 4.664 elapsed -- Testing started completed.
2026-09-14 20:01:11.422 xcodebuild[83761:30148397] [MT] IDETestOperationsObserverDebug: 0.000 sec, +0.000 sec -- start
2026-09-14 20:01:11.422 xcodebuild[83761:30148397] [MT] IDETestOperationsObserverDebug: 4.664 sec, +4.664 sec -- end

Test session results, code coverage, and logs:
	/Users/soullab/Library/Developer/Xcode/DerivedData/VoiceKernelDriver-hfzvcsgupgpbtbecnkffhjkcdrft/Logs/Test/Test-DriverUITests-2026.09.14_20-01-06--0400.xcresult

** TEST EXECUTE SUCCEEDED **

Testing started
