Command line invocation:
    /Applications/Xcode.app/Contents/Developer/usr/bin/xcodebuild test-without-building -xctestrun /private/tmp/k0506-driver-compile-8b111709b/ios/VoiceKernelDriver/.derived/Build/Products/DriverUITests_iphoneos26.2-arm64.xctestrun -destination id=00008140-00163D9922E0801C -collect-test-diagnostics never "-only-testing:DriverUITests/K00DriverTests/testOutputSample"

2026-09-14 20:00:09.296 xcodebuild[83619:30145915] [MT] IDERunDestination: Supported platforms for the buildables in the current scheme is empty.
2026-09-14 20:00:09.300 xcodebuild[83619:30145915] [MT] IDERunDestination: Supported platforms for the buildables in the current scheme is empty.
2026-09-14 20:00:09.399 xcodebuild[83619:30145915] [MT] IDERunDestination: Supported platforms for the buildables in the current scheme is empty.
--- xcodebuild: WARNING: Using the first of multiple matching destinations:
{ platform:iOS, arch:arm64e, id:00008140-00163D9922E0801C, name:Kelly Nezat’s iPhone }
{ platform:iOS, arch:arm64, id:00008140-00163D9922E0801C, name:Kelly Nezat’s iPhone }
2026-09-14 20:00:09.682 xcodebuild[83619:30145915] [MT] IDERunDestination: Supported platforms for the buildables in the current scheme is empty.
2026-09-14 20:00:09.883 xcodebuild[83619:30145915] [MT] IDERunDestination: Supported platforms for the buildables in the current scheme is empty.
2026-09-14 20:00:11.998220-0400 DriverUITests-Runner[67001:14688620] [Default] Running tests...
    t =      nans Interface orientation changed to Portrait
Test Suite 'Selected tests' started at 2026-09-14 20:00:12.502.
Test Suite 'DriverUITests.xctest' started at 2026-09-14 20:00:12.503.
Test Suite 'K00DriverTests' started at 2026-09-14 20:00:12.503.
Test Case '-[DriverUITests.K00DriverTests testOutputSample]' started.
    t =     0.00s Start Test at 2026-09-14 20:00:12.504
    t =     0.02s Set Up
    t =     0.02s Open life.soullab.voicekernel.vpio02
    t =     0.02s     Launch life.soullab.voicekernel.vpio02
    t =     0.11s         Setting up automation session
    t =     0.19s         Wait for life.soullab.voicekernel.vpio02 to idle
2026-09-14 20:00:12.812 xcodebuild[83619:30145915] [MT] IDERunDestination: Supported platforms for the buildables in the current scheme is empty.
    t =     1.31s Wait for life.soullab.voicekernel.vpio02 to become Running Foreground
    t =     1.32s Waiting 10.0s for "Enter conversation" Button to exist
    t =     2.35s     Checking `Expect predicate `existsNoRetry == 1` for object "Enter conversation" Button`
    t =     2.35s         Checking existence of `"Enter conversation" Button`
    t =     2.44s Checking existence of `"Voice processing: ON (default)" Button`
    t =     2.47s Checking existence of `"Voice processing: OFF (control run)" Button`
    t =     2.80s Waiting 3.0s for "Voice processing: ON (default)" Button to exist
    t =     3.83s     Checking `Expect predicate `existsNoRetry == 1` for object "Voice processing: ON (default)" Button`
    t =     3.83s         Checking existence of `"Voice processing: ON (default)" Button`
    t =     3.90s Waiting 5.0s for "Enter conversation" Button to exist
    t =     4.91s     Checking `Expect predicate `existsNoRetry == 1` for object "Enter conversation" Button`
    t =     4.91s         Checking existence of `"Enter conversation" Button`
    t =     4.98s Tap "Enter conversation" Button
    t =     4.98s     Wait for life.soullab.voicekernel.vpio02 to idle
    t =     4.98s     Find the "Enter conversation" Button
    t =     5.02s     Check for interrupting elements affecting "Enter conversation" Button
    t =     5.06s     Synthesize event
    t =     5.37s     Wait for life.soullab.voicekernel.vpio02 to idle
    t =     5.37s Waiting 5.0s for "Play 3 s tone" Button to exist
    t =     6.41s     Checking `Expect predicate `existsNoRetry == 1` for object "Play 3 s tone" Button`
    t =     6.41s         Checking existence of `"Play 3 s tone" Button`
    t =     6.44s         Capturing element debug description
    t =     7.37s     Checking `Expect predicate `existsNoRetry == 1` for object "Play 3 s tone" Button`
    t =     7.38s         Checking existence of `"Play 3 s tone" Button`
    t =     7.43s         Capturing element debug description
    t =     8.46s     Checking `Expect predicate `existsNoRetry == 1` for object "Play 3 s tone" Button`
    t =     8.46s         Checking existence of `"Play 3 s tone" Button`
    t =     8.51s         Capturing element debug description
    t =     9.44s     Checking `Expect predicate `existsNoRetry == 1` for object "Play 3 s tone" Button`
    t =     9.44s         Checking existence of `"Play 3 s tone" Button`
    t =     9.49s         Capturing element debug description
    t =    10.38s     Checking `Expect predicate `existsNoRetry == 1` for object "Play 3 s tone" Button`
    t =    10.38s         Checking existence of `"Play 3 s tone" Button`
    t =    10.43s         Capturing element debug description
    t =    10.43s     Checking existence of `"Play 3 s tone" Button`
    t =    10.47s Collecting debug information to assist test failure triage
    t =    10.47s     Requesting snapshot of accessibility hierarchy for app with pid 67002
/tmp/k0506-driver-compile-8b111709b/ios/VoiceKernelDriver/DriverUITests/K00DriverTests.swift:238: error: -[DriverUITests.K00DriverTests testOutputSample] : failed - DRIVER/INFRASTRUCTURE FAILURE: 'Play 3 s tone' not found after Enter
    t =    10.59s Tear Down
2026-09-14 20:00:23.356 xcodebuild[83619:30145915] [MT] IDERunDestination: Supported platforms for the buildables in the current scheme is empty.
Test Case '-[DriverUITests.K00DriverTests testOutputSample]' failed (10.830 seconds).
Test Suite 'K00DriverTests' failed at 2026-09-14 20:00:23.335.
	 Executed 1 test, with 1 failure (0 unexpected) in 10.830 (10.832) seconds
Test Suite 'DriverUITests.xctest' failed at 2026-09-14 20:00:23.336.
	 Executed 1 test, with 1 failure (0 unexpected) in 10.830 (10.833) seconds
Test Suite 'Selected tests' failed at 2026-09-14 20:00:23.338.
	 Executed 1 test, with 1 failure (0 unexpected) in 10.830 (10.835) seconds
2026-09-14 20:01:00.141 xcodebuild[83619:30145915] [MT] IDERunDestination: Supported platforms for the buildables in the current scheme is empty.
2026-09-14 20:01:04.186 xcodebuild[83619:30145915] [MT] IDETestOperationsObserverDebug: 54.503 elapsed -- Testing started completed.
2026-09-14 20:01:04.186 xcodebuild[83619:30145915] [MT] IDETestOperationsObserverDebug: 0.000 sec, +0.000 sec -- start
2026-09-14 20:01:04.186 xcodebuild[83619:30145915] [MT] IDETestOperationsObserverDebug: 54.503 sec, +54.503 sec -- end

Test session results, code coverage, and logs:
	/Users/soullab/Library/Developer/Xcode/DerivedData/VoiceKernelDriver-efuscqqimvtxmsazjsbkjdkfikhw/Logs/Test/Test-DriverUITests-2026.09.14_20-00-09--0400.xcresult

** TEST EXECUTE FAILED **

Testing started
