Command line invocation:
    /Applications/Xcode.app/Contents/Developer/usr/bin/xcodebuild test-without-building -xctestrun /private/tmp/voice-driver-01/ios/VoiceKernelDriver/.derived/Build/Products/DriverUITests_iphoneos26.2-arm64.xctestrun -destination id=00008140-00163D9922E0801C -collect-test-diagnostics never "-only-testing:DriverUITests/K00DriverTests/testOneSample"

2026-09-12 14:47:13.379 xcodebuild[48567:26219099] [MT] IDERunDestination: Supported platforms for the buildables in the current scheme is empty.
2026-09-12 14:47:13.382 xcodebuild[48567:26219099] [MT] IDERunDestination: Supported platforms for the buildables in the current scheme is empty.
--- xcodebuild: WARNING: Using the first of multiple matching destinations:
{ platform:iOS, arch:arm64e, id:00008140-00163D9922E0801C, name:Kelly Nezat’s iPhone }
{ platform:iOS, arch:arm64, id:00008140-00163D9922E0801C, name:Kelly Nezat’s iPhone }
2026-09-12 14:47:13.626 xcodebuild[48567:26219099] [MT] IDERunDestination: Supported platforms for the buildables in the current scheme is empty.
2026-09-12 14:47:13.828 xcodebuild[48567:26219099] [MT] IDERunDestination: Supported platforms for the buildables in the current scheme is empty.
2026-09-12 14:47:15.294398-0400 DriverUITests-Runner[55334:12612596] [Default] Running tests...
    t =      nans Interface orientation changed to Portrait
Test Suite 'Selected tests' started at 2026-09-12 14:47:15.771.
Test Suite 'DriverUITests.xctest' started at 2026-09-12 14:47:15.772.
Test Suite 'K00DriverTests' started at 2026-09-12 14:47:15.772.
Test Case '-[DriverUITests.K00DriverTests testOneSample]' started.
    t =     0.00s Start Test at 2026-09-12 14:47:15.773
    t =     0.02s Set Up
    t =     0.03s Open life.soullab.voicekernel.k00
    t =     0.03s     Launch life.soullab.voicekernel.k00
    t =     0.11s         Setting up automation session
    t =     0.19s         Wait for life.soullab.voicekernel.k00 to idle
2026-09-12 14:47:15.981 xcodebuild[48567:26219099] [MT] IDERunDestination: Supported platforms for the buildables in the current scheme is empty.
    t =     1.28s Wait for life.soullab.voicekernel.k00 to become Running Foreground
    t =     1.28s Waiting 10.0s for "Enter conversation" Button to exist
    t =     2.32s     Checking `Expect predicate `existsNoRetry == 1` for object "Enter conversation" Button`
    t =     2.32s         Checking existence of `"Enter conversation" Button`
    t =     2.41s Checking existence of `"Voice processing: ON (default)" Button`
    t =     2.44s Checking existence of `"Voice processing: OFF (control run)" Button`
    t =     2.76s Waiting 3.0s for "Voice processing: ON (default)" Button to exist
    t =     3.77s     Checking `Expect predicate `existsNoRetry == 1` for object "Voice processing: ON (default)" Button`
    t =     3.77s         Checking existence of `"Voice processing: ON (default)" Button`
    t =     3.83s Waiting 5.0s for "Enter conversation" Button to exist
    t =     4.83s     Checking `Expect predicate `existsNoRetry == 1` for object "Enter conversation" Button`
    t =     4.84s         Checking existence of `"Enter conversation" Button`
    t =     4.90s Tap "Enter conversation" Button
    t =     4.90s     Wait for life.soullab.voicekernel.k00 to idle
    t =     4.90s     Find the "Enter conversation" Button
    t =     4.94s     Check for interrupting elements affecting "Enter conversation" Button
    t =     4.98s     Synthesize event
    t =     5.28s     Wait for life.soullab.voicekernel.k00 to idle
    t =    20.30s Waiting 5.0s for "Export journal" Button to exist
    t =    21.32s     Checking `Expect predicate `existsNoRetry == 1` for object "Export journal" Button`
    t =    21.32s         Checking existence of `"Export journal" Button`
    t =    21.38s Tap "Export journal" Button
    t =    21.38s     Wait for life.soullab.voicekernel.k00 to idle
    t =    21.39s     Find the "Export journal" Button
    t =    21.54s     Check for interrupting elements affecting "Export journal" Button
    t =    21.61s     Synthesize event
    t =    21.92s     Wait for life.soullab.voicekernel.k00 to idle
    t =    24.14s Terminate life.soullab.voicekernel.k00:55335
    t =    25.23s Wait for life.soullab.voicekernel.k00 to become Not Running
    t =    25.24s Tear Down
Test Case '-[DriverUITests.K00DriverTests testOneSample]' passed (25.312 seconds).
Test Suite 'K00DriverTests' passed at 2026-09-12 14:47:41.087.
	 Executed 1 test, with 0 failures (0 unexpected) in 25.312 (25.314) seconds
Test Suite 'DriverUITests.xctest' passed at 2026-09-12 14:47:41.095.
	 Executed 1 test, with 0 failures (0 unexpected) in 25.312 (25.323) seconds
Test Suite 'Selected tests' passed at 2026-09-12 14:47:41.098.
	 Executed 1 test, with 0 failures (0 unexpected) in 25.312 (25.326) seconds
2026-09-12 14:47:41.194 xcodebuild[48567:26219099] [MT] IDERunDestination: Supported platforms for the buildables in the current scheme is empty.
2026-09-12 14:47:41.383 xcodebuild[48567:26219099] [MT] IDETestOperationsObserverDebug: 27.756 elapsed -- Testing started completed.
2026-09-12 14:47:41.383 xcodebuild[48567:26219099] [MT] IDETestOperationsObserverDebug: 0.000 sec, +0.000 sec -- start
2026-09-12 14:47:41.383 xcodebuild[48567:26219099] [MT] IDETestOperationsObserverDebug: 27.756 sec, +27.756 sec -- end

Test session results, code coverage, and logs:
	/Users/soullab/Library/Developer/Xcode/DerivedData/VoiceKernelDriver-atkyiitejjfiteecoxujyqavrqjg/Logs/Test/Test-DriverUITests-2026.09.12_14-47-13--0400.xcresult

** TEST EXECUTE SUCCEEDED **

Testing started
