Command line invocation:
    /Applications/Xcode.app/Contents/Developer/usr/bin/xcodebuild test-without-building -xctestrun /private/tmp/voice-driver-01/ios/VoiceKernelDriver/.derived/Build/Products/DriverUITests_iphoneos26.2-arm64.xctestrun -destination id=00008140-00163D9922E0801C -collect-test-diagnostics never "-only-testing:DriverUITests/K00DriverTests/testOneSample"

2026-09-12 14:41:16.479 xcodebuild[47924:26207550] [MT] IDERunDestination: Supported platforms for the buildables in the current scheme is empty.
2026-09-12 14:41:16.482 xcodebuild[47924:26207550] [MT] IDERunDestination: Supported platforms for the buildables in the current scheme is empty.
--- xcodebuild: WARNING: Using the first of multiple matching destinations:
{ platform:iOS, arch:arm64e, id:00008140-00163D9922E0801C, name:Kelly Nezat’s iPhone }
{ platform:iOS, arch:arm64, id:00008140-00163D9922E0801C, name:Kelly Nezat’s iPhone }
2026-09-12 14:41:16.734 xcodebuild[47924:26207550] [MT] IDERunDestination: Supported platforms for the buildables in the current scheme is empty.
2026-09-12 14:41:18.512011-0400 DriverUITests-Runner[55276:12598692] [Default] Running tests...
    t =      nans Interface orientation changed to Portrait
Test Suite 'Selected tests' started at 2026-09-12 14:41:18.981.
Test Suite 'DriverUITests.xctest' started at 2026-09-12 14:41:18.982.
Test Suite 'K00DriverTests' started at 2026-09-12 14:41:18.982.
Test Case '-[DriverUITests.K00DriverTests testOneSample]' started.
    t =     0.00s Start Test at 2026-09-12 14:41:18.983
    t =     0.02s Set Up
    t =     0.02s Open life.soullab.voicekernel.k00
    t =     0.02s     Launch life.soullab.voicekernel.k00
    t =     0.11s         Setting up automation session
    t =     0.18s         Wait for life.soullab.voicekernel.k00 to idle
2026-09-12 14:41:19.166 xcodebuild[47924:26207550] [MT] IDERunDestination: Supported platforms for the buildables in the current scheme is empty.
    t =     1.28s Wait for life.soullab.voicekernel.k00 to become Running Foreground
    t =     1.29s Waiting 10.0s for "Enter conversation" Button to exist
    t =     2.30s     Checking `Expect predicate `existsNoRetry == 1` for object "Enter conversation" Button`
    t =     2.30s         Checking existence of `"Enter conversation" Button`
    t =     2.39s Checking existence of `"Voice processing: ON (default)" Button`
    t =     2.42s Checking existence of `"Voice processing: OFF (control run)" Button`
    t =     2.74s Waiting 3.0s for "Voice processing: ON (default)" Button to exist
    t =     3.75s     Checking `Expect predicate `existsNoRetry == 1` for object "Voice processing: ON (default)" Button`
    t =     3.75s         Checking existence of `"Voice processing: ON (default)" Button`
    t =     3.81s Waiting 5.0s for "Enter conversation" Button to exist
    t =     4.83s     Checking `Expect predicate `existsNoRetry == 1` for object "Enter conversation" Button`
    t =     4.83s         Checking existence of `"Enter conversation" Button`
    t =     4.89s Tap "Enter conversation" Button
    t =     4.89s     Wait for life.soullab.voicekernel.k00 to idle
    t =     4.90s     Find the "Enter conversation" Button
    t =     4.94s     Check for interrupting elements affecting "Enter conversation" Button
    t =     4.98s     Synthesize event
    t =     5.27s     Wait for life.soullab.voicekernel.k00 to idle
    t =    20.28s Waiting 5.0s for "Export journal" Button to exist
    t =    21.31s     Checking `Expect predicate `existsNoRetry == 1` for object "Export journal" Button`
    t =    21.31s         Checking existence of `"Export journal" Button`
    t =    21.38s Tap "Export journal" Button
    t =    21.38s     Wait for life.soullab.voicekernel.k00 to idle
    t =    21.38s     Find the "Export journal" Button
    t =    21.42s     Check for interrupting elements affecting "Export journal" Button
    t =    21.46s     Synthesize event
    t =    21.86s     Wait for life.soullab.voicekernel.k00 to idle
    t =    24.08s Terminate life.soullab.voicekernel.k00:55277
    t =    25.09s Wait for life.soullab.voicekernel.k00 to become Not Running
    t =    25.09s Tear Down
Test Case '-[DriverUITests.K00DriverTests testOneSample]' passed (25.142 seconds).
Test Suite 'K00DriverTests' passed at 2026-09-12 14:41:44.127.
	 Executed 1 test, with 0 failures (0 unexpected) in 25.142 (25.145) seconds
Test Suite 'DriverUITests.xctest' passed at 2026-09-12 14:41:44.129.
	 Executed 1 test, with 0 failures (0 unexpected) in 25.142 (25.147) seconds
Test Suite 'Selected tests' passed at 2026-09-12 14:41:44.135.
	 Executed 1 test, with 0 failures (0 unexpected) in 25.142 (25.153) seconds
2026-09-12 14:41:44.251 xcodebuild[47924:26207550] [MT] IDERunDestination: Supported platforms for the buildables in the current scheme is empty.
2026-09-12 14:41:44.434 xcodebuild[47924:26207550] [MT] IDETestOperationsObserverDebug: 27.699 elapsed -- Testing started completed.
2026-09-12 14:41:44.434 xcodebuild[47924:26207550] [MT] IDETestOperationsObserverDebug: 0.000 sec, +0.000 sec -- start
2026-09-12 14:41:44.434 xcodebuild[47924:26207550] [MT] IDETestOperationsObserverDebug: 27.699 sec, +27.699 sec -- end

Test session results, code coverage, and logs:
	/Users/soullab/Library/Developer/Xcode/DerivedData/VoiceKernelDriver-dxhzhsaruyupaobxamdmsmrikeeb/Logs/Test/Test-DriverUITests-2026.09.12_14-41-16--0400.xcresult

** TEST EXECUTE SUCCEEDED **

Testing started
