Command line invocation:
    /Applications/Xcode.app/Contents/Developer/usr/bin/xcodebuild test-without-building -xctestrun /private/tmp/voice-driver-01/ios/VoiceKernelDriver/.derived/Build/Products/DriverUITests_iphoneos26.2-arm64.xctestrun -destination id=00008140-00163D9922E0801C -collect-test-diagnostics never "-only-testing:DriverUITests/K00DriverTests/testOneSample"

2026-09-12 14:49:48.453 xcodebuild[48844:26223468] [MT] IDERunDestination: Supported platforms for the buildables in the current scheme is empty.
2026-09-12 14:49:48.456 xcodebuild[48844:26223468] [MT] IDERunDestination: Supported platforms for the buildables in the current scheme is empty.
--- xcodebuild: WARNING: Using the first of multiple matching destinations:
{ platform:iOS, arch:arm64e, id:00008140-00163D9922E0801C, name:Kelly Nezat’s iPhone }
{ platform:iOS, arch:arm64, id:00008140-00163D9922E0801C, name:Kelly Nezat’s iPhone }
2026-09-12 14:49:48.712 xcodebuild[48844:26223468] [MT] IDERunDestination: Supported platforms for the buildables in the current scheme is empty.
2026-09-12 14:49:48.898 xcodebuild[48844:26223468] [MT] IDERunDestination: Supported platforms for the buildables in the current scheme is empty.
2026-09-12 14:49:50.431519-0400 DriverUITests-Runner[55349:12618396] [Default] Running tests...
    t =      nans Interface orientation changed to Portrait
Test Suite 'Selected tests' started at 2026-09-12 14:49:50.894.
Test Suite 'DriverUITests.xctest' started at 2026-09-12 14:49:50.895.
Test Suite 'K00DriverTests' started at 2026-09-12 14:49:50.895.
Test Case '-[DriverUITests.K00DriverTests testOneSample]' started.
    t =     0.00s Start Test at 2026-09-12 14:49:50.896
    t =     0.02s Set Up
    t =     0.03s Open life.soullab.voicekernel.k00
    t =     0.03s     Launch life.soullab.voicekernel.k00
    t =     0.12s         Setting up automation session
    t =     0.18s         Wait for life.soullab.voicekernel.k00 to idle
2026-09-12 14:49:51.086 xcodebuild[48844:26223468] [MT] IDERunDestination: Supported platforms for the buildables in the current scheme is empty.
    t =     1.28s Wait for life.soullab.voicekernel.k00 to become Running Foreground
    t =     1.28s Waiting 10.0s for "Enter conversation" Button to exist
    t =     2.29s     Checking `Expect predicate `existsNoRetry == 1` for object "Enter conversation" Button`
    t =     2.29s         Checking existence of `"Enter conversation" Button`
    t =     2.38s Checking existence of `"Voice processing: ON (default)" Button`
    t =     2.41s Checking existence of `"Voice processing: OFF (control run)" Button`
    t =     2.74s Waiting 3.0s for "Voice processing: ON (default)" Button to exist
    t =     3.75s     Checking `Expect predicate `existsNoRetry == 1` for object "Voice processing: ON (default)" Button`
    t =     3.75s         Checking existence of `"Voice processing: ON (default)" Button`
    t =     3.82s Waiting 5.0s for "Enter conversation" Button to exist
    t =     4.85s     Checking `Expect predicate `existsNoRetry == 1` for object "Enter conversation" Button`
    t =     4.85s         Checking existence of `"Enter conversation" Button`
    t =     4.92s Tap "Enter conversation" Button
    t =     4.92s     Wait for life.soullab.voicekernel.k00 to idle
    t =     4.92s     Find the "Enter conversation" Button
    t =     4.96s     Check for interrupting elements affecting "Enter conversation" Button
    t =     5.00s     Synthesize event
    t =     5.30s     Wait for life.soullab.voicekernel.k00 to idle
    t =    20.31s Waiting 5.0s for "Export journal" Button to exist
    t =    21.32s     Checking `Expect predicate `existsNoRetry == 1` for object "Export journal" Button`
    t =    21.32s         Checking existence of `"Export journal" Button`
    t =    21.39s Tap "Export journal" Button
    t =    21.39s     Wait for life.soullab.voicekernel.k00 to idle
    t =    21.39s     Find the "Export journal" Button
    t =    21.54s     Check for interrupting elements affecting "Export journal" Button
    t =    21.62s     Synthesize event
    t =    21.92s     Wait for life.soullab.voicekernel.k00 to idle
    t =    24.15s Terminate life.soullab.voicekernel.k00:55350
    t =    25.21s Wait for life.soullab.voicekernel.k00 to become Not Running
    t =    25.22s Tear Down
Test Case '-[DriverUITests.K00DriverTests testOneSample]' passed (25.265 seconds).
Test Suite 'K00DriverTests' passed at 2026-09-12 14:50:16.161.
	 Executed 1 test, with 0 failures (0 unexpected) in 25.265 (25.266) seconds
Test Suite 'DriverUITests.xctest' passed at 2026-09-12 14:50:16.163.
	 Executed 1 test, with 0 failures (0 unexpected) in 25.265 (25.269) seconds
Test Suite 'Selected tests' passed at 2026-09-12 14:50:16.165.
	 Executed 1 test, with 0 failures (0 unexpected) in 25.265 (25.270) seconds
2026-09-12 14:50:16.285 xcodebuild[48844:26223468] [MT] IDERunDestination: Supported platforms for the buildables in the current scheme is empty.
2026-09-12 14:50:16.475 xcodebuild[48844:26223468] [MT] IDETestOperationsObserverDebug: 27.761 elapsed -- Testing started completed.
2026-09-12 14:50:16.475 xcodebuild[48844:26223468] [MT] IDETestOperationsObserverDebug: 0.000 sec, +0.000 sec -- start
2026-09-12 14:50:16.475 xcodebuild[48844:26223468] [MT] IDETestOperationsObserverDebug: 27.761 sec, +27.761 sec -- end

Test session results, code coverage, and logs:
	/Users/soullab/Library/Developer/Xcode/DerivedData/VoiceKernelDriver-dbvknfdsubfjzpbysffrstyggevt/Logs/Test/Test-DriverUITests-2026.09.12_14-49-48--0400.xcresult

** TEST EXECUTE SUCCEEDED **

Testing started
