Command line invocation:
    /Applications/Xcode.app/Contents/Developer/usr/bin/xcodebuild test-without-building -xctestrun /private/tmp/voice-driver-01/ios/VoiceKernelDriver/.derived/Build/Products/DriverUITests_iphoneos26.2-arm64.xctestrun -destination id=00008140-00163D9922E0801C -collect-test-diagnostics never "-only-testing:DriverUITests/K00DriverTests/testOneSample"

2026-09-12 14:54:32.707 xcodebuild[49376:26231137] [MT] IDERunDestination: Supported platforms for the buildables in the current scheme is empty.
2026-09-12 14:54:32.710 xcodebuild[49376:26231137] [MT] IDERunDestination: Supported platforms for the buildables in the current scheme is empty.
2026-09-12 14:54:32.809 xcodebuild[49376:26231137] [MT] IDERunDestination: Supported platforms for the buildables in the current scheme is empty.
--- xcodebuild: WARNING: Using the first of multiple matching destinations:
{ platform:iOS, arch:arm64e, id:00008140-00163D9922E0801C, name:Kelly Nezat’s iPhone }
{ platform:iOS, arch:arm64, id:00008140-00163D9922E0801C, name:Kelly Nezat’s iPhone }
2026-09-12 14:54:32.987 xcodebuild[49376:26231137] [MT] IDERunDestination: Supported platforms for the buildables in the current scheme is empty.
2026-09-12 14:54:33.186 xcodebuild[49376:26231137] [MT] IDERunDestination: Supported platforms for the buildables in the current scheme is empty.
2026-09-12 14:54:34.589787-0400 DriverUITests-Runner[55398:12629268] [Default] Running tests...
    t =      nans Interface orientation changed to Portrait
Test Suite 'Selected tests' started at 2026-09-12 14:54:35.052.
Test Suite 'DriverUITests.xctest' started at 2026-09-12 14:54:35.053.
Test Suite 'K00DriverTests' started at 2026-09-12 14:54:35.053.
Test Case '-[DriverUITests.K00DriverTests testOneSample]' started.
    t =     0.00s Start Test at 2026-09-12 14:54:35.054
    t =     0.02s Set Up
    t =     0.02s Open life.soullab.voicekernel.k00
    t =     0.03s     Launch life.soullab.voicekernel.k00
    t =     0.11s         Setting up automation session
    t =     0.18s         Wait for life.soullab.voicekernel.k00 to idle
2026-09-12 14:54:35.208 xcodebuild[49376:26231137] [MT] IDERunDestination: Supported platforms for the buildables in the current scheme is empty.
    t =     1.28s Wait for life.soullab.voicekernel.k00 to become Running Foreground
    t =     1.29s Waiting 10.0s for "Enter conversation" Button to exist
    t =     2.35s     Checking `Expect predicate `existsNoRetry == 1` for object "Enter conversation" Button`
    t =     2.36s         Checking existence of `"Enter conversation" Button`
    t =     2.45s Checking existence of `"Voice processing: ON (default)" Button`
    t =     2.48s Checking existence of `"Voice processing: OFF (control run)" Button`
    t =     2.80s Waiting 3.0s for "Voice processing: ON (default)" Button to exist
    t =     3.80s     Checking `Expect predicate `existsNoRetry == 1` for object "Voice processing: ON (default)" Button`
    t =     3.81s         Checking existence of `"Voice processing: ON (default)" Button`
    t =     3.87s Waiting 5.0s for "Enter conversation" Button to exist
    t =     4.89s     Checking `Expect predicate `existsNoRetry == 1` for object "Enter conversation" Button`
    t =     4.89s         Checking existence of `"Enter conversation" Button`
    t =     4.95s Tap "Enter conversation" Button
    t =     4.95s     Wait for life.soullab.voicekernel.k00 to idle
    t =     4.96s     Find the "Enter conversation" Button
    t =     5.00s     Check for interrupting elements affecting "Enter conversation" Button
    t =     5.04s     Synthesize event
    t =     5.34s     Wait for life.soullab.voicekernel.k00 to idle
    t =    20.35s Waiting 5.0s for "Export journal" Button to exist
    t =    21.40s     Checking `Expect predicate `existsNoRetry == 1` for object "Export journal" Button`
    t =    21.40s         Checking existence of `"Export journal" Button`
    t =    21.46s Tap "Export journal" Button
    t =    21.46s     Wait for life.soullab.voicekernel.k00 to idle
    t =    21.47s     Find the "Export journal" Button
    t =    21.61s     Check for interrupting elements affecting "Export journal" Button
    t =    21.69s     Synthesize event
    t =    22.10s     Wait for life.soullab.voicekernel.k00 to idle
    t =    24.33s Terminate life.soullab.voicekernel.k00:55399
    t =    25.43s Wait for life.soullab.voicekernel.k00 to become Not Running
    t =    25.43s Tear Down
Test Case '-[DriverUITests.K00DriverTests testOneSample]' passed (25.518 seconds).
Test Suite 'K00DriverTests' passed at 2026-09-12 14:55:00.573.
	 Executed 1 test, with 0 failures (0 unexpected) in 25.518 (25.520) seconds
Test Suite 'DriverUITests.xctest' passed at 2026-09-12 14:55:00.576.
	 Executed 1 test, with 0 failures (0 unexpected) in 25.518 (25.523) seconds
Test Suite 'Selected tests' passed at 2026-09-12 14:55:00.579.
	 Executed 1 test, with 0 failures (0 unexpected) in 25.518 (25.527) seconds
2026-09-12 14:55:00.621 xcodebuild[49376:26231137] [MT] IDERunDestination: Supported platforms for the buildables in the current scheme is empty.
2026-09-12 14:55:00.844 xcodebuild[49376:26231137] [MT] IDETestOperationsObserverDebug: 27.856 elapsed -- Testing started completed.
2026-09-12 14:55:00.844 xcodebuild[49376:26231137] [MT] IDETestOperationsObserverDebug: 0.000 sec, +0.000 sec -- start
2026-09-12 14:55:00.844 xcodebuild[49376:26231137] [MT] IDETestOperationsObserverDebug: 27.856 sec, +27.856 sec -- end

Test session results, code coverage, and logs:
	/Users/soullab/Library/Developer/Xcode/DerivedData/VoiceKernelDriver-hdoshhdavckxotarjijgsmfsatam/Logs/Test/Test-DriverUITests-2026.09.12_14-54-32--0400.xcresult

** TEST EXECUTE SUCCEEDED **

Testing started
