Command line invocation:
    /Applications/Xcode.app/Contents/Developer/usr/bin/xcodebuild test-without-building -xctestrun /private/tmp/voice-driver-01/ios/VoiceKernelDriver/.derived/Build/Products/DriverUITests_iphoneos26.2-arm64.xctestrun -destination id=00008140-00163D9922E0801C -collect-test-diagnostics never "-only-testing:DriverUITests/K00DriverTests/testOneSample"

2026-09-12 14:53:28.652 xcodebuild[49262:26229162] [MT] IDERunDestination: Supported platforms for the buildables in the current scheme is empty.
2026-09-12 14:53:28.656 xcodebuild[49262:26229162] [MT] IDERunDestination: Supported platforms for the buildables in the current scheme is empty.
2026-09-12 14:53:28.755 xcodebuild[49262:26229162] [MT] IDERunDestination: Supported platforms for the buildables in the current scheme is empty.
--- xcodebuild: WARNING: Using the first of multiple matching destinations:
{ platform:iOS, arch:arm64e, id:00008140-00163D9922E0801C, name:Kelly Nezat’s iPhone }
{ platform:iOS, arch:arm64, id:00008140-00163D9922E0801C, name:Kelly Nezat’s iPhone }
2026-09-12 14:53:28.934 xcodebuild[49262:26229162] [MT] IDERunDestination: Supported platforms for the buildables in the current scheme is empty.
2026-09-12 14:53:29.139 xcodebuild[49262:26229162] [MT] IDERunDestination: Supported platforms for the buildables in the current scheme is empty.
2026-09-12 14:53:30.579103-0400 DriverUITests-Runner[55384:12626742] [Default] Running tests...
    t =      nans Interface orientation changed to Portrait
Test Suite 'Selected tests' started at 2026-09-12 14:53:31.032.
Test Suite 'DriverUITests.xctest' started at 2026-09-12 14:53:31.033.
Test Suite 'K00DriverTests' started at 2026-09-12 14:53:31.033.
Test Case '-[DriverUITests.K00DriverTests testOneSample]' started.
    t =     0.00s Start Test at 2026-09-12 14:53:31.034
    t =     0.02s Set Up
    t =     0.03s Open life.soullab.voicekernel.k00
    t =     0.03s     Launch life.soullab.voicekernel.k00
    t =     0.11s         Setting up automation session
2026-09-12 14:53:31.190 xcodebuild[49262:26229162] [MT] IDERunDestination: Supported platforms for the buildables in the current scheme is empty.
    t =     0.19s         Wait for life.soullab.voicekernel.k00 to idle
    t =     1.28s Wait for life.soullab.voicekernel.k00 to become Running Foreground
    t =     1.28s Waiting 10.0s for "Enter conversation" Button to exist
    t =     2.34s     Checking `Expect predicate `existsNoRetry == 1` for object "Enter conversation" Button`
    t =     2.35s         Checking existence of `"Enter conversation" Button`
    t =     2.44s Checking existence of `"Voice processing: ON (default)" Button`
    t =     2.47s Checking existence of `"Voice processing: OFF (control run)" Button`
    t =     2.79s Waiting 3.0s for "Voice processing: ON (default)" Button to exist
    t =     3.80s     Checking `Expect predicate `existsNoRetry == 1` for object "Voice processing: ON (default)" Button`
    t =     3.81s         Checking existence of `"Voice processing: ON (default)" Button`
    t =     3.87s Waiting 5.0s for "Enter conversation" Button to exist
    t =     4.87s     Checking `Expect predicate `existsNoRetry == 1` for object "Enter conversation" Button`
    t =     4.87s         Checking existence of `"Enter conversation" Button`
    t =     4.93s Tap "Enter conversation" Button
    t =     4.93s     Wait for life.soullab.voicekernel.k00 to idle
    t =     4.94s     Find the "Enter conversation" Button
    t =     4.98s     Check for interrupting elements affecting "Enter conversation" Button
    t =     5.02s     Synthesize event
    t =     5.31s     Wait for life.soullab.voicekernel.k00 to idle
    t =    20.32s Waiting 5.0s for "Export journal" Button to exist
    t =    21.35s     Checking `Expect predicate `existsNoRetry == 1` for object "Export journal" Button`
    t =    21.35s         Checking existence of `"Export journal" Button`
    t =    21.41s Tap "Export journal" Button
    t =    21.41s     Wait for life.soullab.voicekernel.k00 to idle
    t =    21.42s     Find the "Export journal" Button
    t =    21.56s     Check for interrupting elements affecting "Export journal" Button
    t =    21.64s     Synthesize event
    t =    21.94s     Wait for life.soullab.voicekernel.k00 to idle
    t =    24.16s Terminate life.soullab.voicekernel.k00:55385
    t =    25.25s Wait for life.soullab.voicekernel.k00 to become Not Running
    t =    25.26s Tear Down
Test Case '-[DriverUITests.K00DriverTests testOneSample]' passed (25.326 seconds).
Test Suite 'K00DriverTests' passed at 2026-09-12 14:53:56.360.
	 Executed 1 test, with 0 failures (0 unexpected) in 25.326 (25.328) seconds
Test Suite 'DriverUITests.xctest' passed at 2026-09-12 14:53:56.369.
	 Executed 1 test, with 0 failures (0 unexpected) in 25.326 (25.337) seconds
Test Suite 'Selected tests' passed at 2026-09-12 14:53:56.370.
	 Executed 1 test, with 0 failures (0 unexpected) in 25.326 (25.338) seconds
2026-09-12 14:53:56.430 xcodebuild[49262:26229162] [MT] IDERunDestination: Supported platforms for the buildables in the current scheme is empty.
2026-09-12 14:53:56.625 xcodebuild[49262:26229162] [MT] IDETestOperationsObserverDebug: 27.690 elapsed -- Testing started completed.
2026-09-12 14:53:56.625 xcodebuild[49262:26229162] [MT] IDETestOperationsObserverDebug: 0.000 sec, +0.000 sec -- start
2026-09-12 14:53:56.625 xcodebuild[49262:26229162] [MT] IDETestOperationsObserverDebug: 27.690 sec, +27.690 sec -- end

Test session results, code coverage, and logs:
	/Users/soullab/Library/Developer/Xcode/DerivedData/VoiceKernelDriver-fnczbgonqhixgubatvioornuewch/Logs/Test/Test-DriverUITests-2026.09.12_14-53-28--0400.xcresult

** TEST EXECUTE SUCCEEDED **

Testing started
