Command line invocation:
    /Applications/Xcode.app/Contents/Developer/usr/bin/xcodebuild test-without-building -xctestrun /private/tmp/voice-driver-01/ios/VoiceKernelDriver/.derived/Build/Products/DriverUITests_iphoneos26.2-arm64.xctestrun -destination id=00008140-00163D9922E0801C -collect-test-diagnostics never "-only-testing:DriverUITests/K00DriverTests/testOneSample"

2026-09-12 14:49:17.193 xcodebuild[48783:26222447] [MT] IDERunDestination: Supported platforms for the buildables in the current scheme is empty.
2026-09-12 14:49:17.196 xcodebuild[48783:26222447] [MT] IDERunDestination: Supported platforms for the buildables in the current scheme is empty.
--- xcodebuild: WARNING: Using the first of multiple matching destinations:
{ platform:iOS, arch:arm64e, id:00008140-00163D9922E0801C, name:Kelly Nezat’s iPhone }
{ platform:iOS, arch:arm64, id:00008140-00163D9922E0801C, name:Kelly Nezat’s iPhone }
2026-09-12 14:49:17.450 xcodebuild[48783:26222447] [MT] IDERunDestination: Supported platforms for the buildables in the current scheme is empty.
2026-09-12 14:49:19.256038-0400 DriverUITests-Runner[55346:12617135] [Default] Running tests...
    t =      nans Interface orientation changed to Portrait
Test Suite 'Selected tests' started at 2026-09-12 14:49:19.734.
Test Suite 'DriverUITests.xctest' started at 2026-09-12 14:49:19.735.
Test Suite 'K00DriverTests' started at 2026-09-12 14:49:19.736.
Test Case '-[DriverUITests.K00DriverTests testOneSample]' started.
    t =     0.00s Start Test at 2026-09-12 14:49:19.737
    t =     0.02s Set Up
    t =     0.03s Open life.soullab.voicekernel.k00
    t =     0.03s     Launch life.soullab.voicekernel.k00
    t =     0.11s         Setting up automation session
    t =     0.18s         Wait for life.soullab.voicekernel.k00 to idle
2026-09-12 14:49:19.923 xcodebuild[48783:26222447] [MT] IDERunDestination: Supported platforms for the buildables in the current scheme is empty.
    t =     1.28s Wait for life.soullab.voicekernel.k00 to become Running Foreground
    t =     1.29s Waiting 10.0s for "Enter conversation" Button to exist
    t =     2.33s     Checking `Expect predicate `existsNoRetry == 1` for object "Enter conversation" Button`
    t =     2.33s         Checking existence of `"Enter conversation" Button`
    t =     2.43s Checking existence of `"Voice processing: ON (default)" Button`
    t =     2.45s Checking existence of `"Voice processing: OFF (control run)" Button`
    t =     2.78s Waiting 3.0s for "Voice processing: ON (default)" Button to exist
    t =     3.80s     Checking `Expect predicate `existsNoRetry == 1` for object "Voice processing: ON (default)" Button`
    t =     3.80s         Checking existence of `"Voice processing: ON (default)" Button`
    t =     3.87s Waiting 5.0s for "Enter conversation" Button to exist
    t =     4.88s     Checking `Expect predicate `existsNoRetry == 1` for object "Enter conversation" Button`
    t =     4.88s         Checking existence of `"Enter conversation" Button`
    t =     4.94s Tap "Enter conversation" Button
    t =     4.94s     Wait for life.soullab.voicekernel.k00 to idle
    t =     4.95s     Find the "Enter conversation" Button
    t =     4.99s     Check for interrupting elements affecting "Enter conversation" Button
    t =     5.03s     Synthesize event
    t =     5.33s     Wait for life.soullab.voicekernel.k00 to idle
    t =    20.34s Waiting 5.0s for "Export journal" Button to exist
    t =    21.38s     Checking `Expect predicate `existsNoRetry == 1` for object "Export journal" Button`
    t =    21.38s         Checking existence of `"Export journal" Button`
    t =    21.44s Tap "Export journal" Button
    t =    21.44s     Wait for life.soullab.voicekernel.k00 to idle
    t =    21.45s     Find the "Export journal" Button
    t =    21.59s     Check for interrupting elements affecting "Export journal" Button
    t =    21.66s     Synthesize event
    t =    21.96s     Wait for life.soullab.voicekernel.k00 to idle
    t =    24.17s Terminate life.soullab.voicekernel.k00:55347
    t =    25.20s Wait for life.soullab.voicekernel.k00 to become Not Running
    t =    25.20s Tear Down
Test Case '-[DriverUITests.K00DriverTests testOneSample]' passed (25.246 seconds).
Test Suite 'K00DriverTests' passed at 2026-09-12 14:49:44.986.
	 Executed 1 test, with 0 failures (0 unexpected) in 25.246 (25.251) seconds
Test Suite 'DriverUITests.xctest' passed at 2026-09-12 14:49:44.989.
	 Executed 1 test, with 0 failures (0 unexpected) in 25.246 (25.254) seconds
Test Suite 'Selected tests' passed at 2026-09-12 14:49:44.992.
	 Executed 1 test, with 0 failures (0 unexpected) in 25.246 (25.257) seconds
2026-09-12 14:49:45.118 xcodebuild[48783:26222447] [MT] IDERunDestination: Supported platforms for the buildables in the current scheme is empty.
2026-09-12 14:49:45.315 xcodebuild[48783:26222447] [MT] IDETestOperationsObserverDebug: 27.864 elapsed -- Testing started completed.
2026-09-12 14:49:45.315 xcodebuild[48783:26222447] [MT] IDETestOperationsObserverDebug: 0.000 sec, +0.000 sec -- start
2026-09-12 14:49:45.315 xcodebuild[48783:26222447] [MT] IDETestOperationsObserverDebug: 27.864 sec, +27.864 sec -- end

Test session results, code coverage, and logs:
	/Users/soullab/Library/Developer/Xcode/DerivedData/VoiceKernelDriver-gvkbbkpbgrnmuaeuoywoinzrjffc/Logs/Test/Test-DriverUITests-2026.09.12_14-49-17--0400.xcresult

** TEST EXECUTE SUCCEEDED **

Testing started
