Command line invocation:
    /Applications/Xcode.app/Contents/Developer/usr/bin/xcodebuild test-without-building -xctestrun /private/tmp/voice-driver-01/ios/VoiceKernelDriver/.derived/Build/Products/DriverUITests_iphoneos26.2-arm64.xctestrun -destination id=00008140-00163D9922E0801C -collect-test-diagnostics never "-only-testing:DriverUITests/K00DriverTests/testOneSample"

2026-09-12 14:39:46.310 xcodebuild[47748:26204603] [MT] IDERunDestination: Supported platforms for the buildables in the current scheme is empty.
2026-09-12 14:39:46.313 xcodebuild[47748:26204603] [MT] IDERunDestination: Supported platforms for the buildables in the current scheme is empty.
--- xcodebuild: WARNING: Using the first of multiple matching destinations:
{ platform:iOS, arch:arm64e, id:00008140-00163D9922E0801C, name:Kelly Nezat’s iPhone }
{ platform:iOS, arch:arm64, id:00008140-00163D9922E0801C, name:Kelly Nezat’s iPhone }
2026-09-12 14:39:46.567 xcodebuild[47748:26204603] [MT] IDERunDestination: Supported platforms for the buildables in the current scheme is empty.
2026-09-12 14:39:46.761 xcodebuild[47748:26204603] [MT] IDERunDestination: Supported platforms for the buildables in the current scheme is empty.
2026-09-12 14:39:48.183083-0400 DriverUITests-Runner[55266:12594989] [Default] Running tests...
    t =      nans Interface orientation changed to Portrait
Test Suite 'Selected tests' started at 2026-09-12 14:39:48.649.
Test Suite 'DriverUITests.xctest' started at 2026-09-12 14:39:48.650.
Test Suite 'K00DriverTests' started at 2026-09-12 14:39:48.650.
Test Case '-[DriverUITests.K00DriverTests testOneSample]' started.
    t =     0.00s Start Test at 2026-09-12 14:39:48.651
    t =     0.02s Set Up
    t =     0.03s Open life.soullab.voicekernel.k00
    t =     0.03s     Launch life.soullab.voicekernel.k00
    t =     0.11s         Setting up automation session
2026-09-12 14:39:48.811 xcodebuild[47748:26204603] [MT] IDERunDestination: Supported platforms for the buildables in the current scheme is empty.
    t =     0.19s         Wait for life.soullab.voicekernel.k00 to idle
    t =     1.29s Wait for life.soullab.voicekernel.k00 to become Running Foreground
    t =     1.29s Waiting 10.0s for "Enter conversation" Button to exist
    t =     2.34s     Checking `Expect predicate `existsNoRetry == 1` for object "Enter conversation" Button`
    t =     2.34s         Checking existence of `"Enter conversation" Button`
    t =     2.44s Checking existence of `"Voice processing: ON (default)" Button`
    t =     2.46s Checking existence of `"Voice processing: OFF (control run)" Button`
    t =     2.79s Waiting 3.0s for "Voice processing: ON (default)" Button to exist
    t =     3.81s     Checking `Expect predicate `existsNoRetry == 1` for object "Voice processing: ON (default)" Button`
    t =     3.81s         Checking existence of `"Voice processing: ON (default)" Button`
    t =     3.88s Waiting 5.0s for "Enter conversation" Button to exist
    t =     4.89s     Checking `Expect predicate `existsNoRetry == 1` for object "Enter conversation" Button`
    t =     4.89s         Checking existence of `"Enter conversation" Button`
    t =     4.95s Tap "Enter conversation" Button
    t =     4.95s     Wait for life.soullab.voicekernel.k00 to idle
    t =     4.96s     Find the "Enter conversation" Button
    t =     5.00s     Check for interrupting elements affecting "Enter conversation" Button
    t =     5.05s     Synthesize event
    t =     5.34s     Wait for life.soullab.voicekernel.k00 to idle
    t =    20.36s Waiting 5.0s for "Export journal" Button to exist
    t =    21.39s     Checking `Expect predicate `existsNoRetry == 1` for object "Export journal" Button`
    t =    21.39s         Checking existence of `"Export journal" Button`
    t =    21.45s Tap "Export journal" Button
    t =    21.45s     Wait for life.soullab.voicekernel.k00 to idle
    t =    21.46s     Find the "Export journal" Button
    t =    21.50s     Check for interrupting elements affecting "Export journal" Button
    t =    21.54s     Synthesize event
    t =    21.84s     Wait for life.soullab.voicekernel.k00 to idle
    t =    24.06s Terminate life.soullab.voicekernel.k00:55267
    t =    25.13s Wait for life.soullab.voicekernel.k00 to become Not Running
    t =    25.14s Tear Down
Test Case '-[DriverUITests.K00DriverTests testOneSample]' passed (25.209 seconds).
Test Suite 'K00DriverTests' passed at 2026-09-12 14:40:13.860.
	 Executed 1 test, with 0 failures (0 unexpected) in 25.209 (25.211) seconds
Test Suite 'DriverUITests.xctest' passed at 2026-09-12 14:40:13.864.
	 Executed 1 test, with 0 failures (0 unexpected) in 25.209 (25.215) seconds
Test Suite 'Selected tests' passed at 2026-09-12 14:40:13.866.
	 Executed 1 test, with 0 failures (0 unexpected) in 25.209 (25.217) seconds
2026-09-12 14:40:13.938 xcodebuild[47748:26204603] [MT] IDERunDestination: Supported platforms for the buildables in the current scheme is empty.
2026-09-12 14:40:14.169 xcodebuild[47748:26204603] [MT] IDETestOperationsObserverDebug: 27.600 elapsed -- Testing started completed.
2026-09-12 14:40:14.169 xcodebuild[47748:26204603] [MT] IDETestOperationsObserverDebug: 0.000 sec, +0.000 sec -- start
2026-09-12 14:40:14.169 xcodebuild[47748:26204603] [MT] IDETestOperationsObserverDebug: 27.600 sec, +27.600 sec -- end

Test session results, code coverage, and logs:
	/Users/soullab/Library/Developer/Xcode/DerivedData/VoiceKernelDriver-ehwjhzotuknciwdbjgixnpayqcny/Logs/Test/Test-DriverUITests-2026.09.12_14-39-46--0400.xcresult

** TEST EXECUTE SUCCEEDED **

Testing started
