Command line invocation:
    /Applications/Xcode.app/Contents/Developer/usr/bin/xcodebuild test-without-building -xctestrun /private/tmp/voice-driver-01/ios/VoiceKernelDriver/.derived/Build/Products/DriverUITests_iphoneos26.2-arm64.xctestrun -destination id=00008140-00163D9922E0801C -collect-test-diagnostics never "-only-testing:DriverUITests/K00DriverTests/testOneSample"

2026-09-12 14:54:00.702 xcodebuild[49318:26230174] [MT] IDERunDestination: Supported platforms for the buildables in the current scheme is empty.
2026-09-12 14:54:00.706 xcodebuild[49318:26230174] [MT] IDERunDestination: Supported platforms for the buildables in the current scheme is empty.
2026-09-12 14:54:00.805 xcodebuild[49318:26230174] [MT] IDERunDestination: Supported platforms for the buildables in the current scheme is empty.
--- xcodebuild: WARNING: Using the first of multiple matching destinations:
{ platform:iOS, arch:arm64e, id:00008140-00163D9922E0801C, name:Kelly Nezat’s iPhone }
{ platform:iOS, arch:arm64, id:00008140-00163D9922E0801C, name:Kelly Nezat’s iPhone }
2026-09-12 14:54:00.978 xcodebuild[49318:26230174] [MT] IDERunDestination: Supported platforms for the buildables in the current scheme is empty.
2026-09-12 14:54:01.177 xcodebuild[49318:26230174] [MT] IDERunDestination: Supported platforms for the buildables in the current scheme is empty.
2026-09-12 14:54:02.626905-0400 DriverUITests-Runner[55387:12627940] [Default] Running tests...
    t =      nans Interface orientation changed to Portrait
Test Suite 'Selected tests' started at 2026-09-12 14:54:03.077.
Test Suite 'DriverUITests.xctest' started at 2026-09-12 14:54:03.078.
Test Suite 'K00DriverTests' started at 2026-09-12 14:54:03.078.
Test Case '-[DriverUITests.K00DriverTests testOneSample]' started.
    t =     0.00s Start Test at 2026-09-12 14:54:03.079
    t =     0.02s Set Up
    t =     0.03s Open life.soullab.voicekernel.k00
    t =     0.03s     Launch life.soullab.voicekernel.k00
    t =     0.10s         Setting up automation session
    t =     0.18s         Wait for life.soullab.voicekernel.k00 to idle
2026-09-12 14:54:03.238 xcodebuild[49318:26230174] [MT] IDERunDestination: Supported platforms for the buildables in the current scheme is empty.
    t =     1.27s Wait for life.soullab.voicekernel.k00 to become Running Foreground
    t =     1.28s Waiting 10.0s for "Enter conversation" Button to exist
    t =     2.31s     Checking `Expect predicate `existsNoRetry == 1` for object "Enter conversation" Button`
    t =     2.31s         Checking existence of `"Enter conversation" Button`
    t =     2.40s Checking existence of `"Voice processing: ON (default)" Button`
    t =     2.43s Checking existence of `"Voice processing: OFF (control run)" Button`
    t =     2.76s Waiting 3.0s for "Voice processing: ON (default)" Button to exist
    t =     3.76s     Checking `Expect predicate `existsNoRetry == 1` for object "Voice processing: ON (default)" Button`
    t =     3.76s         Checking existence of `"Voice processing: ON (default)" Button`
    t =     3.83s Waiting 5.0s for "Enter conversation" Button to exist
    t =     4.84s     Checking `Expect predicate `existsNoRetry == 1` for object "Enter conversation" Button`
    t =     4.84s         Checking existence of `"Enter conversation" Button`
    t =     4.91s Tap "Enter conversation" Button
    t =     4.91s     Wait for life.soullab.voicekernel.k00 to idle
    t =     4.91s     Find the "Enter conversation" Button
    t =     4.95s     Check for interrupting elements affecting "Enter conversation" Button
    t =     4.99s     Synthesize event
    t =     5.29s     Wait for life.soullab.voicekernel.k00 to idle
    t =    20.31s Waiting 5.0s for "Export journal" Button to exist
    t =    21.35s     Checking `Expect predicate `existsNoRetry == 1` for object "Export journal" Button`
    t =    21.35s         Checking existence of `"Export journal" Button`
    t =    21.43s Tap "Export journal" Button
    t =    21.43s     Wait for life.soullab.voicekernel.k00 to idle
    t =    21.44s     Find the "Export journal" Button
    t =    21.48s     Check for interrupting elements affecting "Export journal" Button
    t =    21.52s     Synthesize event
    t =    21.81s     Wait for life.soullab.voicekernel.k00 to idle
    t =    24.05s Terminate life.soullab.voicekernel.k00:55388
    t =    25.14s Wait for life.soullab.voicekernel.k00 to become Not Running
    t =    25.15s Tear Down
Test Case '-[DriverUITests.K00DriverTests testOneSample]' passed (25.191 seconds).
Test Suite 'K00DriverTests' passed at 2026-09-12 14:54:28.270.
	 Executed 1 test, with 0 failures (0 unexpected) in 25.191 (25.192) seconds
Test Suite 'DriverUITests.xctest' passed at 2026-09-12 14:54:28.271.
	 Executed 1 test, with 0 failures (0 unexpected) in 25.191 (25.193) seconds
Test Suite 'Selected tests' passed at 2026-09-12 14:54:28.272.
	 Executed 1 test, with 0 failures (0 unexpected) in 25.191 (25.195) seconds
2026-09-12 14:54:28.380 xcodebuild[49318:26230174] [MT] IDERunDestination: Supported platforms for the buildables in the current scheme is empty.
2026-09-12 14:54:28.538 xcodebuild[49318:26230174] [MT] IDETestOperationsObserverDebug: 27.559 elapsed -- Testing started completed.
2026-09-12 14:54:28.538 xcodebuild[49318:26230174] [MT] IDETestOperationsObserverDebug: 0.000 sec, +0.000 sec -- start
2026-09-12 14:54:28.538 xcodebuild[49318:26230174] [MT] IDETestOperationsObserverDebug: 27.559 sec, +27.559 sec -- end

Test session results, code coverage, and logs:
	/Users/soullab/Library/Developer/Xcode/DerivedData/VoiceKernelDriver-axxudnbwhaalzvagfcsoexbdtehk/Logs/Test/Test-DriverUITests-2026.09.12_14-54-00--0400.xcresult

** TEST EXECUTE SUCCEEDED **

Testing started
