Command line invocation:
    /Applications/Xcode.app/Contents/Developer/usr/bin/xcodebuild test-without-building -xctestrun /private/tmp/voice-driver-01/ios/VoiceKernelDriver/.derived/Build/Products/DriverUITests_iphoneos26.2-arm64.xctestrun -destination id=00008140-00163D9922E0801C -collect-test-diagnostics never "-only-testing:DriverUITests/K00DriverTests/testTerminateOnly"

2026-09-12 14:44:28.539 xcodebuild[48264:26214322] [MT] IDERunDestination: Supported platforms for the buildables in the current scheme is empty.
2026-09-12 14:44:28.543 xcodebuild[48264:26214322] [MT] IDERunDestination: Supported platforms for the buildables in the current scheme is empty.
2026-09-12 14:44:28.642 xcodebuild[48264:26214322] [MT] IDERunDestination: Supported platforms for the buildables in the current scheme is empty.
--- xcodebuild: WARNING: Using the first of multiple matching destinations:
{ platform:iOS, arch:arm64e, id:00008140-00163D9922E0801C, name:Kelly Nezat’s iPhone }
{ platform:iOS, arch:arm64, id:00008140-00163D9922E0801C, name:Kelly Nezat’s iPhone }
2026-09-12 14:44:28.813 xcodebuild[48264:26214322] [MT] IDERunDestination: Supported platforms for the buildables in the current scheme is empty.
2026-09-12 14:44:29.015 xcodebuild[48264:26214322] [MT] IDERunDestination: Supported platforms for the buildables in the current scheme is empty.
2026-09-12 14:44:30.637081-0400 DriverUITests-Runner[55300:12606059] [Default] Running tests...
    t =      nans Interface orientation changed to Portrait
Test Suite 'Selected tests' started at 2026-09-12 14:44:31.110.
Test Suite 'DriverUITests.xctest' started at 2026-09-12 14:44:31.111.
Test Suite 'K00DriverTests' started at 2026-09-12 14:44:31.111.
Test Case '-[DriverUITests.K00DriverTests testTerminateOnly]' started.
    t =     0.00s Start Test at 2026-09-12 14:44:31.112
    t =     0.02s Set Up
    t =     0.02s Terminate life.soullab.voicekernel.k00:55297
2026-09-12 14:44:31.276 xcodebuild[48264:26214322] [MT] IDERunDestination: Supported platforms for the buildables in the current scheme is empty.
    t =     1.10s Wait for life.soullab.voicekernel.k00 to become Not Running
    t =     1.10s Tear Down
Test Case '-[DriverUITests.K00DriverTests testTerminateOnly]' passed (1.159 seconds).
Test Suite 'K00DriverTests' passed at 2026-09-12 14:44:32.273.
	 Executed 1 test, with 0 failures (0 unexpected) in 1.159 (1.162) seconds
Test Suite 'DriverUITests.xctest' passed at 2026-09-12 14:44:32.276.
	 Executed 1 test, with 0 failures (0 unexpected) in 1.159 (1.166) seconds
Test Suite 'Selected tests' passed at 2026-09-12 14:44:32.278.
	 Executed 1 test, with 0 failures (0 unexpected) in 1.159 (1.168) seconds
2026-09-12 14:44:32.345 xcodebuild[48264:26214322] [MT] IDERunDestination: Supported platforms for the buildables in the current scheme is empty.
2026-09-12 14:44:32.571 xcodebuild[48264:26214322] [MT] IDETestOperationsObserverDebug: 3.756 elapsed -- Testing started completed.
2026-09-12 14:44:32.571 xcodebuild[48264:26214322] [MT] IDETestOperationsObserverDebug: 0.000 sec, +0.000 sec -- start
2026-09-12 14:44:32.571 xcodebuild[48264:26214322] [MT] IDETestOperationsObserverDebug: 3.756 sec, +3.756 sec -- end

Test session results, code coverage, and logs:
	/Users/soullab/Library/Developer/Xcode/DerivedData/VoiceKernelDriver-hcqetdgtiucmjafdgiwmopdvhhke/Logs/Test/Test-DriverUITests-2026.09.12_14-44-28--0400.xcresult

** TEST EXECUTE SUCCEEDED **

Testing started
