Command line invocation:
    /Applications/Xcode.app/Contents/Developer/usr/bin/xcodebuild test-without-building -xctestrun /private/tmp/voice-driver-01/ios/VoiceKernelDriver/.derived/Build/Products/DriverUITests_iphoneos26.2-arm64.xctestrun -destination id=00008140-00163D9922E0801C -collect-test-diagnostics never "-only-testing:DriverUITests/K00DriverTests/testOneSample"

2026-09-12 14:48:46.053 xcodebuild[48730:26221453] [MT] IDERunDestination: Supported platforms for the buildables in the current scheme is empty.
2026-09-12 14:48:46.056 xcodebuild[48730:26221453] [MT] IDERunDestination: Supported platforms for the buildables in the current scheme is empty.
--- xcodebuild: WARNING: Using the first of multiple matching destinations:
{ platform:iOS, arch:arm64e, id:00008140-00163D9922E0801C, name:Kelly Nezat’s iPhone }
{ platform:iOS, arch:arm64, id:00008140-00163D9922E0801C, name:Kelly Nezat’s iPhone }
2026-09-12 14:48:46.309 xcodebuild[48730:26221453] [MT] IDERunDestination: Supported platforms for the buildables in the current scheme is empty.
2026-09-12 14:48:48.078802-0400 DriverUITests-Runner[55343:12616067] [Default] Running tests...
    t =      nans Interface orientation changed to Portrait
Test Suite 'Selected tests' started at 2026-09-12 14:48:48.543.
Test Suite 'DriverUITests.xctest' started at 2026-09-12 14:48:48.544.
Test Suite 'K00DriverTests' started at 2026-09-12 14:48:48.544.
Test Case '-[DriverUITests.K00DriverTests testOneSample]' started.
    t =     0.00s Start Test at 2026-09-12 14:48:48.545
    t =     0.02s Set Up
    t =     0.02s Open life.soullab.voicekernel.k00
    t =     0.03s     Launch life.soullab.voicekernel.k00
    t =     0.11s         Setting up automation session
2026-09-12 14:48:48.714 xcodebuild[48730:26221453] [MT] IDERunDestination: Supported platforms for the buildables in the current scheme is empty.
    t =     0.19s         Wait for life.soullab.voicekernel.k00 to idle
    t =     1.29s Wait for life.soullab.voicekernel.k00 to become Running Foreground
    t =     1.29s Waiting 10.0s for "Enter conversation" Button to exist
    t =     2.30s     Checking `Expect predicate `existsNoRetry == 1` for object "Enter conversation" Button`
    t =     2.30s         Checking existence of `"Enter conversation" Button`
    t =     2.40s Checking existence of `"Voice processing: ON (default)" Button`
    t =     2.43s Checking existence of `"Voice processing: OFF (control run)" Button`
    t =     2.76s Waiting 3.0s for "Voice processing: ON (default)" Button to exist
    t =     3.79s     Checking `Expect predicate `existsNoRetry == 1` for object "Voice processing: ON (default)" Button`
    t =     3.80s         Checking existence of `"Voice processing: ON (default)" Button`
    t =     3.86s Waiting 5.0s for "Enter conversation" Button to exist
    t =     4.87s     Checking `Expect predicate `existsNoRetry == 1` for object "Enter conversation" Button`
    t =     4.87s         Checking existence of `"Enter conversation" Button`
    t =     4.93s Tap "Enter conversation" Button
    t =     4.93s     Wait for life.soullab.voicekernel.k00 to idle
    t =     4.94s     Find the "Enter conversation" Button
    t =     4.97s     Check for interrupting elements affecting "Enter conversation" Button
    t =     5.02s     Synthesize event
    t =     5.31s     Wait for life.soullab.voicekernel.k00 to idle
    t =    20.32s Waiting 5.0s for "Export journal" Button to exist
    t =    21.35s     Checking `Expect predicate `existsNoRetry == 1` for object "Export journal" Button`
    t =    21.35s         Checking existence of `"Export journal" Button`
    t =    21.42s Tap "Export journal" Button
    t =    21.42s     Wait for life.soullab.voicekernel.k00 to idle
    t =    21.43s     Find the "Export journal" Button
    t =    21.47s     Check for interrupting elements affecting "Export journal" Button
    t =    21.51s     Synthesize event
    t =    21.81s     Wait for life.soullab.voicekernel.k00 to idle
    t =    24.01s Terminate life.soullab.voicekernel.k00:55344
    t =    25.05s Wait for life.soullab.voicekernel.k00 to become Not Running
    t =    25.05s Tear Down
Test Case '-[DriverUITests.K00DriverTests testOneSample]' passed (25.114 seconds).
Test Suite 'K00DriverTests' passed at 2026-09-12 14:49:13.667.
	 Executed 1 test, with 0 failures (0 unexpected) in 25.114 (25.123) seconds
Test Suite 'DriverUITests.xctest' passed at 2026-09-12 14:49:13.670.
	 Executed 1 test, with 0 failures (0 unexpected) in 25.114 (25.126) seconds
Test Suite 'Selected tests' passed at 2026-09-12 14:49:13.672.
	 Executed 1 test, with 0 failures (0 unexpected) in 25.114 (25.128) seconds
2026-09-12 14:49:13.782 xcodebuild[48730:26221453] [MT] IDERunDestination: Supported platforms for the buildables in the current scheme is empty.
2026-09-12 14:49:13.988 xcodebuild[48730:26221453] [MT] IDETestOperationsObserverDebug: 27.677 elapsed -- Testing started completed.
2026-09-12 14:49:13.988 xcodebuild[48730:26221453] [MT] IDETestOperationsObserverDebug: 0.000 sec, +0.000 sec -- start
2026-09-12 14:49:13.988 xcodebuild[48730:26221453] [MT] IDETestOperationsObserverDebug: 27.677 sec, +27.677 sec -- end

Test session results, code coverage, and logs:
	/Users/soullab/Library/Developer/Xcode/DerivedData/VoiceKernelDriver-bqforqpmbilpusbaicnmqqritsep/Logs/Test/Test-DriverUITests-2026.09.12_14-48-46--0400.xcresult

** TEST EXECUTE SUCCEEDED **

Testing started
