Command line invocation:
    /Applications/Xcode.app/Contents/Developer/usr/bin/xcodebuild test-without-building -xctestrun /private/tmp/voice-driver-01/ios/VoiceKernelDriver/.derived/Build/Products/DriverUITests_iphoneos26.2-arm64.xctestrun -destination id=00008140-00163D9922E0801C -collect-test-diagnostics never "-only-testing:DriverUITests/K00DriverTests/testOneSample"

2026-09-12 14:42:16.625 xcodebuild[48030:26209582] [MT] IDERunDestination: Supported platforms for the buildables in the current scheme is empty.
2026-09-12 14:42:16.628 xcodebuild[48030:26209582] [MT] IDERunDestination: Supported platforms for the buildables in the current scheme is empty.
--- xcodebuild: WARNING: Using the first of multiple matching destinations:
{ platform:iOS, arch:arm64e, id:00008140-00163D9922E0801C, name:Kelly Nezat’s iPhone }
{ platform:iOS, arch:arm64, id:00008140-00163D9922E0801C, name:Kelly Nezat’s iPhone }
2026-09-12 14:42:16.879 xcodebuild[48030:26209582] [MT] IDERunDestination: Supported platforms for the buildables in the current scheme is empty.
2026-09-12 14:42:18.678052-0400 DriverUITests-Runner[55283:12600968] [Default] Running tests...
    t =      nans Interface orientation changed to Portrait
Test Suite 'Selected tests' started at 2026-09-12 14:42:19.150.
Test Suite 'DriverUITests.xctest' started at 2026-09-12 14:42:19.151.
Test Suite 'K00DriverTests' started at 2026-09-12 14:42:19.151.
Test Case '-[DriverUITests.K00DriverTests testOneSample]' started.
    t =     0.00s Start Test at 2026-09-12 14:42:19.152
    t =     0.02s Set Up
    t =     0.02s Open life.soullab.voicekernel.k00
    t =     0.02s     Launch life.soullab.voicekernel.k00
    t =     0.12s         Setting up automation session
    t =     0.20s         Wait for life.soullab.voicekernel.k00 to idle
2026-09-12 14:42:19.331 xcodebuild[48030:26209582] [MT] IDERunDestination: Supported platforms for the buildables in the current scheme is empty.
    t =     1.30s Wait for life.soullab.voicekernel.k00 to become Running Foreground
    t =     1.31s Waiting 10.0s for "Enter conversation" Button to exist
    t =     2.32s     Checking `Expect predicate `existsNoRetry == 1` for object "Enter conversation" Button`
    t =     2.33s         Checking existence of `"Enter conversation" Button`
    t =     2.42s Checking existence of `"Voice processing: ON (default)" Button`
    t =     2.45s Checking existence of `"Voice processing: OFF (control run)" Button`
    t =     2.77s Waiting 3.0s for "Voice processing: ON (default)" Button to exist
    t =     3.79s     Checking `Expect predicate `existsNoRetry == 1` for object "Voice processing: ON (default)" Button`
    t =     3.79s         Checking existence of `"Voice processing: ON (default)" Button`
    t =     3.85s Waiting 5.0s for "Enter conversation" Button to exist
    t =     4.85s     Checking `Expect predicate `existsNoRetry == 1` for object "Enter conversation" Button`
    t =     4.85s         Checking existence of `"Enter conversation" Button`
    t =     4.90s Tap "Enter conversation" Button
    t =     4.90s     Wait for life.soullab.voicekernel.k00 to idle
    t =     4.91s     Find the "Enter conversation" Button
    t =     4.94s     Check for interrupting elements affecting "Enter conversation" Button
    t =     4.99s     Synthesize event
    t =     5.28s     Wait for life.soullab.voicekernel.k00 to idle
    t =    20.41s Waiting 5.0s for "Export journal" Button to exist
    t =    21.42s     Checking `Expect predicate `existsNoRetry == 1` for object "Export journal" Button`
    t =    21.42s         Checking existence of `"Export journal" Button`
    t =    21.48s Tap "Export journal" Button
    t =    21.48s     Wait for life.soullab.voicekernel.k00 to idle
    t =    21.49s     Find the "Export journal" Button
    t =    21.52s     Check for interrupting elements affecting "Export journal" Button
    t =    21.56s     Synthesize event
    t =    21.86s     Wait for life.soullab.voicekernel.k00 to idle
    t =    24.06s Terminate life.soullab.voicekernel.k00:55284
    t =    25.13s Wait for life.soullab.voicekernel.k00 to become Not Running
    t =    25.13s Tear Down
Test Case '-[DriverUITests.K00DriverTests testOneSample]' passed (25.201 seconds).
Test Suite 'K00DriverTests' passed at 2026-09-12 14:42:44.355.
	 Executed 1 test, with 0 failures (0 unexpected) in 25.201 (25.204) seconds
Test Suite 'DriverUITests.xctest' passed at 2026-09-12 14:42:44.362.
	 Executed 1 test, with 0 failures (0 unexpected) in 25.201 (25.211) seconds
Test Suite 'Selected tests' passed at 2026-09-12 14:42:44.364.
	 Executed 1 test, with 0 failures (0 unexpected) in 25.201 (25.214) seconds
2026-09-12 14:42:44.457 xcodebuild[48030:26209582] [MT] IDERunDestination: Supported platforms for the buildables in the current scheme is empty.
2026-09-12 14:42:44.664 xcodebuild[48030:26209582] [MT] IDETestOperationsObserverDebug: 27.785 elapsed -- Testing started completed.
2026-09-12 14:42:44.664 xcodebuild[48030:26209582] [MT] IDETestOperationsObserverDebug: 0.000 sec, +0.000 sec -- start
2026-09-12 14:42:44.664 xcodebuild[48030:26209582] [MT] IDETestOperationsObserverDebug: 27.785 sec, +27.785 sec -- end

Test session results, code coverage, and logs:
	/Users/soullab/Library/Developer/Xcode/DerivedData/VoiceKernelDriver-dirmbubiaasuhoalrdkcptosvkys/Logs/Test/Test-DriverUITests-2026.09.12_14-42-16--0400.xcresult

** TEST EXECUTE SUCCEEDED **

Testing started
