Command line invocation:
    /Applications/Xcode.app/Contents/Developer/usr/bin/xcodebuild test-without-building -xctestrun /private/tmp/voice-driver-01/ios/VoiceKernelDriver/.derived/Build/Products/DriverUITests_iphoneos26.2-arm64.xctestrun -destination id=00008140-00163D9922E0801C -collect-test-diagnostics never "-only-testing:DriverUITests/K00DriverTests/testOneSample"

2026-09-12 14:45:41.299 xcodebuild[48404:26216615] [MT] IDERunDestination: Supported platforms for the buildables in the current scheme is empty.
2026-09-12 14:45:41.302 xcodebuild[48404:26216615] [MT] IDERunDestination: Supported platforms for the buildables in the current scheme is empty.
--- xcodebuild: WARNING: Using the first of multiple matching destinations:
{ platform:iOS, arch:arm64e, id:00008140-00163D9922E0801C, name:Kelly Nezat’s iPhone }
{ platform:iOS, arch:arm64, id:00008140-00163D9922E0801C, name:Kelly Nezat’s iPhone }
2026-09-12 14:45:41.551 xcodebuild[48404:26216615] [MT] IDERunDestination: Supported platforms for the buildables in the current scheme is empty.
2026-09-12 14:45:41.738 xcodebuild[48404:26216615] [MT] IDERunDestination: Supported platforms for the buildables in the current scheme is empty.
2026-09-12 14:45:43.227871-0400 DriverUITests-Runner[55320:12609124] [Default] Running tests...
    t =      nans Interface orientation changed to Portrait
Test Suite 'Selected tests' started at 2026-09-12 14:45:43.702.
Test Suite 'DriverUITests.xctest' started at 2026-09-12 14:45:43.702.
Test Suite 'K00DriverTests' started at 2026-09-12 14:45:43.703.
Test Case '-[DriverUITests.K00DriverTests testOneSample]' started.
    t =     0.00s Start Test at 2026-09-12 14:45:43.703
    t =     0.02s Set Up
    t =     0.03s Open life.soullab.voicekernel.k00
    t =     0.03s     Launch life.soullab.voicekernel.k00
    t =     0.11s         Setting up automation session
    t =     0.18s         Wait for life.soullab.voicekernel.k00 to idle
2026-09-12 14:45:43.881 xcodebuild[48404:26216615] [MT] IDERunDestination: Supported platforms for the buildables in the current scheme is empty.
    t =     1.27s Wait for life.soullab.voicekernel.k00 to become Running Foreground
    t =     1.28s Waiting 10.0s for "Enter conversation" Button to exist
    t =     2.33s     Checking `Expect predicate `existsNoRetry == 1` for object "Enter conversation" Button`
    t =     2.33s         Checking existence of `"Enter conversation" Button`
    t =     2.42s Checking existence of `"Voice processing: ON (default)" Button`
    t =     2.45s Checking existence of `"Voice processing: OFF (control run)" Button`
    t =     2.78s Waiting 3.0s for "Voice processing: ON (default)" Button to exist
    t =     3.80s     Checking `Expect predicate `existsNoRetry == 1` for object "Voice processing: ON (default)" Button`
    t =     3.80s         Checking existence of `"Voice processing: ON (default)" Button`
    t =     3.86s Waiting 5.0s for "Enter conversation" Button to exist
    t =     4.88s     Checking `Expect predicate `existsNoRetry == 1` for object "Enter conversation" Button`
    t =     4.88s         Checking existence of `"Enter conversation" Button`
    t =     4.94s Tap "Enter conversation" Button
    t =     4.95s     Wait for life.soullab.voicekernel.k00 to idle
    t =     4.95s     Find the "Enter conversation" Button
    t =     5.10s     Check for interrupting elements affecting "Enter conversation" Button
    t =     5.17s     Synthesize event
    t =     5.47s     Wait for life.soullab.voicekernel.k00 to idle
    t =    20.48s Waiting 5.0s for "Export journal" Button to exist
    t =    21.51s     Checking `Expect predicate `existsNoRetry == 1` for object "Export journal" Button`
    t =    21.51s         Checking existence of `"Export journal" Button`
    t =    21.58s Tap "Export journal" Button
    t =    21.58s     Wait for life.soullab.voicekernel.k00 to idle
    t =    21.58s     Find the "Export journal" Button
    t =    21.62s     Check for interrupting elements affecting "Export journal" Button
    t =    21.66s     Synthesize event
    t =    21.95s     Wait for life.soullab.voicekernel.k00 to idle
    t =    24.17s Terminate life.soullab.voicekernel.k00:55321
    t =    25.25s Wait for life.soullab.voicekernel.k00 to become Not Running
    t =    25.25s Tear Down
Test Case '-[DriverUITests.K00DriverTests testOneSample]' passed (25.297 seconds).
Test Suite 'K00DriverTests' passed at 2026-09-12 14:46:09.003.
	 Executed 1 test, with 0 failures (0 unexpected) in 25.297 (25.300) seconds
Test Suite 'DriverUITests.xctest' passed at 2026-09-12 14:46:09.006.
	 Executed 1 test, with 0 failures (0 unexpected) in 25.297 (25.303) seconds
Test Suite 'Selected tests' passed at 2026-09-12 14:46:09.007.
	 Executed 1 test, with 0 failures (0 unexpected) in 25.297 (25.305) seconds
2026-09-12 14:46:09.119 xcodebuild[48404:26216615] [MT] IDERunDestination: Supported platforms for the buildables in the current scheme is empty.
2026-09-12 14:46:09.341 xcodebuild[48404:26216615] [MT] IDETestOperationsObserverDebug: 27.789 elapsed -- Testing started completed.
2026-09-12 14:46:09.341 xcodebuild[48404:26216615] [MT] IDETestOperationsObserverDebug: 0.000 sec, +0.000 sec -- start
2026-09-12 14:46:09.341 xcodebuild[48404:26216615] [MT] IDETestOperationsObserverDebug: 27.789 sec, +27.789 sec -- end

Test session results, code coverage, and logs:
	/Users/soullab/Library/Developer/Xcode/DerivedData/VoiceKernelDriver-cxqwzofllijkfredskaqdpjilyyl/Logs/Test/Test-DriverUITests-2026.09.12_14-45-41--0400.xcresult

** TEST EXECUTE SUCCEEDED **

Testing started
