Command line invocation:
    /Applications/Xcode.app/Contents/Developer/usr/bin/xcodebuild test-without-building -xctestrun /private/tmp/voice-driver-01/ios/VoiceKernelDriver/.derived/Build/Products/DriverUITests_iphoneos26.2-arm64.xctestrun -destination id=00008140-00163D9922E0801C -collect-test-diagnostics never "-only-testing:DriverUITests/K00DriverTests/testOneSample"

2026-09-12 14:52:25.112 xcodebuild[49147:26227468] [MT] IDERunDestination: Supported platforms for the buildables in the current scheme is empty.
2026-09-12 14:52:25.115 xcodebuild[49147:26227468] [MT] IDERunDestination: Supported platforms for the buildables in the current scheme is empty.
2026-09-12 14:52:25.213 xcodebuild[49147:26227468] [MT] IDERunDestination: Supported platforms for the buildables in the current scheme is empty.
--- xcodebuild: WARNING: Using the first of multiple matching destinations:
{ platform:iOS, arch:arm64e, id:00008140-00163D9922E0801C, name:Kelly Nezat’s iPhone }
{ platform:iOS, arch:arm64, id:00008140-00163D9922E0801C, name:Kelly Nezat’s iPhone }
2026-09-12 14:52:25.367 xcodebuild[49147:26227468] [MT] IDERunDestination: Supported platforms for the buildables in the current scheme is empty.
2026-09-12 14:52:25.548 xcodebuild[49147:26227468] [MT] IDERunDestination: Supported platforms for the buildables in the current scheme is empty.
2026-09-12 14:52:27.041148-0400 DriverUITests-Runner[55377:12624285] [Default] Running tests...
    t =      nans Interface orientation changed to Portrait
Test Suite 'Selected tests' started at 2026-09-12 14:52:27.506.
Test Suite 'DriverUITests.xctest' started at 2026-09-12 14:52:27.507.
Test Suite 'K00DriverTests' started at 2026-09-12 14:52:27.507.
Test Case '-[DriverUITests.K00DriverTests testOneSample]' started.
    t =     0.00s Start Test at 2026-09-12 14:52:27.507
    t =     0.02s Set Up
    t =     0.02s Open life.soullab.voicekernel.k00
    t =     0.02s     Launch life.soullab.voicekernel.k00
    t =     0.11s         Setting up automation session
    t =     0.18s         Wait for life.soullab.voicekernel.k00 to idle
2026-09-12 14:52:27.694 xcodebuild[49147:26227468] [MT] IDERunDestination: Supported platforms for the buildables in the current scheme is empty.
    t =     1.27s Wait for life.soullab.voicekernel.k00 to become Running Foreground
    t =     1.27s Waiting 10.0s for "Enter conversation" Button to exist
    t =     2.31s     Checking `Expect predicate `existsNoRetry == 1` for object "Enter conversation" Button`
    t =     2.31s         Checking existence of `"Enter conversation" Button`
    t =     2.41s Checking existence of `"Voice processing: ON (default)" Button`
    t =     2.43s Checking existence of `"Voice processing: OFF (control run)" Button`
    t =     2.76s Waiting 3.0s for "Voice processing: ON (default)" Button to exist
    t =     3.80s     Checking `Expect predicate `existsNoRetry == 1` for object "Voice processing: ON (default)" Button`
    t =     3.80s         Checking existence of `"Voice processing: ON (default)" Button`
    t =     3.86s Waiting 5.0s for "Enter conversation" Button to exist
    t =     4.88s     Checking `Expect predicate `existsNoRetry == 1` for object "Enter conversation" Button`
    t =     4.88s         Checking existence of `"Enter conversation" Button`
    t =     4.94s Tap "Enter conversation" Button
    t =     4.94s     Wait for life.soullab.voicekernel.k00 to idle
    t =     4.95s     Find the "Enter conversation" Button
    t =     5.09s     Check for interrupting elements affecting "Enter conversation" Button
    t =     5.18s     Synthesize event
    t =     5.48s     Wait for life.soullab.voicekernel.k00 to idle
    t =    20.50s Waiting 5.0s for "Export journal" Button to exist
    t =    21.53s     Checking `Expect predicate `existsNoRetry == 1` for object "Export journal" Button`
    t =    21.54s         Checking existence of `"Export journal" Button`
    t =    21.60s Tap "Export journal" Button
    t =    21.60s     Wait for life.soullab.voicekernel.k00 to idle
    t =    21.61s     Find the "Export journal" Button
    t =    21.75s     Check for interrupting elements affecting "Export journal" Button
    t =    21.83s     Synthesize event
    t =    22.14s     Wait for life.soullab.voicekernel.k00 to idle
    t =    24.36s Terminate life.soullab.voicekernel.k00:55379
    t =    25.43s Wait for life.soullab.voicekernel.k00 to become Not Running
    t =    25.44s Tear Down
Test Case '-[DriverUITests.K00DriverTests testOneSample]' passed (25.490 seconds).
Test Suite 'K00DriverTests' passed at 2026-09-12 14:52:52.998.
	 Executed 1 test, with 0 failures (0 unexpected) in 25.490 (25.492) seconds
Test Suite 'DriverUITests.xctest' passed at 2026-09-12 14:52:52.999.
	 Executed 1 test, with 0 failures (0 unexpected) in 25.490 (25.493) seconds
Test Suite 'Selected tests' passed at 2026-09-12 14:52:53.000.
	 Executed 1 test, with 0 failures (0 unexpected) in 25.490 (25.494) seconds
2026-09-12 14:52:53.100 xcodebuild[49147:26227468] [MT] IDERunDestination: Supported platforms for the buildables in the current scheme is empty.
2026-09-12 14:52:53.268 xcodebuild[49147:26227468] [MT] IDETestOperationsObserverDebug: 27.900 elapsed -- Testing started completed.
2026-09-12 14:52:53.268 xcodebuild[49147:26227468] [MT] IDETestOperationsObserverDebug: 0.000 sec, +0.000 sec -- start
2026-09-12 14:52:53.268 xcodebuild[49147:26227468] [MT] IDETestOperationsObserverDebug: 27.900 sec, +27.900 sec -- end

Test session results, code coverage, and logs:
	/Users/soullab/Library/Developer/Xcode/DerivedData/VoiceKernelDriver-dpsdqntbbhzerpbsknubaqdaqwfn/Logs/Test/Test-DriverUITests-2026.09.12_14-52-25--0400.xcresult

** TEST EXECUTE SUCCEEDED **

Testing started
