Command line invocation:
    /Applications/Xcode.app/Contents/Developer/usr/bin/xcodebuild test-without-building -xctestrun /private/tmp/voice-driver-01/ios/VoiceKernelDriver/.derived/Build/Products/DriverUITests_iphoneos26.2-arm64.xctestrun -destination id=00008140-00163D9922E0801C -collect-test-diagnostics never "-only-testing:DriverUITests/K00DriverTests/testOneSample"

2026-09-12 14:40:16.120 xcodebuild[47799:26205700] [MT] IDERunDestination: Supported platforms for the buildables in the current scheme is empty.
2026-09-12 14:40:16.123 xcodebuild[47799:26205700] [MT] IDERunDestination: Supported platforms for the buildables in the current scheme is empty.
--- xcodebuild: WARNING: Using the first of multiple matching destinations:
{ platform:iOS, arch:arm64e, id:00008140-00163D9922E0801C, name:Kelly Nezat’s iPhone }
{ platform:iOS, arch:arm64, id:00008140-00163D9922E0801C, name:Kelly Nezat’s iPhone }
2026-09-12 14:40:16.374 xcodebuild[47799:26205700] [MT] IDERunDestination: Supported platforms for the buildables in the current scheme is empty.
2026-09-12 14:40:16.566 xcodebuild[47799:26205700] [MT] IDERunDestination: Supported platforms for the buildables in the current scheme is empty.
2026-09-12 14:40:18.126979-0400 DriverUITests-Runner[55270:12596243] [Default] Running tests...
    t =      nans Interface orientation changed to Portrait
Test Suite 'Selected tests' started at 2026-09-12 14:40:18.599.
Test Suite 'DriverUITests.xctest' started at 2026-09-12 14:40:18.599.
Test Suite 'K00DriverTests' started at 2026-09-12 14:40:18.600.
Test Case '-[DriverUITests.K00DriverTests testOneSample]' started.
    t =     0.00s Start Test at 2026-09-12 14:40:18.600
    t =     0.02s Set Up
    t =     0.02s Open life.soullab.voicekernel.k00
    t =     0.02s     Launch life.soullab.voicekernel.k00
    t =     0.12s         Setting up automation session
    t =     0.18s         Wait for life.soullab.voicekernel.k00 to idle
2026-09-12 14:40:18.779 xcodebuild[47799:26205700] [MT] IDERunDestination: Supported platforms for the buildables in the current scheme is empty.
    t =     1.28s Wait for life.soullab.voicekernel.k00 to become Running Foreground
    t =     1.29s Waiting 10.0s for "Enter conversation" Button to exist
    t =     2.35s     Checking `Expect predicate `existsNoRetry == 1` for object "Enter conversation" Button`
    t =     2.35s         Checking existence of `"Enter conversation" Button`
    t =     2.45s Checking existence of `"Voice processing: ON (default)" Button`
    t =     2.47s Checking existence of `"Voice processing: OFF (control run)" Button`
    t =     2.80s Waiting 3.0s for "Voice processing: ON (default)" Button to exist
    t =     3.84s     Checking `Expect predicate `existsNoRetry == 1` for object "Voice processing: ON (default)" Button`
    t =     3.84s         Checking existence of `"Voice processing: ON (default)" Button`
    t =     3.91s Waiting 5.0s for "Enter conversation" Button to exist
    t =     4.95s     Checking `Expect predicate `existsNoRetry == 1` for object "Enter conversation" Button`
    t =     4.95s         Checking existence of `"Enter conversation" Button`
    t =     5.01s Tap "Enter conversation" Button
    t =     5.01s     Wait for life.soullab.voicekernel.k00 to idle
    t =     5.01s     Find the "Enter conversation" Button
    t =     5.05s     Check for interrupting elements affecting "Enter conversation" Button
    t =     5.10s     Synthesize event
    t =     5.41s     Wait for life.soullab.voicekernel.k00 to idle
    t =    20.42s Waiting 5.0s for "Export journal" Button to exist
    t =    21.44s     Checking `Expect predicate `existsNoRetry == 1` for object "Export journal" Button`
    t =    21.44s         Checking existence of `"Export journal" Button`
    t =    21.50s Tap "Export journal" Button
    t =    21.50s     Wait for life.soullab.voicekernel.k00 to idle
    t =    21.51s     Find the "Export journal" Button
    t =    21.54s     Check for interrupting elements affecting "Export journal" Button
    t =    21.59s     Synthesize event
    t =    21.91s     Wait for life.soullab.voicekernel.k00 to idle
    t =    24.12s Terminate life.soullab.voicekernel.k00:55271
    t =    25.20s Wait for life.soullab.voicekernel.k00 to become Not Running
    t =    25.20s Tear Down
Test Case '-[DriverUITests.K00DriverTests testOneSample]' passed (25.255 seconds).
Test Suite 'K00DriverTests' passed at 2026-09-12 14:40:43.856.
	 Executed 1 test, with 0 failures (0 unexpected) in 25.255 (25.257) seconds
Test Suite 'DriverUITests.xctest' passed at 2026-09-12 14:40:43.858.
	 Executed 1 test, with 0 failures (0 unexpected) in 25.255 (25.259) seconds
Test Suite 'Selected tests' passed at 2026-09-12 14:40:43.859.
	 Executed 1 test, with 0 failures (0 unexpected) in 25.255 (25.260) seconds
2026-09-12 14:40:44.002 xcodebuild[47799:26205700] [MT] IDERunDestination: Supported platforms for the buildables in the current scheme is empty.
2026-09-12 14:40:44.173 xcodebuild[47799:26205700] [MT] IDETestOperationsObserverDebug: 27.798 elapsed -- Testing started completed.
2026-09-12 14:40:44.173 xcodebuild[47799:26205700] [MT] IDETestOperationsObserverDebug: 0.000 sec, +0.000 sec -- start
2026-09-12 14:40:44.173 xcodebuild[47799:26205700] [MT] IDETestOperationsObserverDebug: 27.798 sec, +27.798 sec -- end

Test session results, code coverage, and logs:
	/Users/soullab/Library/Developer/Xcode/DerivedData/VoiceKernelDriver-gjziiswbrdnfraecfezuldcefmtm/Logs/Test/Test-DriverUITests-2026.09.12_14-40-16--0400.xcresult

** TEST EXECUTE SUCCEEDED **

Testing started
