Command line invocation:
    /Applications/Xcode.app/Contents/Developer/usr/bin/xcodebuild test-without-building -xctestrun /private/tmp/voice-driver-01/ios/VoiceKernelDriver/.derived/Build/Products/DriverUITests_iphoneos26.2-arm64.xctestrun -destination id=00008140-00163D9922E0801C -collect-test-diagnostics never "-only-testing:DriverUITests/K00DriverTests/testOneSample"

2026-09-12 14:42:46.902 xcodebuild[48083:26210800] [MT] IDERunDestination: Supported platforms for the buildables in the current scheme is empty.
2026-09-12 14:42:46.905 xcodebuild[48083:26210800] [MT] IDERunDestination: Supported platforms for the buildables in the current scheme is empty.
--- xcodebuild: WARNING: Using the first of multiple matching destinations:
{ platform:iOS, arch:arm64e, id:00008140-00163D9922E0801C, name:Kelly Nezat’s iPhone }
{ platform:iOS, arch:arm64, id:00008140-00163D9922E0801C, name:Kelly Nezat’s iPhone }
2026-09-12 14:42:47.155 xcodebuild[48083:26210800] [MT] IDERunDestination: Supported platforms for the buildables in the current scheme is empty.
2026-09-12 14:42:48.939453-0400 DriverUITests-Runner[55286:12602145] [Default] Running tests...
    t =      nans Interface orientation changed to Portrait
Test Suite 'Selected tests' started at 2026-09-12 14:42:49.412.
Test Suite 'DriverUITests.xctest' started at 2026-09-12 14:42:49.413.
Test Suite 'K00DriverTests' started at 2026-09-12 14:42:49.413.
Test Case '-[DriverUITests.K00DriverTests testOneSample]' started.
    t =     0.00s Start Test at 2026-09-12 14:42:49.414
    t =     0.02s Set Up
    t =     0.02s Open life.soullab.voicekernel.k00
    t =     0.02s     Launch life.soullab.voicekernel.k00
    t =     0.11s         Setting up automation session
    t =     0.18s         Wait for life.soullab.voicekernel.k00 to idle
2026-09-12 14:42:49.592 xcodebuild[48083:26210800] [MT] IDERunDestination: Supported platforms for the buildables in the current scheme is empty.
    t =     1.28s Wait for life.soullab.voicekernel.k00 to become Running Foreground
    t =     1.28s Waiting 10.0s for "Enter conversation" Button to exist
    t =     2.34s     Checking `Expect predicate `existsNoRetry == 1` for object "Enter conversation" Button`
    t =     2.35s         Checking existence of `"Enter conversation" Button`
    t =     2.44s Checking existence of `"Voice processing: ON (default)" Button`
    t =     2.47s Checking existence of `"Voice processing: OFF (control run)" Button`
    t =     2.80s Waiting 3.0s for "Voice processing: ON (default)" Button to exist
    t =     3.80s     Checking `Expect predicate `existsNoRetry == 1` for object "Voice processing: ON (default)" Button`
    t =     3.81s         Checking existence of `"Voice processing: ON (default)" Button`
    t =     3.87s Waiting 5.0s for "Enter conversation" Button to exist
    t =     4.90s     Checking `Expect predicate `existsNoRetry == 1` for object "Enter conversation" Button`
    t =     4.90s         Checking existence of `"Enter conversation" Button`
    t =     4.96s Tap "Enter conversation" Button
    t =     4.97s     Wait for life.soullab.voicekernel.k00 to idle
    t =     4.97s     Find the "Enter conversation" Button
    t =     5.01s     Check for interrupting elements affecting "Enter conversation" Button
    t =     5.05s     Synthesize event
    t =     5.35s     Wait for life.soullab.voicekernel.k00 to idle
    t =    20.36s Waiting 5.0s for "Export journal" Button to exist
    t =    21.40s     Checking `Expect predicate `existsNoRetry == 1` for object "Export journal" Button`
    t =    21.40s         Checking existence of `"Export journal" Button`
    t =    21.47s Tap "Export journal" Button
    t =    21.47s     Wait for life.soullab.voicekernel.k00 to idle
    t =    21.48s     Find the "Export journal" Button
    t =    21.51s     Check for interrupting elements affecting "Export journal" Button
    t =    21.56s     Synthesize event
    t =    21.85s     Wait for life.soullab.voicekernel.k00 to idle
    t =    24.06s Terminate life.soullab.voicekernel.k00:55287
    t =    25.13s Wait for life.soullab.voicekernel.k00 to become Not Running
    t =    25.14s Tear Down
Test Case '-[DriverUITests.K00DriverTests testOneSample]' passed (25.188 seconds).
Test Suite 'K00DriverTests' passed at 2026-09-12 14:43:14.605.
	 Executed 1 test, with 0 failures (0 unexpected) in 25.188 (25.193) seconds
Test Suite 'DriverUITests.xctest' passed at 2026-09-12 14:43:14.609.
	 Executed 1 test, with 0 failures (0 unexpected) in 25.188 (25.197) seconds
Test Suite 'Selected tests' passed at 2026-09-12 14:43:14.615.
	 Executed 1 test, with 0 failures (0 unexpected) in 25.188 (25.203) seconds
2026-09-12 14:43:14.712 xcodebuild[48083:26210800] [MT] IDERunDestination: Supported platforms for the buildables in the current scheme is empty.
2026-09-12 14:43:14.916 xcodebuild[48083:26210800] [MT] IDETestOperationsObserverDebug: 27.759 elapsed -- Testing started completed.
2026-09-12 14:43:14.916 xcodebuild[48083:26210800] [MT] IDETestOperationsObserverDebug: 0.000 sec, +0.000 sec -- start
2026-09-12 14:43:14.916 xcodebuild[48083:26210800] [MT] IDETestOperationsObserverDebug: 27.759 sec, +27.759 sec -- end

Test session results, code coverage, and logs:
	/Users/soullab/Library/Developer/Xcode/DerivedData/VoiceKernelDriver-eltlkvqhaahmsycftwclggkdsvyx/Logs/Test/Test-DriverUITests-2026.09.12_14-42-47--0400.xcresult

** TEST EXECUTE SUCCEEDED **

Testing started
