Command line invocation:
    /Applications/Xcode.app/Contents/Developer/usr/bin/xcodebuild test-without-building -xctestrun /private/tmp/voice-driver-01/ios/VoiceKernelDriver/.derived/Build/Products/DriverUITests_iphoneos26.2-arm64.xctestrun -destination id=00008140-00163D9922E0801C -collect-test-diagnostics never "-only-testing:DriverUITests/K00DriverTests/testOneSample"

2026-09-12 14:43:47.772 xcodebuild[48189:26212885] [MT] IDERunDestination: Supported platforms for the buildables in the current scheme is empty.
2026-09-12 14:43:47.775 xcodebuild[48189:26212885] [MT] IDERunDestination: Supported platforms for the buildables in the current scheme is empty.
--- xcodebuild: WARNING: Using the first of multiple matching destinations:
{ platform:iOS, arch:arm64e, id:00008140-00163D9922E0801C, name:Kelly Nezat’s iPhone }
{ platform:iOS, arch:arm64, id:00008140-00163D9922E0801C, name:Kelly Nezat’s iPhone }
2026-09-12 14:43:48.029 xcodebuild[48189:26212885] [MT] IDERunDestination: Supported platforms for the buildables in the current scheme is empty.
2026-09-12 14:43:48.221 xcodebuild[48189:26212885] [MT] IDERunDestination: Supported platforms for the buildables in the current scheme is empty.
2026-09-12 14:43:49.580947-0400 DriverUITests-Runner[55293:12604591] [Default] Running tests...
    t =      nans Interface orientation changed to Portrait
Test Suite 'Selected tests' started at 2026-09-12 14:43:50.047.
Test Suite 'DriverUITests.xctest' started at 2026-09-12 14:43:50.048.
Test Suite 'K00DriverTests' started at 2026-09-12 14:43:50.048.
Test Case '-[DriverUITests.K00DriverTests testOneSample]' started.
    t =     0.00s Start Test at 2026-09-12 14:43:50.049
    t =     0.02s Set Up
    t =     0.02s Open life.soullab.voicekernel.k00
    t =     0.02s     Launch life.soullab.voicekernel.k00
    t =     0.10s         Setting up automation session
    t =     0.17s         Wait for life.soullab.voicekernel.k00 to idle
2026-09-12 14:43:50.233 xcodebuild[48189:26212885] [MT] IDERunDestination: Supported platforms for the buildables in the current scheme is empty.
    t =     1.30s Wait for life.soullab.voicekernel.k00 to become Running Foreground
    t =     1.30s Waiting 10.0s for "Enter conversation" Button to exist
    t =     2.32s     Checking `Expect predicate `existsNoRetry == 1` for object "Enter conversation" Button`
    t =     2.32s         Checking existence of `"Enter conversation" Button`
    t =     2.41s Checking existence of `"Voice processing: ON (default)" Button`
    t =     2.43s Checking existence of `"Voice processing: OFF (control run)" Button`
    t =     2.76s Waiting 3.0s for "Voice processing: ON (default)" Button to exist
    t =     3.79s     Checking `Expect predicate `existsNoRetry == 1` for object "Voice processing: ON (default)" Button`
    t =     3.79s         Checking existence of `"Voice processing: ON (default)" Button`
    t =     3.84s Waiting 5.0s for "Enter conversation" Button to exist
    t =     4.87s     Checking `Expect predicate `existsNoRetry == 1` for object "Enter conversation" Button`
    t =     4.87s         Checking existence of `"Enter conversation" Button`
    t =     4.93s Tap "Enter conversation" Button
    t =     4.93s     Wait for life.soullab.voicekernel.k00 to idle
    t =     4.94s     Find the "Enter conversation" Button
    t =     4.98s     Check for interrupting elements affecting "Enter conversation" Button
    t =     5.02s     Synthesize event
    t =     5.31s     Wait for life.soullab.voicekernel.k00 to idle
    t =    20.33s Waiting 5.0s for "Export journal" Button to exist
    t =    21.35s     Checking `Expect predicate `existsNoRetry == 1` for object "Export journal" Button`
    t =    21.36s         Checking existence of `"Export journal" Button`
    t =    21.42s Tap "Export journal" Button
    t =    21.42s     Wait for life.soullab.voicekernel.k00 to idle
    t =    21.43s     Find the "Export journal" Button
    t =    21.57s     Check for interrupting elements affecting "Export journal" Button
    t =    21.65s     Synthesize event
    t =    21.96s     Wait for life.soullab.voicekernel.k00 to idle
    t =    24.19s Terminate life.soullab.voicekernel.k00:55294
    t =    25.20s Wait for life.soullab.voicekernel.k00 to become Not Running
/tmp/voice-driver-01/ios/VoiceKernelDriver/DriverUITests/K00DriverTests.swift:157: error: -[DriverUITests.K00DriverTests testOneSample] : failed - DRIVER/INFRASTRUCTURE FAILURE: harness did not terminate after export
    t =    35.28s Tear Down
Test Case '-[DriverUITests.K00DriverTests testOneSample]' failed (35.349 seconds).
Test Suite 'K00DriverTests' failed at 2026-09-12 14:44:25.398.
	 Executed 1 test, with 1 failure (0 unexpected) in 35.349 (35.350) seconds
Test Suite 'DriverUITests.xctest' failed at 2026-09-12 14:44:25.399.
	 Executed 1 test, with 1 failure (0 unexpected) in 35.349 (35.351) seconds
Test Suite 'Selected tests' failed at 2026-09-12 14:44:25.399.
	 Executed 1 test, with 1 failure (0 unexpected) in 35.349 (35.352) seconds
2026-09-12 14:44:25.494 xcodebuild[48189:26212885] [MT] IDERunDestination: Supported platforms for the buildables in the current scheme is empty.
2026-09-12 14:44:27.688 xcodebuild[48189:26212885] [MT] IDETestOperationsObserverDebug: 39.657 elapsed -- Testing started completed.
2026-09-12 14:44:27.688 xcodebuild[48189:26212885] [MT] IDETestOperationsObserverDebug: 0.000 sec, +0.000 sec -- start
2026-09-12 14:44:27.688 xcodebuild[48189:26212885] [MT] IDETestOperationsObserverDebug: 39.657 sec, +39.657 sec -- end

Test session results, code coverage, and logs:
	/Users/soullab/Library/Developer/Xcode/DerivedData/VoiceKernelDriver-fpkotozzhnlqnwahejjckzdcnymx/Logs/Test/Test-DriverUITests-2026.09.12_14-43-47--0400.xcresult

** TEST EXECUTE FAILED **

Testing started
