Command line invocation:
    /Applications/Xcode.app/Contents/Developer/usr/bin/xcodebuild test-without-building -xctestrun /private/tmp/voice-driver-01/ios/VoiceKernelDriver/.derived/Build/Products/DriverUITests_iphoneos26.2-arm64.xctestrun -destination id=00008140-00163D9922E0801C -collect-test-diagnostics never "-only-testing:DriverUITests/K00DriverTests/testOneSample"

2026-09-12 14:50:51.101 xcodebuild[48972:26225161] [MT] IDERunDestination: Supported platforms for the buildables in the current scheme is empty.
2026-09-12 14:50:51.104 xcodebuild[48972:26225161] [MT] IDERunDestination: Supported platforms for the buildables in the current scheme is empty.
2026-09-12 14:50:51.204 xcodebuild[48972:26225161] [MT] IDERunDestination: Supported platforms for the buildables in the current scheme is empty.
--- xcodebuild: WARNING: Using the first of multiple matching destinations:
{ platform:iOS, arch:arm64e, id:00008140-00163D9922E0801C, name:Kelly Nezat’s iPhone }
{ platform:iOS, arch:arm64, id:00008140-00163D9922E0801C, name:Kelly Nezat’s iPhone }
2026-09-12 14:50:51.363 xcodebuild[48972:26225161] [MT] IDERunDestination: Supported platforms for the buildables in the current scheme is empty.
2026-09-12 14:50:51.547 xcodebuild[48972:26225161] [MT] IDERunDestination: Supported platforms for the buildables in the current scheme is empty.
2026-09-12 14:50:53.000235-0400 DriverUITests-Runner[55358:12620848] [Default] Running tests...
    t =      nans Interface orientation changed to Portrait
Test Suite 'Selected tests' started at 2026-09-12 14:50:53.467.
Test Suite 'DriverUITests.xctest' started at 2026-09-12 14:50:53.468.
Test Suite 'K00DriverTests' started at 2026-09-12 14:50:53.468.
Test Case '-[DriverUITests.K00DriverTests testOneSample]' started.
    t =     0.00s Start Test at 2026-09-12 14:50:53.469
    t =     0.02s Set Up
    t =     0.03s Open life.soullab.voicekernel.k00
    t =     0.03s     Launch life.soullab.voicekernel.k00
    t =     0.10s         Setting up automation session
    t =     0.17s         Wait for life.soullab.voicekernel.k00 to idle
2026-09-12 14:50:53.649 xcodebuild[48972:26225161] [MT] IDERunDestination: Supported platforms for the buildables in the current scheme is empty.
    t =     1.26s Wait for life.soullab.voicekernel.k00 to become Running Foreground
    t =     1.26s Waiting 10.0s for "Enter conversation" Button to exist
    t =     2.32s     Checking `Expect predicate `existsNoRetry == 1` for object "Enter conversation" Button`
    t =     2.32s         Checking existence of `"Enter conversation" Button`
    t =     2.42s Checking existence of `"Voice processing: ON (default)" Button`
    t =     2.45s Checking existence of `"Voice processing: OFF (control run)" Button`
    t =     2.77s Waiting 3.0s for "Voice processing: ON (default)" Button to exist
    t =     3.80s     Checking `Expect predicate `existsNoRetry == 1` for object "Voice processing: ON (default)" Button`
    t =     3.80s         Checking existence of `"Voice processing: ON (default)" Button`
    t =     3.87s Waiting 5.0s for "Enter conversation" Button to exist
    t =     4.87s     Checking `Expect predicate `existsNoRetry == 1` for object "Enter conversation" Button`
    t =     4.87s         Checking existence of `"Enter conversation" Button`
    t =     4.94s Tap "Enter conversation" Button
    t =     4.94s     Wait for life.soullab.voicekernel.k00 to idle
    t =     4.94s     Find the "Enter conversation" Button
    t =     4.98s     Check for interrupting elements affecting "Enter conversation" Button
    t =     5.02s     Synthesize event
    t =     5.31s     Wait for life.soullab.voicekernel.k00 to idle
    t =    20.33s Waiting 5.0s for "Export journal" Button to exist
    t =    21.36s     Checking `Expect predicate `existsNoRetry == 1` for object "Export journal" Button`
    t =    21.36s         Checking existence of `"Export journal" Button`
    t =    21.43s Tap "Export journal" Button
    t =    21.43s     Wait for life.soullab.voicekernel.k00 to idle
    t =    21.44s     Find the "Export journal" Button
    t =    21.47s     Check for interrupting elements affecting "Export journal" Button
    t =    21.52s     Synthesize event
    t =    21.82s     Wait for life.soullab.voicekernel.k00 to idle
    t =    24.03s Terminate life.soullab.voicekernel.k00:55359
    t =    25.12s Wait for life.soullab.voicekernel.k00 to become Not Running
    t =    25.12s Tear Down
Test Case '-[DriverUITests.K00DriverTests testOneSample]' passed (25.181 seconds).
Test Suite 'K00DriverTests' passed at 2026-09-12 14:51:18.652.
	 Executed 1 test, with 0 failures (0 unexpected) in 25.181 (25.184) seconds
Test Suite 'DriverUITests.xctest' passed at 2026-09-12 14:51:18.653.
	 Executed 1 test, with 0 failures (0 unexpected) in 25.181 (25.185) seconds
Test Suite 'Selected tests' passed at 2026-09-12 14:51:18.654.
	 Executed 1 test, with 0 failures (0 unexpected) in 25.181 (25.187) seconds
2026-09-12 14:51:18.767 xcodebuild[48972:26225161] [MT] IDERunDestination: Supported platforms for the buildables in the current scheme is empty.
2026-09-12 14:51:18.959 xcodebuild[48972:26225161] [MT] IDETestOperationsObserverDebug: 27.595 elapsed -- Testing started completed.
2026-09-12 14:51:18.959 xcodebuild[48972:26225161] [MT] IDETestOperationsObserverDebug: 0.000 sec, +0.000 sec -- start
2026-09-12 14:51:18.959 xcodebuild[48972:26225161] [MT] IDETestOperationsObserverDebug: 27.595 sec, +27.595 sec -- end

Test session results, code coverage, and logs:
	/Users/soullab/Library/Developer/Xcode/DerivedData/VoiceKernelDriver-coccggbxpsibafhleqdojunfjdqj/Logs/Test/Test-DriverUITests-2026.09.12_14-50-51--0400.xcresult

** TEST EXECUTE SUCCEEDED **

Testing started
