Command line invocation:
    /Applications/Xcode.app/Contents/Developer/usr/bin/xcodebuild test-without-building -xctestrun /private/tmp/voice-driver-01/ios/VoiceKernelDriver/.derived/Build/Products/DriverUITests_iphoneos26.2-arm64.xctestrun -destination id=00008140-00163D9922E0801C -collect-test-diagnostics never "-only-testing:DriverUITests/K00DriverTests/testOneSample"

2026-09-12 14:40:46.226 xcodebuild[47867:26206612] [MT] IDERunDestination: Supported platforms for the buildables in the current scheme is empty.
2026-09-12 14:40:46.229 xcodebuild[47867:26206612] [MT] IDERunDestination: Supported platforms for the buildables in the current scheme is empty.
2026-09-12 14:40:46.327 xcodebuild[47867:26206612] [MT] IDERunDestination: Supported platforms for the buildables in the current scheme is empty.
--- xcodebuild: WARNING: Using the first of multiple matching destinations:
{ platform:iOS, arch:arm64e, id:00008140-00163D9922E0801C, name:Kelly Nezat’s iPhone }
{ platform:iOS, arch:arm64, id:00008140-00163D9922E0801C, name:Kelly Nezat’s iPhone }
2026-09-12 14:40:46.510 xcodebuild[47867:26206612] [MT] IDERunDestination: Supported platforms for the buildables in the current scheme is empty.
2026-09-12 14:40:46.695 xcodebuild[47867:26206612] [MT] IDERunDestination: Supported platforms for the buildables in the current scheme is empty.
2026-09-12 14:40:48.241258-0400 DriverUITests-Runner[55273:12597370] [Default] Running tests...
    t =      nans Interface orientation changed to Portrait
Test Suite 'Selected tests' started at 2026-09-12 14:40:48.718.
Test Suite 'DriverUITests.xctest' started at 2026-09-12 14:40:48.718.
Test Suite 'K00DriverTests' started at 2026-09-12 14:40:48.718.
Test Case '-[DriverUITests.K00DriverTests testOneSample]' started.
    t =     0.00s Start Test at 2026-09-12 14:40:48.719
    t =     0.02s Set Up
    t =     0.02s Open life.soullab.voicekernel.k00
    t =     0.02s     Launch life.soullab.voicekernel.k00
    t =     0.11s         Setting up automation session
    t =     0.19s         Wait for life.soullab.voicekernel.k00 to idle
2026-09-12 14:40:48.905 xcodebuild[47867:26206612] [MT] IDERunDestination: Supported platforms for the buildables in the current scheme is empty.
    t =     1.28s Wait for life.soullab.voicekernel.k00 to become Running Foreground
    t =     1.28s Waiting 10.0s for "Enter conversation" Button to exist
    t =     2.33s     Checking `Expect predicate `existsNoRetry == 1` for object "Enter conversation" Button`
    t =     2.34s         Checking existence of `"Enter conversation" Button`
    t =     2.43s Checking existence of `"Voice processing: ON (default)" Button`
    t =     2.46s Checking existence of `"Voice processing: OFF (control run)" Button`
    t =     2.78s Waiting 3.0s for "Voice processing: ON (default)" Button to exist
    t =     3.80s     Checking `Expect predicate `existsNoRetry == 1` for object "Voice processing: ON (default)" Button`
    t =     3.80s         Checking existence of `"Voice processing: ON (default)" Button`
    t =     3.84s Waiting 5.0s for "Enter conversation" Button to exist
    t =     4.87s     Checking `Expect predicate `existsNoRetry == 1` for object "Enter conversation" Button`
    t =     4.87s         Checking existence of `"Enter conversation" Button`
    t =     4.93s Tap "Enter conversation" Button
    t =     4.94s     Wait for life.soullab.voicekernel.k00 to idle
    t =     4.94s     Find the "Enter conversation" Button
    t =     4.98s     Check for interrupting elements affecting "Enter conversation" Button
    t =     5.02s     Synthesize event
    t =     5.32s     Wait for life.soullab.voicekernel.k00 to idle
    t =    20.33s Waiting 5.0s for "Export journal" Button to exist
    t =    21.36s     Checking `Expect predicate `existsNoRetry == 1` for object "Export journal" Button`
    t =    21.36s         Checking existence of `"Export journal" Button`
    t =    21.42s Tap "Export journal" Button
    t =    21.42s     Wait for life.soullab.voicekernel.k00 to idle
    t =    21.42s     Find the "Export journal" Button
    t =    21.56s     Check for interrupting elements affecting "Export journal" Button
    t =    21.64s     Synthesize event
    t =    21.95s     Wait for life.soullab.voicekernel.k00 to idle
    t =    24.17s Terminate life.soullab.voicekernel.k00:55274
    t =    25.26s Wait for life.soullab.voicekernel.k00 to become Not Running
    t =    25.26s Tear Down
Test Case '-[DriverUITests.K00DriverTests testOneSample]' passed (25.304 seconds).
Test Suite 'K00DriverTests' passed at 2026-09-12 14:41:14.024.
	 Executed 1 test, with 0 failures (0 unexpected) in 25.304 (25.305) seconds
Test Suite 'DriverUITests.xctest' passed at 2026-09-12 14:41:14.027.
	 Executed 1 test, with 0 failures (0 unexpected) in 25.304 (25.309) seconds
Test Suite 'Selected tests' passed at 2026-09-12 14:41:14.030.
	 Executed 1 test, with 0 failures (0 unexpected) in 25.304 (25.313) seconds
2026-09-12 14:41:14.165 xcodebuild[47867:26206612] [MT] IDERunDestination: Supported platforms for the buildables in the current scheme is empty.
2026-09-12 14:41:14.334 xcodebuild[47867:26206612] [MT] IDETestOperationsObserverDebug: 27.823 elapsed -- Testing started completed.
2026-09-12 14:41:14.334 xcodebuild[47867:26206612] [MT] IDETestOperationsObserverDebug: 0.000 sec, +0.000 sec -- start
2026-09-12 14:41:14.334 xcodebuild[47867:26206612] [MT] IDETestOperationsObserverDebug: 27.823 sec, +27.823 sec -- end

Test session results, code coverage, and logs:
	/Users/soullab/Library/Developer/Xcode/DerivedData/VoiceKernelDriver-csmihvlrwoplyacledsuxsvhwahm/Logs/Test/Test-DriverUITests-2026.09.12_14-40-46--0400.xcresult

** TEST EXECUTE SUCCEEDED **

Testing started
