Command line invocation:
    /Applications/Xcode.app/Contents/Developer/usr/bin/xcodebuild test-without-building -xctestrun /private/tmp/voice-driver-01/ios/VoiceKernelDriver/.derived/Build/Products/DriverUITests_iphoneos26.2-arm64.xctestrun -destination id=00008140-00163D9922E0801C -collect-test-diagnostics never "-only-testing:DriverUITests/K00DriverTests/testOneSample"

2026-09-12 14:47:44.173 xcodebuild[48620:26219659] [MT] IDERunDestination: Supported platforms for the buildables in the current scheme is empty.
2026-09-12 14:47:44.176 xcodebuild[48620:26219659] [MT] IDERunDestination: Supported platforms for the buildables in the current scheme is empty.
--- xcodebuild: WARNING: Using the first of multiple matching destinations:
{ platform:iOS, arch:arm64e, id:00008140-00163D9922E0801C, name:Kelly Nezat’s iPhone }
{ platform:iOS, arch:arm64, id:00008140-00163D9922E0801C, name:Kelly Nezat’s iPhone }
2026-09-12 14:47:44.425 xcodebuild[48620:26219659] [MT] IDERunDestination: Supported platforms for the buildables in the current scheme is empty.
2026-09-12 14:47:44.606 xcodebuild[48620:26219659] [MT] IDERunDestination: Supported platforms for the buildables in the current scheme is empty.
2026-09-12 14:47:46.157663-0400 DriverUITests-Runner[55337:12613748] [Default] Running tests...
    t =      nans Interface orientation changed to Portrait
Test Suite 'Selected tests' started at 2026-09-12 14:47:46.630.
Test Suite 'DriverUITests.xctest' started at 2026-09-12 14:47:46.631.
Test Suite 'K00DriverTests' started at 2026-09-12 14:47:46.631.
Test Case '-[DriverUITests.K00DriverTests testOneSample]' started.
    t =     0.00s Start Test at 2026-09-12 14:47:46.632
    t =     0.02s Set Up
    t =     0.02s Open life.soullab.voicekernel.k00
    t =     0.02s     Launch life.soullab.voicekernel.k00
    t =     0.11s         Setting up automation session
    t =     0.18s         Wait for life.soullab.voicekernel.k00 to idle
2026-09-12 14:47:46.818 xcodebuild[48620:26219659] [MT] IDERunDestination: Supported platforms for the buildables in the current scheme is empty.
    t =     1.28s Wait for life.soullab.voicekernel.k00 to become Running Foreground
    t =     1.29s Waiting 10.0s for "Enter conversation" Button to exist
    t =     2.35s     Checking `Expect predicate `existsNoRetry == 1` for object "Enter conversation" Button`
    t =     2.35s         Checking existence of `"Enter conversation" Button`
    t =     2.44s Checking existence of `"Voice processing: ON (default)" Button`
    t =     2.47s Checking existence of `"Voice processing: OFF (control run)" Button`
    t =     2.80s Waiting 3.0s for "Voice processing: ON (default)" Button to exist
    t =     3.83s     Checking `Expect predicate `existsNoRetry == 1` for object "Voice processing: ON (default)" Button`
    t =     3.83s         Checking existence of `"Voice processing: ON (default)" Button`
    t =     3.90s Waiting 5.0s for "Enter conversation" Button to exist
    t =     4.90s     Checking `Expect predicate `existsNoRetry == 1` for object "Enter conversation" Button`
    t =     4.90s         Checking existence of `"Enter conversation" Button`
    t =     4.96s Tap "Enter conversation" Button
    t =     4.96s     Wait for life.soullab.voicekernel.k00 to idle
    t =     4.97s     Find the "Enter conversation" Button
    t =     5.00s     Check for interrupting elements affecting "Enter conversation" Button
    t =     5.04s     Synthesize event
    t =     5.33s     Wait for life.soullab.voicekernel.k00 to idle
    t =    20.34s Waiting 5.0s for "Export journal" Button to exist
    t =    21.37s     Checking `Expect predicate `existsNoRetry == 1` for object "Export journal" Button`
    t =    21.37s         Checking existence of `"Export journal" Button`
    t =    21.44s Tap "Export journal" Button
    t =    21.44s     Wait for life.soullab.voicekernel.k00 to idle
    t =    21.45s     Find the "Export journal" Button
    t =    21.48s     Check for interrupting elements affecting "Export journal" Button
    t =    21.52s     Synthesize event
    t =    21.83s     Wait for life.soullab.voicekernel.k00 to idle
    t =    24.04s Terminate life.soullab.voicekernel.k00:55338
    t =    25.14s Wait for life.soullab.voicekernel.k00 to become Not Running
    t =    25.14s Tear Down
Test Case '-[DriverUITests.K00DriverTests testOneSample]' passed (25.198 seconds).
Test Suite 'K00DriverTests' passed at 2026-09-12 14:48:11.831.
	 Executed 1 test, with 0 failures (0 unexpected) in 25.198 (25.200) seconds
Test Suite 'DriverUITests.xctest' passed at 2026-09-12 14:48:11.832.
	 Executed 1 test, with 0 failures (0 unexpected) in 25.198 (25.201) seconds
Test Suite 'Selected tests' passed at 2026-09-12 14:48:11.833.
	 Executed 1 test, with 0 failures (0 unexpected) in 25.198 (25.202) seconds
2026-09-12 14:48:11.930 xcodebuild[48620:26219659] [MT] IDERunDestination: Supported platforms for the buildables in the current scheme is empty.
2026-09-12 14:48:12.128 xcodebuild[48620:26219659] [MT] IDETestOperationsObserverDebug: 27.701 elapsed -- Testing started completed.
2026-09-12 14:48:12.128 xcodebuild[48620:26219659] [MT] IDETestOperationsObserverDebug: 0.000 sec, +0.000 sec -- start
2026-09-12 14:48:12.128 xcodebuild[48620:26219659] [MT] IDETestOperationsObserverDebug: 27.701 sec, +27.701 sec -- end

Test session results, code coverage, and logs:
	/Users/soullab/Library/Developer/Xcode/DerivedData/VoiceKernelDriver-dpggjdhjqzzypfgkjsxbofkahevd/Logs/Test/Test-DriverUITests-2026.09.12_14-47-44--0400.xcresult

** TEST EXECUTE SUCCEEDED **

Testing started
