Command line invocation:
    /Applications/Xcode.app/Contents/Developer/usr/bin/xcodebuild test-without-building -xctestrun /private/tmp/vpio02b-driver-compile-08483cfe4/ios/VoiceKernelDriver/.derived/Build/Products/DriverUITests_iphoneos26.2-arm64.xctestrun -destination id=00008140-00163D9922E0801C -collect-test-diagnostics never "-only-testing:DriverUITests/K00DriverTests/testOneSample"

2026-09-14 18:41:36.164 xcodebuild[72083:30006207] [MT] IDERunDestination: Supported platforms for the buildables in the current scheme is empty.
2026-09-14 18:41:36.167 xcodebuild[72083:30006207] [MT] IDERunDestination: Supported platforms for the buildables in the current scheme is empty.
2026-09-14 18:41:36.267 xcodebuild[72083:30006207] [MT] IDERunDestination: Supported platforms for the buildables in the current scheme is empty.
--- xcodebuild: WARNING: Using the first of multiple matching destinations:
{ platform:iOS, arch:arm64e, id:00008140-00163D9922E0801C, name:Kelly Nezat’s iPhone }
{ platform:iOS, arch:arm64, id:00008140-00163D9922E0801C, name:Kelly Nezat’s iPhone }
2026-09-14 18:41:36.531 xcodebuild[72083:30006207] [MT] IDERunDestination: Supported platforms for the buildables in the current scheme is empty.
2026-09-14 18:41:38.577721-0400 DriverUITests-Runner[66572:14614305] [Default] Running tests...
    t =      nans Interface orientation changed to Portrait
Test Suite 'Selected tests' started at 2026-09-14 18:41:39.053.
Test Suite 'DriverUITests.xctest' started at 2026-09-14 18:41:39.054.
Test Suite 'K00DriverTests' started at 2026-09-14 18:41:39.054.
Test Case '-[DriverUITests.K00DriverTests testOneSample]' started.
    t =     0.00s Start Test at 2026-09-14 18:41:39.055
    t =     0.02s Set Up
    t =     0.02s Open life.soullab.voicekernel.vpio02
    t =     0.02s     Launch life.soullab.voicekernel.vpio02
    t =     0.14s         Setting up automation session
    t =     0.18s         Wait for life.soullab.voicekernel.vpio02 to idle
2026-09-14 18:41:39.290 xcodebuild[72083:30006207] [MT] IDERunDestination: Supported platforms for the buildables in the current scheme is empty.
    t =     1.30s Wait for life.soullab.voicekernel.vpio02 to become Running Foreground
    t =     1.30s Waiting 10.0s for "Enter conversation" Button to exist
    t =     2.31s     Checking `Expect predicate `existsNoRetry == 1` for object "Enter conversation" Button`
    t =     2.31s         Checking existence of `"Enter conversation" Button`
    t =     2.41s Checking existence of `"Voice processing: ON (default)" Button`
    t =     2.44s Checking existence of `"Voice processing: OFF (control run)" Button`
    t =     2.76s Waiting 3.0s for "Voice processing: ON (default)" Button to exist
    t =     3.79s     Checking `Expect predicate `existsNoRetry == 1` for object "Voice processing: ON (default)" Button`
    t =     3.79s         Checking existence of `"Voice processing: ON (default)" Button`
    t =     3.85s Waiting 5.0s for "Enter conversation" Button to exist
    t =     4.88s     Checking `Expect predicate `existsNoRetry == 1` for object "Enter conversation" Button`
    t =     4.88s         Checking existence of `"Enter conversation" Button`
    t =     4.94s Tap "Enter conversation" Button
    t =     4.94s     Wait for life.soullab.voicekernel.vpio02 to idle
    t =     4.95s     Find the "Enter conversation" Button
    t =     4.98s     Check for interrupting elements affecting "Enter conversation" Button
    t =     5.03s     Synthesize event
    t =     5.32s     Wait for life.soullab.voicekernel.vpio02 to idle
    t =    20.33s Waiting 5.0s for "Export journal" Button to exist
    t =    21.36s     Checking `Expect predicate `existsNoRetry == 1` for object "Export journal" Button`
    t =    21.36s         Checking existence of `"Export journal" Button`
    t =    21.41s Tap "Export journal" Button
    t =    21.41s     Wait for life.soullab.voicekernel.vpio02 to idle
    t =    21.41s     Find the "Export journal" Button
    t =    21.45s     Check for interrupting elements affecting "Export journal" Button
    t =    21.49s     Synthesize event
    t =    21.81s     Wait for life.soullab.voicekernel.vpio02 to idle
    t =    24.00s Terminate life.soullab.voicekernel.vpio02:66573
    t =    25.03s Wait for life.soullab.voicekernel.vpio02 to become Not Running
    t =    25.03s Tear Down
Test Case '-[DriverUITests.K00DriverTests testOneSample]' passed (25.086 seconds).
Test Suite 'K00DriverTests' passed at 2026-09-14 18:42:04.144.
	 Executed 1 test, with 0 failures (0 unexpected) in 25.086 (25.090) seconds
Test Suite 'DriverUITests.xctest' passed at 2026-09-14 18:42:04.148.
	 Executed 1 test, with 0 failures (0 unexpected) in 25.086 (25.094) seconds
Test Suite 'Selected tests' passed at 2026-09-14 18:42:04.149.
	 Executed 1 test, with 0 failures (0 unexpected) in 25.086 (25.096) seconds
2026-09-14 18:42:04.304 xcodebuild[72083:30006207] [MT] IDERunDestination: Supported platforms for the buildables in the current scheme is empty.
2026-09-14 18:42:04.521 xcodebuild[72083:30006207] [MT] IDETestOperationsObserverDebug: 27.989 elapsed -- Testing started completed.
2026-09-14 18:42:04.522 xcodebuild[72083:30006207] [MT] IDETestOperationsObserverDebug: 0.000 sec, +0.000 sec -- start
2026-09-14 18:42:04.522 xcodebuild[72083:30006207] [MT] IDETestOperationsObserverDebug: 27.989 sec, +27.989 sec -- end

Test session results, code coverage, and logs:
	/Users/soullab/Library/Developer/Xcode/DerivedData/VoiceKernelDriver-bwynvecqclvqcreglblcudpcwfgr/Logs/Test/Test-DriverUITests-2026.09.14_18-41-36--0400.xcresult

** TEST EXECUTE SUCCEEDED **

Testing started
