Command line invocation:
    /Applications/Xcode.app/Contents/Developer/usr/bin/xcodebuild test-without-building -xctestrun /private/tmp/vpio02b-driver-compile-08483cfe4/ios/VoiceKernelDriver/.derived/Build/Products/DriverUITests_iphoneos26.2-arm64.xctestrun -destination id=00008140-00163D9922E0801C -collect-test-diagnostics never "-only-testing:DriverUITests/K00DriverTests/testOneSample"

2026-09-14 18:48:20.888 xcodebuild[73001:30015499] [MT] IDERunDestination: Supported platforms for the buildables in the current scheme is empty.
2026-09-14 18:48:20.891 xcodebuild[73001:30015499] [MT] IDERunDestination: Supported platforms for the buildables in the current scheme is empty.
2026-09-14 18:48:20.994 xcodebuild[73001:30015499] [MT] IDERunDestination: Supported platforms for the buildables in the current scheme is empty.
2026-09-14 18:48:21.134 xcodebuild[73001:30015499] [MT] IDERunDestination: Supported platforms for the buildables in the current scheme is empty.
--- xcodebuild: WARNING: Using the first of multiple matching destinations:
{ platform:iOS, arch:arm64e, id:00008140-00163D9922E0801C, name:Kelly Nezat’s iPhone }
{ platform:iOS, arch:arm64, id:00008140-00163D9922E0801C, name:Kelly Nezat’s iPhone }
2026-09-14 18:48:21.301 xcodebuild[73001:30015499] [MT] IDERunDestination: Supported platforms for the buildables in the current scheme is empty.
2026-09-14 18:48:21.486 xcodebuild[73001:30015499] [MT] IDERunDestination: Supported platforms for the buildables in the current scheme is empty.
2026-09-14 18:48:22.958156-0400 DriverUITests-Runner[66622:14629968] [Default] Running tests...
    t =      nans Interface orientation changed to Portrait
Test Suite 'Selected tests' started at 2026-09-14 18:48:23.433.
Test Suite 'DriverUITests.xctest' started at 2026-09-14 18:48:23.434.
Test Suite 'K00DriverTests' started at 2026-09-14 18:48:23.434.
Test Case '-[DriverUITests.K00DriverTests testOneSample]' started.
    t =     0.00s Start Test at 2026-09-14 18:48:23.435
    t =     0.02s Set Up
    t =     0.02s Open life.soullab.voicekernel.vpio02
    t =     0.02s     Launch life.soullab.voicekernel.vpio02
    t =     0.11s         Setting up automation session
    t =     0.18s         Wait for life.soullab.voicekernel.vpio02 to idle
2026-09-14 18:48:23.699 xcodebuild[73001:30015499] [MT] IDERunDestination: Supported platforms for the buildables in the current scheme is empty.
    t =     1.28s Wait for life.soullab.voicekernel.vpio02 to become Running Foreground
    t =     1.29s Waiting 10.0s for "Enter conversation" Button to exist
    t =     2.35s     Checking `Expect predicate `existsNoRetry == 1` for object "Enter conversation" Button`
    t =     2.35s         Checking existence of `"Enter conversation" Button`
    t =     2.44s Checking existence of `"Voice processing: ON (default)" Button`
    t =     2.47s Checking existence of `"Voice processing: OFF (control run)" Button`
    t =     2.80s Waiting 3.0s for "Voice processing: ON (default)" Button to exist
    t =     3.80s     Checking `Expect predicate `existsNoRetry == 1` for object "Voice processing: ON (default)" Button`
    t =     3.80s         Checking existence of `"Voice processing: ON (default)" Button`
    t =     3.86s Waiting 5.0s for "Enter conversation" Button to exist
    t =     4.87s     Checking `Expect predicate `existsNoRetry == 1` for object "Enter conversation" Button`
    t =     4.88s         Checking existence of `"Enter conversation" Button`
    t =     4.94s Tap "Enter conversation" Button
    t =     4.94s     Wait for life.soullab.voicekernel.vpio02 to idle
    t =     4.95s     Find the "Enter conversation" Button
    t =     4.99s     Check for interrupting elements affecting "Enter conversation" Button
    t =     5.03s     Synthesize event
    t =     5.32s     Wait for life.soullab.voicekernel.vpio02 to idle
    t =    20.34s Waiting 5.0s for "Export journal" Button to exist
    t =    21.37s     Checking `Expect predicate `existsNoRetry == 1` for object "Export journal" Button`
    t =    21.37s         Checking existence of `"Export journal" Button`
    t =    21.42s Tap "Export journal" Button
    t =    21.42s     Wait for life.soullab.voicekernel.vpio02 to idle
    t =    21.43s     Find the "Export journal" Button
    t =    21.46s     Check for interrupting elements affecting "Export journal" Button
    t =    21.50s     Synthesize event
    t =    21.81s     Wait for life.soullab.voicekernel.vpio02 to idle
    t =    24.01s Terminate life.soullab.voicekernel.vpio02:66623
    t =    25.11s Wait for life.soullab.voicekernel.vpio02 to become Not Running
    t =    25.11s Tear Down
Test Case '-[DriverUITests.K00DriverTests testOneSample]' passed (25.157 seconds).
Test Suite 'K00DriverTests' passed at 2026-09-14 18:48:48.596.
	 Executed 1 test, with 0 failures (0 unexpected) in 25.157 (25.162) seconds
Test Suite 'DriverUITests.xctest' passed at 2026-09-14 18:48:48.606.
	 Executed 1 test, with 0 failures (0 unexpected) in 25.157 (25.172) seconds
Test Suite 'Selected tests' passed at 2026-09-14 18:48:48.606.
	 Executed 1 test, with 0 failures (0 unexpected) in 25.157 (25.173) seconds
2026-09-14 18:48:48.790 xcodebuild[73001:30015499] [MT] IDERunDestination: Supported platforms for the buildables in the current scheme is empty.
2026-09-14 18:48:48.989 xcodebuild[73001:30015499] [MT] IDETestOperationsObserverDebug: 27.687 elapsed -- Testing started completed.
2026-09-14 18:48:48.989 xcodebuild[73001:30015499] [MT] IDETestOperationsObserverDebug: 0.000 sec, +0.000 sec -- start
2026-09-14 18:48:48.989 xcodebuild[73001:30015499] [MT] IDETestOperationsObserverDebug: 27.687 sec, +27.687 sec -- end

Test session results, code coverage, and logs:
	/Users/soullab/Library/Developer/Xcode/DerivedData/VoiceKernelDriver-gnuarxxgxbtlhbbwekceenhhibvv/Logs/Test/Test-DriverUITests-2026.09.14_18-48-21--0400.xcresult

** TEST EXECUTE SUCCEEDED **

Testing started
