Command line invocation:
    /Applications/Xcode.app/Contents/Developer/usr/bin/xcodebuild test-without-building -xctestrun /private/tmp/vpio02b-driver-compile-08483cfe4/ios/VoiceKernelDriver/.derived/Build/Products/DriverUITests_iphoneos26.2-arm64.xctestrun -destination id=00008140-00163D9922E0801C -collect-test-diagnostics never "-only-testing:DriverUITests/K00DriverTests/testOneSample"

2026-09-14 18:49:54.431 xcodebuild[73213:30017415] [MT] IDERunDestination: Supported platforms for the buildables in the current scheme is empty.
2026-09-14 18:49:54.434 xcodebuild[73213:30017415] [MT] IDERunDestination: Supported platforms for the buildables in the current scheme is empty.
2026-09-14 18:49:54.538 xcodebuild[73213:30017415] [MT] IDERunDestination: Supported platforms for the buildables in the current scheme is empty.
--- xcodebuild: WARNING: Using the first of multiple matching destinations:
{ platform:iOS, arch:arm64e, id:00008140-00163D9922E0801C, name:Kelly Nezat’s iPhone }
{ platform:iOS, arch:arm64, id:00008140-00163D9922E0801C, name:Kelly Nezat’s iPhone }
2026-09-14 18:49:54.793 xcodebuild[73213:30017415] [MT] IDERunDestination: Supported platforms for the buildables in the current scheme is empty.
2026-09-14 18:49:54.982 xcodebuild[73213:30017415] [MT] IDERunDestination: Supported platforms for the buildables in the current scheme is empty.
2026-09-14 18:49:56.729731-0400 DriverUITests-Runner[66633:14633312] [Default] Running tests...
    t =      nans Interface orientation changed to Portrait
Test Suite 'Selected tests' started at 2026-09-14 18:49:57.204.
Test Suite 'DriverUITests.xctest' started at 2026-09-14 18:49:57.205.
Test Suite 'K00DriverTests' started at 2026-09-14 18:49:57.205.
Test Case '-[DriverUITests.K00DriverTests testOneSample]' started.
    t =     0.00s Start Test at 2026-09-14 18:49:57.206
    t =     0.02s Set Up
    t =     0.03s Open life.soullab.voicekernel.vpio02
    t =     0.03s     Launch life.soullab.voicekernel.vpio02
    t =     0.11s         Setting up automation session
    t =     0.18s         Wait for life.soullab.voicekernel.vpio02 to idle
2026-09-14 18:49:57.480 xcodebuild[73213:30017415] [MT] IDERunDestination: Supported platforms for the buildables in the current scheme is empty.
    t =     1.28s Wait for life.soullab.voicekernel.vpio02 to become Running Foreground
    t =     1.28s Waiting 10.0s for "Enter conversation" Button to exist
    t =     2.30s     Checking `Expect predicate `existsNoRetry == 1` for object "Enter conversation" Button`
    t =     2.30s         Checking existence of `"Enter conversation" Button`
    t =     2.39s Checking existence of `"Voice processing: ON (default)" Button`
    t =     2.42s Checking existence of `"Voice processing: OFF (control run)" Button`
    t =     2.74s Waiting 3.0s for "Voice processing: ON (default)" Button to exist
2026-09-14 18:50:00.160 xcodebuild[73213:30017415] [MT] IDERunDestination: Supported platforms for the buildables in the current scheme is empty.
    t =     3.75s     Checking `Expect predicate `existsNoRetry == 1` for object "Voice processing: ON (default)" Button`
    t =     3.75s         Checking existence of `"Voice processing: ON (default)" Button`
    t =     3.81s Waiting 5.0s for "Enter conversation" Button to exist
    t =     4.82s     Checking `Expect predicate `existsNoRetry == 1` for object "Enter conversation" Button`
    t =     4.82s         Checking existence of `"Enter conversation" Button`
    t =     4.88s Tap "Enter conversation" Button
    t =     4.88s     Wait for life.soullab.voicekernel.vpio02 to idle
    t =     4.88s     Find the "Enter conversation" Button
    t =     4.92s     Check for interrupting elements affecting "Enter conversation" Button
    t =     4.96s     Synthesize event
    t =     5.26s     Wait for life.soullab.voicekernel.vpio02 to idle
    t =    20.27s Waiting 5.0s for "Export journal" Button to exist
    t =    21.29s     Checking `Expect predicate `existsNoRetry == 1` for object "Export journal" Button`
    t =    21.30s         Checking existence of `"Export journal" Button`
    t =    21.35s Tap "Export journal" Button
    t =    21.35s     Wait for life.soullab.voicekernel.vpio02 to idle
    t =    21.36s     Find the "Export journal" Button
    t =    21.50s     Check for interrupting elements affecting "Export journal" Button
    t =    21.57s     Synthesize event
    t =    21.88s     Wait for life.soullab.voicekernel.vpio02 to idle
    t =    24.09s Terminate life.soullab.voicekernel.vpio02:66634
    t =    25.19s Wait for life.soullab.voicekernel.vpio02 to become Not Running
    t =    25.19s Tear Down
Test Case '-[DriverUITests.K00DriverTests testOneSample]' passed (25.270 seconds).
Test Suite 'K00DriverTests' passed at 2026-09-14 18:50:22.476.
	 Executed 1 test, with 0 failures (0 unexpected) in 25.270 (25.271) seconds
Test Suite 'DriverUITests.xctest' passed at 2026-09-14 18:50:22.477.
	 Executed 1 test, with 0 failures (0 unexpected) in 25.270 (25.272) seconds
Test Suite 'Selected tests' passed at 2026-09-14 18:50:22.479.
	 Executed 1 test, with 0 failures (0 unexpected) in 25.270 (25.275) seconds
2026-09-14 18:50:22.653 xcodebuild[73213:30017415] [MT] IDERunDestination: Supported platforms for the buildables in the current scheme is empty.
2026-09-14 18:50:22.872 xcodebuild[73213:30017415] [MT] IDETestOperationsObserverDebug: 28.078 elapsed -- Testing started completed.
2026-09-14 18:50:22.872 xcodebuild[73213:30017415] [MT] IDETestOperationsObserverDebug: 0.000 sec, +0.000 sec -- start
2026-09-14 18:50:22.872 xcodebuild[73213:30017415] [MT] IDETestOperationsObserverDebug: 28.078 sec, +28.078 sec -- end

Test session results, code coverage, and logs:
	/Users/soullab/Library/Developer/Xcode/DerivedData/VoiceKernelDriver-fpidipcpmgvmjhfchgjaaplrunqz/Logs/Test/Test-DriverUITests-2026.09.14_18-49-54--0400.xcresult

** TEST EXECUTE SUCCEEDED **

Testing started
