Command line invocation:
    /Applications/Xcode.app/Contents/Developer/usr/bin/xcodebuild test-without-building -xctestrun /private/tmp/vpio02b-driver-compile-08483cfe4/ios/VoiceKernelDriver/.derived/Build/Products/DriverUITests_iphoneos26.2-arm64.xctestrun -destination id=00008140-00163D9922E0801C -collect-test-diagnostics never "-only-testing:DriverUITests/K00DriverTests/testOneSample"

2026-09-14 18:47:34.689 xcodebuild[72923:30014567] [MT] IDERunDestination: Supported platforms for the buildables in the current scheme is empty.
2026-09-14 18:47:34.692 xcodebuild[72923:30014567] [MT] IDERunDestination: Supported platforms for the buildables in the current scheme is empty.
2026-09-14 18:47:34.797 xcodebuild[72923:30014567] [MT] IDERunDestination: Supported platforms for the buildables in the current scheme is empty.
--- xcodebuild: WARNING: Using the first of multiple matching destinations:
{ platform:iOS, arch:arm64e, id:00008140-00163D9922E0801C, name:Kelly Nezat’s iPhone }
{ platform:iOS, arch:arm64, id:00008140-00163D9922E0801C, name:Kelly Nezat’s iPhone }
2026-09-14 18:47:35.060 xcodebuild[72923:30014567] [MT] IDERunDestination: Supported platforms for the buildables in the current scheme is empty.
2026-09-14 18:47:35.249 xcodebuild[72923:30014567] [MT] IDERunDestination: Supported platforms for the buildables in the current scheme is empty.
2026-09-14 18:47:37.027243-0400 DriverUITests-Runner[66619:14628237] [Default] Running tests...
    t =      nans Interface orientation changed to Portrait
Test Suite 'Selected tests' started at 2026-09-14 18:47:37.507.
Test Suite 'DriverUITests.xctest' started at 2026-09-14 18:47:37.508.
Test Suite 'K00DriverTests' started at 2026-09-14 18:47:37.508.
Test Case '-[DriverUITests.K00DriverTests testOneSample]' started.
    t =     0.00s Start Test at 2026-09-14 18:47:37.509
    t =     0.02s Set Up
    t =     0.03s Open life.soullab.voicekernel.vpio02
    t =     0.03s     Launch life.soullab.voicekernel.vpio02
    t =     0.11s         Setting up automation session
    t =     0.18s         Wait for life.soullab.voicekernel.vpio02 to idle
2026-09-14 18:47:37.770 xcodebuild[72923:30014567] [MT] IDERunDestination: Supported platforms for the buildables in the current scheme is empty.
    t =     1.28s Wait for life.soullab.voicekernel.vpio02 to become Running Foreground
    t =     1.29s Waiting 10.0s for "Enter conversation" Button to exist
    t =     2.30s     Checking `Expect predicate `existsNoRetry == 1` for object "Enter conversation" Button`
    t =     2.30s         Checking existence of `"Enter conversation" Button`
    t =     2.39s Checking existence of `"Voice processing: ON (default)" Button`
    t =     2.42s Checking existence of `"Voice processing: OFF (control run)" Button`
    t =     2.75s Waiting 3.0s for "Voice processing: ON (default)" Button to exist
    t =     3.78s     Checking `Expect predicate `existsNoRetry == 1` for object "Voice processing: ON (default)" Button`
    t =     3.78s         Checking existence of `"Voice processing: ON (default)" Button`
    t =     3.85s Waiting 5.0s for "Enter conversation" Button to exist
    t =     4.89s     Checking `Expect predicate `existsNoRetry == 1` for object "Enter conversation" Button`
    t =     4.89s         Checking existence of `"Enter conversation" Button`
    t =     4.95s Tap "Enter conversation" Button
    t =     4.96s     Wait for life.soullab.voicekernel.vpio02 to idle
    t =     4.96s     Find the "Enter conversation" Button
    t =     5.00s     Check for interrupting elements affecting "Enter conversation" Button
    t =     5.04s     Synthesize event
    t =     5.34s     Wait for life.soullab.voicekernel.vpio02 to idle
    t =    20.36s Waiting 5.0s for "Export journal" Button to exist
    t =    21.37s     Checking `Expect predicate `existsNoRetry == 1` for object "Export journal" Button`
    t =    21.37s         Checking existence of `"Export journal" Button`
    t =    21.43s Tap "Export journal" Button
    t =    21.43s     Wait for life.soullab.voicekernel.vpio02 to idle
    t =    21.43s     Find the "Export journal" Button
    t =    21.47s     Check for interrupting elements affecting "Export journal" Button
    t =    21.51s     Synthesize event
    t =    21.81s     Wait for life.soullab.voicekernel.vpio02 to idle
    t =    24.02s Terminate life.soullab.voicekernel.vpio02:66620
    t =    25.04s Wait for life.soullab.voicekernel.vpio02 to become Not Running
    t =    25.05s Tear Down
Test Case '-[DriverUITests.K00DriverTests testOneSample]' passed (25.119 seconds).
Test Suite 'K00DriverTests' passed at 2026-09-14 18:48:02.634.
	 Executed 1 test, with 0 failures (0 unexpected) in 25.119 (25.125) seconds
Test Suite 'DriverUITests.xctest' passed at 2026-09-14 18:48:02.639.
	 Executed 1 test, with 0 failures (0 unexpected) in 25.119 (25.131) seconds
Test Suite 'Selected tests' passed at 2026-09-14 18:48:02.645.
	 Executed 1 test, with 0 failures (0 unexpected) in 25.119 (25.138) seconds
2026-09-14 18:48:02.788 xcodebuild[72923:30014567] [MT] IDERunDestination: Supported platforms for the buildables in the current scheme is empty.
2026-09-14 18:48:03.020 xcodebuild[72923:30014567] [MT] IDETestOperationsObserverDebug: 27.959 elapsed -- Testing started completed.
2026-09-14 18:48:03.020 xcodebuild[72923:30014567] [MT] IDETestOperationsObserverDebug: 0.000 sec, +0.000 sec -- start
2026-09-14 18:48:03.020 xcodebuild[72923:30014567] [MT] IDETestOperationsObserverDebug: 27.959 sec, +27.959 sec -- end

Test session results, code coverage, and logs:
	/Users/soullab/Library/Developer/Xcode/DerivedData/VoiceKernelDriver-bfpxfvdiunyvbtgksbzdqglnyszw/Logs/Test/Test-DriverUITests-2026.09.14_18-47-34--0400.xcresult

** TEST EXECUTE SUCCEEDED **

Testing started
