Command line invocation:
    /Applications/Xcode.app/Contents/Developer/usr/bin/xcodebuild test-without-building -xctestrun /private/tmp/vpio02b-driver-compile-08483cfe4/ios/VoiceKernelDriver/.derived/Build/Products/DriverUITests_iphoneos26.2-arm64.xctestrun -destination id=00008140-00163D9922E0801C -collect-test-diagnostics never "-only-testing:DriverUITests/K00DriverTests/testOneSample"

2026-09-14 18:37:21.825 xcodebuild[71351:29998086] [MT] IDERunDestination: Supported platforms for the buildables in the current scheme is empty.
2026-09-14 18:37:21.828 xcodebuild[71351:29998086] [MT] IDERunDestination: Supported platforms for the buildables in the current scheme is empty.
2026-09-14 18:37:21.927 xcodebuild[71351:29998086] [MT] IDERunDestination: Supported platforms for the buildables in the current scheme is empty.
--- xcodebuild: WARNING: Using the first of multiple matching destinations:
{ platform:iOS, arch:arm64e, id:00008140-00163D9922E0801C, name:Kelly Nezat’s iPhone }
{ platform:iOS, arch:arm64, id:00008140-00163D9922E0801C, name:Kelly Nezat’s iPhone }
2026-09-14 18:37:22.207 xcodebuild[71351:29998086] [MT] IDERunDestination: Supported platforms for the buildables in the current scheme is empty.
2026-09-14 18:37:22.400 xcodebuild[71351:29998086] [MT] IDERunDestination: Supported platforms for the buildables in the current scheme is empty.
2026-09-14 18:37:24.008485-0400 DriverUITests-Runner[66538:14604014] [Default] Running tests...
    t =      nans Interface orientation changed to Portrait
Test Suite 'Selected tests' started at 2026-09-14 18:37:24.471.
Test Suite 'DriverUITests.xctest' started at 2026-09-14 18:37:24.471.
Test Suite 'K00DriverTests' started at 2026-09-14 18:37:24.471.
Test Case '-[DriverUITests.K00DriverTests testOneSample]' started.
    t =     0.00s Start Test at 2026-09-14 18:37:24.472
    t =     0.02s Set Up
    t =     0.02s Open life.soullab.voicekernel.vpio02
    t =     0.03s     Launch life.soullab.voicekernel.vpio02
    t =     0.11s         Setting up automation session
    t =     0.18s         Wait for life.soullab.voicekernel.vpio02 to idle
2026-09-14 18:37:24.723 xcodebuild[71351:29998086] [MT] IDERunDestination: Supported platforms for the buildables in the current scheme is empty.
    t =     1.28s Wait for life.soullab.voicekernel.vpio02 to become Running Foreground
    t =     1.29s Waiting 10.0s for "Enter conversation" Button to exist
    t =     2.35s     Checking `Expect predicate `existsNoRetry == 1` for object "Enter conversation" Button`
    t =     2.35s         Checking existence of `"Enter conversation" Button`
    t =     2.44s Checking existence of `"Voice processing: ON (default)" Button`
    t =     2.47s Checking existence of `"Voice processing: OFF (control run)" Button`
    t =     2.80s Waiting 3.0s for "Voice processing: ON (default)" Button to exist
    t =     3.83s     Checking `Expect predicate `existsNoRetry == 1` for object "Voice processing: ON (default)" Button`
    t =     3.83s         Checking existence of `"Voice processing: ON (default)" Button`
    t =     3.90s Waiting 5.0s for "Enter conversation" Button to exist
    t =     4.91s     Checking `Expect predicate `existsNoRetry == 1` for object "Enter conversation" Button`
    t =     4.91s         Checking existence of `"Enter conversation" Button`
    t =     4.97s Tap "Enter conversation" Button
    t =     4.97s     Wait for life.soullab.voicekernel.vpio02 to idle
    t =     4.98s     Find the "Enter conversation" Button
    t =     5.01s     Check for interrupting elements affecting "Enter conversation" Button
    t =     5.05s     Synthesize event
    t =     5.35s     Wait for life.soullab.voicekernel.vpio02 to idle
    t =    20.36s Waiting 5.0s for "Export journal" Button to exist
    t =    21.39s     Checking `Expect predicate `existsNoRetry == 1` for object "Export journal" Button`
    t =    21.39s         Checking existence of `"Export journal" Button`
    t =    21.44s Tap "Export journal" Button
    t =    21.44s     Wait for life.soullab.voicekernel.vpio02 to idle
    t =    21.45s     Find the "Export journal" Button
    t =    21.48s     Check for interrupting elements affecting "Export journal" Button
    t =    21.52s     Synthesize event
    t =    21.83s     Wait for life.soullab.voicekernel.vpio02 to idle
    t =    24.05s Terminate life.soullab.voicekernel.vpio02:66539
    t =    25.06s Wait for life.soullab.voicekernel.vpio02 to become Not Running
    t =    25.07s Tear Down
Test Case '-[DriverUITests.K00DriverTests testOneSample]' passed (25.148 seconds).
Test Suite 'K00DriverTests' passed at 2026-09-14 18:37:49.622.
	 Executed 1 test, with 0 failures (0 unexpected) in 25.148 (25.150) seconds
Test Suite 'DriverUITests.xctest' passed at 2026-09-14 18:37:49.623.
	 Executed 1 test, with 0 failures (0 unexpected) in 25.148 (25.151) seconds
Test Suite 'Selected tests' passed at 2026-09-14 18:37:49.626.
	 Executed 1 test, with 0 failures (0 unexpected) in 25.148 (25.155) seconds
2026-09-14 18:37:49.770 xcodebuild[71351:29998086] [MT] IDERunDestination: Supported platforms for the buildables in the current scheme is empty.
2026-09-14 18:37:49.985 xcodebuild[71351:29998086] [MT] IDETestOperationsObserverDebug: 27.777 elapsed -- Testing started completed.
2026-09-14 18:37:49.985 xcodebuild[71351:29998086] [MT] IDETestOperationsObserverDebug: 0.000 sec, +0.000 sec -- start
2026-09-14 18:37:49.985 xcodebuild[71351:29998086] [MT] IDETestOperationsObserverDebug: 27.777 sec, +27.777 sec -- end

Test session results, code coverage, and logs:
	/Users/soullab/Library/Developer/Xcode/DerivedData/VoiceKernelDriver-enylyktvhiolktgujejbughlrlqk/Logs/Test/Test-DriverUITests-2026.09.14_18-37-22--0400.xcresult

** TEST EXECUTE SUCCEEDED **

Testing started
