Command line invocation:
    /Applications/Xcode.app/Contents/Developer/usr/bin/xcodebuild test-without-building -xctestrun /private/tmp/vpio02b-driver-compile-08483cfe4/ios/VoiceKernelDriver/.derived/Build/Products/DriverUITests_iphoneos26.2-arm64.xctestrun -destination id=00008140-00163D9922E0801C -collect-test-diagnostics never "-only-testing:DriverUITests/K00DriverTests/testOneSample"

2026-09-14 18:49:07.325 xcodebuild[73106:30016424] [MT] IDERunDestination: Supported platforms for the buildables in the current scheme is empty.
2026-09-14 18:49:07.329 xcodebuild[73106:30016424] [MT] IDERunDestination: Supported platforms for the buildables in the current scheme is empty.
2026-09-14 18:49:07.432 xcodebuild[73106:30016424] [MT] IDERunDestination: Supported platforms for the buildables in the current scheme is empty.
--- xcodebuild: WARNING: Using the first of multiple matching destinations:
{ platform:iOS, arch:arm64e, id:00008140-00163D9922E0801C, name:Kelly Nezat’s iPhone }
{ platform:iOS, arch:arm64, id:00008140-00163D9922E0801C, name:Kelly Nezat’s iPhone }
2026-09-14 18:49:07.699 xcodebuild[73106:30016424] [MT] IDERunDestination: Supported platforms for the buildables in the current scheme is empty.
2026-09-14 18:49:07.888 xcodebuild[73106:30016424] [MT] IDERunDestination: Supported platforms for the buildables in the current scheme is empty.
2026-09-14 18:49:09.658923-0400 DriverUITests-Runner[66628:14631686] [Default] Running tests...
    t =      nans Interface orientation changed to Portrait
Test Suite 'Selected tests' started at 2026-09-14 18:49:10.139.
Test Suite 'DriverUITests.xctest' started at 2026-09-14 18:49:10.140.
Test Suite 'K00DriverTests' started at 2026-09-14 18:49:10.141.
Test Case '-[DriverUITests.K00DriverTests testOneSample]' started.
    t =     0.00s Start Test at 2026-09-14 18:49:10.142
    t =     0.02s Set Up
    t =     0.03s Open life.soullab.voicekernel.vpio02
    t =     0.03s     Launch life.soullab.voicekernel.vpio02
    t =     0.11s         Setting up automation session
    t =     0.19s         Wait for life.soullab.voicekernel.vpio02 to idle
2026-09-14 18:49:10.420 xcodebuild[73106:30016424] [MT] IDERunDestination: Supported platforms for the buildables in the current scheme is empty.
    t =     1.29s Wait for life.soullab.voicekernel.vpio02 to become Running Foreground
    t =     1.30s Waiting 10.0s for "Enter conversation" Button to exist
    t =     2.32s     Checking `Expect predicate `existsNoRetry == 1` for object "Enter conversation" Button`
    t =     2.33s         Checking existence of `"Enter conversation" Button`
    t =     2.42s Checking existence of `"Voice processing: ON (default)" Button`
    t =     2.45s Checking existence of `"Voice processing: OFF (control run)" Button`
    t =     2.77s Waiting 3.0s for "Voice processing: ON (default)" Button to exist
    t =     3.78s     Checking `Expect predicate `existsNoRetry == 1` for object "Voice processing: ON (default)" Button`
    t =     3.79s         Checking existence of `"Voice processing: ON (default)" Button`
    t =     3.85s Waiting 5.0s for "Enter conversation" Button to exist
    t =     4.86s     Checking `Expect predicate `existsNoRetry == 1` for object "Enter conversation" Button`
    t =     4.87s         Checking existence of `"Enter conversation" Button`
    t =     4.92s Tap "Enter conversation" Button
    t =     4.93s     Wait for life.soullab.voicekernel.vpio02 to idle
    t =     4.93s     Find the "Enter conversation" Button
    t =     4.97s     Check for interrupting elements affecting "Enter conversation" Button
    t =     5.01s     Synthesize event
    t =     5.30s     Wait for life.soullab.voicekernel.vpio02 to idle
    t =    20.31s Waiting 5.0s for "Export journal" Button to exist
    t =    21.33s     Checking `Expect predicate `existsNoRetry == 1` for object "Export journal" Button`
    t =    21.33s         Checking existence of `"Export journal" Button`
    t =    21.38s Tap "Export journal" Button
    t =    21.38s     Wait for life.soullab.voicekernel.vpio02 to idle
    t =    21.39s     Find the "Export journal" Button
    t =    21.42s     Check for interrupting elements affecting "Export journal" Button
    t =    21.47s     Synthesize event
    t =    21.77s     Wait for life.soullab.voicekernel.vpio02 to idle
    t =    23.98s Terminate life.soullab.voicekernel.vpio02:66629
    t =    25.08s Wait for life.soullab.voicekernel.vpio02 to become Not Running
    t =    25.08s Tear Down
Test Case '-[DriverUITests.K00DriverTests testOneSample]' passed (25.140 seconds).
Test Suite 'K00DriverTests' passed at 2026-09-14 18:49:35.283.
	 Executed 1 test, with 0 failures (0 unexpected) in 25.140 (25.142) seconds
Test Suite 'DriverUITests.xctest' passed at 2026-09-14 18:49:35.290.
	 Executed 1 test, with 0 failures (0 unexpected) in 25.140 (25.149) seconds
Test Suite 'Selected tests' passed at 2026-09-14 18:49:35.292.
	 Executed 1 test, with 0 failures (0 unexpected) in 25.140 (25.153) seconds
2026-09-14 18:49:35.467 xcodebuild[73106:30016424] [MT] IDERunDestination: Supported platforms for the buildables in the current scheme is empty.
2026-09-14 18:49:35.673 xcodebuild[73106:30016424] [MT] IDETestOperationsObserverDebug: 27.973 elapsed -- Testing started completed.
2026-09-14 18:49:35.673 xcodebuild[73106:30016424] [MT] IDETestOperationsObserverDebug: 0.000 sec, +0.000 sec -- start
2026-09-14 18:49:35.673 xcodebuild[73106:30016424] [MT] IDETestOperationsObserverDebug: 27.973 sec, +27.973 sec -- end

Test session results, code coverage, and logs:
	/Users/soullab/Library/Developer/Xcode/DerivedData/VoiceKernelDriver-fwegnrpcbdzrenemsenepidebrtq/Logs/Test/Test-DriverUITests-2026.09.14_18-49-07--0400.xcresult

** TEST EXECUTE SUCCEEDED **

Testing started
