Command line invocation:
    /Applications/Xcode.app/Contents/Developer/usr/bin/xcodebuild test-without-building -xctestrun /private/tmp/vpio02b-driver-compile-08483cfe4/ios/VoiceKernelDriver/.derived/Build/Products/DriverUITests_iphoneos26.2-arm64.xctestrun -destination id=00008140-00163D9922E0801C -collect-test-diagnostics never "-only-testing:DriverUITests/K00DriverTests/testOneSample"

2026-09-14 18:56:23.133 xcodebuild[74051:30024979] [MT] IDERunDestination: Supported platforms for the buildables in the current scheme is empty.
2026-09-14 18:56:23.135 xcodebuild[74051:30024979] [MT] IDERunDestination: Supported platforms for the buildables in the current scheme is empty.
2026-09-14 18:56:23.238 xcodebuild[74051:30024979] [MT] IDERunDestination: Supported platforms for the buildables in the current scheme is empty.
--- xcodebuild: WARNING: Using the first of multiple matching destinations:
{ platform:iOS, arch:arm64e, id:00008140-00163D9922E0801C, name:Kelly Nezat’s iPhone }
{ platform:iOS, arch:arm64, id:00008140-00163D9922E0801C, name:Kelly Nezat’s iPhone }
2026-09-14 18:56:23.510 xcodebuild[74051:30024979] [MT] IDERunDestination: Supported platforms for the buildables in the current scheme is empty.
2026-09-14 18:56:23.696 xcodebuild[74051:30024979] [MT] IDERunDestination: Supported platforms for the buildables in the current scheme is empty.
2026-09-14 18:56:25.206242-0400 DriverUITests-Runner[66669:14646817] [Default] Running tests...
    t =      nans Interface orientation changed to Portrait
Test Suite 'Selected tests' started at 2026-09-14 18:56:25.680.
Test Suite 'DriverUITests.xctest' started at 2026-09-14 18:56:25.680.
Test Suite 'K00DriverTests' started at 2026-09-14 18:56:25.680.
Test Case '-[DriverUITests.K00DriverTests testOneSample]' started.
    t =     0.00s Start Test at 2026-09-14 18:56:25.681
    t =     0.02s Set Up
    t =     0.03s Open life.soullab.voicekernel.vpio02
    t =     0.03s     Launch life.soullab.voicekernel.vpio02
    t =     0.12s         Setting up automation session
    t =     0.19s         Wait for life.soullab.voicekernel.vpio02 to idle
2026-09-14 18:56:25.962 xcodebuild[74051:30024979] [MT] IDERunDestination: Supported platforms for the buildables in the current scheme is empty.
    t =     1.29s Wait for life.soullab.voicekernel.vpio02 to become Running Foreground
    t =     1.30s Waiting 10.0s for "Enter conversation" Button to exist
    t =     2.32s     Checking `Expect predicate `existsNoRetry == 1` for object "Enter conversation" Button`
    t =     2.33s         Checking existence of `"Enter conversation" Button`
    t =     2.42s Checking existence of `"Voice processing: ON (default)" Button`
    t =     2.45s Checking existence of `"Voice processing: OFF (control run)" Button`
    t =     2.77s Waiting 3.0s for "Voice processing: ON (default)" Button to exist
    t =     3.79s     Checking `Expect predicate `existsNoRetry == 1` for object "Voice processing: ON (default)" Button`
    t =     3.80s         Checking existence of `"Voice processing: ON (default)" Button`
    t =     3.86s Waiting 5.0s for "Enter conversation" Button to exist
    t =     4.90s     Checking `Expect predicate `existsNoRetry == 1` for object "Enter conversation" Button`
    t =     4.90s         Checking existence of `"Enter conversation" Button`
    t =     4.96s Tap "Enter conversation" Button
    t =     4.96s     Wait for life.soullab.voicekernel.vpio02 to idle
    t =     4.97s     Find the "Enter conversation" Button
    t =     5.01s     Check for interrupting elements affecting "Enter conversation" Button
    t =     5.05s     Synthesize event
    t =     5.34s     Wait for life.soullab.voicekernel.vpio02 to idle
    t =    20.36s Waiting 5.0s for "Export journal" Button to exist
    t =    21.38s     Checking `Expect predicate `existsNoRetry == 1` for object "Export journal" Button`
    t =    21.39s         Checking existence of `"Export journal" Button`
    t =    21.44s Tap "Export journal" Button
    t =    21.44s     Wait for life.soullab.voicekernel.vpio02 to idle
    t =    21.44s     Find the "Export journal" Button
    t =    21.48s     Check for interrupting elements affecting "Export journal" Button
    t =    21.52s     Synthesize event
    t =    21.82s     Wait for life.soullab.voicekernel.vpio02 to idle
    t =    24.04s Terminate life.soullab.voicekernel.vpio02:66670
    t =    25.05s Wait for life.soullab.voicekernel.vpio02 to become Not Running
    t =    25.05s Tear Down
Test Case '-[DriverUITests.K00DriverTests testOneSample]' passed (25.125 seconds).
Test Suite 'K00DriverTests' passed at 2026-09-14 18:56:50.806.
	 Executed 1 test, with 0 failures (0 unexpected) in 25.125 (25.126) seconds
Test Suite 'DriverUITests.xctest' passed at 2026-09-14 18:56:50.807.
	 Executed 1 test, with 0 failures (0 unexpected) in 25.125 (25.127) seconds
Test Suite 'Selected tests' passed at 2026-09-14 18:56:50.808.
	 Executed 1 test, with 0 failures (0 unexpected) in 25.125 (25.129) seconds
2026-09-14 18:56:50.996 xcodebuild[74051:30024979] [MT] IDERunDestination: Supported platforms for the buildables in the current scheme is empty.
2026-09-14 18:56:51.187 xcodebuild[74051:30024979] [MT] IDETestOperationsObserverDebug: 27.676 elapsed -- Testing started completed.
2026-09-14 18:56:51.187 xcodebuild[74051:30024979] [MT] IDETestOperationsObserverDebug: 0.000 sec, +0.000 sec -- start
2026-09-14 18:56:51.187 xcodebuild[74051:30024979] [MT] IDETestOperationsObserverDebug: 27.676 sec, +27.676 sec -- end

Test session results, code coverage, and logs:
	/Users/soullab/Library/Developer/Xcode/DerivedData/VoiceKernelDriver-endqfimjylxjsjdnklzrccyrfgjn/Logs/Test/Test-DriverUITests-2026.09.14_18-56-23--0400.xcresult

** TEST EXECUTE SUCCEEDED **

Testing started
