Command line invocation:
    /Applications/Xcode.app/Contents/Developer/usr/bin/xcodebuild test-without-building -xctestrun /private/tmp/vpio02b-driver-compile-08483cfe4/ios/VoiceKernelDriver/.derived/Build/Products/DriverUITests_iphoneos26.2-arm64.xctestrun -destination id=00008140-00163D9922E0801C -collect-test-diagnostics never "-only-testing:DriverUITests/K00DriverTests/testOneSample"

2026-09-14 18:38:03.318 xcodebuild[71453:29999377] [MT] IDERunDestination: Supported platforms for the buildables in the current scheme is empty.
2026-09-14 18:38:03.321 xcodebuild[71453:29999377] [MT] IDERunDestination: Supported platforms for the buildables in the current scheme is empty.
2026-09-14 18:38:03.419 xcodebuild[71453:29999377] [MT] IDERunDestination: Supported platforms for the buildables in the current scheme is empty.
2026-09-14 18:38:03.525 xcodebuild[71453:29999377] [MT] IDERunDestination: Supported platforms for the buildables in the current scheme is empty.
--- xcodebuild: WARNING: Using the first of multiple matching destinations:
{ platform:iOS, arch:arm64e, id:00008140-00163D9922E0801C, name:Kelly Nezat’s iPhone }
{ platform:iOS, arch:arm64, id:00008140-00163D9922E0801C, name:Kelly Nezat’s iPhone }
2026-09-14 18:38:03.698 xcodebuild[71453:29999377] [MT] IDERunDestination: Supported platforms for the buildables in the current scheme is empty.
2026-09-14 18:38:05.760896-0400 DriverUITests-Runner[66549:14605814] [Default] Running tests...
    t =      nans Interface orientation changed to Portrait
Test Suite 'Selected tests' started at 2026-09-14 18:38:06.220.
Test Suite 'DriverUITests.xctest' started at 2026-09-14 18:38:06.220.
Test Suite 'K00DriverTests' started at 2026-09-14 18:38:06.221.
Test Case '-[DriverUITests.K00DriverTests testOneSample]' started.
    t =     0.00s Start Test at 2026-09-14 18:38:06.222
    t =     0.02s Set Up
    t =     0.02s Open life.soullab.voicekernel.vpio02
    t =     0.02s     Launch life.soullab.voicekernel.vpio02
    t =     0.11s         Setting up automation session
    t =     0.18s         Wait for life.soullab.voicekernel.vpio02 to idle
2026-09-14 18:38:06.462 xcodebuild[71453:29999377] [MT] IDERunDestination: Supported platforms for the buildables in the current scheme is empty.
    t =     1.29s Wait for life.soullab.voicekernel.vpio02 to become Running Foreground
    t =     1.29s Waiting 10.0s for "Enter conversation" Button to exist
    t =     2.33s     Checking `Expect predicate `existsNoRetry == 1` for object "Enter conversation" Button`
    t =     2.34s         Checking existence of `"Enter conversation" Button`
    t =     2.42s Checking existence of `"Voice processing: ON (default)" Button`
    t =     2.45s Checking existence of `"Voice processing: OFF (control run)" Button`
    t =     2.77s Waiting 3.0s for "Voice processing: ON (default)" Button to exist
    t =     3.78s     Checking `Expect predicate `existsNoRetry == 1` for object "Voice processing: ON (default)" Button`
    t =     3.78s         Checking existence of `"Voice processing: ON (default)" Button`
    t =     3.85s Waiting 5.0s for "Enter conversation" Button to exist
    t =     4.85s     Checking `Expect predicate `existsNoRetry == 1` for object "Enter conversation" Button`
    t =     4.85s         Checking existence of `"Enter conversation" Button`
    t =     4.91s Tap "Enter conversation" Button
    t =     4.91s     Wait for life.soullab.voicekernel.vpio02 to idle
    t =     4.92s     Find the "Enter conversation" Button
    t =     4.96s     Check for interrupting elements affecting "Enter conversation" Button
    t =     5.00s     Synthesize event
    t =     5.29s     Wait for life.soullab.voicekernel.vpio02 to idle
    t =    20.31s Waiting 5.0s for "Export journal" Button to exist
    t =    21.34s     Checking `Expect predicate `existsNoRetry == 1` for object "Export journal" Button`
    t =    21.34s         Checking existence of `"Export journal" Button`
    t =    21.40s Tap "Export journal" Button
    t =    21.40s     Wait for life.soullab.voicekernel.vpio02 to idle
    t =    21.40s     Find the "Export journal" Button
    t =    21.56s     Check for interrupting elements affecting "Export journal" Button
    t =    21.63s     Synthesize event
    t =    21.95s     Wait for life.soullab.voicekernel.vpio02 to idle
    t =    24.17s Terminate life.soullab.voicekernel.vpio02:66550
    t =    25.19s Wait for life.soullab.voicekernel.vpio02 to become Not Running
    t =    25.20s Tear Down
Test Case '-[DriverUITests.K00DriverTests testOneSample]' passed (25.278 seconds).
Test Suite 'K00DriverTests' passed at 2026-09-14 18:38:31.504.
	 Executed 1 test, with 0 failures (0 unexpected) in 25.278 (25.283) seconds
Test Suite 'DriverUITests.xctest' passed at 2026-09-14 18:38:31.507.
	 Executed 1 test, with 0 failures (0 unexpected) in 25.278 (25.287) seconds
Test Suite 'Selected tests' passed at 2026-09-14 18:38:31.509.
	 Executed 1 test, with 0 failures (0 unexpected) in 25.278 (25.290) seconds
2026-09-14 18:38:31.661 xcodebuild[71453:29999377] [MT] IDERunDestination: Supported platforms for the buildables in the current scheme is empty.
2026-09-14 18:38:31.864 xcodebuild[71453:29999377] [MT] IDETestOperationsObserverDebug: 28.165 elapsed -- Testing started completed.
2026-09-14 18:38:31.864 xcodebuild[71453:29999377] [MT] IDETestOperationsObserverDebug: 0.000 sec, +0.000 sec -- start
2026-09-14 18:38:31.864 xcodebuild[71453:29999377] [MT] IDETestOperationsObserverDebug: 28.165 sec, +28.165 sec -- end

Test session results, code coverage, and logs:
	/Users/soullab/Library/Developer/Xcode/DerivedData/VoiceKernelDriver-gfjjytieymgbkgckgrniznsworup/Logs/Test/Test-DriverUITests-2026.09.14_18-38-03--0400.xcresult

** TEST EXECUTE SUCCEEDED **

Testing started
