Command line invocation:
    /Applications/Xcode.app/Contents/Developer/usr/bin/xcodebuild test-without-building -xctestrun /private/tmp/vpio02b-driver-compile-08483cfe4/ios/VoiceKernelDriver/.derived/Build/Products/DriverUITests_iphoneos26.2-arm64.xctestrun -destination id=00008140-00163D9922E0801C -collect-test-diagnostics never "-only-testing:DriverUITests/K00DriverTests/testOneSample"

2026-09-14 18:55:33.422 xcodebuild[73971:30024100] [MT] IDERunDestination: Supported platforms for the buildables in the current scheme is empty.
2026-09-14 18:55:33.424 xcodebuild[73971:30024100] [MT] IDERunDestination: Supported platforms for the buildables in the current scheme is empty.
2026-09-14 18:55:33.528 xcodebuild[73971:30024100] [MT] IDERunDestination: Supported platforms for the buildables in the current scheme is empty.
--- xcodebuild: WARNING: Using the first of multiple matching destinations:
{ platform:iOS, arch:arm64e, id:00008140-00163D9922E0801C, name:Kelly Nezat’s iPhone }
{ platform:iOS, arch:arm64, id:00008140-00163D9922E0801C, name:Kelly Nezat’s iPhone }
2026-09-14 18:55:33.784 xcodebuild[73971:30024100] [MT] IDERunDestination: Supported platforms for the buildables in the current scheme is empty.
2026-09-14 18:55:33.971 xcodebuild[73971:30024100] [MT] IDERunDestination: Supported platforms for the buildables in the current scheme is empty.
2026-09-14 18:55:35.417570-0400 DriverUITests-Runner[66666:14645103] [Default] Running tests...
    t =      nans Interface orientation changed to Portrait
Test Suite 'Selected tests' started at 2026-09-14 18:55:35.898.
Test Suite 'DriverUITests.xctest' started at 2026-09-14 18:55:35.899.
Test Suite 'K00DriverTests' started at 2026-09-14 18:55:35.899.
Test Case '-[DriverUITests.K00DriverTests testOneSample]' started.
    t =     0.00s Start Test at 2026-09-14 18:55:35.900
    t =     0.02s Set Up
    t =     0.02s Open life.soullab.voicekernel.vpio02
    t =     0.03s     Launch life.soullab.voicekernel.vpio02
    t =     0.11s         Setting up automation session
    t =     0.19s         Wait for life.soullab.voicekernel.vpio02 to idle
2026-09-14 18:55:36.186 xcodebuild[73971:30024100] [MT] IDERunDestination: Supported platforms for the buildables in the current scheme is empty.
    t =     1.29s Wait for life.soullab.voicekernel.vpio02 to become Running Foreground
    t =     1.29s Waiting 10.0s for "Enter conversation" Button to exist
    t =     2.31s     Checking `Expect predicate `existsNoRetry == 1` for object "Enter conversation" Button`
    t =     2.31s         Checking existence of `"Enter conversation" Button`
    t =     2.41s Checking existence of `"Voice processing: ON (default)" Button`
    t =     2.44s Checking existence of `"Voice processing: OFF (control run)" Button`
    t =     2.76s Waiting 3.0s for "Voice processing: ON (default)" Button to exist
    t =     3.78s     Checking `Expect predicate `existsNoRetry == 1` for object "Voice processing: ON (default)" Button`
    t =     3.78s         Checking existence of `"Voice processing: ON (default)" Button`
    t =     3.84s Waiting 5.0s for "Enter conversation" Button to exist
    t =     4.86s     Checking `Expect predicate `existsNoRetry == 1` for object "Enter conversation" Button`
    t =     4.86s         Checking existence of `"Enter conversation" Button`
    t =     4.92s Tap "Enter conversation" Button
    t =     4.92s     Wait for life.soullab.voicekernel.vpio02 to idle
    t =     4.93s     Find the "Enter conversation" Button
    t =     4.97s     Check for interrupting elements affecting "Enter conversation" Button
    t =     5.01s     Synthesize event
    t =     5.31s     Wait for life.soullab.voicekernel.vpio02 to idle
    t =    20.33s Waiting 5.0s for "Export journal" Button to exist
    t =    21.36s     Checking `Expect predicate `existsNoRetry == 1` for object "Export journal" Button`
    t =    21.36s         Checking existence of `"Export journal" Button`
    t =    21.42s Tap "Export journal" Button
    t =    21.42s     Wait for life.soullab.voicekernel.vpio02 to idle
    t =    21.43s     Find the "Export journal" Button
    t =    21.46s     Check for interrupting elements affecting "Export journal" Button
    t =    21.50s     Synthesize event
    t =    21.80s     Wait for life.soullab.voicekernel.vpio02 to idle
    t =    24.03s Terminate life.soullab.voicekernel.vpio02:66667
    t =    25.04s Wait for life.soullab.voicekernel.vpio02 to become Not Running
    t =    25.04s Tear Down
Test Case '-[DriverUITests.K00DriverTests testOneSample]' passed (25.113 seconds).
Test Suite 'K00DriverTests' passed at 2026-09-14 18:56:01.016.
	 Executed 1 test, with 0 failures (0 unexpected) in 25.113 (25.118) seconds
Test Suite 'DriverUITests.xctest' passed at 2026-09-14 18:56:01.019.
	 Executed 1 test, with 0 failures (0 unexpected) in 25.113 (25.120) seconds
Test Suite 'Selected tests' passed at 2026-09-14 18:56:01.020.
	 Executed 1 test, with 0 failures (0 unexpected) in 25.113 (25.122) seconds
2026-09-14 18:56:01.215 xcodebuild[73971:30024100] [MT] IDERunDestination: Supported platforms for the buildables in the current scheme is empty.
2026-09-14 18:56:01.413 xcodebuild[73971:30024100] [MT] IDETestOperationsObserverDebug: 27.628 elapsed -- Testing started completed.
2026-09-14 18:56:01.413 xcodebuild[73971:30024100] [MT] IDETestOperationsObserverDebug: 0.000 sec, +0.000 sec -- start
2026-09-14 18:56:01.413 xcodebuild[73971:30024100] [MT] IDETestOperationsObserverDebug: 27.628 sec, +27.628 sec -- end

Test session results, code coverage, and logs:
	/Users/soullab/Library/Developer/Xcode/DerivedData/VoiceKernelDriver-fbctvttjxijstrebzhxnmsgylauy/Logs/Test/Test-DriverUITests-2026.09.14_18-55-33--0400.xcresult

** TEST EXECUTE SUCCEEDED **

Testing started
