Command line invocation:
    /Applications/Xcode.app/Contents/Developer/usr/bin/xcodebuild test-without-building -xctestrun /private/tmp/vpio02b-driver-compile-08483cfe4/ios/VoiceKernelDriver/.derived/Build/Products/DriverUITests_iphoneos26.2-arm64.xctestrun -destination id=00008140-00163D9922E0801C -collect-test-diagnostics never "-only-testing:DriverUITests/K00DriverTests/testOneSample"

2026-09-14 18:45:17.800 xcodebuild[72560:30011249] [MT] IDERunDestination: Supported platforms for the buildables in the current scheme is empty.
2026-09-14 18:45:17.803 xcodebuild[72560:30011249] [MT] IDERunDestination: Supported platforms for the buildables in the current scheme is empty.
2026-09-14 18:45:17.903 xcodebuild[72560:30011249] [MT] IDERunDestination: Supported platforms for the buildables in the current scheme is empty.
--- xcodebuild: WARNING: Using the first of multiple matching destinations:
{ platform:iOS, arch:arm64e, id:00008140-00163D9922E0801C, name:Kelly Nezat’s iPhone }
{ platform:iOS, arch:arm64, id:00008140-00163D9922E0801C, name:Kelly Nezat’s iPhone }
2026-09-14 18:45:18.158 xcodebuild[72560:30011249] [MT] IDERunDestination: Supported platforms for the buildables in the current scheme is empty.
2026-09-14 18:45:20.021901-0400 DriverUITests-Runner[66607:14623039] [Default] Running tests...
    t =      nans Interface orientation changed to Portrait
Test Suite 'Selected tests' started at 2026-09-14 18:45:20.606.
Test Suite 'DriverUITests.xctest' started at 2026-09-14 18:45:20.606.
Test Suite 'K00DriverTests' started at 2026-09-14 18:45:20.606.
Test Case '-[DriverUITests.K00DriverTests testOneSample]' started.
    t =     0.00s Start Test at 2026-09-14 18:45:20.607
    t =     0.01s Set Up
    t =     0.02s Open life.soullab.voicekernel.vpio02
    t =     0.02s     Launch life.soullab.voicekernel.vpio02
    t =     0.10s         Setting up automation session
    t =     0.19s         Wait for life.soullab.voicekernel.vpio02 to idle
2026-09-14 18:45:20.866 xcodebuild[72560:30011249] [MT] IDERunDestination: Supported platforms for the buildables in the current scheme is empty.
    t =     1.29s Wait for life.soullab.voicekernel.vpio02 to become Running Foreground
    t =     1.30s Waiting 10.0s for "Enter conversation" Button to exist
    t =     2.31s     Checking `Expect predicate `existsNoRetry == 1` for object "Enter conversation" Button`
    t =     2.31s         Checking existence of `"Enter conversation" Button`
    t =     2.41s Checking existence of `"Voice processing: ON (default)" Button`
    t =     2.44s Checking existence of `"Voice processing: OFF (control run)" Button`
    t =     2.76s Waiting 3.0s for "Voice processing: ON (default)" Button to exist
    t =     3.81s     Checking `Expect predicate `existsNoRetry == 1` for object "Voice processing: ON (default)" Button`
    t =     3.81s         Checking existence of `"Voice processing: ON (default)" Button`
    t =     3.88s Waiting 5.0s for "Enter conversation" Button to exist
    t =     4.91s     Checking `Expect predicate `existsNoRetry == 1` for object "Enter conversation" Button`
    t =     4.91s         Checking existence of `"Enter conversation" Button`
    t =     4.97s Tap "Enter conversation" Button
    t =     4.97s     Wait for life.soullab.voicekernel.vpio02 to idle
    t =     4.98s     Find the "Enter conversation" Button
    t =     5.02s     Check for interrupting elements affecting "Enter conversation" Button
    t =     5.06s     Synthesize event
    t =     5.36s     Wait for life.soullab.voicekernel.vpio02 to idle
    t =    20.37s Waiting 5.0s for "Export journal" Button to exist
    t =    21.40s     Checking `Expect predicate `existsNoRetry == 1` for object "Export journal" Button`
    t =    21.40s         Checking existence of `"Export journal" Button`
    t =    21.46s Tap "Export journal" Button
    t =    21.46s     Wait for life.soullab.voicekernel.vpio02 to idle
    t =    21.46s     Find the "Export journal" Button
    t =    21.49s     Check for interrupting elements affecting "Export journal" Button
    t =    21.54s     Synthesize event
    t =    21.84s     Wait for life.soullab.voicekernel.vpio02 to idle
    t =    24.05s Terminate life.soullab.voicekernel.vpio02:66608
    t =    25.09s Wait for life.soullab.voicekernel.vpio02 to become Not Running
    t =    25.09s Tear Down
Test Case '-[DriverUITests.K00DriverTests testOneSample]' passed (25.136 seconds).
Test Suite 'K00DriverTests' passed at 2026-09-14 18:45:45.743.
	 Executed 1 test, with 0 failures (0 unexpected) in 25.136 (25.137) seconds
Test Suite 'DriverUITests.xctest' passed at 2026-09-14 18:45:45.748.
	 Executed 1 test, with 0 failures (0 unexpected) in 25.136 (25.141) seconds
Test Suite 'Selected tests' passed at 2026-09-14 18:45:45.755.
	 Executed 1 test, with 0 failures (0 unexpected) in 25.136 (25.149) seconds
2026-09-14 18:45:45.945 xcodebuild[72560:30011249] [MT] IDERunDestination: Supported platforms for the buildables in the current scheme is empty.
2026-09-14 18:45:46.127 xcodebuild[72560:30011249] [MT] IDETestOperationsObserverDebug: 27.968 elapsed -- Testing started completed.
2026-09-14 18:45:46.127 xcodebuild[72560:30011249] [MT] IDETestOperationsObserverDebug: 0.000 sec, +0.000 sec -- start
2026-09-14 18:45:46.127 xcodebuild[72560:30011249] [MT] IDETestOperationsObserverDebug: 27.968 sec, +27.968 sec -- end

Test session results, code coverage, and logs:
	/Users/soullab/Library/Developer/Xcode/DerivedData/VoiceKernelDriver-ajwfnkefduhaqvgimykavhgamrnv/Logs/Test/Test-DriverUITests-2026.09.14_18-45-18--0400.xcresult

** TEST EXECUTE SUCCEEDED **

Testing started
