Command line invocation:
    /Applications/Xcode.app/Contents/Developer/usr/bin/xcodebuild test-without-building -xctestrun /private/tmp/vpio02b-driver-compile-08483cfe4/ios/VoiceKernelDriver/.derived/Build/Products/DriverUITests_iphoneos26.2-arm64.xctestrun -destination id=00008140-00163D9922E0801C -collect-test-diagnostics never "-only-testing:DriverUITests/K00DriverTests/testOneSample"

2026-09-14 18:35:08.700 xcodebuild[71045:29994271] [MT] IDERunDestination: Supported platforms for the buildables in the current scheme is empty.
2026-09-14 18:35:08.703 xcodebuild[71045:29994271] [MT] IDERunDestination: Supported platforms for the buildables in the current scheme is empty.
2026-09-14 18:35:08.803 xcodebuild[71045:29994271] [MT] IDERunDestination: Supported platforms for the buildables in the current scheme is empty.
--- xcodebuild: WARNING: Using the first of multiple matching destinations:
{ platform:iOS, arch:arm64e, id:00008140-00163D9922E0801C, name:Kelly Nezat’s iPhone }
{ platform:iOS, arch:arm64, id:00008140-00163D9922E0801C, name:Kelly Nezat’s iPhone }
2026-09-14 18:35:09.377 xcodebuild[71045:29994271] [MT] IDERunDestination: Supported platforms for the buildables in the current scheme is empty.
2026-09-14 18:35:09.571 xcodebuild[71045:29994271] [MT] IDERunDestination: Supported platforms for the buildables in the current scheme is empty.
2026-09-14 18:35:16.517496-0400 DriverUITests-Runner[66487:14597660] [Default] Running tests...
    t =      nans Interface orientation changed to Portrait
Test Suite 'Selected tests' started at 2026-09-14 18:35:20.712.
Test Suite 'DriverUITests.xctest' started at 2026-09-14 18:35:20.712.
Test Suite 'K00DriverTests' started at 2026-09-14 18:35:20.712.
Test Case '-[DriverUITests.K00DriverTests testOneSample]' started.
    t =     0.00s Start Test at 2026-09-14 18:35:20.713
    t =     0.04s Set Up
    t =     0.04s Open life.soullab.voicekernel.vpio02
    t =     0.05s     Launch life.soullab.voicekernel.vpio02
    t =     0.32s         Setting up automation session
    t =     0.36s         Wait for life.soullab.voicekernel.vpio02 to idle
2026-09-14 18:35:21.151 xcodebuild[71045:29994271] [MT] IDERunDestination: Supported platforms for the buildables in the current scheme is empty.
    t =     1.67s Wait for life.soullab.voicekernel.vpio02 to become Running Foreground
    t =     1.67s Waiting 10.0s for "Enter conversation" Button to exist
    t =     2.71s     Checking `Expect predicate `existsNoRetry == 1` for object "Enter conversation" Button`
    t =     2.71s         Checking existence of `"Enter conversation" Button`
    t =     2.81s Checking existence of `"Voice processing: ON (default)" Button`
    t =     2.84s Checking existence of `"Voice processing: OFF (control run)" Button`
    t =     3.16s Waiting 3.0s for "Voice processing: ON (default)" Button to exist
    t =     4.20s     Checking `Expect predicate `existsNoRetry == 1` for object "Voice processing: ON (default)" Button`
    t =     4.20s         Checking existence of `"Voice processing: ON (default)" Button`
    t =     4.27s Waiting 5.0s for "Enter conversation" Button to exist
    t =     5.29s     Checking `Expect predicate `existsNoRetry == 1` for object "Enter conversation" Button`
    t =     5.29s         Checking existence of `"Enter conversation" Button`
    t =     5.35s Tap "Enter conversation" Button
    t =     5.36s     Wait for life.soullab.voicekernel.vpio02 to idle
    t =     5.36s     Find the "Enter conversation" Button
    t =     5.51s     Check for interrupting elements affecting "Enter conversation" Button
    t =     5.59s     Synthesize event
    t =     5.89s     Wait for life.soullab.voicekernel.vpio02 to idle
    t =    20.91s Waiting 5.0s for "Export journal" Button to exist
    t =    21.95s     Checking `Expect predicate `existsNoRetry == 1` for object "Export journal" Button`
    t =    21.95s         Checking existence of `"Export journal" Button`
    t =    22.00s Tap "Export journal" Button
    t =    22.00s     Wait for life.soullab.voicekernel.vpio02 to idle
    t =    22.01s     Find the "Export journal" Button
    t =    22.04s     Check for interrupting elements affecting "Export journal" Button
    t =    22.08s     Synthesize event
    t =    22.38s     Wait for life.soullab.voicekernel.vpio02 to idle
    t =    24.60s Terminate life.soullab.voicekernel.vpio02:66509
    t =    25.62s Wait for life.soullab.voicekernel.vpio02 to become Not Running
    t =    25.62s Tear Down
Test Case '-[DriverUITests.K00DriverTests testOneSample]' passed (25.723 seconds).
Test Suite 'K00DriverTests' passed at 2026-09-14 18:35:46.437.
	 Executed 1 test, with 0 failures (0 unexpected) in 25.723 (25.725) seconds
Test Suite 'DriverUITests.xctest' passed at 2026-09-14 18:35:46.440.
	 Executed 1 test, with 0 failures (0 unexpected) in 25.723 (25.727) seconds
Test Suite 'Selected tests' passed at 2026-09-14 18:35:46.440.
	 Executed 1 test, with 0 failures (0 unexpected) in 25.723 (25.728) seconds
2026-09-14 18:35:46.529 xcodebuild[71045:29994271] [MT] IDERunDestination: Supported platforms for the buildables in the current scheme is empty.
2026-09-14 18:35:46.765 xcodebuild[71045:29994271] [MT] IDETestOperationsObserverDebug: 37.386 elapsed -- Testing started completed.
2026-09-14 18:35:46.765 xcodebuild[71045:29994271] [MT] IDETestOperationsObserverDebug: 0.000 sec, +0.000 sec -- start
2026-09-14 18:35:46.765 xcodebuild[71045:29994271] [MT] IDETestOperationsObserverDebug: 37.386 sec, +37.386 sec -- end

Test session results, code coverage, and logs:
	/Users/soullab/Library/Developer/Xcode/DerivedData/VoiceKernelDriver-dqgezimiuqrodtcwmwpijbhsfhzq/Logs/Test/Test-DriverUITests-2026.09.14_18-35-08--0400.xcresult

** TEST EXECUTE SUCCEEDED **

Testing started
