Command line invocation:
    /Applications/Xcode.app/Contents/Developer/usr/bin/xcodebuild test-without-building -xctestrun /private/tmp/vpio02b-driver-compile-08483cfe4/ios/VoiceKernelDriver/.derived/Build/Products/DriverUITests_iphoneos26.2-arm64.xctestrun -destination id=00008140-00163D9922E0801C -collect-test-diagnostics never "-only-testing:DriverUITests/K00DriverTests/testOneSample"

2026-09-14 18:36:40.350 xcodebuild[71272:29996896] [MT] IDERunDestination: Supported platforms for the buildables in the current scheme is empty.
2026-09-14 18:36:40.353 xcodebuild[71272:29996896] [MT] IDERunDestination: Supported platforms for the buildables in the current scheme is empty.
2026-09-14 18:36:40.453 xcodebuild[71272:29996896] [MT] IDERunDestination: Supported platforms for the buildables in the current scheme is empty.
--- xcodebuild: WARNING: Using the first of multiple matching destinations:
{ platform:iOS, arch:arm64e, id:00008140-00163D9922E0801C, name:Kelly Nezat’s iPhone }
{ platform:iOS, arch:arm64, id:00008140-00163D9922E0801C, name:Kelly Nezat’s iPhone }
2026-09-14 18:36:40.718 xcodebuild[71272:29996896] [MT] IDERunDestination: Supported platforms for the buildables in the current scheme is empty.
2026-09-14 18:36:40.915 xcodebuild[71272:29996896] [MT] IDERunDestination: Supported platforms for the buildables in the current scheme is empty.
2026-09-14 18:36:42.633602-0400 DriverUITests-Runner[66535:14602356] [Default] Running tests...
    t =      nans Interface orientation changed to Portrait
Test Suite 'Selected tests' started at 2026-09-14 18:36:43.180.
Test Suite 'DriverUITests.xctest' started at 2026-09-14 18:36:43.180.
Test Suite 'K00DriverTests' started at 2026-09-14 18:36:43.180.
Test Case '-[DriverUITests.K00DriverTests testOneSample]' started.
    t =     0.00s Start Test at 2026-09-14 18:36:43.181
    t =     0.02s Set Up
    t =     0.02s Open life.soullab.voicekernel.vpio02
    t =     0.02s     Launch life.soullab.voicekernel.vpio02
    t =     0.11s         Setting up automation session
    t =     0.19s         Wait for life.soullab.voicekernel.vpio02 to idle
2026-09-14 18:36:43.383 xcodebuild[71272:29996896] [MT] IDERunDestination: Supported platforms for the buildables in the current scheme is empty.
    t =     1.31s Wait for life.soullab.voicekernel.vpio02 to become Running Foreground
    t =     1.32s Waiting 10.0s for "Enter conversation" Button to exist
    t =     2.35s     Checking `Expect predicate `existsNoRetry == 1` for object "Enter conversation" Button`
    t =     2.35s         Checking existence of `"Enter conversation" Button`
    t =     2.45s Checking existence of `"Voice processing: ON (default)" Button`
    t =     2.48s Checking existence of `"Voice processing: OFF (control run)" Button`
    t =     2.80s Waiting 3.0s for "Voice processing: ON (default)" Button to exist
    t =     3.82s     Checking `Expect predicate `existsNoRetry == 1` for object "Voice processing: ON (default)" Button`
    t =     3.83s         Checking existence of `"Voice processing: ON (default)" Button`
    t =     3.89s Waiting 5.0s for "Enter conversation" Button to exist
    t =     4.90s     Checking `Expect predicate `existsNoRetry == 1` for object "Enter conversation" Button`
    t =     4.90s         Checking existence of `"Enter conversation" Button`
    t =     4.96s Tap "Enter conversation" Button
    t =     4.96s     Wait for life.soullab.voicekernel.vpio02 to idle
    t =     4.97s     Find the "Enter conversation" Button
    t =     5.01s     Check for interrupting elements affecting "Enter conversation" Button
    t =     5.05s     Synthesize event
    t =     5.45s     Wait for life.soullab.voicekernel.vpio02 to idle
    t =    20.47s Waiting 5.0s for "Export journal" Button to exist
    t =    21.51s     Checking `Expect predicate `existsNoRetry == 1` for object "Export journal" Button`
    t =    21.51s         Checking existence of `"Export journal" Button`
    t =    21.56s Tap "Export journal" Button
    t =    21.56s     Wait for life.soullab.voicekernel.vpio02 to idle
    t =    21.57s     Find the "Export journal" Button
    t =    21.60s     Check for interrupting elements affecting "Export journal" Button
    t =    21.65s     Synthesize event
    t =    21.95s     Wait for life.soullab.voicekernel.vpio02 to idle
    t =    24.17s Terminate life.soullab.voicekernel.vpio02:66536
    t =    25.23s Wait for life.soullab.voicekernel.vpio02 to become Not Running
    t =    25.23s Tear Down
Test Case '-[DriverUITests.K00DriverTests testOneSample]' passed (25.294 seconds).
Test Suite 'K00DriverTests' passed at 2026-09-14 18:37:08.478.
	 Executed 1 test, with 0 failures (0 unexpected) in 25.294 (25.298) seconds
Test Suite 'DriverUITests.xctest' passed at 2026-09-14 18:37:08.484.
	 Executed 1 test, with 0 failures (0 unexpected) in 25.294 (25.304) seconds
Test Suite 'Selected tests' passed at 2026-09-14 18:37:08.487.
	 Executed 1 test, with 0 failures (0 unexpected) in 25.294 (25.307) seconds
2026-09-14 18:37:08.595 xcodebuild[71272:29996896] [MT] IDERunDestination: Supported platforms for the buildables in the current scheme is empty.
2026-09-14 18:37:08.821 xcodebuild[71272:29996896] [MT] IDETestOperationsObserverDebug: 28.102 elapsed -- Testing started completed.
2026-09-14 18:37:08.821 xcodebuild[71272:29996896] [MT] IDETestOperationsObserverDebug: 0.000 sec, +0.000 sec -- start
2026-09-14 18:37:08.821 xcodebuild[71272:29996896] [MT] IDETestOperationsObserverDebug: 28.102 sec, +28.102 sec -- end

Test session results, code coverage, and logs:
	/Users/soullab/Library/Developer/Xcode/DerivedData/VoiceKernelDriver-gokgcondhtthkqcxolltipwsteeu/Logs/Test/Test-DriverUITests-2026.09.14_18-36-40--0400.xcresult

** TEST EXECUTE SUCCEEDED **

Testing started
