Command line invocation:
    /Applications/Xcode.app/Contents/Developer/usr/bin/xcodebuild test-without-building -xctestrun /private/tmp/vpio02b-driver-compile-08483cfe4/ios/VoiceKernelDriver/.derived/Build/Products/DriverUITests_iphoneos26.2-arm64.xctestrun -destination id=00008140-00163D9922E0801C -collect-test-diagnostics never "-only-testing:DriverUITests/K00DriverTests/testOneSample"

2026-09-14 18:43:03.732 xcodebuild[72271:30008317] [MT] IDERunDestination: Supported platforms for the buildables in the current scheme is empty.
2026-09-14 18:43:03.735 xcodebuild[72271:30008317] [MT] IDERunDestination: Supported platforms for the buildables in the current scheme is empty.
2026-09-14 18:43:03.835 xcodebuild[72271:30008317] [MT] IDERunDestination: Supported platforms for the buildables in the current scheme is empty.
--- xcodebuild: WARNING: Using the first of multiple matching destinations:
{ platform:iOS, arch:arm64e, id:00008140-00163D9922E0801C, name:Kelly Nezat’s iPhone }
{ platform:iOS, arch:arm64, id:00008140-00163D9922E0801C, name:Kelly Nezat’s iPhone }
2026-09-14 18:43:04.105 xcodebuild[72271:30008317] [MT] IDERunDestination: Supported platforms for the buildables in the current scheme is empty.
2026-09-14 18:43:04.300 xcodebuild[72271:30008317] [MT] IDERunDestination: Supported platforms for the buildables in the current scheme is empty.
2026-09-14 18:43:06.121040-0400 DriverUITests-Runner[66578:14617642] [Default] Running tests...
    t =      nans Interface orientation changed to Portrait
Test Suite 'Selected tests' started at 2026-09-14 18:43:06.599.
Test Suite 'DriverUITests.xctest' started at 2026-09-14 18:43:06.600.
Test Suite 'K00DriverTests' started at 2026-09-14 18:43:06.601.
Test Case '-[DriverUITests.K00DriverTests testOneSample]' started.
    t =     0.00s Start Test at 2026-09-14 18:43:06.602
    t =     0.02s Set Up
    t =     0.03s Open life.soullab.voicekernel.vpio02
    t =     0.03s     Launch life.soullab.voicekernel.vpio02
    t =     0.10s         Setting up automation session
    t =     0.18s         Wait for life.soullab.voicekernel.vpio02 to idle
2026-09-14 18:43:06.863 xcodebuild[72271:30008317] [MT] IDERunDestination: Supported platforms for the buildables in the current scheme is empty.
    t =     1.28s Wait for life.soullab.voicekernel.vpio02 to become Running Foreground
    t =     1.29s Waiting 10.0s for "Enter conversation" Button to exist
    t =     2.33s     Checking `Expect predicate `existsNoRetry == 1` for object "Enter conversation" Button`
    t =     2.33s         Checking existence of `"Enter conversation" Button`
    t =     2.43s Checking existence of `"Voice processing: ON (default)" Button`
    t =     2.45s Checking existence of `"Voice processing: OFF (control run)" Button`
    t =     2.78s Waiting 3.0s for "Voice processing: ON (default)" Button to exist
    t =     3.79s     Checking `Expect predicate `existsNoRetry == 1` for object "Voice processing: ON (default)" Button`
    t =     3.79s         Checking existence of `"Voice processing: ON (default)" Button`
    t =     3.86s Waiting 5.0s for "Enter conversation" Button to exist
    t =     4.87s     Checking `Expect predicate `existsNoRetry == 1` for object "Enter conversation" Button`
    t =     4.87s         Checking existence of `"Enter conversation" Button`
    t =     4.93s Tap "Enter conversation" Button
    t =     4.93s     Wait for life.soullab.voicekernel.vpio02 to idle
    t =     4.94s     Find the "Enter conversation" Button
    t =     4.97s     Check for interrupting elements affecting "Enter conversation" Button
    t =     5.02s     Synthesize event
    t =     5.31s     Wait for life.soullab.voicekernel.vpio02 to idle
    t =    20.33s Waiting 5.0s for "Export journal" Button to exist
    t =    21.36s     Checking `Expect predicate `existsNoRetry == 1` for object "Export journal" Button`
    t =    21.37s         Checking existence of `"Export journal" Button`
    t =    21.42s Tap "Export journal" Button
    t =    21.42s     Wait for life.soullab.voicekernel.vpio02 to idle
    t =    21.43s     Find the "Export journal" Button
    t =    21.47s     Check for interrupting elements affecting "Export journal" Button
    t =    21.50s     Synthesize event
    t =    21.81s     Wait for life.soullab.voicekernel.vpio02 to idle
    t =    24.01s Terminate life.soullab.voicekernel.vpio02:66579
    t =    25.08s Wait for life.soullab.voicekernel.vpio02 to become Not Running
    t =    25.09s Tear Down
Test Case '-[DriverUITests.K00DriverTests testOneSample]' passed (25.164 seconds).
Test Suite 'K00DriverTests' passed at 2026-09-14 18:43:31.771.
	 Executed 1 test, with 0 failures (0 unexpected) in 25.164 (25.170) seconds
Test Suite 'DriverUITests.xctest' passed at 2026-09-14 18:43:31.774.
	 Executed 1 test, with 0 failures (0 unexpected) in 25.164 (25.174) seconds
Test Suite 'Selected tests' passed at 2026-09-14 18:43:31.777.
	 Executed 1 test, with 0 failures (0 unexpected) in 25.164 (25.178) seconds
2026-09-14 18:43:31.937 xcodebuild[72271:30008317] [MT] IDERunDestination: Supported platforms for the buildables in the current scheme is empty.
2026-09-14 18:43:32.157 xcodebuild[72271:30008317] [MT] IDETestOperationsObserverDebug: 28.051 elapsed -- Testing started completed.
2026-09-14 18:43:32.157 xcodebuild[72271:30008317] [MT] IDETestOperationsObserverDebug: 0.000 sec, +0.000 sec -- start
2026-09-14 18:43:32.157 xcodebuild[72271:30008317] [MT] IDETestOperationsObserverDebug: 28.051 sec, +28.051 sec -- end

Test session results, code coverage, and logs:
	/Users/soullab/Library/Developer/Xcode/DerivedData/VoiceKernelDriver-aedqbaaceakipvbrsbvtnoiyutwh/Logs/Test/Test-DriverUITests-2026.09.14_18-43-03--0400.xcresult

** TEST EXECUTE SUCCEEDED **

Testing started
