Command line invocation:
    /Applications/Xcode.app/Contents/Developer/usr/bin/xcodebuild test-without-building -xctestrun /private/tmp/vpio02b-driver-compile-08483cfe4/ios/VoiceKernelDriver/.derived/Build/Products/DriverUITests_iphoneos26.2-arm64.xctestrun -destination id=00008140-00163D9922E0801C -collect-test-diagnostics never "-only-testing:DriverUITests/K00DriverTests/testOneSample"

2026-09-14 18:44:32.884 xcodebuild[72480:30010416] [MT] IDERunDestination: Supported platforms for the buildables in the current scheme is empty.
2026-09-14 18:44:32.887 xcodebuild[72480:30010416] [MT] IDERunDestination: Supported platforms for the buildables in the current scheme is empty.
2026-09-14 18:44:32.987 xcodebuild[72480:30010416] [MT] IDERunDestination: Supported platforms for the buildables in the current scheme is empty.
--- xcodebuild: WARNING: Using the first of multiple matching destinations:
{ platform:iOS, arch:arm64e, id:00008140-00163D9922E0801C, name:Kelly Nezat’s iPhone }
{ platform:iOS, arch:arm64, id:00008140-00163D9922E0801C, name:Kelly Nezat’s iPhone }
2026-09-14 18:44:33.244 xcodebuild[72480:30010416] [MT] IDERunDestination: Supported platforms for the buildables in the current scheme is empty.
2026-09-14 18:44:33.431 xcodebuild[72480:30010416] [MT] IDERunDestination: Supported platforms for the buildables in the current scheme is empty.
2026-09-14 18:44:34.983038-0400 DriverUITests-Runner[66593:14621170] [Default] Running tests...
    t =      nans Interface orientation changed to Portrait
Test Suite 'Selected tests' started at 2026-09-14 18:44:35.563.
Test Suite 'DriverUITests.xctest' started at 2026-09-14 18:44:35.563.
Test Suite 'K00DriverTests' started at 2026-09-14 18:44:35.564.
Test Case '-[DriverUITests.K00DriverTests testOneSample]' started.
    t =     0.00s Start Test at 2026-09-14 18:44:35.564
    t =     0.02s Set Up
    t =     0.03s Open life.soullab.voicekernel.vpio02
    t =     0.03s     Launch life.soullab.voicekernel.vpio02
    t =     0.10s         Setting up automation session
    t =     0.18s         Wait for life.soullab.voicekernel.vpio02 to idle
2026-09-14 18:44:35.828 xcodebuild[72480:30010416] [MT] IDERunDestination: Supported platforms for the buildables in the current scheme is empty.
    t =     1.28s Wait for life.soullab.voicekernel.vpio02 to become Running Foreground
    t =     1.28s Waiting 10.0s for "Enter conversation" Button to exist
    t =     2.34s     Checking `Expect predicate `existsNoRetry == 1` for object "Enter conversation" Button`
    t =     2.35s         Checking existence of `"Enter conversation" Button`
    t =     2.44s Checking existence of `"Voice processing: ON (default)" Button`
    t =     2.47s Checking existence of `"Voice processing: OFF (control run)" Button`
    t =     2.79s Waiting 3.0s for "Voice processing: ON (default)" Button to exist
    t =     3.83s     Checking `Expect predicate `existsNoRetry == 1` for object "Voice processing: ON (default)" Button`
    t =     3.83s         Checking existence of `"Voice processing: ON (default)" Button`
    t =     3.89s Waiting 5.0s for "Enter conversation" Button to exist
    t =     4.92s     Checking `Expect predicate `existsNoRetry == 1` for object "Enter conversation" Button`
    t =     4.92s         Checking existence of `"Enter conversation" Button`
    t =     4.99s Tap "Enter conversation" Button
    t =     4.99s     Wait for life.soullab.voicekernel.vpio02 to idle
    t =     4.99s     Find the "Enter conversation" Button
    t =     5.03s     Check for interrupting elements affecting "Enter conversation" Button
    t =     5.08s     Synthesize event
    t =     5.38s     Wait for life.soullab.voicekernel.vpio02 to idle
    t =    20.40s Waiting 5.0s for "Export journal" Button to exist
    t =    21.42s     Checking `Expect predicate `existsNoRetry == 1` for object "Export journal" Button`
    t =    21.42s         Checking existence of `"Export journal" Button`
    t =    21.48s Tap "Export journal" Button
    t =    21.48s     Wait for life.soullab.voicekernel.vpio02 to idle
    t =    21.48s     Find the "Export journal" Button
    t =    21.52s     Check for interrupting elements affecting "Export journal" Button
    t =    21.55s     Synthesize event
    t =    21.87s     Wait for life.soullab.voicekernel.vpio02 to idle
    t =    24.07s Terminate life.soullab.voicekernel.vpio02:66594
    t =    25.16s Wait for life.soullab.voicekernel.vpio02 to become Not Running
    t =    25.17s Tear Down
Test Case '-[DriverUITests.K00DriverTests testOneSample]' passed (25.227 seconds).
Test Suite 'K00DriverTests' passed at 2026-09-14 18:45:00.792.
	 Executed 1 test, with 0 failures (0 unexpected) in 25.227 (25.228) seconds
Test Suite 'DriverUITests.xctest' passed at 2026-09-14 18:45:00.792.
	 Executed 1 test, with 0 failures (0 unexpected) in 25.227 (25.229) seconds
Test Suite 'Selected tests' passed at 2026-09-14 18:45:00.793.
	 Executed 1 test, with 0 failures (0 unexpected) in 25.227 (25.230) seconds
2026-09-14 18:45:00.975 xcodebuild[72480:30010416] [MT] IDERunDestination: Supported platforms for the buildables in the current scheme is empty.
2026-09-14 18:45:01.151 xcodebuild[72480:30010416] [MT] IDETestOperationsObserverDebug: 27.905 elapsed -- Testing started completed.
2026-09-14 18:45:01.151 xcodebuild[72480:30010416] [MT] IDETestOperationsObserverDebug: 0.000 sec, +0.000 sec -- start
2026-09-14 18:45:01.151 xcodebuild[72480:30010416] [MT] IDETestOperationsObserverDebug: 27.905 sec, +27.905 sec -- end

Test session results, code coverage, and logs:
	/Users/soullab/Library/Developer/Xcode/DerivedData/VoiceKernelDriver-ddhqlwgolxisbheocsvviumvksmw/Logs/Test/Test-DriverUITests-2026.09.14_18-44-33--0400.xcresult

** TEST EXECUTE SUCCEEDED **

Testing started
