Command line invocation:
    /Applications/Xcode.app/Contents/Developer/usr/bin/xcodebuild test-without-building -xctestrun /private/tmp/vpio02b-driver-compile-08483cfe4/ios/VoiceKernelDriver/.derived/Build/Products/DriverUITests_iphoneos26.2-arm64.xctestrun -destination id=00008140-00163D9922E0801C -collect-test-diagnostics never "-only-testing:DriverUITests/K00DriverTests/testOneSample"

2026-09-14 18:40:10.177 xcodebuild[71862:30003522] [MT] IDERunDestination: Supported platforms for the buildables in the current scheme is empty.
2026-09-14 18:40:10.180 xcodebuild[71862:30003522] [MT] IDERunDestination: Supported platforms for the buildables in the current scheme is empty.
2026-09-14 18:40:10.280 xcodebuild[71862:30003522] [MT] IDERunDestination: Supported platforms for the buildables in the current scheme is empty.
--- xcodebuild: WARNING: Using the first of multiple matching destinations:
{ platform:iOS, arch:arm64e, id:00008140-00163D9922E0801C, name:Kelly Nezat’s iPhone }
{ platform:iOS, arch:arm64, id:00008140-00163D9922E0801C, name:Kelly Nezat’s iPhone }
2026-09-14 18:40:10.556 xcodebuild[71862:30003522] [MT] IDERunDestination: Supported platforms for the buildables in the current scheme is empty.
2026-09-14 18:40:10.756 xcodebuild[71862:30003522] [MT] IDERunDestination: Supported platforms for the buildables in the current scheme is empty.
2026-09-14 18:40:12.316092-0400 DriverUITests-Runner[66559:14610855] [Default] Running tests...
    t =      nans Interface orientation changed to Portrait
Test Suite 'Selected tests' started at 2026-09-14 18:40:12.791.
Test Suite 'DriverUITests.xctest' started at 2026-09-14 18:40:12.792.
Test Suite 'K00DriverTests' started at 2026-09-14 18:40:12.792.
Test Case '-[DriverUITests.K00DriverTests testOneSample]' started.
    t =     0.00s Start Test at 2026-09-14 18:40:12.793
    t =     0.02s Set Up
    t =     0.03s Open life.soullab.voicekernel.vpio02
    t =     0.03s     Launch life.soullab.voicekernel.vpio02
    t =     0.10s         Setting up automation session
    t =     0.18s         Wait for life.soullab.voicekernel.vpio02 to idle
2026-09-14 18:40:13.024 xcodebuild[71862:30003522] [MT] IDERunDestination: Supported platforms for the buildables in the current scheme is empty.
    t =     1.28s Wait for life.soullab.voicekernel.vpio02 to become Running Foreground
    t =     1.28s Waiting 10.0s for "Enter conversation" Button to exist
    t =     2.29s     Checking `Expect predicate `existsNoRetry == 1` for object "Enter conversation" Button`
    t =     2.29s         Checking existence of `"Enter conversation" Button`
    t =     2.38s Checking existence of `"Voice processing: ON (default)" Button`
    t =     2.41s Checking existence of `"Voice processing: OFF (control run)" Button`
    t =     2.73s Waiting 3.0s for "Voice processing: ON (default)" Button to exist
    t =     3.75s     Checking `Expect predicate `existsNoRetry == 1` for object "Voice processing: ON (default)" Button`
    t =     3.75s         Checking existence of `"Voice processing: ON (default)" Button`
    t =     3.81s Waiting 5.0s for "Enter conversation" Button to exist
    t =     4.82s     Checking `Expect predicate `existsNoRetry == 1` for object "Enter conversation" Button`
    t =     4.83s         Checking existence of `"Enter conversation" Button`
    t =     4.88s Tap "Enter conversation" Button
    t =     4.88s     Wait for life.soullab.voicekernel.vpio02 to idle
    t =     4.89s     Find the "Enter conversation" Button
    t =     4.92s     Check for interrupting elements affecting "Enter conversation" Button
    t =     4.96s     Synthesize event
    t =     5.26s     Wait for life.soullab.voicekernel.vpio02 to idle
    t =    20.27s Waiting 5.0s for "Export journal" Button to exist
    t =    21.30s     Checking `Expect predicate `existsNoRetry == 1` for object "Export journal" Button`
    t =    21.30s         Checking existence of `"Export journal" Button`
    t =    21.37s Tap "Export journal" Button
    t =    21.37s     Wait for life.soullab.voicekernel.vpio02 to idle
    t =    21.38s     Find the "Export journal" Button
    t =    21.41s     Check for interrupting elements affecting "Export journal" Button
    t =    21.45s     Synthesize event
    t =    21.75s     Wait for life.soullab.voicekernel.vpio02 to idle
    t =    23.96s Terminate life.soullab.voicekernel.vpio02:66560
    t =    25.00s Wait for life.soullab.voicekernel.vpio02 to become Not Running
    t =    25.00s Tear Down
Test Case '-[DriverUITests.K00DriverTests testOneSample]' passed (25.057 seconds).
Test Suite 'K00DriverTests' passed at 2026-09-14 18:40:37.856.
	 Executed 1 test, with 0 failures (0 unexpected) in 25.057 (25.064) seconds
Test Suite 'DriverUITests.xctest' passed at 2026-09-14 18:40:37.861.
	 Executed 1 test, with 0 failures (0 unexpected) in 25.057 (25.069) seconds
Test Suite 'Selected tests' passed at 2026-09-14 18:40:37.863.
	 Executed 1 test, with 0 failures (0 unexpected) in 25.057 (25.071) seconds
2026-09-14 18:40:38.029 xcodebuild[71862:30003522] [MT] IDERunDestination: Supported platforms for the buildables in the current scheme is empty.
2026-09-14 18:40:38.220 xcodebuild[71862:30003522] [MT] IDETestOperationsObserverDebug: 27.663 elapsed -- Testing started completed.
2026-09-14 18:40:38.220 xcodebuild[71862:30003522] [MT] IDETestOperationsObserverDebug: 0.000 sec, +0.000 sec -- start
2026-09-14 18:40:38.220 xcodebuild[71862:30003522] [MT] IDETestOperationsObserverDebug: 27.663 sec, +27.663 sec -- end

Test session results, code coverage, and logs:
	/Users/soullab/Library/Developer/Xcode/DerivedData/VoiceKernelDriver-evodxrohlgzqblbysedqvhvtjzkr/Logs/Test/Test-DriverUITests-2026.09.14_18-40-10--0400.xcresult

** TEST EXECUTE SUCCEEDED **

Testing started
