Command line invocation:
    /Applications/Xcode.app/Contents/Developer/usr/bin/xcodebuild test-without-building -xctestrun /private/tmp/vpio02b-driver-compile-08483cfe4/ios/VoiceKernelDriver/.derived/Build/Products/DriverUITests_iphoneos26.2-arm64.xctestrun -destination id=00008140-00163D9922E0801C -collect-test-diagnostics never "-only-testing:DriverUITests/K00DriverTests/testOneSample"

2026-09-14 18:38:45.432 xcodebuild[71675:30000876] [MT] IDERunDestination: Supported platforms for the buildables in the current scheme is empty.
2026-09-14 18:38:45.436 xcodebuild[71675:30000876] [MT] IDERunDestination: Supported platforms for the buildables in the current scheme is empty.
2026-09-14 18:38:45.535 xcodebuild[71675:30000876] [MT] IDERunDestination: Supported platforms for the buildables in the current scheme is empty.
--- xcodebuild: WARNING: Using the first of multiple matching destinations:
{ platform:iOS, arch:arm64e, id:00008140-00163D9922E0801C, name:Kelly Nezat’s iPhone }
{ platform:iOS, arch:arm64, id:00008140-00163D9922E0801C, name:Kelly Nezat’s iPhone }
2026-09-14 18:38:45.811 xcodebuild[71675:30000876] [MT] IDERunDestination: Supported platforms for the buildables in the current scheme is empty.
2026-09-14 18:38:47.657214-0400 DriverUITests-Runner[66552:14607532] [Default] Running tests...
    t =      nans Interface orientation changed to Portrait
Test Suite 'Selected tests' started at 2026-09-14 18:38:48.129.
Test Suite 'DriverUITests.xctest' started at 2026-09-14 18:38:48.130.
Test Suite 'K00DriverTests' started at 2026-09-14 18:38:48.130.
Test Case '-[DriverUITests.K00DriverTests testOneSample]' started.
    t =     0.00s Start Test at 2026-09-14 18:38:48.131
    t =     0.02s Set Up
    t =     0.03s Open life.soullab.voicekernel.vpio02
    t =     0.03s     Launch life.soullab.voicekernel.vpio02
    t =     0.11s         Setting up automation session
    t =     0.19s         Wait for life.soullab.voicekernel.vpio02 to idle
2026-09-14 18:38:48.358 xcodebuild[71675:30000876] [MT] IDERunDestination: Supported platforms for the buildables in the current scheme is empty.
    t =     1.28s Wait for life.soullab.voicekernel.vpio02 to become Running Foreground
    t =     1.29s Waiting 10.0s for "Enter conversation" Button to exist
    t =     2.34s     Checking `Expect predicate `existsNoRetry == 1` for object "Enter conversation" Button`
    t =     2.34s         Checking existence of `"Enter conversation" Button`
    t =     2.44s Checking existence of `"Voice processing: ON (default)" Button`
    t =     2.47s Checking existence of `"Voice processing: OFF (control run)" Button`
    t =     2.79s Waiting 3.0s for "Voice processing: ON (default)" Button to exist
    t =     3.80s     Checking `Expect predicate `existsNoRetry == 1` for object "Voice processing: ON (default)" Button`
    t =     3.80s         Checking existence of `"Voice processing: ON (default)" Button`
    t =     3.87s Waiting 5.0s for "Enter conversation" Button to exist
    t =     4.90s     Checking `Expect predicate `existsNoRetry == 1` for object "Enter conversation" Button`
    t =     4.90s         Checking existence of `"Enter conversation" Button`
    t =     4.96s Tap "Enter conversation" Button
    t =     4.96s     Wait for life.soullab.voicekernel.vpio02 to idle
    t =     4.97s     Find the "Enter conversation" Button
    t =     5.11s     Check for interrupting elements affecting "Enter conversation" Button
    t =     5.18s     Synthesize event
    t =     5.60s     Wait for life.soullab.voicekernel.vpio02 to idle
2026-09-14 18:39:00.148 xcodebuild[71675:30000876] [MT] IDERunDestination: Supported platforms for the buildables in the current scheme is empty.
    t =    20.61s Waiting 5.0s for "Export journal" Button to exist
    t =    21.63s     Checking `Expect predicate `existsNoRetry == 1` for object "Export journal" Button`
    t =    21.64s         Checking existence of `"Export journal" Button`
    t =    21.69s Tap "Export journal" Button
    t =    21.69s     Wait for life.soullab.voicekernel.vpio02 to idle
    t =    21.70s     Find the "Export journal" Button
    t =    21.73s     Check for interrupting elements affecting "Export journal" Button
    t =    21.78s     Synthesize event
    t =    22.07s     Wait for life.soullab.voicekernel.vpio02 to idle
    t =    24.28s Terminate life.soullab.voicekernel.vpio02:66553
    t =    25.29s Wait for life.soullab.voicekernel.vpio02 to become Not Running
    t =    25.29s Tear Down
Test Case '-[DriverUITests.K00DriverTests testOneSample]' passed (25.357 seconds).
Test Suite 'K00DriverTests' passed at 2026-09-14 18:39:13.490.
	 Executed 1 test, with 0 failures (0 unexpected) in 25.357 (25.360) seconds
Test Suite 'DriverUITests.xctest' passed at 2026-09-14 18:39:13.502.
	 Executed 1 test, with 0 failures (0 unexpected) in 25.357 (25.372) seconds
Test Suite 'Selected tests' passed at 2026-09-14 18:39:13.504.
	 Executed 1 test, with 0 failures (0 unexpected) in 25.357 (25.375) seconds
2026-09-14 18:39:13.654 xcodebuild[71675:30000876] [MT] IDERunDestination: Supported platforms for the buildables in the current scheme is empty.
2026-09-14 18:39:13.858 xcodebuild[71675:30000876] [MT] IDETestOperationsObserverDebug: 28.046 elapsed -- Testing started completed.
2026-09-14 18:39:13.858 xcodebuild[71675:30000876] [MT] IDETestOperationsObserverDebug: 0.000 sec, +0.000 sec -- start
2026-09-14 18:39:13.858 xcodebuild[71675:30000876] [MT] IDETestOperationsObserverDebug: 28.046 sec, +28.046 sec -- end

Test session results, code coverage, and logs:
	/Users/soullab/Library/Developer/Xcode/DerivedData/VoiceKernelDriver-eeoarwylcchbebcusstnpcqmcgha/Logs/Test/Test-DriverUITests-2026.09.14_18-38-45--0400.xcresult

** TEST EXECUTE SUCCEEDED **

Testing started
