Command line invocation:
    /Applications/Xcode.app/Contents/Developer/usr/bin/xcodebuild test-without-building -xctestrun /private/tmp/vpio02b-driver-compile-08483cfe4/ios/VoiceKernelDriver/.derived/Build/Products/DriverUITests_iphoneos26.2-arm64.xctestrun -destination id=00008140-00163D9922E0801C -collect-test-diagnostics never "-only-testing:DriverUITests/K00DriverTests/testOneSample"

2026-09-14 18:46:48.880 xcodebuild[72814:30013604] [MT] IDERunDestination: Supported platforms for the buildables in the current scheme is empty.
2026-09-14 18:46:48.883 xcodebuild[72814:30013604] [MT] IDERunDestination: Supported platforms for the buildables in the current scheme is empty.
2026-09-14 18:46:48.986 xcodebuild[72814:30013604] [MT] IDERunDestination: Supported platforms for the buildables in the current scheme is empty.
--- xcodebuild: WARNING: Using the first of multiple matching destinations:
{ platform:iOS, arch:arm64e, id:00008140-00163D9922E0801C, name:Kelly Nezat’s iPhone }
{ platform:iOS, arch:arm64, id:00008140-00163D9922E0801C, name:Kelly Nezat’s iPhone }
2026-09-14 18:46:49.256 xcodebuild[72814:30013604] [MT] IDERunDestination: Supported platforms for the buildables in the current scheme is empty.
2026-09-14 18:46:49.446 xcodebuild[72814:30013604] [MT] IDERunDestination: Supported platforms for the buildables in the current scheme is empty.
2026-09-14 18:46:51.101049-0400 DriverUITests-Runner[66616:14626524] [Default] Running tests...
    t =      nans Interface orientation changed to Portrait
Test Suite 'Selected tests' started at 2026-09-14 18:46:51.572.
Test Suite 'DriverUITests.xctest' started at 2026-09-14 18:46:51.573.
Test Suite 'K00DriverTests' started at 2026-09-14 18:46:51.573.
Test Case '-[DriverUITests.K00DriverTests testOneSample]' started.
    t =     0.00s Start Test at 2026-09-14 18:46:51.574
    t =     0.02s Set Up
    t =     0.03s Open life.soullab.voicekernel.vpio02
    t =     0.03s     Launch life.soullab.voicekernel.vpio02
    t =     0.11s         Setting up automation session
    t =     0.18s         Wait for life.soullab.voicekernel.vpio02 to idle
2026-09-14 18:46:51.849 xcodebuild[72814:30013604] [MT] IDERunDestination: Supported platforms for the buildables in the current scheme is empty.
    t =     1.28s Wait for life.soullab.voicekernel.vpio02 to become Running Foreground
    t =     1.29s Waiting 10.0s for "Enter conversation" Button to exist
    t =     2.30s     Checking `Expect predicate `existsNoRetry == 1` for object "Enter conversation" Button`
    t =     2.31s         Checking existence of `"Enter conversation" Button`
    t =     2.39s Checking existence of `"Voice processing: ON (default)" Button`
    t =     2.42s Checking existence of `"Voice processing: OFF (control run)" Button`
    t =     2.75s Waiting 3.0s for "Voice processing: ON (default)" Button to exist
    t =     3.76s     Checking `Expect predicate `existsNoRetry == 1` for object "Voice processing: ON (default)" Button`
    t =     3.77s         Checking existence of `"Voice processing: ON (default)" Button`
    t =     3.83s Waiting 5.0s for "Enter conversation" Button to exist
    t =     4.86s     Checking `Expect predicate `existsNoRetry == 1` for object "Enter conversation" Button`
    t =     4.87s         Checking existence of `"Enter conversation" Button`
    t =     4.92s Tap "Enter conversation" Button
    t =     4.93s     Wait for life.soullab.voicekernel.vpio02 to idle
    t =     4.93s     Find the "Enter conversation" Button
    t =     4.97s     Check for interrupting elements affecting "Enter conversation" Button
    t =     5.01s     Synthesize event
    t =     5.31s     Wait for life.soullab.voicekernel.vpio02 to idle
2026-09-14 18:47:00.139 xcodebuild[72814:30013604] [MT] IDERunDestination: Supported platforms for the buildables in the current scheme is empty.
    t =    20.32s Waiting 5.0s for "Export journal" Button to exist
    t =    21.34s     Checking `Expect predicate `existsNoRetry == 1` for object "Export journal" Button`
    t =    21.34s         Checking existence of `"Export journal" Button`
    t =    21.39s Tap "Export journal" Button
    t =    21.39s     Wait for life.soullab.voicekernel.vpio02 to idle
    t =    21.40s     Find the "Export journal" Button
    t =    21.43s     Check for interrupting elements affecting "Export journal" Button
    t =    21.47s     Synthesize event
    t =    21.78s     Wait for life.soullab.voicekernel.vpio02 to idle
    t =    23.99s Terminate life.soullab.voicekernel.vpio02:66617
    t =    25.00s Wait for life.soullab.voicekernel.vpio02 to become Not Running
    t =    25.00s Tear Down
Test Case '-[DriverUITests.K00DriverTests testOneSample]' passed (25.069 seconds).
Test Suite 'K00DriverTests' passed at 2026-09-14 18:47:16.652.
	 Executed 1 test, with 0 failures (0 unexpected) in 25.069 (25.079) seconds
Test Suite 'DriverUITests.xctest' passed at 2026-09-14 18:47:16.654.
	 Executed 1 test, with 0 failures (0 unexpected) in 25.069 (25.081) seconds
Test Suite 'Selected tests' passed at 2026-09-14 18:47:16.655.
	 Executed 1 test, with 0 failures (0 unexpected) in 25.069 (25.082) seconds
2026-09-14 18:47:16.832 xcodebuild[72814:30013604] [MT] IDERunDestination: Supported platforms for the buildables in the current scheme is empty.
2026-09-14 18:47:17.035 xcodebuild[72814:30013604] [MT] IDETestOperationsObserverDebug: 27.778 elapsed -- Testing started completed.
2026-09-14 18:47:17.035 xcodebuild[72814:30013604] [MT] IDETestOperationsObserverDebug: 0.000 sec, +0.000 sec -- start
2026-09-14 18:47:17.035 xcodebuild[72814:30013604] [MT] IDETestOperationsObserverDebug: 27.778 sec, +27.778 sec -- end

Test session results, code coverage, and logs:
	/Users/soullab/Library/Developer/Xcode/DerivedData/VoiceKernelDriver-geofawvghtqpzyhjmvdhsvutetrd/Logs/Test/Test-DriverUITests-2026.09.14_18-46-49--0400.xcresult

** TEST EXECUTE SUCCEEDED **

Testing started
