Command line invocation:
    /Applications/Xcode.app/Contents/Developer/usr/bin/xcodebuild test-without-building -xctestrun /private/tmp/vpio02b-driver-compile-08483cfe4/ios/VoiceKernelDriver/.derived/Build/Products/DriverUITests_iphoneos26.2-arm64.xctestrun -destination id=00008140-00163D9922E0801C -collect-test-diagnostics never "-only-testing:DriverUITests/K00DriverTests/testOneSample"

2026-09-14 18:42:19.786 xcodebuild[72168:30007303] [MT] IDERunDestination: Supported platforms for the buildables in the current scheme is empty.
2026-09-14 18:42:19.789 xcodebuild[72168:30007303] [MT] IDERunDestination: Supported platforms for the buildables in the current scheme is empty.
2026-09-14 18:42:19.887 xcodebuild[72168:30007303] [MT] IDERunDestination: Supported platforms for the buildables in the current scheme is empty.
--- xcodebuild: WARNING: Using the first of multiple matching destinations:
{ platform:iOS, arch:arm64e, id:00008140-00163D9922E0801C, name:Kelly Nezat’s iPhone }
{ platform:iOS, arch:arm64, id:00008140-00163D9922E0801C, name:Kelly Nezat’s iPhone }
2026-09-14 18:42:20.151 xcodebuild[72168:30007303] [MT] IDERunDestination: Supported platforms for the buildables in the current scheme is empty.
2026-09-14 18:42:20.340 xcodebuild[72168:30007303] [MT] IDERunDestination: Supported platforms for the buildables in the current scheme is empty.
2026-09-14 18:42:21.826029-0400 DriverUITests-Runner[66575:14615939] [Default] Running tests...
    t =      nans Interface orientation changed to Portrait
Test Suite 'Selected tests' started at 2026-09-14 18:42:22.303.
Test Suite 'DriverUITests.xctest' started at 2026-09-14 18:42:22.304.
Test Suite 'K00DriverTests' started at 2026-09-14 18:42:22.304.
Test Case '-[DriverUITests.K00DriverTests testOneSample]' started.
    t =     0.00s Start Test at 2026-09-14 18:42:22.305
    t =     0.02s Set Up
    t =     0.03s Open life.soullab.voicekernel.vpio02
    t =     0.03s     Launch life.soullab.voicekernel.vpio02
    t =     0.11s         Setting up automation session
    t =     0.18s         Wait for life.soullab.voicekernel.vpio02 to idle
2026-09-14 18:42:22.554 xcodebuild[72168:30007303] [MT] IDERunDestination: Supported platforms for the buildables in the current scheme is empty.
    t =     1.28s Wait for life.soullab.voicekernel.vpio02 to become Running Foreground
    t =     1.28s Waiting 10.0s for "Enter conversation" Button to exist
    t =     2.33s     Checking `Expect predicate `existsNoRetry == 1` for object "Enter conversation" Button`
    t =     2.33s         Checking existence of `"Enter conversation" Button`
    t =     2.42s Checking existence of `"Voice processing: ON (default)" Button`
    t =     2.45s Checking existence of `"Voice processing: OFF (control run)" Button`
    t =     2.78s Waiting 3.0s for "Voice processing: ON (default)" Button to exist
    t =     3.82s     Checking `Expect predicate `existsNoRetry == 1` for object "Voice processing: ON (default)" Button`
    t =     3.82s         Checking existence of `"Voice processing: ON (default)" Button`
    t =     3.88s Waiting 5.0s for "Enter conversation" Button to exist
    t =     4.92s     Checking `Expect predicate `existsNoRetry == 1` for object "Enter conversation" Button`
    t =     4.92s         Checking existence of `"Enter conversation" Button`
    t =     4.99s Tap "Enter conversation" Button
    t =     4.99s     Wait for life.soullab.voicekernel.vpio02 to idle
    t =     4.99s     Find the "Enter conversation" Button
    t =     5.03s     Check for interrupting elements affecting "Enter conversation" Button
    t =     5.07s     Synthesize event
    t =     5.36s     Wait for life.soullab.voicekernel.vpio02 to idle
    t =    20.38s Waiting 5.0s for "Export journal" Button to exist
    t =    21.42s     Checking `Expect predicate `existsNoRetry == 1` for object "Export journal" Button`
    t =    21.42s         Checking existence of `"Export journal" Button`
    t =    21.48s Tap "Export journal" Button
    t =    21.48s     Wait for life.soullab.voicekernel.vpio02 to idle
    t =    21.49s     Find the "Export journal" Button
    t =    21.52s     Check for interrupting elements affecting "Export journal" Button
    t =    21.56s     Synthesize event
    t =    21.86s     Wait for life.soullab.voicekernel.vpio02 to idle
    t =    24.09s Terminate life.soullab.voicekernel.vpio02:66576
    t =    25.10s Wait for life.soullab.voicekernel.vpio02 to become Not Running
    t =    25.11s Tear Down
Test Case '-[DriverUITests.K00DriverTests testOneSample]' passed (25.174 seconds).
Test Suite 'K00DriverTests' passed at 2026-09-14 18:42:47.482.
	 Executed 1 test, with 0 failures (0 unexpected) in 25.174 (25.178) seconds
Test Suite 'DriverUITests.xctest' passed at 2026-09-14 18:42:47.486.
	 Executed 1 test, with 0 failures (0 unexpected) in 25.174 (25.182) seconds
Test Suite 'Selected tests' passed at 2026-09-14 18:42:47.488.
	 Executed 1 test, with 0 failures (0 unexpected) in 25.174 (25.186) seconds
2026-09-14 18:42:47.645 xcodebuild[72168:30007303] [MT] IDERunDestination: Supported platforms for the buildables in the current scheme is empty.
2026-09-14 18:42:47.863 xcodebuild[72168:30007303] [MT] IDETestOperationsObserverDebug: 27.711 elapsed -- Testing started completed.
2026-09-14 18:42:47.863 xcodebuild[72168:30007303] [MT] IDETestOperationsObserverDebug: 0.000 sec, +0.000 sec -- start
2026-09-14 18:42:47.863 xcodebuild[72168:30007303] [MT] IDETestOperationsObserverDebug: 27.711 sec, +27.711 sec -- end

Test session results, code coverage, and logs:
	/Users/soullab/Library/Developer/Xcode/DerivedData/VoiceKernelDriver-daumbepkzziygicigyxrhohokpei/Logs/Test/Test-DriverUITests-2026.09.14_18-42-19--0400.xcresult

** TEST EXECUTE SUCCEEDED **

Testing started
