Command line invocation:
    /Applications/Xcode.app/Contents/Developer/usr/bin/xcodebuild test-without-building -xctestrun /private/tmp/vpio02b-driver-compile-08483cfe4/ios/VoiceKernelDriver/.derived/Build/Products/DriverUITests_iphoneos26.2-arm64.xctestrun -destination id=00008140-00163D9922E0801C -collect-test-diagnostics never "-only-testing:DriverUITests/K00DriverTests/testOneSample"

2026-09-14 18:53:05.114 xcodebuild[73646:30021232] [MT] IDERunDestination: Supported platforms for the buildables in the current scheme is empty.
2026-09-14 18:53:05.117 xcodebuild[73646:30021232] [MT] IDERunDestination: Supported platforms for the buildables in the current scheme is empty.
2026-09-14 18:53:05.221 xcodebuild[73646:30021232] [MT] IDERunDestination: Supported platforms for the buildables in the current scheme is empty.
--- xcodebuild: WARNING: Using the first of multiple matching destinations:
{ platform:iOS, arch:arm64e, id:00008140-00163D9922E0801C, name:Kelly Nezat’s iPhone }
{ platform:iOS, arch:arm64, id:00008140-00163D9922E0801C, name:Kelly Nezat’s iPhone }
2026-09-14 18:53:05.483 xcodebuild[73646:30021232] [MT] IDERunDestination: Supported platforms for the buildables in the current scheme is empty.
2026-09-14 18:53:05.668 xcodebuild[73646:30021232] [MT] IDERunDestination: Supported platforms for the buildables in the current scheme is empty.
2026-09-14 18:53:07.543054-0400 DriverUITests-Runner[66646:14639972] [Default] Running tests...
    t =      nans Interface orientation changed to Portrait
Test Suite 'Selected tests' started at 2026-09-14 18:53:08.021.
Test Suite 'DriverUITests.xctest' started at 2026-09-14 18:53:08.022.
Test Suite 'K00DriverTests' started at 2026-09-14 18:53:08.022.
Test Case '-[DriverUITests.K00DriverTests testOneSample]' started.
    t =     0.00s Start Test at 2026-09-14 18:53:08.023
    t =     0.02s Set Up
    t =     0.03s Open life.soullab.voicekernel.vpio02
    t =     0.03s     Launch life.soullab.voicekernel.vpio02
    t =     0.10s         Setting up automation session
    t =     0.17s         Wait for life.soullab.voicekernel.vpio02 to idle
2026-09-14 18:53:08.300 xcodebuild[73646:30021232] [MT] IDERunDestination: Supported platforms for the buildables in the current scheme is empty.
    t =     1.27s Wait for life.soullab.voicekernel.vpio02 to become Running Foreground
    t =     1.28s Waiting 10.0s for "Enter conversation" Button to exist
    t =     2.31s     Checking `Expect predicate `existsNoRetry == 1` for object "Enter conversation" Button`
    t =     2.31s         Checking existence of `"Enter conversation" Button`
    t =     2.40s Checking existence of `"Voice processing: ON (default)" Button`
    t =     2.43s Checking existence of `"Voice processing: OFF (control run)" Button`
    t =     2.75s Waiting 3.0s for "Voice processing: ON (default)" Button to exist
    t =     3.78s     Checking `Expect predicate `existsNoRetry == 1` for object "Voice processing: ON (default)" Button`
    t =     3.78s         Checking existence of `"Voice processing: ON (default)" Button`
    t =     3.84s Waiting 5.0s for "Enter conversation" Button to exist
    t =     4.88s     Checking `Expect predicate `existsNoRetry == 1` for object "Enter conversation" Button`
    t =     4.89s         Checking existence of `"Enter conversation" Button`
    t =     4.95s Tap "Enter conversation" Button
    t =     4.95s     Wait for life.soullab.voicekernel.vpio02 to idle
    t =     4.95s     Find the "Enter conversation" Button
    t =     4.99s     Check for interrupting elements affecting "Enter conversation" Button
    t =     5.03s     Synthesize event
    t =     5.33s     Wait for life.soullab.voicekernel.vpio02 to idle
    t =    20.35s Waiting 5.0s for "Export journal" Button to exist
    t =    21.38s     Checking `Expect predicate `existsNoRetry == 1` for object "Export journal" Button`
    t =    21.38s         Checking existence of `"Export journal" Button`
    t =    21.43s Tap "Export journal" Button
    t =    21.43s     Wait for life.soullab.voicekernel.vpio02 to idle
    t =    21.44s     Find the "Export journal" Button
    t =    21.47s     Check for interrupting elements affecting "Export journal" Button
    t =    21.52s     Synthesize event
    t =    21.83s     Wait for life.soullab.voicekernel.vpio02 to idle
    t =    24.02s Terminate life.soullab.voicekernel.vpio02:66647
    t =    25.07s Wait for life.soullab.voicekernel.vpio02 to become Not Running
    t =    25.07s Tear Down
Test Case '-[DriverUITests.K00DriverTests testOneSample]' passed (25.139 seconds).
Test Suite 'K00DriverTests' passed at 2026-09-14 18:53:33.163.
	 Executed 1 test, with 0 failures (0 unexpected) in 25.139 (25.141) seconds
Test Suite 'DriverUITests.xctest' passed at 2026-09-14 18:53:33.166.
	 Executed 1 test, with 0 failures (0 unexpected) in 25.139 (25.144) seconds
Test Suite 'Selected tests' passed at 2026-09-14 18:53:33.174.
	 Executed 1 test, with 0 failures (0 unexpected) in 25.139 (25.153) seconds
2026-09-14 18:53:33.344 xcodebuild[73646:30021232] [MT] IDERunDestination: Supported platforms for the buildables in the current scheme is empty.
2026-09-14 18:53:33.558 xcodebuild[73646:30021232] [MT] IDETestOperationsObserverDebug: 28.074 elapsed -- Testing started completed.
2026-09-14 18:53:33.558 xcodebuild[73646:30021232] [MT] IDETestOperationsObserverDebug: 0.000 sec, +0.000 sec -- start
2026-09-14 18:53:33.558 xcodebuild[73646:30021232] [MT] IDETestOperationsObserverDebug: 28.074 sec, +28.074 sec -- end

Test session results, code coverage, and logs:
	/Users/soullab/Library/Developer/Xcode/DerivedData/VoiceKernelDriver-eeylfprlgpxeqjbnouqggscwmygl/Logs/Test/Test-DriverUITests-2026.09.14_18-53-05--0400.xcresult

** TEST EXECUTE SUCCEEDED **

Testing started
