Command line invocation:
    /Applications/Xcode.app/Contents/Developer/usr/bin/xcodebuild test-without-building -xctestrun /private/tmp/vpio02b-driver-compile-08483cfe4/ios/VoiceKernelDriver/.derived/Build/Products/DriverUITests_iphoneos26.2-arm64.xctestrun -destination id=00008140-00163D9922E0801C -collect-test-diagnostics never "-only-testing:DriverUITests/K00DriverTests/testOneSample"

2026-09-14 18:50:41.937 xcodebuild[73318:30018354] [MT] IDERunDestination: Supported platforms for the buildables in the current scheme is empty.
2026-09-14 18:50:41.940 xcodebuild[73318:30018354] [MT] IDERunDestination: Supported platforms for the buildables in the current scheme is empty.
2026-09-14 18:50:42.043 xcodebuild[73318:30018354] [MT] IDERunDestination: Supported platforms for the buildables in the current scheme is empty.
--- xcodebuild: WARNING: Using the first of multiple matching destinations:
{ platform:iOS, arch:arm64e, id:00008140-00163D9922E0801C, name:Kelly Nezat’s iPhone }
{ platform:iOS, arch:arm64, id:00008140-00163D9922E0801C, name:Kelly Nezat’s iPhone }
2026-09-14 18:50:42.313 xcodebuild[73318:30018354] [MT] IDERunDestination: Supported platforms for the buildables in the current scheme is empty.
2026-09-14 18:50:42.499 xcodebuild[73318:30018354] [MT] IDERunDestination: Supported platforms for the buildables in the current scheme is empty.
2026-09-14 18:50:43.998580-0400 DriverUITests-Runner[66636:14635010] [Default] Running tests...
    t =      nans Interface orientation changed to Portrait
Test Suite 'Selected tests' started at 2026-09-14 18:50:44.465.
Test Suite 'DriverUITests.xctest' started at 2026-09-14 18:50:44.466.
Test Suite 'K00DriverTests' started at 2026-09-14 18:50:44.466.
Test Case '-[DriverUITests.K00DriverTests testOneSample]' started.
    t =     0.00s Start Test at 2026-09-14 18:50:44.467
    t =     0.02s Set Up
    t =     0.02s Open life.soullab.voicekernel.vpio02
    t =     0.02s     Launch life.soullab.voicekernel.vpio02
    t =     0.10s         Setting up automation session
    t =     0.18s         Wait for life.soullab.voicekernel.vpio02 to idle
2026-09-14 18:50:44.741 xcodebuild[73318:30018354] [MT] IDERunDestination: Supported platforms for the buildables in the current scheme is empty.
    t =     1.27s Wait for life.soullab.voicekernel.vpio02 to become Running Foreground
    t =     1.28s Waiting 10.0s for "Enter conversation" Button to exist
    t =     2.34s     Checking `Expect predicate `existsNoRetry == 1` for object "Enter conversation" Button`
    t =     2.34s         Checking existence of `"Enter conversation" Button`
    t =     2.43s Checking existence of `"Voice processing: ON (default)" Button`
    t =     2.46s Checking existence of `"Voice processing: OFF (control run)" Button`
    t =     2.79s Waiting 3.0s for "Voice processing: ON (default)" Button to exist
    t =     3.82s     Checking `Expect predicate `existsNoRetry == 1` for object "Voice processing: ON (default)" Button`
    t =     3.82s         Checking existence of `"Voice processing: ON (default)" Button`
    t =     3.88s Waiting 5.0s for "Enter conversation" Button to exist
    t =     4.89s     Checking `Expect predicate `existsNoRetry == 1` for object "Enter conversation" Button`
    t =     4.89s         Checking existence of `"Enter conversation" Button`
    t =     4.95s Tap "Enter conversation" Button
    t =     4.95s     Wait for life.soullab.voicekernel.vpio02 to idle
    t =     4.96s     Find the "Enter conversation" Button
    t =     5.00s     Check for interrupting elements affecting "Enter conversation" Button
    t =     5.04s     Synthesize event
    t =     5.33s     Wait for life.soullab.voicekernel.vpio02 to idle
2026-09-14 18:51:00.153 xcodebuild[73318:30018354] [MT] IDERunDestination: Supported platforms for the buildables in the current scheme is empty.
    t =    20.34s Waiting 5.0s for "Export journal" Button to exist
    t =    21.36s     Checking `Expect predicate `existsNoRetry == 1` for object "Export journal" Button`
    t =    21.36s         Checking existence of `"Export journal" Button`
    t =    21.42s Tap "Export journal" Button
    t =    21.42s     Wait for life.soullab.voicekernel.vpio02 to idle
    t =    21.42s     Find the "Export journal" Button
    t =    21.46s     Check for interrupting elements affecting "Export journal" Button
    t =    21.50s     Synthesize event
    t =    21.82s     Wait for life.soullab.voicekernel.vpio02 to idle
    t =    24.02s Terminate life.soullab.voicekernel.vpio02:66637
    t =    25.03s Wait for life.soullab.voicekernel.vpio02 to become Not Running
    t =    25.04s Tear Down
Test Case '-[DriverUITests.K00DriverTests testOneSample]' passed (25.105 seconds).
Test Suite 'K00DriverTests' passed at 2026-09-14 18:51:09.575.
	 Executed 1 test, with 0 failures (0 unexpected) in 25.105 (25.109) seconds
Test Suite 'DriverUITests.xctest' passed at 2026-09-14 18:51:09.581.
	 Executed 1 test, with 0 failures (0 unexpected) in 25.105 (25.116) seconds
Test Suite 'Selected tests' passed at 2026-09-14 18:51:09.583.
	 Executed 1 test, with 0 failures (0 unexpected) in 25.105 (25.118) seconds
2026-09-14 18:51:09.760 xcodebuild[73318:30018354] [MT] IDERunDestination: Supported platforms for the buildables in the current scheme is empty.
2026-09-14 18:51:09.971 xcodebuild[73318:30018354] [MT] IDETestOperationsObserverDebug: 27.656 elapsed -- Testing started completed.
2026-09-14 18:51:09.971 xcodebuild[73318:30018354] [MT] IDETestOperationsObserverDebug: 0.000 sec, +0.000 sec -- start
2026-09-14 18:51:09.971 xcodebuild[73318:30018354] [MT] IDETestOperationsObserverDebug: 27.656 sec, +27.656 sec -- end

Test session results, code coverage, and logs:
	/Users/soullab/Library/Developer/Xcode/DerivedData/VoiceKernelDriver-eqjqynycmhlmancggimaqngpurcm/Logs/Test/Test-DriverUITests-2026.09.14_18-50-42--0400.xcresult

** TEST EXECUTE SUCCEEDED **

Testing started
