Command line invocation:
    /Applications/Xcode.app/Contents/Developer/usr/bin/xcodebuild test-without-building -xctestrun /private/tmp/k0506-vpoff-83a382a14/ios/VoiceKernelDriver/.derived/Build/Products/DriverUITests_iphoneos26.2-arm64.xctestrun -destination id=00008140-00163D9922E0801C -collect-test-diagnostics never "-only-testing:DriverUITests/K00DriverTests/testOutputSample"

2026-09-14 21:30:50.170 xcodebuild[98998:30310607] [MT] IDERunDestination: Supported platforms for the buildables in the current scheme is empty.
2026-09-14 21:30:50.173 xcodebuild[98998:30310607] [MT] IDERunDestination: Supported platforms for the buildables in the current scheme is empty.
2026-09-14 21:30:50.273 xcodebuild[98998:30310607] [MT] IDERunDestination: Supported platforms for the buildables in the current scheme is empty.
--- xcodebuild: WARNING: Using the first of multiple matching destinations:
{ platform:iOS, arch:arm64e, id:00008140-00163D9922E0801C, name:Kelly Nezat’s iPhone }
{ platform:iOS, arch:arm64, id:00008140-00163D9922E0801C, name:Kelly Nezat’s iPhone }
2026-09-14 21:30:50.841 xcodebuild[98998:30310607] [MT] IDERunDestination: Supported platforms for the buildables in the current scheme is empty.
2026-09-14 21:30:51.035 xcodebuild[98998:30310607] [MT] IDERunDestination: Supported platforms for the buildables in the current scheme is empty.
2026-09-14 21:30:52.532952-0400 DriverUITests-Runner[67490:14761450] [Default] Running tests...
    t =      nans Interface orientation changed to Portrait
Test Suite 'Selected tests' started at 2026-09-14 21:30:52.996.
Test Suite 'DriverUITests.xctest' started at 2026-09-14 21:30:52.997.
Test Suite 'K00DriverTests' started at 2026-09-14 21:30:52.997.
Test Case '-[DriverUITests.K00DriverTests testOutputSample]' started.
    t =     0.00s Start Test at 2026-09-14 21:30:52.998
    t =     0.02s Set Up
    t =     0.02s Open life.soullab.voicekernel.vpio02
    t =     0.02s     Launch life.soullab.voicekernel.vpio02
    t =     0.11s         Setting up automation session
    t =     0.18s         Wait for life.soullab.voicekernel.vpio02 to idle
2026-09-14 21:30:53.171 xcodebuild[98998:30310607] [MT] IDERunDestination: Supported platforms for the buildables in the current scheme is empty.
    t =     1.27s Wait for life.soullab.voicekernel.vpio02 to become Running Foreground
    t =     1.28s Waiting 10.0s for "Enter conversation" Button to exist
    t =     2.29s     Checking `Expect predicate `existsNoRetry == 1` for object "Enter conversation" Button`
    t =     2.29s         Checking existence of `"Enter conversation" Button`
    t =     2.39s Checking existence of `"Voice processing: ON (default)" Button`
    t =     2.42s Checking existence of `"Voice processing: OFF (control run)" Button`
    t =     2.44s Tap "Voice processing: ON (default)" Button
    t =     2.44s     Wait for life.soullab.voicekernel.vpio02 to idle
    t =     2.45s     Find the "Voice processing: ON (default)" Button
    t =     2.58s     Check for interrupting elements affecting "Voice processing: ON (default)" Button
    t =     2.63s     Synthesize event
    t =     2.93s     Wait for life.soullab.voicekernel.vpio02 to idle
    t =     3.25s Waiting 3.0s for "Voice processing: OFF (control run)" Button to exist
    t =     4.28s     Checking `Expect predicate `existsNoRetry == 1` for object "Voice processing: OFF (control run)" Button`
    t =     4.28s         Checking existence of `"Voice processing: OFF (control run)" Button`
    t =     4.35s Waiting 5.0s for "Enter conversation" Button to exist
    t =     5.39s     Checking `Expect predicate `existsNoRetry == 1` for object "Enter conversation" Button`
    t =     5.39s         Checking existence of `"Enter conversation" Button`
    t =     5.45s Tap "Enter conversation" Button
    t =     5.45s     Wait for life.soullab.voicekernel.vpio02 to idle
    t =     5.45s     Find the "Enter conversation" Button
    t =     5.49s     Check for interrupting elements affecting "Enter conversation" Button
    t =     5.54s     Synthesize event
    t =     5.83s     Wait for life.soullab.voicekernel.vpio02 to idle
    t =     5.84s Waiting 5.0s for "Play 3 s tone" Button to exist
    t =     6.87s     Checking `Expect predicate `existsNoRetry == 1` for object "Play 3 s tone" Button`
    t =     6.87s         Checking existence of `"Play 3 s tone" Button`
    t =     6.92s         Capturing element debug description
2026-09-14 21:31:00.137 xcodebuild[98998:30310607] [MT] IDERunDestination: Supported platforms for the buildables in the current scheme is empty.
    t =     7.85s     Checking `Expect predicate `existsNoRetry == 1` for object "Play 3 s tone" Button`
    t =     7.85s         Checking existence of `"Play 3 s tone" Button`
    t =     7.90s         Capturing element debug description
    t =     8.84s     Checking `Expect predicate `existsNoRetry == 1` for object "Play 3 s tone" Button`
    t =     8.84s         Checking existence of `"Play 3 s tone" Button`
    t =     8.90s         Capturing element debug description
    t =     9.93s     Checking `Expect predicate `existsNoRetry == 1` for object "Play 3 s tone" Button`
    t =     9.93s         Checking existence of `"Play 3 s tone" Button`
    t =     9.99s         Capturing element debug description
    t =    10.84s     Checking `Expect predicate `existsNoRetry == 1` for object "Play 3 s tone" Button`
    t =    10.84s         Checking existence of `"Play 3 s tone" Button`
    t =    10.89s         Capturing element debug description
    t =    10.89s     Checking existence of `"Play 3 s tone" Button`
    t =    10.92s Collecting debug information to assist test failure triage
    t =    10.93s     Requesting snapshot of accessibility hierarchy for app with pid 67491
    t =    11.01s Swipe up Application 'life.soullab.voicekernel.vpio02'
    t =    11.01s     Wait for life.soullab.voicekernel.vpio02 to idle
    t =    11.01s     Find the Application 'life.soullab.voicekernel.vpio02'
    t =    11.03s     Check for interrupting elements affecting "VoiceKernel VPIO-02" Application
    t =    11.07s     Synthesize event
    t =    11.61s     Wait for life.soullab.voicekernel.vpio02 to idle
    t =    14.16s Checking existence of `"Play 3 s tone" Button`
2026-09-14 21:31:07.216138-0400 DriverUITests-Runner[67490:14761450] K00-OUTPUT: reveal swipe 1/4 — 'Play 3 s tone' exists: true
    t =    14.22s Checking existence of `"Play 3 s tone" Button`
    t =    14.26s Find the "Play 3 s tone" Button
    t =    16.30s Tap "Play 3 s tone" Button
    t =    16.30s     Wait for life.soullab.voicekernel.vpio02 to idle
    t =    16.31s     Find the "Play 3 s tone" Button
    t =    16.37s     Check for interrupting elements affecting "Play 3 s tone" Button
    t =    16.42s     Synthesize event
    t =    16.73s     Wait for life.soullab.voicekernel.vpio02 to idle
2026-09-14 21:31:09.736626-0400 DriverUITests-Runner[67490:14761450] K00-OUTPUT: Play 1 tapped
    t =    17.75s Checking existence of `"Cancel active" Button`
    t =    17.79s Find the "Cancel active" Button
    t =    17.83s Tap "Cancel active" Button
    t =    17.83s     Wait for life.soullab.voicekernel.vpio02 to idle
    t =    17.85s     Find the "Cancel active" Button
    t =    17.88s     Check for interrupting elements affecting "Cancel active" Button
    t =    17.92s     Synthesize event
    t =    18.23s     Wait for life.soullab.voicekernel.vpio02 to idle
2026-09-14 21:31:11.232237-0400 DriverUITests-Runner[67490:14761450] K00-OUTPUT: Cancel active tapped at ≈1000 ms after Play 1
    t =    19.24s Checking existence of `"Play 3 s tone" Button`
    t =    19.30s Find the "Play 3 s tone" Button
    t =    19.33s Tap "Play 3 s tone" Button
    t =    19.33s     Wait for life.soullab.voicekernel.vpio02 to idle
    t =    19.34s     Find the "Play 3 s tone" Button
    t =    19.37s     Check for interrupting elements affecting "Play 3 s tone" Button
    t =    19.41s     Synthesize event
    t =    19.72s     Wait for life.soullab.voicekernel.vpio02 to idle
2026-09-14 21:31:12.726830-0400 DriverUITests-Runner[67490:14761450] K00-OUTPUT: Play 2 tapped (left to complete)
    t =    24.24s Waiting 5.0s for "Export journal" Button to exist
    t =    25.28s     Checking `Expect predicate `existsNoRetry == 1` for object "Export journal" Button`
    t =    25.28s         Checking existence of `"Export journal" Button`
    t =    25.33s Tap "Export journal" Button
    t =    25.33s     Wait for life.soullab.voicekernel.vpio02 to idle
    t =    25.34s     Find the "Export journal" Button
    t =    25.38s     Check for interrupting elements affecting "Export journal" Button
    t =    25.43s     Synthesize event
    t =    25.86s     Wait for life.soullab.voicekernel.vpio02 to idle
    t =    28.08s Terminate life.soullab.voicekernel.vpio02:67491
    t =    29.11s Wait for life.soullab.voicekernel.vpio02 to become Not Running
    t =    29.12s Tear Down
Test Case '-[DriverUITests.K00DriverTests testOutputSample]' passed (29.229 seconds).
Test Suite 'K00DriverTests' passed at 2026-09-14 21:31:22.231.
	 Executed 1 test, with 0 failures (0 unexpected) in 29.229 (29.234) seconds
Test Suite 'DriverUITests.xctest' passed at 2026-09-14 21:31:22.232.
	 Executed 1 test, with 0 failures (0 unexpected) in 29.229 (29.235) seconds
Test Suite 'Selected tests' passed at 2026-09-14 21:31:22.232.
	 Executed 1 test, with 0 failures (0 unexpected) in 29.229 (29.236) seconds
2026-09-14 21:31:22.233 xcodebuild[98998:30310607] [MT] IDERunDestination: Supported platforms for the buildables in the current scheme is empty.
2026-09-14 21:31:22.505 xcodebuild[98998:30310607] [MT] IDETestOperationsObserverDebug: 31.663 elapsed -- Testing started completed.
2026-09-14 21:31:22.505 xcodebuild[98998:30310607] [MT] IDETestOperationsObserverDebug: 0.000 sec, +0.000 sec -- start
2026-09-14 21:31:22.505 xcodebuild[98998:30310607] [MT] IDETestOperationsObserverDebug: 31.663 sec, +31.663 sec -- end

Test session results, code coverage, and logs:
	/Users/soullab/Library/Developer/Xcode/DerivedData/VoiceKernelDriver-hiojumzznknifsbjtasapvhancza/Logs/Test/Test-DriverUITests-2026.09.14_21-30-50--0400.xcresult

** TEST EXECUTE SUCCEEDED **

Testing started
