Command line invocation:
    /Applications/Xcode.app/Contents/Developer/usr/bin/xcodebuild test-without-building -xctestrun /private/tmp/k0506-vpoff-83a382a14/ios/VoiceKernelDriver/.derived/Build/Products/DriverUITests_iphoneos26.2-arm64.xctestrun -destination id=00008140-00163D9922E0801C -collect-test-diagnostics never "-only-testing:DriverUITests/K00DriverTests/testOutputSample"

2026-09-14 21:39:07.577 xcodebuild[319:30323861] [MT] IDERunDestination: Supported platforms for the buildables in the current scheme is empty.
2026-09-14 21:39:07.580 xcodebuild[319:30323861] [MT] IDERunDestination: Supported platforms for the buildables in the current scheme is empty.
2026-09-14 21:39:07.680 xcodebuild[319:30323861] [MT] IDERunDestination: Supported platforms for the buildables in the current scheme is empty.
--- xcodebuild: WARNING: Using the first of multiple matching destinations:
{ platform:iOS, arch:arm64e, id:00008140-00163D9922E0801C, name:Kelly Nezat’s iPhone }
{ platform:iOS, arch:arm64, id:00008140-00163D9922E0801C, name:Kelly Nezat’s iPhone }
2026-09-14 21:39:07.962 xcodebuild[319:30323861] [MT] IDERunDestination: Supported platforms for the buildables in the current scheme is empty.
2026-09-14 21:39:08.155 xcodebuild[319:30323861] [MT] IDERunDestination: Supported platforms for the buildables in the current scheme is empty.
2026-09-14 21:39:10.036444-0400 DriverUITests-Runner[67517:14775664] [Default] Running tests...
    t =      nans Interface orientation changed to Portrait
Test Suite 'Selected tests' started at 2026-09-14 21:39:10.513.
Test Suite 'DriverUITests.xctest' started at 2026-09-14 21:39:10.514.
Test Suite 'K00DriverTests' started at 2026-09-14 21:39:10.514.
Test Case '-[DriverUITests.K00DriverTests testOutputSample]' started.
    t =     0.00s Start Test at 2026-09-14 21:39:10.515
    t =     0.02s Set Up
    t =     0.03s Open life.soullab.voicekernel.vpio02
    t =     0.03s     Launch life.soullab.voicekernel.vpio02
    t =     0.11s         Setting up automation session
    t =     0.18s         Wait for life.soullab.voicekernel.vpio02 to idle
2026-09-14 21:39:10.686 xcodebuild[319:30323861] [MT] IDERunDestination: Supported platforms for the buildables in the current scheme is empty.
    t =     1.28s Wait for life.soullab.voicekernel.vpio02 to become Running Foreground
    t =     1.29s Waiting 10.0s for "Enter conversation" Button to exist
    t =     2.32s     Checking `Expect predicate `existsNoRetry == 1` for object "Enter conversation" Button`
    t =     2.32s         Checking existence of `"Enter conversation" Button`
    t =     2.42s Checking existence of `"Voice processing: ON (default)" Button`
    t =     2.45s Checking existence of `"Voice processing: OFF (control run)" Button`
    t =     2.47s Tap "Voice processing: ON (default)" Button
    t =     2.47s     Wait for life.soullab.voicekernel.vpio02 to idle
    t =     2.48s     Find the "Voice processing: ON (default)" Button
    t =     2.51s     Check for interrupting elements affecting "Voice processing: ON (default)" Button
    t =     2.55s     Synthesize event
    t =     2.85s     Wait for life.soullab.voicekernel.vpio02 to idle
    t =     3.16s Waiting 3.0s for "Voice processing: OFF (control run)" Button to exist
    t =     4.18s     Checking `Expect predicate `existsNoRetry == 1` for object "Voice processing: OFF (control run)" Button`
    t =     4.18s         Checking existence of `"Voice processing: OFF (control run)" Button`
    t =     4.24s Waiting 5.0s for "Enter conversation" Button to exist
    t =     5.28s     Checking `Expect predicate `existsNoRetry == 1` for object "Enter conversation" Button`
    t =     5.28s         Checking existence of `"Enter conversation" Button`
    t =     5.34s Tap "Enter conversation" Button
    t =     5.35s     Wait for life.soullab.voicekernel.vpio02 to idle
    t =     5.35s     Find the "Enter conversation" Button
    t =     5.39s     Check for interrupting elements affecting "Enter conversation" Button
    t =     5.43s     Synthesize event
    t =     5.72s     Wait for life.soullab.voicekernel.vpio02 to idle
    t =     5.73s Waiting 5.0s for "Play 3 s tone" Button to exist
    t =     6.76s     Checking `Expect predicate `existsNoRetry == 1` for object "Play 3 s tone" Button`
    t =     6.76s         Checking existence of `"Play 3 s tone" Button`
    t =     6.82s         Capturing element debug description
    t =     7.75s     Checking `Expect predicate `existsNoRetry == 1` for object "Play 3 s tone" Button`
    t =     7.75s         Checking existence of `"Play 3 s tone" Button`
    t =     7.79s         Capturing element debug description
    t =     8.82s     Checking `Expect predicate `existsNoRetry == 1` for object "Play 3 s tone" Button`
    t =     8.83s         Checking existence of `"Play 3 s tone" Button`
    t =     8.88s         Capturing element debug description
    t =     9.80s     Checking `Expect predicate `existsNoRetry == 1` for object "Play 3 s tone" Button`
    t =     9.80s         Checking existence of `"Play 3 s tone" Button`
    t =     9.85s         Capturing element debug description
    t =    10.74s     Checking `Expect predicate `existsNoRetry == 1` for object "Play 3 s tone" Button`
    t =    10.74s         Checking existence of `"Play 3 s tone" Button`
    t =    10.79s         Capturing element debug description
    t =    10.79s     Checking existence of `"Play 3 s tone" Button`
    t =    10.83s Collecting debug information to assist test failure triage
    t =    10.83s     Requesting snapshot of accessibility hierarchy for app with pid 67518
    t =    10.92s Swipe up Application 'life.soullab.voicekernel.vpio02'
    t =    10.92s     Wait for life.soullab.voicekernel.vpio02 to idle
    t =    10.92s     Find the Application 'life.soullab.voicekernel.vpio02'
    t =    10.94s     Check for interrupting elements affecting "VoiceKernel VPIO-02" Application
    t =    10.96s     Synthesize event
    t =    11.40s     Wait for life.soullab.voicekernel.vpio02 to idle
    t =    13.95s Checking existence of `"Play 3 s tone" Button`
2026-09-14 21:39:24.516640-0400 DriverUITests-Runner[67517:14775664] K00-OUTPUT: reveal swipe 1/4 — 'Play 3 s tone' exists: true
    t =    14.00s Checking existence of `"Play 3 s tone" Button`
    t =    14.03s Find the "Play 3 s tone" Button
    t =    16.07s Tap "Play 3 s tone" Button
    t =    16.07s     Wait for life.soullab.voicekernel.vpio02 to idle
    t =    16.09s     Find the "Play 3 s tone" Button
    t =    16.15s     Check for interrupting elements affecting "Play 3 s tone" Button
    t =    16.21s     Synthesize event
    t =    16.53s     Wait for life.soullab.voicekernel.vpio02 to idle
2026-09-14 21:39:27.051517-0400 DriverUITests-Runner[67517:14775664] K00-OUTPUT: Play 1 tapped
    t =    17.54s Checking existence of `"Cancel active" Button`
    t =    17.60s Find the "Cancel active" Button
    t =    17.64s Tap "Cancel active" Button
    t =    17.64s     Wait for life.soullab.voicekernel.vpio02 to idle
    t =    17.65s     Find the "Cancel active" Button
    t =    17.80s     Check for interrupting elements affecting "Cancel active" Button
    t =    17.85s     Synthesize event
    t =    18.16s     Wait for life.soullab.voicekernel.vpio02 to idle
2026-09-14 21:39:28.685111-0400 DriverUITests-Runner[67517:14775664] K00-OUTPUT: Cancel active tapped at ≈1000 ms after Play 1
    t =    19.17s Checking existence of `"Play 3 s tone" Button`
    t =    19.23s Find the "Play 3 s tone" Button
    t =    19.27s Tap "Play 3 s tone" Button
    t =    19.27s     Wait for life.soullab.voicekernel.vpio02 to idle
    t =    19.27s     Find the "Play 3 s tone" Button
    t =    19.31s     Check for interrupting elements affecting "Play 3 s tone" Button
    t =    19.35s     Synthesize event
    t =    19.66s     Wait for life.soullab.voicekernel.vpio02 to idle
2026-09-14 21:39:30.181565-0400 DriverUITests-Runner[67517:14775664] K00-OUTPUT: Play 2 tapped (left to complete)
    t =    24.17s Waiting 5.0s for "Export journal" Button to exist
    t =    25.20s     Checking `Expect predicate `existsNoRetry == 1` for object "Export journal" Button`
    t =    25.20s         Checking existence of `"Export journal" Button`
    t =    25.25s Tap "Export journal" Button
    t =    25.25s     Wait for life.soullab.voicekernel.vpio02 to idle
    t =    25.26s     Find the "Export journal" Button
    t =    25.31s     Check for interrupting elements affecting "Export journal" Button
    t =    25.36s     Synthesize event
    t =    25.67s     Wait for life.soullab.voicekernel.vpio02 to idle
    t =    27.89s Terminate life.soullab.voicekernel.vpio02:67518
    t =    28.90s Wait for life.soullab.voicekernel.vpio02 to become Not Running
    t =    28.90s Tear Down
Test Case '-[DriverUITests.K00DriverTests testOutputSample]' passed (28.996 seconds).
Test Suite 'K00DriverTests' passed at 2026-09-14 21:39:39.516.
	 Executed 1 test, with 0 failures (0 unexpected) in 28.996 (29.001) seconds
Test Suite 'DriverUITests.xctest' passed at 2026-09-14 21:39:39.517.
	 Executed 1 test, with 0 failures (0 unexpected) in 28.996 (29.003) seconds
Test Suite 'Selected tests' passed at 2026-09-14 21:39:39.519.
	 Executed 1 test, with 0 failures (0 unexpected) in 28.996 (29.005) seconds
2026-09-14 21:39:39.542 xcodebuild[319:30323861] [MT] IDERunDestination: Supported platforms for the buildables in the current scheme is empty.
2026-09-14 21:39:39.806 xcodebuild[319:30323861] [MT] IDETestOperationsObserverDebug: 31.842 elapsed -- Testing started completed.
2026-09-14 21:39:39.806 xcodebuild[319:30323861] [MT] IDETestOperationsObserverDebug: 0.000 sec, +0.000 sec -- start
2026-09-14 21:39:39.806 xcodebuild[319:30323861] [MT] IDETestOperationsObserverDebug: 31.842 sec, +31.842 sec -- end

Test session results, code coverage, and logs:
	/Users/soullab/Library/Developer/Xcode/DerivedData/VoiceKernelDriver-byyknzxdmkiyajdwpsbgkjnfymfv/Logs/Test/Test-DriverUITests-2026.09.14_21-39-07--0400.xcresult

** TEST EXECUTE SUCCEEDED **

Testing started
