Command line invocation:
    /Applications/Xcode.app/Contents/Developer/usr/bin/xcodebuild test-without-building -xctestrun /private/tmp/k0506-vpoff-83a382a14/ios/VoiceKernelDriver/.derived/Build/Products/DriverUITests_iphoneos26.2-arm64.xctestrun -destination id=00008140-00163D9922E0801C -collect-test-diagnostics never "-only-testing:DriverUITests/K00DriverTests/testOutputSample"

2026-09-14 21:29:41.459 xcodebuild[98734:30307876] [MT] IDERunDestination: Supported platforms for the buildables in the current scheme is empty.
2026-09-14 21:29:41.462 xcodebuild[98734:30307876] [MT] IDERunDestination: Supported platforms for the buildables in the current scheme is empty.
2026-09-14 21:29:41.562 xcodebuild[98734:30307876] [MT] IDERunDestination: Supported platforms for the buildables in the current scheme is empty.
--- xcodebuild: WARNING: Using the first of multiple matching destinations:
{ platform:iOS, arch:arm64e, id:00008140-00163D9922E0801C, name:Kelly Nezat’s iPhone }
{ platform:iOS, arch:arm64, id:00008140-00163D9922E0801C, name:Kelly Nezat’s iPhone }
2026-09-14 21:29:41.822 xcodebuild[98734:30307876] [MT] IDERunDestination: Supported platforms for the buildables in the current scheme is empty.
2026-09-14 21:29:42.007 xcodebuild[98734:30307876] [MT] IDERunDestination: Supported platforms for the buildables in the current scheme is empty.
2026-09-14 21:29:43.722915-0400 DriverUITests-Runner[67486:14759488] [Default] Running tests...
    t =      nans Interface orientation changed to Portrait
Test Suite 'Selected tests' started at 2026-09-14 21:29:44.227.
Test Suite 'DriverUITests.xctest' started at 2026-09-14 21:29:44.228.
Test Suite 'K00DriverTests' started at 2026-09-14 21:29:44.228.
Test Case '-[DriverUITests.K00DriverTests testOutputSample]' started.
    t =     0.00s Start Test at 2026-09-14 21:29:44.229
    t =     0.02s Set Up
    t =     0.02s Open life.soullab.voicekernel.vpio02
    t =     0.03s     Launch life.soullab.voicekernel.vpio02
    t =     0.11s         Setting up automation session
    t =     0.20s         Wait for life.soullab.voicekernel.vpio02 to idle
2026-09-14 21:29:44.406 xcodebuild[98734:30307876] [MT] IDERunDestination: Supported platforms for the buildables in the current scheme is empty.
    t =     1.30s Wait for life.soullab.voicekernel.vpio02 to become Running Foreground
    t =     1.30s Waiting 10.0s for "Enter conversation" Button to exist
    t =     2.32s     Checking `Expect predicate `existsNoRetry == 1` for object "Enter conversation" Button`
    t =     2.32s         Checking existence of `"Enter conversation" Button`
    t =     2.42s Checking existence of `"Voice processing: ON (default)" Button`
    t =     2.45s Checking existence of `"Voice processing: OFF (control run)" Button`
    t =     2.47s Tap "Voice processing: ON (default)" Button
    t =     2.47s     Wait for life.soullab.voicekernel.vpio02 to idle
    t =     2.48s     Find the "Voice processing: ON (default)" Button
    t =     2.50s     Check for interrupting elements affecting "Voice processing: ON (default)" Button
    t =     2.54s     Synthesize event
    t =     2.84s     Wait for life.soullab.voicekernel.vpio02 to idle
    t =     3.15s Waiting 3.0s for "Voice processing: OFF (control run)" Button to exist
    t =     4.18s     Checking `Expect predicate `existsNoRetry == 1` for object "Voice processing: OFF (control run)" Button`
    t =     4.18s         Checking existence of `"Voice processing: OFF (control run)" Button`
    t =     4.24s Waiting 5.0s for "Enter conversation" Button to exist
    t =     5.27s     Checking `Expect predicate `existsNoRetry == 1` for object "Enter conversation" Button`
    t =     5.27s         Checking existence of `"Enter conversation" Button`
    t =     5.33s Tap "Enter conversation" Button
    t =     5.33s     Wait for life.soullab.voicekernel.vpio02 to idle
    t =     5.34s     Find the "Enter conversation" Button
    t =     5.38s     Check for interrupting elements affecting "Enter conversation" Button
    t =     5.42s     Synthesize event
    t =     5.72s     Wait for life.soullab.voicekernel.vpio02 to idle
    t =     5.73s Waiting 5.0s for "Play 3 s tone" Button to exist
    t =     6.75s     Checking `Expect predicate `existsNoRetry == 1` for object "Play 3 s tone" Button`
    t =     6.75s         Checking existence of `"Play 3 s tone" Button`
    t =     6.81s         Capturing element debug description
    t =     7.75s     Checking `Expect predicate `existsNoRetry == 1` for object "Play 3 s tone" Button`
    t =     7.75s         Checking existence of `"Play 3 s tone" Button`
    t =     7.79s         Capturing element debug description
    t =     8.82s     Checking `Expect predicate `existsNoRetry == 1` for object "Play 3 s tone" Button`
    t =     8.82s         Checking existence of `"Play 3 s tone" Button`
    t =     8.87s         Capturing element debug description
    t =     9.80s     Checking `Expect predicate `existsNoRetry == 1` for object "Play 3 s tone" Button`
    t =     9.80s         Checking existence of `"Play 3 s tone" Button`
    t =     9.85s         Capturing element debug description
    t =    10.73s     Checking `Expect predicate `existsNoRetry == 1` for object "Play 3 s tone" Button`
    t =    10.73s         Checking existence of `"Play 3 s tone" Button`
    t =    10.78s         Capturing element debug description
    t =    10.79s     Checking existence of `"Play 3 s tone" Button`
    t =    10.82s Collecting debug information to assist test failure triage
    t =    10.82s     Requesting snapshot of accessibility hierarchy for app with pid 67487
    t =    10.90s Swipe up Application 'life.soullab.voicekernel.vpio02'
    t =    10.90s     Wait for life.soullab.voicekernel.vpio02 to idle
    t =    10.90s     Find the Application 'life.soullab.voicekernel.vpio02'
    t =    10.92s     Check for interrupting elements affecting "VoiceKernel VPIO-02" Application
    t =    10.95s     Synthesize event
    t =    11.38s     Wait for life.soullab.voicekernel.vpio02 to idle
    t =    13.92s Checking existence of `"Play 3 s tone" Button`
2026-09-14 21:29:58.210812-0400 DriverUITests-Runner[67486:14759488] K00-OUTPUT: reveal swipe 1/4 — 'Play 3 s tone' exists: true
    t =    13.98s Checking existence of `"Play 3 s tone" Button`
    t =    14.02s Find the "Play 3 s tone" Button
2026-09-14 21:30:00.125 xcodebuild[98734:30307876] [MT] IDERunDestination: Supported platforms for the buildables in the current scheme is empty.
    t =    16.06s Tap "Play 3 s tone" Button
    t =    16.06s     Wait for life.soullab.voicekernel.vpio02 to idle
    t =    16.08s     Find the "Play 3 s tone" Button
    t =    16.13s     Check for interrupting elements affecting "Play 3 s tone" Button
    t =    16.18s     Synthesize event
    t =    16.48s     Wait for life.soullab.voicekernel.vpio02 to idle
2026-09-14 21:30:00.725883-0400 DriverUITests-Runner[67486:14759488] K00-OUTPUT: Play 1 tapped
    t =    17.51s Checking existence of `"Cancel active" Button`
    t =    17.57s Find the "Cancel active" Button
    t =    17.61s Tap "Cancel active" Button
    t =    17.61s     Wait for life.soullab.voicekernel.vpio02 to idle
    t =    17.62s     Find the "Cancel active" Button
    t =    17.66s     Check for interrupting elements affecting "Cancel active" Button
    t =    17.70s     Synthesize event
    t =    18.00s     Wait for life.soullab.voicekernel.vpio02 to idle
2026-09-14 21:30:02.242961-0400 DriverUITests-Runner[67486:14759488] K00-OUTPUT: Cancel active tapped at ≈1000 ms after Play 1
    t =    19.02s Checking existence of `"Play 3 s tone" Button`
    t =    19.08s Find the "Play 3 s tone" Button
    t =    19.11s Tap "Play 3 s tone" Button
    t =    19.11s     Wait for life.soullab.voicekernel.vpio02 to idle
    t =    19.12s     Find the "Play 3 s tone" Button
    t =    19.15s     Check for interrupting elements affecting "Play 3 s tone" Button
    t =    19.19s     Synthesize event
    t =    19.50s     Wait for life.soullab.voicekernel.vpio02 to idle
2026-09-14 21:30:03.740155-0400 DriverUITests-Runner[67486:14759488] K00-OUTPUT: Play 2 tapped (left to complete)
    t =    24.02s Waiting 5.0s for "Export journal" Button to exist
    t =    25.05s     Checking `Expect predicate `existsNoRetry == 1` for object "Export journal" Button`
    t =    25.05s         Checking existence of `"Export journal" Button`
    t =    25.11s Tap "Export journal" Button
    t =    25.11s     Wait for life.soullab.voicekernel.vpio02 to idle
    t =    25.12s     Find the "Export journal" Button
    t =    25.15s     Check for interrupting elements affecting "Export journal" Button
    t =    25.20s     Synthesize event
    t =    25.52s     Wait for life.soullab.voicekernel.vpio02 to idle
    t =    27.72s Terminate life.soullab.voicekernel.vpio02:67487
    t =    28.84s Wait for life.soullab.voicekernel.vpio02 to become Not Running
    t =    28.85s Tear Down
Test Case '-[DriverUITests.K00DriverTests testOutputSample]' passed (28.946 seconds).
Test Suite 'K00DriverTests' passed at 2026-09-14 21:30:13.178.
	 Executed 1 test, with 0 failures (0 unexpected) in 28.946 (28.950) seconds
Test Suite 'DriverUITests.xctest' passed at 2026-09-14 21:30:13.181.
	 Executed 1 test, with 0 failures (0 unexpected) in 28.946 (28.953) seconds
Test Suite 'Selected tests' passed at 2026-09-14 21:30:13.183.
	 Executed 1 test, with 0 failures (0 unexpected) in 28.946 (28.956) seconds
2026-09-14 21:30:13.214 xcodebuild[98734:30307876] [MT] IDERunDestination: Supported platforms for the buildables in the current scheme is empty.
2026-09-14 21:30:13.478 xcodebuild[98734:30307876] [MT] IDETestOperationsObserverDebug: 31.654 elapsed -- Testing started completed.
2026-09-14 21:30:13.478 xcodebuild[98734:30307876] [MT] IDETestOperationsObserverDebug: 0.000 sec, +0.000 sec -- start
2026-09-14 21:30:13.478 xcodebuild[98734:30307876] [MT] IDETestOperationsObserverDebug: 31.654 sec, +31.654 sec -- end

Test session results, code coverage, and logs:
	/Users/soullab/Library/Developer/Xcode/DerivedData/VoiceKernelDriver-bsqmqyvxmkprhceqavuwiuevmlwc/Logs/Test/Test-DriverUITests-2026.09.14_21-29-41--0400.xcresult

** TEST EXECUTE SUCCEEDED **

Testing started
