Command line invocation:
    /Applications/Xcode.app/Contents/Developer/usr/bin/xcodebuild test-without-building -xctestrun /private/tmp/k0506-vpoff-83a382a14/ios/VoiceKernelDriver/.derived/Build/Products/DriverUITests_iphoneos26.2-arm64.xctestrun -destination id=00008140-00163D9922E0801C -collect-test-diagnostics never "-only-testing:DriverUITests/K00DriverTests/testOutputSample"

2026-09-14 21:36:44.711 xcodebuild[99857:30320627] [MT] IDERunDestination: Supported platforms for the buildables in the current scheme is empty.
2026-09-14 21:36:44.714 xcodebuild[99857:30320627] [MT] IDERunDestination: Supported platforms for the buildables in the current scheme is empty.
2026-09-14 21:36:44.813 xcodebuild[99857:30320627] [MT] IDERunDestination: Supported platforms for the buildables in the current scheme is empty.
--- xcodebuild: WARNING: Using the first of multiple matching destinations:
{ platform:iOS, arch:arm64e, id:00008140-00163D9922E0801C, name:Kelly Nezat’s iPhone }
{ platform:iOS, arch:arm64, id:00008140-00163D9922E0801C, name:Kelly Nezat’s iPhone }
2026-09-14 21:36:45.088 xcodebuild[99857:30320627] [MT] IDERunDestination: Supported platforms for the buildables in the current scheme is empty.
2026-09-14 21:36:45.272 xcodebuild[99857:30320627] [MT] IDERunDestination: Supported platforms for the buildables in the current scheme is empty.
2026-09-14 21:36:46.943731-0400 DriverUITests-Runner[67511:14771609] [Default] Running tests...
    t =      nans Interface orientation changed to Portrait
Test Suite 'Selected tests' started at 2026-09-14 21:36:47.517.
Test Suite 'DriverUITests.xctest' started at 2026-09-14 21:36:47.518.
Test Suite 'K00DriverTests' started at 2026-09-14 21:36:47.518.
Test Case '-[DriverUITests.K00DriverTests testOutputSample]' started.
    t =     0.00s Start Test at 2026-09-14 21:36:47.519
    t =     0.01s Set Up
    t =     0.02s Open life.soullab.voicekernel.vpio02
    t =     0.02s     Launch life.soullab.voicekernel.vpio02
    t =     0.10s         Setting up automation session
    t =     0.18s         Wait for life.soullab.voicekernel.vpio02 to idle
2026-09-14 21:36:47.690 xcodebuild[99857:30320627] [MT] IDERunDestination: Supported platforms for the buildables in the current scheme is empty.
    t =     1.28s Wait for life.soullab.voicekernel.vpio02 to become Running Foreground
    t =     1.28s Waiting 10.0s for "Enter conversation" Button to exist
    t =     2.32s     Checking `Expect predicate `existsNoRetry == 1` for object "Enter conversation" Button`
    t =     2.32s         Checking existence of `"Enter conversation" Button`
    t =     2.41s Checking existence of `"Voice processing: ON (default)" Button`
    t =     2.44s Checking existence of `"Voice processing: OFF (control run)" Button`
    t =     2.46s Tap "Voice processing: ON (default)" Button
    t =     2.46s     Wait for life.soullab.voicekernel.vpio02 to idle
    t =     2.47s     Find the "Voice processing: ON (default)" Button
    t =     2.49s     Check for interrupting elements affecting "Voice processing: ON (default)" Button
    t =     2.52s     Synthesize event
    t =     2.83s     Wait for life.soullab.voicekernel.vpio02 to idle
    t =     3.14s Waiting 3.0s for "Voice processing: OFF (control run)" Button to exist
    t =     4.15s     Checking `Expect predicate `existsNoRetry == 1` for object "Voice processing: OFF (control run)" Button`
    t =     4.15s         Checking existence of `"Voice processing: OFF (control run)" Button`
    t =     4.21s Waiting 5.0s for "Enter conversation" Button to exist
    t =     5.22s     Checking `Expect predicate `existsNoRetry == 1` for object "Enter conversation" Button`
    t =     5.22s         Checking existence of `"Enter conversation" Button`
    t =     5.28s Tap "Enter conversation" Button
    t =     5.28s     Wait for life.soullab.voicekernel.vpio02 to idle
    t =     5.28s     Find the "Enter conversation" Button
    t =     5.32s     Check for interrupting elements affecting "Enter conversation" Button
    t =     5.36s     Synthesize event
    t =     5.66s     Wait for life.soullab.voicekernel.vpio02 to idle
    t =     5.66s Waiting 5.0s for "Play 3 s tone" Button to exist
    t =     6.70s     Checking `Expect predicate `existsNoRetry == 1` for object "Play 3 s tone" Button`
    t =     6.70s         Checking existence of `"Play 3 s tone" Button`
    t =     6.75s         Capturing element debug description
    t =     7.68s     Checking `Expect predicate `existsNoRetry == 1` for object "Play 3 s tone" Button`
    t =     7.68s         Checking existence of `"Play 3 s tone" Button`
    t =     7.73s         Capturing element debug description
    t =     8.76s     Checking `Expect predicate `existsNoRetry == 1` for object "Play 3 s tone" Button`
    t =     8.77s         Checking existence of `"Play 3 s tone" Button`
    t =     8.81s         Capturing element debug description
    t =     9.74s     Checking `Expect predicate `existsNoRetry == 1` for object "Play 3 s tone" Button`
    t =     9.75s         Checking existence of `"Play 3 s tone" Button`
    t =     9.79s         Capturing element debug description
    t =    10.67s     Checking `Expect predicate `existsNoRetry == 1` for object "Play 3 s tone" Button`
    t =    10.68s         Checking existence of `"Play 3 s tone" Button`
    t =    10.72s         Capturing element debug description
    t =    10.72s     Checking existence of `"Play 3 s tone" Button`
    t =    10.76s Collecting debug information to assist test failure triage
    t =    10.76s     Requesting snapshot of accessibility hierarchy for app with pid 67512
    t =    10.84s Swipe up Application 'life.soullab.voicekernel.vpio02'
    t =    10.84s     Wait for life.soullab.voicekernel.vpio02 to idle
    t =    10.85s     Find the Application 'life.soullab.voicekernel.vpio02'
    t =    10.87s     Check for interrupting elements affecting "VoiceKernel VPIO-02" Application
    t =    10.91s     Synthesize event
    t =    11.34s     Wait for life.soullab.voicekernel.vpio02 to idle
2026-09-14 21:37:00.128 xcodebuild[99857:30320627] [MT] IDERunDestination: Supported platforms for the buildables in the current scheme is empty.
    t =    13.90s Checking existence of `"Play 3 s tone" Button`
2026-09-14 21:37:01.469257-0400 DriverUITests-Runner[67511:14771609] K00-OUTPUT: reveal swipe 1/4 — 'Play 3 s tone' exists: true
    t =    13.95s Checking existence of `"Play 3 s tone" Button`
    t =    14.00s Find the "Play 3 s tone" Button
    t =    16.03s Tap "Play 3 s tone" Button
    t =    16.03s     Wait for life.soullab.voicekernel.vpio02 to idle
    t =    16.05s     Find the "Play 3 s tone" Button
    t =    16.10s     Check for interrupting elements affecting "Play 3 s tone" Button
    t =    16.16s     Synthesize event
    t =    16.47s     Wait for life.soullab.voicekernel.vpio02 to idle
2026-09-14 21:37:03.998561-0400 DriverUITests-Runner[67511:14771609] K00-OUTPUT: Play 1 tapped
    t =    17.49s Checking existence of `"Cancel active" Button`
    t =    17.54s Find the "Cancel active" Button
    t =    17.57s Tap "Cancel active" Button
    t =    17.57s     Wait for life.soullab.voicekernel.vpio02 to idle
    t =    17.58s     Find the "Cancel active" Button
    t =    17.61s     Check for interrupting elements affecting "Cancel active" Button
    t =    17.65s     Synthesize event
    t =    17.95s     Wait for life.soullab.voicekernel.vpio02 to idle
2026-09-14 21:37:05.487986-0400 DriverUITests-Runner[67511:14771609] K00-OUTPUT: Cancel active tapped at ≈1000 ms after Play 1
    t =    18.97s Checking existence of `"Play 3 s tone" Button`
    t =    19.03s Find the "Play 3 s tone" Button
    t =    19.06s Tap "Play 3 s tone" Button
    t =    19.06s     Wait for life.soullab.voicekernel.vpio02 to idle
    t =    19.07s     Find the "Play 3 s tone" Button
    t =    19.11s     Check for interrupting elements affecting "Play 3 s tone" Button
    t =    19.15s     Synthesize event
    t =    19.46s     Wait for life.soullab.voicekernel.vpio02 to idle
2026-09-14 21:37:06.986941-0400 DriverUITests-Runner[67511:14771609] K00-OUTPUT: Play 2 tapped (left to complete)
    t =    23.98s Waiting 5.0s for "Export journal" Button to exist
    t =    25.01s     Checking `Expect predicate `existsNoRetry == 1` for object "Export journal" Button`
    t =    25.01s         Checking existence of `"Export journal" Button`
    t =    25.07s Tap "Export journal" Button
    t =    25.07s     Wait for life.soullab.voicekernel.vpio02 to idle
    t =    25.08s     Find the "Export journal" Button
    t =    25.22s     Check for interrupting elements affecting "Export journal" Button
    t =    25.29s     Synthesize event
    t =    25.60s     Wait for life.soullab.voicekernel.vpio02 to idle
    t =    27.84s Terminate life.soullab.voicekernel.vpio02:67512
    t =    28.85s Wait for life.soullab.voicekernel.vpio02 to become Not Running
    t =    28.85s Tear Down
Test Case '-[DriverUITests.K00DriverTests testOutputSample]' passed (28.950 seconds).
Test Suite 'K00DriverTests' passed at 2026-09-14 21:37:16.470.
	 Executed 1 test, with 0 failures (0 unexpected) in 28.950 (28.952) seconds
Test Suite 'DriverUITests.xctest' passed at 2026-09-14 21:37:16.480.
	 Executed 1 test, with 0 failures (0 unexpected) in 28.950 (28.962) seconds
Test Suite 'Selected tests' passed at 2026-09-14 21:37:16.481.
	 Executed 1 test, with 0 failures (0 unexpected) in 28.950 (28.964) seconds
2026-09-14 21:37:16.486 xcodebuild[99857:30320627] [MT] IDERunDestination: Supported platforms for the buildables in the current scheme is empty.
2026-09-14 21:37:16.761 xcodebuild[99857:30320627] [MT] IDETestOperationsObserverDebug: 31.672 elapsed -- Testing started completed.
2026-09-14 21:37:16.761 xcodebuild[99857:30320627] [MT] IDETestOperationsObserverDebug: 0.000 sec, +0.000 sec -- start
2026-09-14 21:37:16.761 xcodebuild[99857:30320627] [MT] IDETestOperationsObserverDebug: 31.672 sec, +31.672 sec -- end

Test session results, code coverage, and logs:
	/Users/soullab/Library/Developer/Xcode/DerivedData/VoiceKernelDriver-gcofqzlhcnhvjlftgxbhkczsvdjz/Logs/Test/Test-DriverUITests-2026.09.14_21-36-44--0400.xcresult

** TEST EXECUTE SUCCEEDED **

Testing started
