Command line invocation:
    /Applications/Xcode.app/Contents/Developer/usr/bin/xcodebuild test-without-building -xctestrun /private/tmp/k0506-vpoff-83a382a14/ios/VoiceKernelDriver/.derived/Build/Products/DriverUITests_iphoneos26.2-arm64.xctestrun -destination id=00008140-00163D9922E0801C -collect-test-diagnostics never "-only-testing:DriverUITests/K00DriverTests/testOutputSample"

2026-09-14 21:34:20.666 xcodebuild[99531:30317284] [MT] IDERunDestination: Supported platforms for the buildables in the current scheme is empty.
2026-09-14 21:34:20.669 xcodebuild[99531:30317284] [MT] IDERunDestination: Supported platforms for the buildables in the current scheme is empty.
2026-09-14 21:34:20.768 xcodebuild[99531:30317284] [MT] IDERunDestination: Supported platforms for the buildables in the current scheme is empty.
--- xcodebuild: WARNING: Using the first of multiple matching destinations:
{ platform:iOS, arch:arm64e, id:00008140-00163D9922E0801C, name:Kelly Nezat’s iPhone }
{ platform:iOS, arch:arm64, id:00008140-00163D9922E0801C, name:Kelly Nezat’s iPhone }
2026-09-14 21:34:21.036 xcodebuild[99531:30317284] [MT] IDERunDestination: Supported platforms for the buildables in the current scheme is empty.
2026-09-14 21:34:21.220 xcodebuild[99531:30317284] [MT] IDERunDestination: Supported platforms for the buildables in the current scheme is empty.
2026-09-14 21:34:22.693035-0400 DriverUITests-Runner[67499:14767412] [Default] Running tests...
    t =      nans Interface orientation changed to Portrait
Test Suite 'Selected tests' started at 2026-09-14 21:34:23.156.
Test Suite 'DriverUITests.xctest' started at 2026-09-14 21:34:23.157.
Test Suite 'K00DriverTests' started at 2026-09-14 21:34:23.157.
Test Case '-[DriverUITests.K00DriverTests testOutputSample]' started.
    t =     0.00s Start Test at 2026-09-14 21:34:23.158
    t =     0.02s Set Up
    t =     0.02s Open life.soullab.voicekernel.vpio02
    t =     0.02s     Launch life.soullab.voicekernel.vpio02
    t =     0.10s         Setting up automation session
    t =     0.18s         Wait for life.soullab.voicekernel.vpio02 to idle
2026-09-14 21:34:23.334 xcodebuild[99531:30317284] [MT] IDERunDestination: Supported platforms for the buildables in the current scheme is empty.
    t =     1.28s Wait for life.soullab.voicekernel.vpio02 to become Running Foreground
    t =     1.28s Waiting 10.0s for "Enter conversation" Button to exist
    t =     2.33s     Checking `Expect predicate `existsNoRetry == 1` for object "Enter conversation" Button`
    t =     2.34s         Checking existence of `"Enter conversation" Button`
    t =     2.43s Checking existence of `"Voice processing: ON (default)" Button`
    t =     2.46s Checking existence of `"Voice processing: OFF (control run)" Button`
    t =     2.48s Tap "Voice processing: ON (default)" Button
    t =     2.48s     Wait for life.soullab.voicekernel.vpio02 to idle
    t =     2.49s     Find the "Voice processing: ON (default)" Button
    t =     2.51s     Check for interrupting elements affecting "Voice processing: ON (default)" Button
    t =     2.55s     Synthesize event
    t =     2.84s     Wait for life.soullab.voicekernel.vpio02 to idle
    t =     3.16s Waiting 3.0s for "Voice processing: OFF (control run)" Button to exist
    t =     4.18s     Checking `Expect predicate `existsNoRetry == 1` for object "Voice processing: OFF (control run)" Button`
    t =     4.18s         Checking existence of `"Voice processing: OFF (control run)" Button`
    t =     4.24s Waiting 5.0s for "Enter conversation" Button to exist
    t =     5.27s     Checking `Expect predicate `existsNoRetry == 1` for object "Enter conversation" Button`
    t =     5.27s         Checking existence of `"Enter conversation" Button`
    t =     5.33s Tap "Enter conversation" Button
    t =     5.33s     Wait for life.soullab.voicekernel.vpio02 to idle
    t =     5.34s     Find the "Enter conversation" Button
    t =     5.38s     Check for interrupting elements affecting "Enter conversation" Button
    t =     5.42s     Synthesize event
    t =     5.73s     Wait for life.soullab.voicekernel.vpio02 to idle
    t =     5.74s Waiting 5.0s for "Play 3 s tone" Button to exist
    t =     6.77s     Checking `Expect predicate `existsNoRetry == 1` for object "Play 3 s tone" Button`
    t =     6.77s         Checking existence of `"Play 3 s tone" Button`
    t =     6.82s         Capturing element debug description
    t =     7.75s     Checking `Expect predicate `existsNoRetry == 1` for object "Play 3 s tone" Button`
    t =     7.75s         Checking existence of `"Play 3 s tone" Button`
    t =     7.80s         Capturing element debug description
    t =     8.82s     Checking `Expect predicate `existsNoRetry == 1` for object "Play 3 s tone" Button`
    t =     8.82s         Checking existence of `"Play 3 s tone" Button`
    t =     8.87s         Capturing element debug description
    t =     9.80s     Checking `Expect predicate `existsNoRetry == 1` for object "Play 3 s tone" Button`
    t =     9.80s         Checking existence of `"Play 3 s tone" Button`
    t =     9.86s         Capturing element debug description
    t =    10.74s     Checking `Expect predicate `existsNoRetry == 1` for object "Play 3 s tone" Button`
    t =    10.75s         Checking existence of `"Play 3 s tone" Button`
    t =    10.79s         Capturing element debug description
    t =    10.80s     Checking existence of `"Play 3 s tone" Button`
    t =    10.83s Collecting debug information to assist test failure triage
    t =    10.83s     Requesting snapshot of accessibility hierarchy for app with pid 67500
    t =    10.92s Swipe up Application 'life.soullab.voicekernel.vpio02'
    t =    10.92s     Wait for life.soullab.voicekernel.vpio02 to idle
    t =    10.93s     Find the Application 'life.soullab.voicekernel.vpio02'
    t =    10.95s     Check for interrupting elements affecting "VoiceKernel VPIO-02" Application
    t =    10.98s     Synthesize event
    t =    11.41s     Wait for life.soullab.voicekernel.vpio02 to idle
    t =    13.96s Checking existence of `"Play 3 s tone" Button`
2026-09-14 21:34:37.170680-0400 DriverUITests-Runner[67499:14767412] K00-OUTPUT: reveal swipe 1/4 — 'Play 3 s tone' exists: true
    t =    14.01s Checking existence of `"Play 3 s tone" Button`
    t =    14.06s Find the "Play 3 s tone" Button
    t =    16.10s Tap "Play 3 s tone" Button
    t =    16.10s     Wait for life.soullab.voicekernel.vpio02 to idle
    t =    16.11s     Find the "Play 3 s tone" Button
    t =    16.17s     Check for interrupting elements affecting "Play 3 s tone" Button
    t =    16.22s     Synthesize event
    t =    16.53s     Wait for life.soullab.voicekernel.vpio02 to idle
2026-09-14 21:34:39.695580-0400 DriverUITests-Runner[67499:14767412] K00-OUTPUT: Play 1 tapped
    t =    17.55s Checking existence of `"Cancel active" Button`
    t =    17.61s Find the "Cancel active" Button
    t =    17.75s Tap "Cancel active" Button
    t =    17.75s     Wait for life.soullab.voicekernel.vpio02 to idle
    t =    17.76s     Find the "Cancel active" Button
    t =    17.80s     Check for interrupting elements affecting "Cancel active" Button
    t =    17.85s     Synthesize event
    t =    18.14s     Wait for life.soullab.voicekernel.vpio02 to idle
2026-09-14 21:34:41.307357-0400 DriverUITests-Runner[67499:14767412] K00-OUTPUT: Cancel active tapped at ≈1000 ms after Play 1
    t =    19.15s Checking existence of `"Play 3 s tone" Button`
    t =    19.21s Find the "Play 3 s tone" Button
    t =    19.24s Tap "Play 3 s tone" Button
    t =    19.25s     Wait for life.soullab.voicekernel.vpio02 to idle
    t =    19.25s     Find the "Play 3 s tone" Button
    t =    19.29s     Check for interrupting elements affecting "Play 3 s tone" Button
    t =    19.34s     Synthesize event
    t =    19.64s     Wait for life.soullab.voicekernel.vpio02 to idle
2026-09-14 21:34:42.808105-0400 DriverUITests-Runner[67499:14767412] K00-OUTPUT: Play 2 tapped (left to complete)
    t =    24.16s Waiting 5.0s for "Export journal" Button to exist
    t =    25.19s     Checking `Expect predicate `existsNoRetry == 1` for object "Export journal" Button`
    t =    25.19s         Checking existence of `"Export journal" Button`
    t =    25.25s Tap "Export journal" Button
    t =    25.25s     Wait for life.soullab.voicekernel.vpio02 to idle
    t =    25.27s     Find the "Export journal" Button
    t =    25.31s     Check for interrupting elements affecting "Export journal" Button
    t =    25.35s     Synthesize event
    t =    25.67s     Wait for life.soullab.voicekernel.vpio02 to idle
    t =    27.87s Terminate life.soullab.voicekernel.vpio02:67500
    t =    28.89s Wait for life.soullab.voicekernel.vpio02 to become Not Running
    t =    28.89s Tear Down
Test Case '-[DriverUITests.K00DriverTests testOutputSample]' passed (28.991 seconds).
Test Suite 'K00DriverTests' passed at 2026-09-14 21:34:52.152.
	 Executed 1 test, with 0 failures (0 unexpected) in 28.991 (28.995) seconds
Test Suite 'DriverUITests.xctest' passed at 2026-09-14 21:34:52.156.
	 Executed 1 test, with 0 failures (0 unexpected) in 28.991 (28.999) seconds
Test Suite 'Selected tests' passed at 2026-09-14 21:34:52.156.
	 Executed 1 test, with 0 failures (0 unexpected) in 28.991 (29.000) seconds
2026-09-14 21:34:52.167 xcodebuild[99531:30317284] [MT] IDERunDestination: Supported platforms for the buildables in the current scheme is empty.
2026-09-14 21:34:52.435 xcodebuild[99531:30317284] [MT] IDETestOperationsObserverDebug: 31.398 elapsed -- Testing started completed.
2026-09-14 21:34:52.435 xcodebuild[99531:30317284] [MT] IDETestOperationsObserverDebug: 0.000 sec, +0.000 sec -- start
2026-09-14 21:34:52.435 xcodebuild[99531:30317284] [MT] IDETestOperationsObserverDebug: 31.398 sec, +31.398 sec -- end

Test session results, code coverage, and logs:
	/Users/soullab/Library/Developer/Xcode/DerivedData/VoiceKernelDriver-dqatgltkyigzymgodpvsjyvkzuvj/Logs/Test/Test-DriverUITests-2026.09.14_21-34-20--0400.xcresult

** TEST EXECUTE SUCCEEDED **

Testing started
