Command line invocation:
    /Applications/Xcode.app/Contents/Developer/usr/bin/xcodebuild test-without-building -xctestrun /private/tmp/k0506-vpoff-83a382a14/ios/VoiceKernelDriver/.derived/Build/Products/DriverUITests_iphoneos26.2-arm64.xctestrun -destination id=00008140-00163D9922E0801C -collect-test-diagnostics never "-only-testing:DriverUITests/K00DriverTests/testOutputSample"

2026-09-14 21:35:32.099 xcodebuild[99700:30318990] [MT] IDERunDestination: Supported platforms for the buildables in the current scheme is empty.
2026-09-14 21:35:32.102 xcodebuild[99700:30318990] [MT] IDERunDestination: Supported platforms for the buildables in the current scheme is empty.
2026-09-14 21:35:32.202 xcodebuild[99700:30318990] [MT] IDERunDestination: Supported platforms for the buildables in the current scheme is empty.
--- xcodebuild: WARNING: Using the first of multiple matching destinations:
{ platform:iOS, arch:arm64e, id:00008140-00163D9922E0801C, name:Kelly Nezat’s iPhone }
{ platform:iOS, arch:arm64, id:00008140-00163D9922E0801C, name:Kelly Nezat’s iPhone }
2026-09-14 21:35:32.479 xcodebuild[99700:30318990] [MT] IDERunDestination: Supported platforms for the buildables in the current scheme is empty.
2026-09-14 21:35:32.667 xcodebuild[99700:30318990] [MT] IDERunDestination: Supported platforms for the buildables in the current scheme is empty.
2026-09-14 21:35:34.258206-0400 DriverUITests-Runner[67503:14769487] [Default] Running tests...
    t =      nans Interface orientation changed to Portrait
Test Suite 'Selected tests' started at 2026-09-14 21:35:34.733.
Test Suite 'DriverUITests.xctest' started at 2026-09-14 21:35:34.734.
Test Suite 'K00DriverTests' started at 2026-09-14 21:35:34.734.
Test Case '-[DriverUITests.K00DriverTests testOutputSample]' started.
    t =     0.00s Start Test at 2026-09-14 21:35:34.735
    t =     0.02s Set Up
    t =     0.02s Open life.soullab.voicekernel.vpio02
    t =     0.03s     Launch life.soullab.voicekernel.vpio02
    t =     0.11s         Setting up automation session
    t =     0.19s         Wait for life.soullab.voicekernel.vpio02 to idle
2026-09-14 21:35:34.906 xcodebuild[99700:30318990] [MT] IDERunDestination: Supported platforms for the buildables in the current scheme is empty.
    t =     1.29s Wait for life.soullab.voicekernel.vpio02 to become Running Foreground
    t =     1.30s Waiting 10.0s for "Enter conversation" Button to exist
    t =     2.35s     Checking `Expect predicate `existsNoRetry == 1` for object "Enter conversation" Button`
    t =     2.35s         Checking existence of `"Enter conversation" Button`
    t =     2.44s Checking existence of `"Voice processing: ON (default)" Button`
    t =     2.47s Checking existence of `"Voice processing: OFF (control run)" Button`
    t =     2.49s Tap "Voice processing: ON (default)" Button
    t =     2.50s     Wait for life.soullab.voicekernel.vpio02 to idle
    t =     2.50s     Find the "Voice processing: ON (default)" Button
    t =     2.53s     Check for interrupting elements affecting "Voice processing: ON (default)" Button
    t =     2.56s     Synthesize event
    t =     2.86s     Wait for life.soullab.voicekernel.vpio02 to idle
    t =     3.17s Waiting 3.0s for "Voice processing: OFF (control run)" Button to exist
    t =     4.18s     Checking `Expect predicate `existsNoRetry == 1` for object "Voice processing: OFF (control run)" Button`
    t =     4.18s         Checking existence of `"Voice processing: OFF (control run)" Button`
    t =     4.25s Waiting 5.0s for "Enter conversation" Button to exist
    t =     5.25s     Checking `Expect predicate `existsNoRetry == 1` for object "Enter conversation" Button`
    t =     5.25s         Checking existence of `"Enter conversation" Button`
    t =     5.31s Tap "Enter conversation" Button
    t =     5.31s     Wait for life.soullab.voicekernel.vpio02 to idle
    t =     5.32s     Find the "Enter conversation" Button
    t =     5.36s     Check for interrupting elements affecting "Enter conversation" Button
    t =     5.40s     Synthesize event
    t =     5.69s     Wait for life.soullab.voicekernel.vpio02 to idle
    t =     5.70s Waiting 5.0s for "Play 3 s tone" Button to exist
    t =     6.73s     Checking `Expect predicate `existsNoRetry == 1` for object "Play 3 s tone" Button`
    t =     6.73s         Checking existence of `"Play 3 s tone" Button`
    t =     6.78s         Capturing element debug description
    t =     7.72s     Checking `Expect predicate `existsNoRetry == 1` for object "Play 3 s tone" Button`
    t =     7.72s         Checking existence of `"Play 3 s tone" Button`
    t =     7.75s         Capturing element debug description
    t =     8.78s     Checking `Expect predicate `existsNoRetry == 1` for object "Play 3 s tone" Button`
    t =     8.78s         Checking existence of `"Play 3 s tone" Button`
    t =     8.83s         Capturing element debug description
    t =     9.76s     Checking `Expect predicate `existsNoRetry == 1` for object "Play 3 s tone" Button`
    t =     9.77s         Checking existence of `"Play 3 s tone" Button`
    t =     9.81s         Capturing element debug description
    t =    10.71s     Checking `Expect predicate `existsNoRetry == 1` for object "Play 3 s tone" Button`
    t =    10.72s         Checking existence of `"Play 3 s tone" Button`
    t =    10.76s         Capturing element debug description
    t =    10.77s     Checking existence of `"Play 3 s tone" Button`
    t =    10.80s Collecting debug information to assist test failure triage
    t =    10.81s     Requesting snapshot of accessibility hierarchy for app with pid 67504
    t =    10.89s Swipe up Application 'life.soullab.voicekernel.vpio02'
    t =    10.89s     Wait for life.soullab.voicekernel.vpio02 to idle
    t =    10.90s     Find the Application 'life.soullab.voicekernel.vpio02'
    t =    10.92s     Check for interrupting elements affecting "VoiceKernel VPIO-02" Application
    t =    10.94s     Synthesize event
    t =    11.37s     Wait for life.soullab.voicekernel.vpio02 to idle
    t =    13.92s Checking existence of `"Play 3 s tone" Button`
2026-09-14 21:35:48.714570-0400 DriverUITests-Runner[67503:14769487] K00-OUTPUT: reveal swipe 1/4 — 'Play 3 s tone' exists: true
    t =    13.98s Checking existence of `"Play 3 s tone" Button`
    t =    14.01s Find the "Play 3 s tone" Button
    t =    16.06s Tap "Play 3 s tone" Button
    t =    16.06s     Wait for life.soullab.voicekernel.vpio02 to idle
    t =    16.07s     Find the "Play 3 s tone" Button
    t =    16.13s     Check for interrupting elements affecting "Play 3 s tone" Button
    t =    16.19s     Synthesize event
    t =    16.50s     Wait for life.soullab.voicekernel.vpio02 to idle
2026-09-14 21:35:51.244779-0400 DriverUITests-Runner[67503:14769487] K00-OUTPUT: Play 1 tapped
    t =    17.51s Checking existence of `"Cancel active" Button`
    t =    17.56s Find the "Cancel active" Button
    t =    17.60s Tap "Cancel active" Button
    t =    17.60s     Wait for life.soullab.voicekernel.vpio02 to idle
    t =    17.60s     Find the "Cancel active" Button
    t =    17.63s     Check for interrupting elements affecting "Cancel active" Button
    t =    17.68s     Synthesize event
    t =    18.09s     Wait for life.soullab.voicekernel.vpio02 to idle
2026-09-14 21:35:52.830467-0400 DriverUITests-Runner[67503:14769487] K00-OUTPUT: Cancel active tapped at ≈1000 ms after Play 1
    t =    19.10s Checking existence of `"Play 3 s tone" Button`
    t =    19.15s Find the "Play 3 s tone" Button
    t =    19.18s Tap "Play 3 s tone" Button
    t =    19.19s     Wait for life.soullab.voicekernel.vpio02 to idle
    t =    19.19s     Find the "Play 3 s tone" Button
    t =    19.22s     Check for interrupting elements affecting "Play 3 s tone" Button
    t =    19.26s     Synthesize event
    t =    19.57s     Wait for life.soullab.voicekernel.vpio02 to idle
2026-09-14 21:35:54.315649-0400 DriverUITests-Runner[67503:14769487] K00-OUTPUT: Play 2 tapped (left to complete)
    t =    24.09s Waiting 5.0s for "Export journal" Button to exist
    t =    25.13s     Checking `Expect predicate `existsNoRetry == 1` for object "Export journal" Button`
    t =    25.13s         Checking existence of `"Export journal" Button`
    t =    25.18s Tap "Export journal" Button
    t =    25.18s     Wait for life.soullab.voicekernel.vpio02 to idle
    t =    25.19s     Find the "Export journal" Button
    t =    25.23s     Check for interrupting elements affecting "Export journal" Button
    t =    25.27s     Synthesize event
2026-09-14 21:36:00.129 xcodebuild[99700:30318990] [MT] IDERunDestination: Supported platforms for the buildables in the current scheme is empty.
    t =    25.58s     Wait for life.soullab.voicekernel.vpio02 to idle
    t =    27.78s Terminate life.soullab.voicekernel.vpio02:67504
    t =    28.80s Wait for life.soullab.voicekernel.vpio02 to become Not Running
    t =    28.81s Tear Down
Test Case '-[DriverUITests.K00DriverTests testOutputSample]' passed (28.895 seconds).
Test Suite 'K00DriverTests' passed at 2026-09-14 21:36:03.630.
	 Executed 1 test, with 0 failures (0 unexpected) in 28.895 (28.896) seconds
Test Suite 'DriverUITests.xctest' passed at 2026-09-14 21:36:03.631.
	 Executed 1 test, with 0 failures (0 unexpected) in 28.895 (28.897) seconds
Test Suite 'Selected tests' passed at 2026-09-14 21:36:03.631.
	 Executed 1 test, with 0 failures (0 unexpected) in 28.895 (28.898) seconds
2026-09-14 21:36:03.664 xcodebuild[99700:30318990] [MT] IDERunDestination: Supported platforms for the buildables in the current scheme is empty.
2026-09-14 21:36:03.923 xcodebuild[99700:30318990] [MT] IDETestOperationsObserverDebug: 31.443 elapsed -- Testing started completed.
2026-09-14 21:36:03.923 xcodebuild[99700:30318990] [MT] IDETestOperationsObserverDebug: 0.000 sec, +0.000 sec -- start
2026-09-14 21:36:03.923 xcodebuild[99700:30318990] [MT] IDETestOperationsObserverDebug: 31.443 sec, +31.443 sec -- end

Test session results, code coverage, and logs:
	/Users/soullab/Library/Developer/Xcode/DerivedData/VoiceKernelDriver-evwhpszvxmsdhwefttbrucrpcbla/Logs/Test/Test-DriverUITests-2026.09.14_21-35-32--0400.xcresult

** TEST EXECUTE SUCCEEDED **

Testing started
