Command line invocation:
    /Applications/Xcode.app/Contents/Developer/usr/bin/xcodebuild test-without-building -xctestrun /private/tmp/k0506-vpoff-83a382a14/ios/VoiceKernelDriver/.derived/Build/Products/DriverUITests_iphoneos26.2-arm64.xctestrun -destination id=00008140-00163D9922E0801C -collect-test-diagnostics never "-only-testing:DriverUITests/K00DriverTests/testOutputSample"

2026-09-14 21:28:26.045 xcodebuild[98573:30305732] [MT] IDERunDestination: Supported platforms for the buildables in the current scheme is empty.
2026-09-14 21:28:26.048 xcodebuild[98573:30305732] [MT] IDERunDestination: Supported platforms for the buildables in the current scheme is empty.
2026-09-14 21:28:26.147 xcodebuild[98573:30305732] [MT] IDERunDestination: Supported platforms for the buildables in the current scheme is empty.
2026-09-14 21:28:26.253 xcodebuild[98573:30305732] [MT] IDERunDestination: Supported platforms for the buildables in the current scheme is empty.
--- xcodebuild: WARNING: Using the first of multiple matching destinations:
{ platform:iOS, arch:arm64e, id:00008140-00163D9922E0801C, name:Kelly Nezat’s iPhone }
{ platform:iOS, arch:arm64, id:00008140-00163D9922E0801C, name:Kelly Nezat’s iPhone }
2026-09-14 21:28:26.723 xcodebuild[98573:30305732] [MT] IDERunDestination: Supported platforms for the buildables in the current scheme is empty.
2026-09-14 21:28:26.921 xcodebuild[98573:30305732] [MT] IDERunDestination: Supported platforms for the buildables in the current scheme is empty.
2026-09-14 21:28:32.639253-0400 DriverUITests-Runner[67466:14757228] [Default] Running tests...
    t =      nans Interface orientation changed to Portrait
Test Suite 'Selected tests' started at 2026-09-14 21:28:37.566.
Test Suite 'DriverUITests.xctest' started at 2026-09-14 21:28:37.567.
Test Suite 'K00DriverTests' started at 2026-09-14 21:28:37.567.
Test Case '-[DriverUITests.K00DriverTests testOutputSample]' started.
    t =     0.00s Start Test at 2026-09-14 21:28:37.568
    t =     0.04s Set Up
    t =     0.05s Open life.soullab.voicekernel.vpio02
    t =     0.05s     Launch life.soullab.voicekernel.vpio02
    t =     0.23s         Setting up automation session
    t =     0.39s         Wait for life.soullab.voicekernel.vpio02 to idle
2026-09-14 21:28:37.930 xcodebuild[98573:30305732] [MT] IDERunDestination: Supported platforms for the buildables in the current scheme is empty.
    t =     1.62s Wait for life.soullab.voicekernel.vpio02 to become Running Foreground
    t =     1.63s Waiting 10.0s for "Enter conversation" Button to exist
    t =     2.66s     Checking `Expect predicate `existsNoRetry == 1` for object "Enter conversation" Button`
    t =     2.67s         Checking existence of `"Enter conversation" Button`
    t =     2.77s Checking existence of `"Voice processing: ON (default)" Button`
    t =     2.80s Checking existence of `"Voice processing: OFF (control run)" Button`
    t =     2.82s Tap "Voice processing: ON (default)" Button
    t =     2.82s     Wait for life.soullab.voicekernel.vpio02 to idle
    t =     2.83s     Find the "Voice processing: ON (default)" Button
    t =     2.96s     Check for interrupting elements affecting "Voice processing: ON (default)" Button
    t =     3.02s     Synthesize event
    t =     3.43s     Wait for life.soullab.voicekernel.vpio02 to idle
    t =     3.75s Waiting 3.0s for "Voice processing: OFF (control run)" Button to exist
    t =     4.77s     Checking `Expect predicate `existsNoRetry == 1` for object "Voice processing: OFF (control run)" Button`
    t =     4.77s         Checking existence of `"Voice processing: OFF (control run)" Button`
    t =     4.84s Waiting 5.0s for "Enter conversation" Button to exist
    t =     5.85s     Checking `Expect predicate `existsNoRetry == 1` for object "Enter conversation" Button`
    t =     5.85s         Checking existence of `"Enter conversation" Button`
    t =     5.90s Tap "Enter conversation" Button
    t =     5.90s     Wait for life.soullab.voicekernel.vpio02 to idle
    t =     5.91s     Find the "Enter conversation" Button
    t =     5.94s     Check for interrupting elements affecting "Enter conversation" Button
    t =     5.99s     Synthesize event
    t =     6.28s     Wait for life.soullab.voicekernel.vpio02 to idle
    t =     6.28s Waiting 5.0s for "Play 3 s tone" Button to exist
    t =     7.31s     Checking `Expect predicate `existsNoRetry == 1` for object "Play 3 s tone" Button`
    t =     7.31s         Checking existence of `"Play 3 s tone" Button`
    t =     7.36s         Capturing element debug description
    t =     8.29s     Checking `Expect predicate `existsNoRetry == 1` for object "Play 3 s tone" Button`
    t =     8.29s         Checking existence of `"Play 3 s tone" Button`
    t =     8.34s         Capturing element debug description
    t =     9.36s     Checking `Expect predicate `existsNoRetry == 1` for object "Play 3 s tone" Button`
    t =     9.36s         Checking existence of `"Play 3 s tone" Button`
    t =     9.41s         Capturing element debug description
    t =    10.34s     Checking `Expect predicate `existsNoRetry == 1` for object "Play 3 s tone" Button`
    t =    10.35s         Checking existence of `"Play 3 s tone" Button`
    t =    10.40s         Capturing element debug description
    t =    11.29s     Checking `Expect predicate `existsNoRetry == 1` for object "Play 3 s tone" Button`
    t =    11.29s         Checking existence of `"Play 3 s tone" Button`
    t =    11.34s         Capturing element debug description
    t =    11.35s     Checking existence of `"Play 3 s tone" Button`
    t =    11.38s Collecting debug information to assist test failure triage
    t =    11.38s     Requesting snapshot of accessibility hierarchy for app with pid 67478
    t =    11.46s Swipe up Application 'life.soullab.voicekernel.vpio02'
    t =    11.46s     Wait for life.soullab.voicekernel.vpio02 to idle
    t =    11.46s     Find the Application 'life.soullab.voicekernel.vpio02'
    t =    11.48s     Check for interrupting elements affecting "VoiceKernel VPIO-02" Application
    t =    11.50s     Synthesize event
    t =    11.94s     Wait for life.soullab.voicekernel.vpio02 to idle
    t =    14.48s Checking existence of `"Play 3 s tone" Button`
2026-09-14 21:28:52.102194-0400 DriverUITests-Runner[67466:14757228] K00-OUTPUT: reveal swipe 1/4 — 'Play 3 s tone' exists: true
    t =    14.54s Checking existence of `"Play 3 s tone" Button`
    t =    14.58s Find the "Play 3 s tone" Button
    t =    16.62s Tap "Play 3 s tone" Button
    t =    16.62s     Wait for life.soullab.voicekernel.vpio02 to idle
    t =    16.63s     Find the "Play 3 s tone" Button
    t =    16.69s     Check for interrupting elements affecting "Play 3 s tone" Button
    t =    16.74s     Synthesize event
    t =    17.06s     Wait for life.soullab.voicekernel.vpio02 to idle
2026-09-14 21:28:54.635310-0400 DriverUITests-Runner[67466:14757228] K00-OUTPUT: Play 1 tapped
    t =    18.07s Checking existence of `"Cancel active" Button`
    t =    18.12s Find the "Cancel active" Button
    t =    18.17s Tap "Cancel active" Button
    t =    18.17s     Wait for life.soullab.voicekernel.vpio02 to idle
    t =    18.18s     Find the "Cancel active" Button
    t =    18.21s     Check for interrupting elements affecting "Cancel active" Button
    t =    18.38s     Synthesize event
    t =    18.69s     Wait for life.soullab.voicekernel.vpio02 to idle
2026-09-14 21:28:56.269947-0400 DriverUITests-Runner[67466:14757228] K00-OUTPUT: Cancel active tapped at ≈1000 ms after Play 1
    t =    19.70s Checking existence of `"Play 3 s tone" Button`
    t =    19.76s Find the "Play 3 s tone" Button
    t =    19.80s Tap "Play 3 s tone" Button
    t =    19.81s     Wait for life.soullab.voicekernel.vpio02 to idle
    t =    19.82s     Find the "Play 3 s tone" Button
    t =    19.85s     Check for interrupting elements affecting "Play 3 s tone" Button
    t =    19.90s     Synthesize event
    t =    20.20s     Wait for life.soullab.voicekernel.vpio02 to idle
2026-09-14 21:28:57.783331-0400 DriverUITests-Runner[67466:14757228] K00-OUTPUT: Play 2 tapped (left to complete)
2026-09-14 21:29:00.136 xcodebuild[98573:30305732] [MT] IDERunDestination: Supported platforms for the buildables in the current scheme is empty.
    t =    24.73s Waiting 5.0s for "Export journal" Button to exist
    t =    25.77s     Checking `Expect predicate `existsNoRetry == 1` for object "Export journal" Button`
    t =    25.77s         Checking existence of `"Export journal" Button`
    t =    25.83s Tap "Export journal" Button
    t =    25.84s     Wait for life.soullab.voicekernel.vpio02 to idle
    t =    25.84s     Find the "Export journal" Button
    t =    25.88s     Check for interrupting elements affecting "Export journal" Button
    t =    25.93s     Synthesize event
    t =    26.35s     Wait for life.soullab.voicekernel.vpio02 to idle
    t =    28.58s Terminate life.soullab.voicekernel.vpio02:67478
    t =    29.59s Wait for life.soullab.voicekernel.vpio02 to become Not Running
    t =    29.60s Tear Down
Test Case '-[DriverUITests.K00DriverTests testOutputSample]' passed (29.702 seconds).
Test Suite 'K00DriverTests' passed at 2026-09-14 21:29:07.272.
	 Executed 1 test, with 0 failures (0 unexpected) in 29.702 (29.705) seconds
Test Suite 'DriverUITests.xctest' passed at 2026-09-14 21:29:07.279.
	 Executed 1 test, with 0 failures (0 unexpected) in 29.702 (29.712) seconds
Test Suite 'Selected tests' passed at 2026-09-14 21:29:07.281.
	 Executed 1 test, with 0 failures (0 unexpected) in 29.702 (29.715) seconds
2026-09-14 21:29:07.309 xcodebuild[98573:30305732] [MT] IDERunDestination: Supported platforms for the buildables in the current scheme is empty.
2026-09-14 21:29:07.558 xcodebuild[98573:30305732] [MT] IDETestOperationsObserverDebug: 40.834 elapsed -- Testing started completed.
2026-09-14 21:29:07.558 xcodebuild[98573:30305732] [MT] IDETestOperationsObserverDebug: 0.000 sec, +0.000 sec -- start
2026-09-14 21:29:07.558 xcodebuild[98573:30305732] [MT] IDETestOperationsObserverDebug: 40.834 sec, +40.834 sec -- end

Test session results, code coverage, and logs:
	/Users/soullab/Library/Developer/Xcode/DerivedData/VoiceKernelDriver-duqednpiiwhyiffibifcyycjtbzv/Logs/Test/Test-DriverUITests-2026.09.14_21-28-26--0400.xcresult

** TEST EXECUTE SUCCEEDED **

Testing started
