Command line invocation:
    /Applications/Xcode.app/Contents/Developer/usr/bin/xcodebuild test-without-building -xctestrun /private/tmp/k0506-vpoff-83a382a14/ios/VoiceKernelDriver/.derived/Build/Products/DriverUITests_iphoneos26.2-arm64.xctestrun -destination id=00008140-00163D9922E0801C -collect-test-diagnostics never "-only-testing:DriverUITests/K00DriverTests/testOutputSample"

2026-09-14 21:32:00.370 xcodebuild[99176:30312484] [MT] IDERunDestination: Supported platforms for the buildables in the current scheme is empty.
2026-09-14 21:32:00.373 xcodebuild[99176:30312484] [MT] IDERunDestination: Supported platforms for the buildables in the current scheme is empty.
2026-09-14 21:32:00.471 xcodebuild[99176:30312484] [MT] IDERunDestination: Supported platforms for the buildables in the current scheme is empty.
--- xcodebuild: WARNING: Using the first of multiple matching destinations:
{ platform:iOS, arch:arm64e, id:00008140-00163D9922E0801C, name:Kelly Nezat’s iPhone }
{ platform:iOS, arch:arm64, id:00008140-00163D9922E0801C, name:Kelly Nezat’s iPhone }
2026-09-14 21:32:00.980 xcodebuild[99176:30312484] [MT] IDERunDestination: Supported platforms for the buildables in the current scheme is empty.
2026-09-14 21:32:01.178 xcodebuild[99176:30312484] [MT] IDERunDestination: Supported platforms for the buildables in the current scheme is empty.
2026-09-14 21:32:02.786754-0400 DriverUITests-Runner[67493:14763352] [Default] Running tests...
    t =      nans Interface orientation changed to Portrait
Test Suite 'Selected tests' started at 2026-09-14 21:32:03.250.
Test Suite 'DriverUITests.xctest' started at 2026-09-14 21:32:03.251.
Test Suite 'K00DriverTests' started at 2026-09-14 21:32:03.251.
Test Case '-[DriverUITests.K00DriverTests testOutputSample]' started.
    t =     0.00s Start Test at 2026-09-14 21:32:03.252
    t =     0.02s Set Up
    t =     0.03s Open life.soullab.voicekernel.vpio02
    t =     0.03s     Launch life.soullab.voicekernel.vpio02
    t =     0.10s         Setting up automation session
    t =     0.18s         Wait for life.soullab.voicekernel.vpio02 to idle
2026-09-14 21:32:03.434 xcodebuild[99176:30312484] [MT] IDERunDestination: Supported platforms for the buildables in the current scheme is empty.
    t =     1.27s Wait for life.soullab.voicekernel.vpio02 to become Running Foreground
    t =     1.28s Waiting 10.0s for "Enter conversation" Button to exist
    t =     2.34s     Checking `Expect predicate `existsNoRetry == 1` for object "Enter conversation" Button`
    t =     2.34s         Checking existence of `"Enter conversation" Button`
    t =     2.43s Checking existence of `"Voice processing: ON (default)" Button`
    t =     2.46s Checking existence of `"Voice processing: OFF (control run)" Button`
    t =     2.48s Tap "Voice processing: ON (default)" Button
    t =     2.48s     Wait for life.soullab.voicekernel.vpio02 to idle
    t =     2.49s     Find the "Voice processing: ON (default)" Button
    t =     2.62s     Check for interrupting elements affecting "Voice processing: ON (default)" Button
    t =     2.79s     Synthesize event
    t =     3.09s     Wait for life.soullab.voicekernel.vpio02 to idle
    t =     3.40s Waiting 3.0s for "Voice processing: OFF (control run)" Button to exist
    t =     4.41s     Checking `Expect predicate `existsNoRetry == 1` for object "Voice processing: OFF (control run)" Button`
    t =     4.42s         Checking existence of `"Voice processing: OFF (control run)" Button`
    t =     4.48s Waiting 5.0s for "Enter conversation" Button to exist
    t =     5.51s     Checking `Expect predicate `existsNoRetry == 1` for object "Enter conversation" Button`
    t =     5.51s         Checking existence of `"Enter conversation" Button`
    t =     5.56s Tap "Enter conversation" Button
    t =     5.56s     Wait for life.soullab.voicekernel.vpio02 to idle
    t =     5.57s     Find the "Enter conversation" Button
    t =     5.60s     Check for interrupting elements affecting "Enter conversation" Button
    t =     5.62s     Synthesize event
    t =     5.92s     Wait for life.soullab.voicekernel.vpio02 to idle
    t =     5.93s Waiting 5.0s for "Play 3 s tone" Button to exist
    t =     6.96s     Checking `Expect predicate `existsNoRetry == 1` for object "Play 3 s tone" Button`
    t =     6.96s         Checking existence of `"Play 3 s tone" Button`
    t =     7.01s         Capturing element debug description
    t =     7.94s     Checking `Expect predicate `existsNoRetry == 1` for object "Play 3 s tone" Button`
    t =     7.95s         Checking existence of `"Play 3 s tone" Button`
    t =     8.00s         Capturing element debug description
    t =     8.93s     Checking `Expect predicate `existsNoRetry == 1` for object "Play 3 s tone" Button`
    t =     8.93s         Checking existence of `"Play 3 s tone" Button`
    t =     8.99s         Capturing element debug description
    t =    10.01s     Checking `Expect predicate `existsNoRetry == 1` for object "Play 3 s tone" Button`
    t =    10.01s         Checking existence of `"Play 3 s tone" Button`
    t =    10.06s         Capturing element debug description
    t =    10.94s     Checking `Expect predicate `existsNoRetry == 1` for object "Play 3 s tone" Button`
    t =    10.94s         Checking existence of `"Play 3 s tone" Button`
    t =    10.99s         Capturing element debug description
    t =    10.99s     Checking existence of `"Play 3 s tone" Button`
    t =    11.03s Collecting debug information to assist test failure triage
    t =    11.03s     Requesting snapshot of accessibility hierarchy for app with pid 67494
    t =    11.12s Swipe up Application 'life.soullab.voicekernel.vpio02'
    t =    11.12s     Wait for life.soullab.voicekernel.vpio02 to idle
    t =    11.12s     Find the Application 'life.soullab.voicekernel.vpio02'
    t =    11.14s     Check for interrupting elements affecting "VoiceKernel VPIO-02" Application
    t =    11.17s     Synthesize event
    t =    11.61s     Wait for life.soullab.voicekernel.vpio02 to idle
    t =    14.17s Checking existence of `"Play 3 s tone" Button`
2026-09-14 21:32:17.480035-0400 DriverUITests-Runner[67493:14763352] K00-OUTPUT: reveal swipe 1/4 — 'Play 3 s tone' exists: true
    t =    14.23s Checking existence of `"Play 3 s tone" Button`
    t =    14.26s Find the "Play 3 s tone" Button
    t =    16.31s Tap "Play 3 s tone" Button
    t =    16.31s     Wait for life.soullab.voicekernel.vpio02 to idle
    t =    16.33s     Find the "Play 3 s tone" Button
    t =    16.38s     Check for interrupting elements affecting "Play 3 s tone" Button
    t =    16.44s     Synthesize event
    t =    16.87s     Wait for life.soullab.voicekernel.vpio02 to idle
2026-09-14 21:32:20.130416-0400 DriverUITests-Runner[67493:14763352] K00-OUTPUT: Play 1 tapped
    t =    17.89s Checking existence of `"Cancel active" Button`
    t =    17.95s Find the "Cancel active" Button
    t =    18.00s Tap "Cancel active" Button
    t =    18.00s     Wait for life.soullab.voicekernel.vpio02 to idle
    t =    18.00s     Find the "Cancel active" Button
    t =    18.04s     Check for interrupting elements affecting "Cancel active" Button
    t =    18.09s     Synthesize event
    t =    18.50s     Wait for life.soullab.voicekernel.vpio02 to idle
2026-09-14 21:32:21.769337-0400 DriverUITests-Runner[67493:14763352] K00-OUTPUT: Cancel active tapped at ≈1000 ms after Play 1
    t =    19.52s Checking existence of `"Play 3 s tone" Button`
    t =    19.58s Find the "Play 3 s tone" Button
    t =    19.63s Tap "Play 3 s tone" Button
    t =    19.63s     Wait for life.soullab.voicekernel.vpio02 to idle
    t =    19.64s     Find the "Play 3 s tone" Button
    t =    19.67s     Check for interrupting elements affecting "Play 3 s tone" Button
    t =    19.72s     Synthesize event
    t =    20.02s     Wait for life.soullab.voicekernel.vpio02 to idle
2026-09-14 21:32:23.282558-0400 DriverUITests-Runner[67493:14763352] K00-OUTPUT: Play 2 tapped (left to complete)
    t =    24.54s Waiting 5.0s for "Export journal" Button to exist
    t =    25.56s     Checking `Expect predicate `existsNoRetry == 1` for object "Export journal" Button`
    t =    25.57s         Checking existence of `"Export journal" Button`
    t =    25.62s Tap "Export journal" Button
    t =    25.62s     Wait for life.soullab.voicekernel.vpio02 to idle
    t =    25.65s     Find the "Export journal" Button
    t =    25.68s     Check for interrupting elements affecting "Export journal" Button
    t =    25.73s     Synthesize event
    t =    26.04s     Wait for life.soullab.voicekernel.vpio02 to idle
    t =    28.24s Terminate life.soullab.voicekernel.vpio02:67494
    t =    29.26s Wait for life.soullab.voicekernel.vpio02 to become Not Running
    t =    29.26s Tear Down
Test Case '-[DriverUITests.K00DriverTests testOutputSample]' passed (29.372 seconds).
Test Suite 'K00DriverTests' passed at 2026-09-14 21:32:32.624.
	 Executed 1 test, with 0 failures (0 unexpected) in 29.372 (29.373) seconds
Test Suite 'DriverUITests.xctest' passed at 2026-09-14 21:32:32.625.
	 Executed 1 test, with 0 failures (0 unexpected) in 29.372 (29.374) seconds
Test Suite 'Selected tests' passed at 2026-09-14 21:32:32.625.
	 Executed 1 test, with 0 failures (0 unexpected) in 29.372 (29.375) seconds
2026-09-14 21:32:32.633 xcodebuild[99176:30312484] [MT] IDERunDestination: Supported platforms for the buildables in the current scheme is empty.
2026-09-14 21:32:32.897 xcodebuild[99176:30312484] [MT] IDETestOperationsObserverDebug: 31.916 elapsed -- Testing started completed.
2026-09-14 21:32:32.898 xcodebuild[99176:30312484] [MT] IDETestOperationsObserverDebug: 0.000 sec, +0.000 sec -- start
2026-09-14 21:32:32.898 xcodebuild[99176:30312484] [MT] IDETestOperationsObserverDebug: 31.916 sec, +31.916 sec -- end

Test session results, code coverage, and logs:
	/Users/soullab/Library/Developer/Xcode/DerivedData/VoiceKernelDriver-gfwedklwnyjhzeeksriapzmezlnj/Logs/Test/Test-DriverUITests-2026.09.14_21-32-00--0400.xcresult

** TEST EXECUTE SUCCEEDED **

Testing started
