Command line invocation:
    /Applications/Xcode.app/Contents/Developer/usr/bin/xcodebuild test-without-building -xctestrun /private/tmp/sid-entry-03-36e412f8ed0136cf6ac22ee8dfb2cbd790a75a1c-20260916T022124Z/ios/VoiceKernelDriver/.derived/Build/Products/DriverUITests_iphoneos26.2-arm64.xctestrun -destination id=00008140-00163D9922E0801C -collect-test-diagnostics never "-only-testing:DriverUITests/K00DriverTests/testOneSample"

2026-09-15 22:30:49.747 xcodebuild[52191:32442293] [MT] IDERunDestination: Supported platforms for the buildables in the current scheme is empty.
2026-09-15 22:30:49.751 xcodebuild[52191:32442293] [MT] IDERunDestination: Supported platforms for the buildables in the current scheme is empty.
2026-09-15 22:30:49.848 xcodebuild[52191:32442293] [MT] IDERunDestination: Supported platforms for the buildables in the current scheme is empty.
2026-09-15 22:30:49.969 xcodebuild[52191:32442293] [MT] IDERunDestination: Supported platforms for the buildables in the current scheme is empty.
--- xcodebuild: WARNING: Using the first of multiple matching destinations:
{ platform:iOS, arch:arm64e, id:00008140-00163D9922E0801C, name:Kelly Nezat’s iPhone }
{ platform:iOS, arch:arm64, id:00008140-00163D9922E0801C, name:Kelly Nezat’s iPhone }
2026-09-15 22:30:50.494 xcodebuild[52191:32442293] [MT] IDERunDestination: Supported platforms for the buildables in the current scheme is empty.
2026-09-15 22:30:50.714 xcodebuild[52191:32442293] [MT] IDERunDestination: Supported platforms for the buildables in the current scheme is empty.
2026-09-15 22:30:52.177808-0400 DriverUITests-Runner[4012:828504] [Default] Running tests...
    t =      nans Interface orientation changed to Portrait
Test Suite 'Selected tests' started at 2026-09-15 22:30:52.650.
Test Suite 'DriverUITests.xctest' started at 2026-09-15 22:30:52.650.
Test Suite 'K00DriverTests' started at 2026-09-15 22:30:52.651.
Test Case '-[DriverUITests.K00DriverTests testOneSample]' started.
    t =     0.00s Start Test at 2026-09-15 22:30:52.651
    t =     0.02s Set Up
    t =     0.03s Open life.soullab.voicekernel.vpio02sid
    t =     0.03s     Launch life.soullab.voicekernel.vpio02sid
    t =     0.11s         Setting up automation session
    t =     0.18s         Wait for life.soullab.voicekernel.vpio02sid to idle
2026-09-15 22:30:52.821 xcodebuild[52191:32442293] [MT] IDERunDestination: Supported platforms for the buildables in the current scheme is empty.
    t =     1.28s Wait for life.soullab.voicekernel.vpio02sid to become Running Foreground
    t =     1.29s Waiting 10.0s for "Enter conversation" Button to exist
    t =     2.35s     Checking `Expect predicate `existsNoRetry == 1` for object "Enter conversation" Button`
    t =     2.35s         Checking existence of `"Enter conversation" Button`
    t =     2.45s Checking existence of `"Voice processing: ON (default)" Button`
    t =     2.47s Checking existence of `"Voice processing: OFF (control run)" Button`
    t =     2.80s Waiting 3.0s for "Voice processing: ON (default)" Button to exist
    t =     3.81s     Checking `Expect predicate `existsNoRetry == 1` for object "Voice processing: ON (default)" Button`
    t =     3.81s         Checking existence of `"Voice processing: ON (default)" Button`
    t =     3.87s Waiting 5.0s for "Enter conversation" Button to exist
    t =     4.91s     Checking `Expect predicate `existsNoRetry == 1` for object "Enter conversation" Button`
    t =     4.91s         Checking existence of `"Enter conversation" Button`
    t =     4.97s Tap "Enter conversation" Button
    t =     4.97s     Wait for life.soullab.voicekernel.vpio02sid to idle
    t =     4.98s     Find the "Enter conversation" Button
    t =     5.13s     Check for interrupting elements affecting "Enter conversation" Button
    t =     5.20s     Synthesize event
    t =     5.50s     Wait for life.soullab.voicekernel.vpio02sid to idle
2026-09-15 22:31:00.139 xcodebuild[52191:32442293] [MT] IDERunDestination: Supported platforms for the buildables in the current scheme is empty.
    t =    20.52s Waiting 5.0s for "Export journal" Button to exist
    t =    21.55s     Checking `Expect predicate `existsNoRetry == 1` for object "Export journal" Button`
    t =    21.55s         Checking existence of `"Export journal" Button`
    t =    21.61s Tap "Export journal" Button
    t =    21.61s     Wait for life.soullab.voicekernel.vpio02sid to idle
    t =    21.61s     Find the "Export journal" Button
    t =    21.65s     Check for interrupting elements affecting "Export journal" Button
    t =    21.70s     Synthesize event
    t =    22.00s     Wait for life.soullab.voicekernel.vpio02sid to idle
    t =    24.23s Terminate life.soullab.voicekernel.vpio02sid:4013
    t =    25.32s Wait for life.soullab.voicekernel.vpio02sid to become Not Running
    t =    25.32s Tear Down
Test Case '-[DriverUITests.K00DriverTests testOneSample]' passed (25.412 seconds).
Test Suite 'K00DriverTests' passed at 2026-09-15 22:31:18.066.
	 Executed 1 test, with 0 failures (0 unexpected) in 25.412 (25.415) seconds
Test Suite 'DriverUITests.xctest' passed at 2026-09-15 22:31:18.067.
	 Executed 1 test, with 0 failures (0 unexpected) in 25.412 (25.417) seconds
Test Suite 'Selected tests' passed at 2026-09-15 22:31:18.068.
	 Executed 1 test, with 0 failures (0 unexpected) in 25.412 (25.418) seconds
2026-09-15 22:31:18.120 xcodebuild[52191:32442293] [MT] IDERunDestination: Supported platforms for the buildables in the current scheme is empty.
2026-09-15 22:31:18.349 xcodebuild[52191:32442293] [MT] IDETestOperationsObserverDebug: 27.853 elapsed -- Testing started completed.
2026-09-15 22:31:18.349 xcodebuild[52191:32442293] [MT] IDETestOperationsObserverDebug: 0.000 sec, +0.000 sec -- start
2026-09-15 22:31:18.349 xcodebuild[52191:32442293] [MT] IDETestOperationsObserverDebug: 27.853 sec, +27.853 sec -- end

Test session results, code coverage, and logs:
	/Users/soullab/Library/Developer/Xcode/DerivedData/VoiceKernelDriver-dlersickuiqlntfrmwmsqkvqfvlg/Logs/Test/Test-DriverUITests-2026.09.15_22-30-50--0400.xcresult

** TEST EXECUTE SUCCEEDED **

Testing started
