Command line invocation:
    /Applications/Xcode.app/Contents/Developer/usr/bin/xcodebuild test-without-building -xctestrun /private/tmp/sid-entry-03-36e412f8ed0136cf6ac22ee8dfb2cbd790a75a1c-20260916T022124Z/ios/VoiceKernelDriver/.derived/Build/Products/DriverUITests_iphoneos26.2-arm64.xctestrun -destination id=00008140-00163D9922E0801C -collect-test-diagnostics never "-only-testing:DriverUITests/K00DriverTests/testOneSample"

2026-09-15 22:31:43.293 xcodebuild[52507:32444495] [MT] IDERunDestination: Supported platforms for the buildables in the current scheme is empty.
2026-09-15 22:31:43.297 xcodebuild[52507:32444495] [MT] IDERunDestination: Supported platforms for the buildables in the current scheme is empty.
2026-09-15 22:31:43.394 xcodebuild[52507:32444495] [MT] IDERunDestination: Supported platforms for the buildables in the current scheme is empty.
2026-09-15 22:31:43.514 xcodebuild[52507:32444495] [MT] IDERunDestination: Supported platforms for the buildables in the current scheme is empty.
--- xcodebuild: WARNING: Using the first of multiple matching destinations:
{ platform:iOS, arch:arm64e, id:00008140-00163D9922E0801C, name:Kelly Nezat’s iPhone }
{ platform:iOS, arch:arm64, id:00008140-00163D9922E0801C, name:Kelly Nezat’s iPhone }
2026-09-15 22:31:43.725 xcodebuild[52507:32444495] [MT] IDERunDestination: Supported platforms for the buildables in the current scheme is empty.
2026-09-15 22:31:43.928 xcodebuild[52507:32444495] [MT] IDERunDestination: Supported platforms for the buildables in the current scheme is empty.
2026-09-15 22:31:45.470392-0400 DriverUITests-Runner[4015:830344] [Default] Running tests...
    t =      nans Interface orientation changed to Portrait
Test Suite 'Selected tests' started at 2026-09-15 22:31:45.943.
Test Suite 'DriverUITests.xctest' started at 2026-09-15 22:31:45.943.
Test Suite 'K00DriverTests' started at 2026-09-15 22:31:45.943.
Test Case '-[DriverUITests.K00DriverTests testOneSample]' started.
    t =     0.00s Start Test at 2026-09-15 22:31:45.944
    t =     0.02s Set Up
    t =     0.02s Open life.soullab.voicekernel.vpio02sid
    t =     0.02s     Launch life.soullab.voicekernel.vpio02sid
    t =     0.10s         Setting up automation session
    t =     0.18s         Wait for life.soullab.voicekernel.vpio02sid to idle
2026-09-15 22:31:46.112 xcodebuild[52507:32444495] [MT] IDERunDestination: Supported platforms for the buildables in the current scheme is empty.
    t =     1.27s Wait for life.soullab.voicekernel.vpio02sid to become Running Foreground
    t =     1.28s Waiting 10.0s for "Enter conversation" Button to exist
    t =     2.28s     Checking `Expect predicate `existsNoRetry == 1` for object "Enter conversation" Button`
    t =     2.29s         Checking existence of `"Enter conversation" Button`
    t =     2.38s Checking existence of `"Voice processing: ON (default)" Button`
    t =     2.41s Checking existence of `"Voice processing: OFF (control run)" Button`
    t =     2.73s Waiting 3.0s for "Voice processing: ON (default)" Button to exist
    t =     3.74s     Checking `Expect predicate `existsNoRetry == 1` for object "Voice processing: ON (default)" Button`
    t =     3.74s         Checking existence of `"Voice processing: ON (default)" Button`
    t =     3.80s Waiting 5.0s for "Enter conversation" Button to exist
    t =     4.82s     Checking `Expect predicate `existsNoRetry == 1` for object "Enter conversation" Button`
    t =     4.82s         Checking existence of `"Enter conversation" Button`
    t =     4.88s Tap "Enter conversation" Button
    t =     4.88s     Wait for life.soullab.voicekernel.vpio02sid to idle
    t =     4.89s     Find the "Enter conversation" Button
    t =     5.03s     Check for interrupting elements affecting "Enter conversation" Button
    t =     5.10s     Synthesize event
    t =     5.41s     Wait for life.soullab.voicekernel.vpio02sid to idle
2026-09-15 22:32:00.163 xcodebuild[52507:32444495] [MT] IDERunDestination: Supported platforms for the buildables in the current scheme is empty.
    t =    20.42s Waiting 5.0s for "Export journal" Button to exist
    t =    21.46s     Checking `Expect predicate `existsNoRetry == 1` for object "Export journal" Button`
    t =    21.46s         Checking existence of `"Export journal" Button`
    t =    21.52s Tap "Export journal" Button
    t =    21.52s     Wait for life.soullab.voicekernel.vpio02sid to idle
    t =    21.53s     Find the "Export journal" Button
    t =    21.66s     Check for interrupting elements affecting "Export journal" Button
    t =    21.73s     Synthesize event
    t =    22.04s     Wait for life.soullab.voicekernel.vpio02sid to idle
    t =    24.26s Terminate life.soullab.voicekernel.vpio02sid:4016
    t =    25.31s Wait for life.soullab.voicekernel.vpio02sid to become Not Running
    t =    25.31s Tear Down
Test Case '-[DriverUITests.K00DriverTests testOneSample]' passed (25.381 seconds).
Test Suite 'K00DriverTests' passed at 2026-09-15 22:32:11.325.
	 Executed 1 test, with 0 failures (0 unexpected) in 25.381 (25.382) seconds
Test Suite 'DriverUITests.xctest' passed at 2026-09-15 22:32:11.327.
	 Executed 1 test, with 0 failures (0 unexpected) in 25.381 (25.384) seconds
Test Suite 'Selected tests' passed at 2026-09-15 22:32:11.329.
	 Executed 1 test, with 0 failures (0 unexpected) in 25.381 (25.387) seconds
2026-09-15 22:32:11.404 xcodebuild[52507:32444495] [MT] IDERunDestination: Supported platforms for the buildables in the current scheme is empty.
2026-09-15 22:32:11.590 xcodebuild[52507:32444495] [MT] IDETestOperationsObserverDebug: 27.864 elapsed -- Testing started completed.
2026-09-15 22:32:11.590 xcodebuild[52507:32444495] [MT] IDETestOperationsObserverDebug: 0.000 sec, +0.000 sec -- start
2026-09-15 22:32:11.590 xcodebuild[52507:32444495] [MT] IDETestOperationsObserverDebug: 27.864 sec, +27.864 sec -- end

Test session results, code coverage, and logs:
	/Users/soullab/Library/Developer/Xcode/DerivedData/VoiceKernelDriver-bqrgjaygggzljlfoyqxtywpurxit/Logs/Test/Test-DriverUITests-2026.09.15_22-31-43--0400.xcresult

** TEST EXECUTE SUCCEEDED **

Testing started
