Command line invocation:
    /Applications/Xcode.app/Contents/Developer/usr/bin/xcodebuild test-without-building -xctestrun /private/tmp/sid-entry-03-36e412f8ed0136cf6ac22ee8dfb2cbd790a75a1c-20260916T022124Z/ios/VoiceKernelDriver/.derived/Build/Products/DriverUITests_iphoneos26.2-arm64.xctestrun -destination id=00008140-00163D9922E0801C -collect-test-diagnostics never "-only-testing:DriverUITests/K00DriverTests/testOneSample"

2026-09-15 22:27:20.349 xcodebuild[45148:32425241] [MT] IDERunDestination: Supported platforms for the buildables in the current scheme is empty.
2026-09-15 22:27:20.353 xcodebuild[45148:32425241] [MT] IDERunDestination: Supported platforms for the buildables in the current scheme is empty.
2026-09-15 22:27:20.450 xcodebuild[45148:32425241] [MT] IDERunDestination: Supported platforms for the buildables in the current scheme is empty.
2026-09-15 22:27:20.568 xcodebuild[45148:32425241] [MT] IDERunDestination: Supported platforms for the buildables in the current scheme is empty.
--- xcodebuild: WARNING: Using the first of multiple matching destinations:
{ platform:iOS, arch:arm64e, id:00008140-00163D9922E0801C, name:Kelly Nezat’s iPhone }
{ platform:iOS, arch:arm64, id:00008140-00163D9922E0801C, name:Kelly Nezat’s iPhone }
2026-09-15 22:27:20.782 xcodebuild[45148:32425241] [MT] IDERunDestination: Supported platforms for the buildables in the current scheme is empty.
2026-09-15 22:27:20.991 xcodebuild[45148:32425241] [MT] IDERunDestination: Supported platforms for the buildables in the current scheme is empty.
2026-09-15 22:27:22.452697-0400 DriverUITests-Runner[3992:821293] [Default] Running tests...
    t =      nans Interface orientation changed to Portrait
Test Suite 'Selected tests' started at 2026-09-15 22:27:22.926.
Test Suite 'DriverUITests.xctest' started at 2026-09-15 22:27:22.927.
Test Suite 'K00DriverTests' started at 2026-09-15 22:27:22.927.
Test Case '-[DriverUITests.K00DriverTests testOneSample]' started.
    t =     0.00s Start Test at 2026-09-15 22:27:22.928
    t =     0.02s Set Up
    t =     0.03s Open life.soullab.voicekernel.vpio02sid
    t =     0.03s     Launch life.soullab.voicekernel.vpio02sid
    t =     0.12s         Setting up automation session
    t =     0.18s         Wait for life.soullab.voicekernel.vpio02sid to idle
2026-09-15 22:27:23.095 xcodebuild[45148:32425241] [MT] IDERunDestination: Supported platforms for the buildables in the current scheme is empty.
    t =     1.27s Wait for life.soullab.voicekernel.vpio02sid to become Running Foreground
    t =     1.28s Waiting 10.0s for "Enter conversation" Button to exist
    t =     2.34s     Checking `Expect predicate `existsNoRetry == 1` for object "Enter conversation" Button`
    t =     2.34s         Checking existence of `"Enter conversation" Button`
    t =     2.43s Checking existence of `"Voice processing: ON (default)" Button`
    t =     2.46s Checking existence of `"Voice processing: OFF (control run)" Button`
    t =     2.79s Waiting 3.0s for "Voice processing: ON (default)" Button to exist
    t =     3.81s     Checking `Expect predicate `existsNoRetry == 1` for object "Voice processing: ON (default)" Button`
    t =     3.81s         Checking existence of `"Voice processing: ON (default)" Button`
    t =     3.87s Waiting 5.0s for "Enter conversation" Button to exist
    t =     4.89s     Checking `Expect predicate `existsNoRetry == 1` for object "Enter conversation" Button`
    t =     4.89s         Checking existence of `"Enter conversation" Button`
    t =     4.95s Tap "Enter conversation" Button
    t =     4.95s     Wait for life.soullab.voicekernel.vpio02sid to idle
    t =     4.96s     Find the "Enter conversation" Button
    t =     5.00s     Check for interrupting elements affecting "Enter conversation" Button
    t =     5.04s     Synthesize event
    t =     5.34s     Wait for life.soullab.voicekernel.vpio02sid to idle
    t =    20.37s Waiting 5.0s for "Export journal" Button to exist
    t =    21.40s     Checking `Expect predicate `existsNoRetry == 1` for object "Export journal" Button`
    t =    21.40s         Checking existence of `"Export journal" Button`
    t =    21.46s Tap "Export journal" Button
    t =    21.46s     Wait for life.soullab.voicekernel.vpio02sid to idle
    t =    21.48s     Find the "Export journal" Button
    t =    21.51s     Check for interrupting elements affecting "Export journal" Button
    t =    21.56s     Synthesize event
    t =    21.87s     Wait for life.soullab.voicekernel.vpio02sid to idle
    t =    24.07s Terminate life.soullab.voicekernel.vpio02sid:3993
    t =    25.08s Wait for life.soullab.voicekernel.vpio02sid to become Not Running
    t =    25.08s Tear Down
Test Case '-[DriverUITests.K00DriverTests testOneSample]' passed (25.164 seconds).
Test Suite 'K00DriverTests' passed at 2026-09-15 22:27:48.096.
	 Executed 1 test, with 0 failures (0 unexpected) in 25.164 (25.170) seconds
Test Suite 'DriverUITests.xctest' passed at 2026-09-15 22:27:48.101.
	 Executed 1 test, with 0 failures (0 unexpected) in 25.164 (25.175) seconds
Test Suite 'Selected tests' passed at 2026-09-15 22:27:48.103.
	 Executed 1 test, with 0 failures (0 unexpected) in 25.164 (25.177) seconds
2026-09-15 22:27:48.174 xcodebuild[45148:32425241] [MT] IDERunDestination: Supported platforms for the buildables in the current scheme is empty.
2026-09-15 22:27:48.374 xcodebuild[45148:32425241] [MT] IDETestOperationsObserverDebug: 27.590 elapsed -- Testing started completed.
2026-09-15 22:27:48.374 xcodebuild[45148:32425241] [MT] IDETestOperationsObserverDebug: 0.000 sec, +0.000 sec -- start
2026-09-15 22:27:48.374 xcodebuild[45148:32425241] [MT] IDETestOperationsObserverDebug: 27.590 sec, +27.590 sec -- end

Test session results, code coverage, and logs:
	/Users/soullab/Library/Developer/Xcode/DerivedData/VoiceKernelDriver-etukntmkwqtjgvgodcywqimjhlgf/Logs/Test/Test-DriverUITests-2026.09.15_22-27-20--0400.xcresult

** TEST EXECUTE SUCCEEDED **

Testing started
