Command line invocation:
    /Applications/Xcode.app/Contents/Developer/usr/bin/xcodebuild test-without-building -xctestrun /private/tmp/sid-entry-03-36e412f8ed0136cf6ac22ee8dfb2cbd790a75a1c-20260916T022124Z/ios/VoiceKernelDriver/.derived/Build/Products/DriverUITests_iphoneos26.2-arm64.xctestrun -destination id=00008140-00163D9922E0801C -collect-test-diagnostics never "-only-testing:DriverUITests/K00DriverTests/testOneSample"

2026-09-15 22:33:31.399 xcodebuild[56199:32454404] [MT] IDERunDestination: Supported platforms for the buildables in the current scheme is empty.
2026-09-15 22:33:31.402 xcodebuild[56199:32454404] [MT] IDERunDestination: Supported platforms for the buildables in the current scheme is empty.
2026-09-15 22:33:31.499 xcodebuild[56199:32454404] [MT] IDERunDestination: Supported platforms for the buildables in the current scheme is empty.
2026-09-15 22:33:31.618 xcodebuild[56199:32454404] [MT] IDERunDestination: Supported platforms for the buildables in the current scheme is empty.
--- xcodebuild: WARNING: Using the first of multiple matching destinations:
{ platform:iOS, arch:arm64e, id:00008140-00163D9922E0801C, name:Kelly Nezat’s iPhone }
{ platform:iOS, arch:arm64, id:00008140-00163D9922E0801C, name:Kelly Nezat’s iPhone }
2026-09-15 22:33:31.831 xcodebuild[56199:32454404] [MT] IDERunDestination: Supported platforms for the buildables in the current scheme is empty.
2026-09-15 22:33:33.471643-0400 DriverUITests-Runner[4021:833729] [Default] Running tests...
    t =      nans Interface orientation changed to Portrait
Test Suite 'Selected tests' started at 2026-09-15 22:33:33.939.
Test Suite 'DriverUITests.xctest' started at 2026-09-15 22:33:33.940.
Test Suite 'K00DriverTests' started at 2026-09-15 22:33:33.940.
Test Case '-[DriverUITests.K00DriverTests testOneSample]' started.
    t =     0.00s Start Test at 2026-09-15 22:33:33.941
    t =     0.02s Set Up
    t =     0.03s Open life.soullab.voicekernel.vpio02sid
    t =     0.03s     Launch life.soullab.voicekernel.vpio02sid
    t =     0.10s         Setting up automation session
    t =     0.18s         Wait for life.soullab.voicekernel.vpio02sid to idle
2026-09-15 22:33:34.097 xcodebuild[56199:32454404] [MT] IDERunDestination: Supported platforms for the buildables in the current scheme is empty.
    t =     1.29s Wait for life.soullab.voicekernel.vpio02sid to become Running Foreground
    t =     1.29s Waiting 10.0s for "Enter conversation" Button to exist
    t =     2.33s     Checking `Expect predicate `existsNoRetry == 1` for object "Enter conversation" Button`
    t =     2.33s         Checking existence of `"Enter conversation" Button`
    t =     2.43s Checking existence of `"Voice processing: ON (default)" Button`
    t =     2.45s Checking existence of `"Voice processing: OFF (control run)" Button`
    t =     2.78s Waiting 3.0s for "Voice processing: ON (default)" Button to exist
    t =     3.81s     Checking `Expect predicate `existsNoRetry == 1` for object "Voice processing: ON (default)" Button`
    t =     3.81s         Checking existence of `"Voice processing: ON (default)" Button`
    t =     3.87s Waiting 5.0s for "Enter conversation" Button to exist
    t =     4.88s     Checking `Expect predicate `existsNoRetry == 1` for object "Enter conversation" Button`
    t =     4.88s         Checking existence of `"Enter conversation" Button`
    t =     4.95s Tap "Enter conversation" Button
    t =     4.95s     Wait for life.soullab.voicekernel.vpio02sid to idle
    t =     4.95s     Find the "Enter conversation" Button
    t =     4.99s     Check for interrupting elements affecting "Enter conversation" Button
    t =     5.03s     Synthesize event
    t =     5.34s     Wait for life.soullab.voicekernel.vpio02sid to idle
    t =    20.36s Waiting 5.0s for "Export journal" Button to exist
    t =    21.39s     Checking `Expect predicate `existsNoRetry == 1` for object "Export journal" Button`
    t =    21.39s         Checking existence of `"Export journal" Button`
    t =    21.45s Tap "Export journal" Button
    t =    21.45s     Wait for life.soullab.voicekernel.vpio02sid to idle
    t =    21.45s     Find the "Export journal" Button
    t =    21.49s     Check for interrupting elements affecting "Export journal" Button
    t =    21.54s     Synthesize event
    t =    21.83s     Wait for life.soullab.voicekernel.vpio02sid to idle
    t =    24.05s Terminate life.soullab.voicekernel.vpio02sid:4022
    t =    25.06s Wait for life.soullab.voicekernel.vpio02sid to become Not Running
    t =    25.06s Tear Down
Test Case '-[DriverUITests.K00DriverTests testOneSample]' passed (25.163 seconds).
Test Suite 'K00DriverTests' passed at 2026-09-15 22:33:59.104.
	 Executed 1 test, with 0 failures (0 unexpected) in 25.163 (25.164) seconds
Test Suite 'DriverUITests.xctest' passed at 2026-09-15 22:33:59.104.
	 Executed 1 test, with 0 failures (0 unexpected) in 25.163 (25.165) seconds
Test Suite 'Selected tests' passed at 2026-09-15 22:33:59.105.
	 Executed 1 test, with 0 failures (0 unexpected) in 25.163 (25.166) seconds
2026-09-15 22:33:59.133 xcodebuild[56199:32454404] [MT] IDERunDestination: Supported platforms for the buildables in the current scheme is empty.
2026-09-15 22:33:59.339 xcodebuild[56199:32454404] [MT] IDETestOperationsObserverDebug: 27.507 elapsed -- Testing started completed.
2026-09-15 22:33:59.339 xcodebuild[56199:32454404] [MT] IDETestOperationsObserverDebug: 0.000 sec, +0.000 sec -- start
2026-09-15 22:33:59.339 xcodebuild[56199:32454404] [MT] IDETestOperationsObserverDebug: 27.507 sec, +27.507 sec -- end

Test session results, code coverage, and logs:
	/Users/soullab/Library/Developer/Xcode/DerivedData/VoiceKernelDriver-eipszkpfkypvmtdlyztosayrjhpe/Logs/Test/Test-DriverUITests-2026.09.15_22-33-31--0400.xcresult

** TEST EXECUTE SUCCEEDED **

Testing started
