Command line invocation:
    /Applications/Xcode.app/Contents/Developer/usr/bin/xcodebuild test-without-building -xctestrun /private/tmp/sid-entry-03-36e412f8ed0136cf6ac22ee8dfb2cbd790a75a1c-20260916T022124Z/ios/VoiceKernelDriver/.derived/Build/Products/DriverUITests_iphoneos26.2-arm64.xctestrun -destination id=00008140-00163D9922E0801C -collect-test-diagnostics never "-only-testing:DriverUITests/K00DriverTests/testOneSample"

2026-09-15 22:26:29.424 xcodebuild[44847:32423789] [MT] IDERunDestination: Supported platforms for the buildables in the current scheme is empty.
2026-09-15 22:26:29.428 xcodebuild[44847:32423789] [MT] IDERunDestination: Supported platforms for the buildables in the current scheme is empty.
2026-09-15 22:26:29.526 xcodebuild[44847:32423789] [MT] IDERunDestination: Supported platforms for the buildables in the current scheme is empty.
2026-09-15 22:26:29.646 xcodebuild[44847:32423789] [MT] IDERunDestination: Supported platforms for the buildables in the current scheme is empty.
--- xcodebuild: WARNING: Using the first of multiple matching destinations:
{ platform:iOS, arch:arm64e, id:00008140-00163D9922E0801C, name:Kelly Nezat’s iPhone }
{ platform:iOS, arch:arm64, id:00008140-00163D9922E0801C, name:Kelly Nezat’s iPhone }
2026-09-15 22:26:29.856 xcodebuild[44847:32423789] [MT] IDERunDestination: Supported platforms for the buildables in the current scheme is empty.
2026-09-15 22:26:30.077 xcodebuild[44847:32423789] [MT] IDERunDestination: Supported platforms for the buildables in the current scheme is empty.
2026-09-15 22:26:31.632736-0400 DriverUITests-Runner[3989:819656] [Default] Running tests...
    t =      nans Interface orientation changed to Portrait
Test Suite 'Selected tests' started at 2026-09-15 22:26:32.094.
Test Suite 'DriverUITests.xctest' started at 2026-09-15 22:26:32.095.
Test Suite 'K00DriverTests' started at 2026-09-15 22:26:32.095.
Test Case '-[DriverUITests.K00DriverTests testOneSample]' started.
    t =     0.00s Start Test at 2026-09-15 22:26:32.096
    t =     0.02s Set Up
    t =     0.02s Open life.soullab.voicekernel.vpio02sid
    t =     0.03s     Launch life.soullab.voicekernel.vpio02sid
    t =     0.10s         Setting up automation session
    t =     0.17s         Wait for life.soullab.voicekernel.vpio02sid to idle
2026-09-15 22:26:32.240 xcodebuild[44847:32423789] [MT] IDERunDestination: Supported platforms for the buildables in the current scheme is empty.
    t =     1.28s Wait for life.soullab.voicekernel.vpio02sid to become Running Foreground
    t =     1.28s Waiting 10.0s for "Enter conversation" Button to exist
    t =     2.31s     Checking `Expect predicate `existsNoRetry == 1` for object "Enter conversation" Button`
    t =     2.31s         Checking existence of `"Enter conversation" Button`
    t =     2.41s Checking existence of `"Voice processing: ON (default)" Button`
    t =     2.43s Checking existence of `"Voice processing: OFF (control run)" Button`
    t =     2.76s Waiting 3.0s for "Voice processing: ON (default)" Button to exist
    t =     3.76s     Checking `Expect predicate `existsNoRetry == 1` for object "Voice processing: ON (default)" Button`
    t =     3.76s         Checking existence of `"Voice processing: ON (default)" Button`
    t =     3.83s Waiting 5.0s for "Enter conversation" Button to exist
    t =     4.83s     Checking `Expect predicate `existsNoRetry == 1` for object "Enter conversation" Button`
    t =     4.83s         Checking existence of `"Enter conversation" Button`
    t =     4.90s Tap "Enter conversation" Button
    t =     4.90s     Wait for life.soullab.voicekernel.vpio02sid to idle
    t =     4.90s     Find the "Enter conversation" Button
    t =     5.05s     Check for interrupting elements affecting "Enter conversation" Button
    t =     5.12s     Synthesize event
    t =     5.42s     Wait for life.soullab.voicekernel.vpio02sid to idle
    t =    20.43s Waiting 5.0s for "Export journal" Button to exist
    t =    21.47s     Checking `Expect predicate `existsNoRetry == 1` for object "Export journal" Button`
    t =    21.47s         Checking existence of `"Export journal" Button`
    t =    21.53s Tap "Export journal" Button
    t =    21.53s     Wait for life.soullab.voicekernel.vpio02sid to idle
    t =    21.53s     Find the "Export journal" Button
    t =    21.57s     Check for interrupting elements affecting "Export journal" Button
    t =    21.62s     Synthesize event
    t =    22.03s     Wait for life.soullab.voicekernel.vpio02sid to idle
    t =    24.27s Terminate life.soullab.voicekernel.vpio02sid:3990
    t =    25.36s Wait for life.soullab.voicekernel.vpio02sid to become Not Running
    t =    25.36s Tear Down
Test Case '-[DriverUITests.K00DriverTests testOneSample]' passed (25.426 seconds).
Test Suite 'K00DriverTests' passed at 2026-09-15 22:26:57.523.
	 Executed 1 test, with 0 failures (0 unexpected) in 25.426 (25.428) seconds
Test Suite 'DriverUITests.xctest' passed at 2026-09-15 22:26:57.537.
	 Executed 1 test, with 0 failures (0 unexpected) in 25.426 (25.442) seconds
Test Suite 'Selected tests' passed at 2026-09-15 22:26:57.540.
	 Executed 1 test, with 0 failures (0 unexpected) in 25.426 (25.446) seconds
2026-09-15 22:26:57.610 xcodebuild[44847:32423789] [MT] IDERunDestination: Supported platforms for the buildables in the current scheme is empty.
2026-09-15 22:26:57.791 xcodebuild[44847:32423789] [MT] IDETestOperationsObserverDebug: 27.934 elapsed -- Testing started completed.
2026-09-15 22:26:57.791 xcodebuild[44847:32423789] [MT] IDETestOperationsObserverDebug: 0.000 sec, +0.000 sec -- start
2026-09-15 22:26:57.791 xcodebuild[44847:32423789] [MT] IDETestOperationsObserverDebug: 27.934 sec, +27.934 sec -- end

Test session results, code coverage, and logs:
	/Users/soullab/Library/Developer/Xcode/DerivedData/VoiceKernelDriver-gecuscfccgwmalcrwrwnhwamgkym/Logs/Test/Test-DriverUITests-2026.09.15_22-26-29--0400.xcresult

** TEST EXECUTE SUCCEEDED **

Testing started
