Command line invocation:
    /Applications/Xcode.app/Contents/Developer/usr/bin/xcodebuild test-without-building -xctestrun /private/tmp/sid-entry-03-36e412f8ed0136cf6ac22ee8dfb2cbd790a75a1c-20260916T022124Z/ios/VoiceKernelDriver/.derived/Build/Products/DriverUITests_iphoneos26.2-arm64.xctestrun -destination id=00008140-00163D9922E0801C -collect-test-diagnostics never "-only-testing:DriverUITests/K00DriverTests/testOneSample"

2026-09-15 22:24:49.785 xcodebuild[41866:32418348] [MT] IDERunDestination: Supported platforms for the buildables in the current scheme is empty.
2026-09-15 22:24:49.788 xcodebuild[41866:32418348] [MT] IDERunDestination: Supported platforms for the buildables in the current scheme is empty.
2026-09-15 22:24:49.888 xcodebuild[41866:32418348] [MT] IDERunDestination: Supported platforms for the buildables in the current scheme is empty.
2026-09-15 22:24:50.005 xcodebuild[41866:32418348] [MT] IDERunDestination: Supported platforms for the buildables in the current scheme is empty.
--- xcodebuild: WARNING: Using the first of multiple matching destinations:
{ platform:iOS, arch:arm64e, id:00008140-00163D9922E0801C, name:Kelly Nezat’s iPhone }
{ platform:iOS, arch:arm64, id:00008140-00163D9922E0801C, name:Kelly Nezat’s iPhone }
2026-09-15 22:24:50.212 xcodebuild[41866:32418348] [MT] IDERunDestination: Supported platforms for the buildables in the current scheme is empty.
2026-09-15 22:24:50.418 xcodebuild[41866:32418348] [MT] IDERunDestination: Supported platforms for the buildables in the current scheme is empty.
2026-09-15 22:24:51.882882-0400 DriverUITests-Runner[3982:816282] [Default] Running tests...
    t =      nans Interface orientation changed to Portrait
Test Suite 'Selected tests' started at 2026-09-15 22:24:52.344.
Test Suite 'DriverUITests.xctest' started at 2026-09-15 22:24:52.345.
Test Suite 'K00DriverTests' started at 2026-09-15 22:24:52.345.
Test Case '-[DriverUITests.K00DriverTests testOneSample]' started.
    t =     0.00s Start Test at 2026-09-15 22:24:52.346
    t =     0.02s Set Up
    t =     0.02s Open life.soullab.voicekernel.vpio02sid
    t =     0.02s     Launch life.soullab.voicekernel.vpio02sid
    t =     0.10s         Setting up automation session
    t =     0.18s         Wait for life.soullab.voicekernel.vpio02sid to idle
2026-09-15 22:24:52.515 xcodebuild[41866:32418348] [MT] IDERunDestination: Supported platforms for the buildables in the current scheme is empty.
    t =     1.28s Wait for life.soullab.voicekernel.vpio02sid to become Running Foreground
    t =     1.29s Waiting 10.0s for "Enter conversation" Button to exist
    t =     2.29s     Checking `Expect predicate `existsNoRetry == 1` for object "Enter conversation" Button`
    t =     2.29s         Checking existence of `"Enter conversation" Button`
    t =     2.38s Checking existence of `"Voice processing: ON (default)" Button`
    t =     2.41s Checking existence of `"Voice processing: OFF (control run)" Button`
    t =     2.74s Waiting 3.0s for "Voice processing: ON (default)" Button to exist
    t =     3.75s     Checking `Expect predicate `existsNoRetry == 1` for object "Voice processing: ON (default)" Button`
    t =     3.76s         Checking existence of `"Voice processing: ON (default)" Button`
    t =     3.82s Waiting 5.0s for "Enter conversation" Button to exist
    t =     4.83s     Checking `Expect predicate `existsNoRetry == 1` for object "Enter conversation" Button`
    t =     4.83s         Checking existence of `"Enter conversation" Button`
    t =     4.89s Tap "Enter conversation" Button
    t =     4.89s     Wait for life.soullab.voicekernel.vpio02sid to idle
    t =     4.89s     Find the "Enter conversation" Button
    t =     4.93s     Check for interrupting elements affecting "Enter conversation" Button
    t =     4.98s     Synthesize event
    t =     5.27s     Wait for life.soullab.voicekernel.vpio02sid to idle
2026-09-15 22:25:00.133 xcodebuild[41866:32418348] [MT] IDERunDestination: Supported platforms for the buildables in the current scheme is empty.
    t =    20.29s Waiting 5.0s for "Export journal" Button to exist
    t =    21.31s     Checking `Expect predicate `existsNoRetry == 1` for object "Export journal" Button`
    t =    21.31s         Checking existence of `"Export journal" Button`
    t =    21.36s Tap "Export journal" Button
    t =    21.36s     Wait for life.soullab.voicekernel.vpio02sid to idle
    t =    21.37s     Find the "Export journal" Button
    t =    21.51s     Check for interrupting elements affecting "Export journal" Button
    t =    21.58s     Synthesize event
    t =    21.89s     Wait for life.soullab.voicekernel.vpio02sid to idle
    t =    24.11s Terminate life.soullab.voicekernel.vpio02sid:3983
    t =    25.12s Wait for life.soullab.voicekernel.vpio02sid to become Not Running
    t =    25.12s Tear Down
Test Case '-[DriverUITests.K00DriverTests testOneSample]' passed (25.205 seconds).
Test Suite 'K00DriverTests' passed at 2026-09-15 22:25:17.555.
	 Executed 1 test, with 0 failures (0 unexpected) in 25.205 (25.210) seconds
Test Suite 'DriverUITests.xctest' passed at 2026-09-15 22:25:17.556.
	 Executed 1 test, with 0 failures (0 unexpected) in 25.205 (25.212) seconds
Test Suite 'Selected tests' passed at 2026-09-15 22:25:17.558.
	 Executed 1 test, with 0 failures (0 unexpected) in 25.205 (25.214) seconds
2026-09-15 22:25:17.607 xcodebuild[41866:32418348] [MT] IDERunDestination: Supported platforms for the buildables in the current scheme is empty.
2026-09-15 22:25:17.791 xcodebuild[41866:32418348] [MT] IDETestOperationsObserverDebug: 27.577 elapsed -- Testing started completed.
2026-09-15 22:25:17.791 xcodebuild[41866:32418348] [MT] IDETestOperationsObserverDebug: 0.000 sec, +0.000 sec -- start
2026-09-15 22:25:17.791 xcodebuild[41866:32418348] [MT] IDETestOperationsObserverDebug: 27.577 sec, +27.577 sec -- end

Test session results, code coverage, and logs:
	/Users/soullab/Library/Developer/Xcode/DerivedData/VoiceKernelDriver-dcbbwztxkldgyydbqlkiillbiodb/Logs/Test/Test-DriverUITests-2026.09.15_22-24-50--0400.xcresult

** TEST EXECUTE SUCCEEDED **

Testing started
