Command line invocation:
    /Applications/Xcode.app/Contents/Developer/usr/bin/xcodebuild test-without-building -xctestrun /private/tmp/sid-entry-03-36e412f8ed0136cf6ac22ee8dfb2cbd790a75a1c-20260916T022124Z/ios/VoiceKernelDriver/.derived/Build/Products/DriverUITests_iphoneos26.2-arm64.xctestrun -destination id=00008140-00163D9922E0801C -collect-test-diagnostics never "-only-testing:DriverUITests/K00DriverTests/testOneSample"

2026-09-15 22:28:11.377 xcodebuild[48089:32429854] [MT] IDERunDestination: Supported platforms for the buildables in the current scheme is empty.
2026-09-15 22:28:11.381 xcodebuild[48089:32429854] [MT] IDERunDestination: Supported platforms for the buildables in the current scheme is empty.
2026-09-15 22:28:11.477 xcodebuild[48089:32429854] [MT] IDERunDestination: Supported platforms for the buildables in the current scheme is empty.
2026-09-15 22:28:11.596 xcodebuild[48089:32429854] [MT] IDERunDestination: Supported platforms for the buildables in the current scheme is empty.
--- xcodebuild: WARNING: Using the first of multiple matching destinations:
{ platform:iOS, arch:arm64e, id:00008140-00163D9922E0801C, name:Kelly Nezat’s iPhone }
{ platform:iOS, arch:arm64, id:00008140-00163D9922E0801C, name:Kelly Nezat’s iPhone }
2026-09-15 22:28:11.817 xcodebuild[48089:32429854] [MT] IDERunDestination: Supported platforms for the buildables in the current scheme is empty.
2026-09-15 22:28:13.796704-0400 DriverUITests-Runner[3997:822997] [Default] Running tests...
    t =      nans Interface orientation changed to Portrait
Test Suite 'Selected tests' started at 2026-09-15 22:28:14.275.
Test Suite 'DriverUITests.xctest' started at 2026-09-15 22:28:14.275.
Test Suite 'K00DriverTests' started at 2026-09-15 22:28:14.275.
Test Case '-[DriverUITests.K00DriverTests testOneSample]' started.
    t =     0.00s Start Test at 2026-09-15 22:28:14.276
    t =     0.02s Set Up
    t =     0.03s Open life.soullab.voicekernel.vpio02sid
    t =     0.03s     Launch life.soullab.voicekernel.vpio02sid
    t =     0.10s         Setting up automation session
    t =     0.17s         Wait for life.soullab.voicekernel.vpio02sid to idle
2026-09-15 22:28:14.445 xcodebuild[48089:32429854] [MT] IDERunDestination: Supported platforms for the buildables in the current scheme is empty.
    t =     1.27s Wait for life.soullab.voicekernel.vpio02sid to become Running Foreground
    t =     1.28s Waiting 10.0s for "Enter conversation" Button to exist
    t =     2.31s     Checking `Expect predicate `existsNoRetry == 1` for object "Enter conversation" Button`
    t =     2.31s         Checking existence of `"Enter conversation" Button`
    t =     2.41s Checking existence of `"Voice processing: ON (default)" Button`
    t =     2.43s Checking existence of `"Voice processing: OFF (control run)" Button`
    t =     2.76s Waiting 3.0s for "Voice processing: ON (default)" Button to exist
    t =     3.78s     Checking `Expect predicate `existsNoRetry == 1` for object "Voice processing: ON (default)" Button`
    t =     3.78s         Checking existence of `"Voice processing: ON (default)" Button`
    t =     3.84s Waiting 5.0s for "Enter conversation" Button to exist
    t =     4.88s     Checking `Expect predicate `existsNoRetry == 1` for object "Enter conversation" Button`
    t =     4.88s         Checking existence of `"Enter conversation" Button`
    t =     4.94s Tap "Enter conversation" Button
    t =     4.94s     Wait for life.soullab.voicekernel.vpio02sid to idle
    t =     4.95s     Find the "Enter conversation" Button
    t =     4.99s     Check for interrupting elements affecting "Enter conversation" Button
    t =     5.17s     Synthesize event
    t =     5.47s     Wait for life.soullab.voicekernel.vpio02sid to idle
    t =    20.49s Waiting 5.0s for "Export journal" Button to exist
    t =    21.51s     Checking `Expect predicate `existsNoRetry == 1` for object "Export journal" Button`
    t =    21.51s         Checking existence of `"Export journal" Button`
    t =    21.57s Tap "Export journal" Button
    t =    21.57s     Wait for life.soullab.voicekernel.vpio02sid to idle
    t =    21.57s     Find the "Export journal" Button
    t =    21.61s     Check for interrupting elements affecting "Export journal" Button
    t =    21.77s     Synthesize event
    t =    22.07s     Wait for life.soullab.voicekernel.vpio02sid to idle
    t =    24.29s Terminate life.soullab.voicekernel.vpio02sid:3998
    t =    25.33s Wait for life.soullab.voicekernel.vpio02sid to become Not Running
    t =    25.33s Tear Down
Test Case '-[DriverUITests.K00DriverTests testOneSample]' passed (25.419 seconds).
Test Suite 'K00DriverTests' passed at 2026-09-15 22:28:39.696.
	 Executed 1 test, with 0 failures (0 unexpected) in 25.419 (25.420) seconds
Test Suite 'DriverUITests.xctest' passed at 2026-09-15 22:28:39.699.
	 Executed 1 test, with 0 failures (0 unexpected) in 25.419 (25.424) seconds
Test Suite 'Selected tests' passed at 2026-09-15 22:28:39.702.
	 Executed 1 test, with 0 failures (0 unexpected) in 25.419 (25.427) seconds
2026-09-15 22:28:39.739 xcodebuild[48089:32429854] [MT] IDERunDestination: Supported platforms for the buildables in the current scheme is empty.
2026-09-15 22:28:39.933 xcodebuild[48089:32429854] [MT] IDETestOperationsObserverDebug: 28.114 elapsed -- Testing started completed.
2026-09-15 22:28:39.933 xcodebuild[48089:32429854] [MT] IDETestOperationsObserverDebug: 0.000 sec, +0.000 sec -- start
2026-09-15 22:28:39.933 xcodebuild[48089:32429854] [MT] IDETestOperationsObserverDebug: 28.114 sec, +28.114 sec -- end

Test session results, code coverage, and logs:
	/Users/soullab/Library/Developer/Xcode/DerivedData/VoiceKernelDriver-bfmtpiplfizikcherratntelzhas/Logs/Test/Test-DriverUITests-2026.09.15_22-28-11--0400.xcresult

** TEST EXECUTE SUCCEEDED **

Testing started
