Command line invocation:
    /Applications/Xcode.app/Contents/Developer/usr/bin/xcodebuild test-without-building -xctestrun /private/tmp/sid-entry-03-36e412f8ed0136cf6ac22ee8dfb2cbd790a75a1c-20260916T022124Z/ios/VoiceKernelDriver/.derived/Build/Products/DriverUITests_iphoneos26.2-arm64.xctestrun -destination id=00008140-00163D9922E0801C -collect-test-diagnostics never "-only-testing:DriverUITests/K00DriverTests/testOneSample"

2026-09-15 22:23:12.276 xcodebuild[40947:32413465] [MT] IDERunDestination: Supported platforms for the buildables in the current scheme is empty.
2026-09-15 22:23:12.279 xcodebuild[40947:32413465] [MT] IDERunDestination: Supported platforms for the buildables in the current scheme is empty.
2026-09-15 22:23:12.378 xcodebuild[40947:32413465] [MT] IDERunDestination: Supported platforms for the buildables in the current scheme is empty.
2026-09-15 22:23:12.496 xcodebuild[40947:32413465] [MT] IDERunDestination: Supported platforms for the buildables in the current scheme is empty.
--- xcodebuild: WARNING: Using the first of multiple matching destinations:
{ platform:iOS, arch:arm64e, id:00008140-00163D9922E0801C, name:Kelly Nezat’s iPhone }
{ platform:iOS, arch:arm64, id:00008140-00163D9922E0801C, name:Kelly Nezat’s iPhone }
2026-09-15 22:23:12.710 xcodebuild[40947:32413465] [MT] IDERunDestination: Supported platforms for the buildables in the current scheme is empty.
2026-09-15 22:23:12.916 xcodebuild[40947:32413465] [MT] IDERunDestination: Supported platforms for the buildables in the current scheme is empty.
2026-09-15 22:23:14.339861-0400 DriverUITests-Runner[3976:812678] [Default] Running tests...
    t =      nans Interface orientation changed to Portrait
Test Suite 'Selected tests' started at 2026-09-15 22:23:14.800.
Test Suite 'DriverUITests.xctest' started at 2026-09-15 22:23:14.800.
Test Suite 'K00DriverTests' started at 2026-09-15 22:23:14.801.
Test Case '-[DriverUITests.K00DriverTests testOneSample]' started.
    t =     0.00s Start Test at 2026-09-15 22:23:14.801
    t =     0.02s Set Up
    t =     0.02s Open life.soullab.voicekernel.vpio02sid
    t =     0.02s     Launch life.soullab.voicekernel.vpio02sid
    t =     0.10s         Setting up automation session
    t =     0.17s         Wait for life.soullab.voicekernel.vpio02sid to idle
2026-09-15 22:23:14.963 xcodebuild[40947:32413465] [MT] IDERunDestination: Supported platforms for the buildables in the current scheme is empty.
    t =     1.27s Wait for life.soullab.voicekernel.vpio02sid to become Running Foreground
    t =     1.27s Waiting 10.0s for "Enter conversation" Button to exist
    t =     2.29s     Checking `Expect predicate `existsNoRetry == 1` for object "Enter conversation" Button`
    t =     2.30s         Checking existence of `"Enter conversation" Button`
    t =     2.39s Checking existence of `"Voice processing: ON (default)" Button`
    t =     2.42s Checking existence of `"Voice processing: OFF (control run)" Button`
    t =     2.74s Waiting 3.0s for "Voice processing: ON (default)" Button to exist
    t =     3.74s     Checking `Expect predicate `existsNoRetry == 1` for object "Voice processing: ON (default)" Button`
    t =     3.74s         Checking existence of `"Voice processing: ON (default)" Button`
    t =     3.81s Waiting 5.0s for "Enter conversation" Button to exist
    t =     4.81s     Checking `Expect predicate `existsNoRetry == 1` for object "Enter conversation" Button`
    t =     4.81s         Checking existence of `"Enter conversation" Button`
    t =     4.87s Tap "Enter conversation" Button
    t =     4.87s     Wait for life.soullab.voicekernel.vpio02sid to idle
    t =     4.88s     Find the "Enter conversation" Button
    t =     5.02s     Check for interrupting elements affecting "Enter conversation" Button
    t =     5.09s     Synthesize event
    t =     5.39s     Wait for life.soullab.voicekernel.vpio02sid to idle
    t =    20.40s Waiting 5.0s for "Export journal" Button to exist
    t =    21.45s     Checking `Expect predicate `existsNoRetry == 1` for object "Export journal" Button`
    t =    21.45s         Checking existence of `"Export journal" Button`
    t =    21.51s Tap "Export journal" Button
    t =    21.51s     Wait for life.soullab.voicekernel.vpio02sid to idle
    t =    21.53s     Find the "Export journal" Button
    t =    21.56s     Check for interrupting elements affecting "Export journal" Button
    t =    21.60s     Synthesize event
    t =    21.90s     Wait for life.soullab.voicekernel.vpio02sid to idle
    t =    24.11s Terminate life.soullab.voicekernel.vpio02sid:3977
    t =    25.15s Wait for life.soullab.voicekernel.vpio02sid to become Not Running
    t =    25.15s Tear Down
Test Case '-[DriverUITests.K00DriverTests testOneSample]' passed (25.223 seconds).
Test Suite 'K00DriverTests' passed at 2026-09-15 22:23:40.025.
	 Executed 1 test, with 0 failures (0 unexpected) in 25.223 (25.224) seconds
Test Suite 'DriverUITests.xctest' passed at 2026-09-15 22:23:40.025.
	 Executed 1 test, with 0 failures (0 unexpected) in 25.223 (25.225) seconds
Test Suite 'Selected tests' passed at 2026-09-15 22:23:40.026.
	 Executed 1 test, with 0 failures (0 unexpected) in 25.223 (25.226) seconds
2026-09-15 22:23:40.106 xcodebuild[40947:32413465] [MT] IDERunDestination: Supported platforms for the buildables in the current scheme is empty.
2026-09-15 22:23:40.289 xcodebuild[40947:32413465] [MT] IDETestOperationsObserverDebug: 27.577 elapsed -- Testing started completed.
2026-09-15 22:23:40.289 xcodebuild[40947:32413465] [MT] IDETestOperationsObserverDebug: 0.000 sec, +0.000 sec -- start
2026-09-15 22:23:40.289 xcodebuild[40947:32413465] [MT] IDETestOperationsObserverDebug: 27.577 sec, +27.577 sec -- end

Test session results, code coverage, and logs:
	/Users/soullab/Library/Developer/Xcode/DerivedData/VoiceKernelDriver-etqwnlpacgmysncrqjprdjvecwcw/Logs/Test/Test-DriverUITests-2026.09.15_22-23-12--0400.xcresult

** TEST EXECUTE SUCCEEDED **

Testing started
