Command line invocation:
    /Applications/Xcode.app/Contents/Developer/usr/bin/xcodebuild test-without-building -xctestrun /private/tmp/sid-entry-03-36e412f8ed0136cf6ac22ee8dfb2cbd790a75a1c-20260916T022124Z/ios/VoiceKernelDriver/.derived/Build/Products/DriverUITests_iphoneos26.2-arm64.xctestrun -destination id=00008140-00163D9922E0801C -collect-test-diagnostics never "-only-testing:DriverUITests/K00DriverTests/testOneSample"

2026-09-15 22:22:24.268 xcodebuild[40300:32409459] [MT] IDERunDestination: Supported platforms for the buildables in the current scheme is empty.
2026-09-15 22:22:24.271 xcodebuild[40300:32409459] [MT] IDERunDestination: Supported platforms for the buildables in the current scheme is empty.
2026-09-15 22:22:24.370 xcodebuild[40300:32409459] [MT] IDERunDestination: Supported platforms for the buildables in the current scheme is empty.
2026-09-15 22:22:24.481 xcodebuild[40300:32409459] [MT] IDERunDestination: Supported platforms for the buildables in the current scheme is empty.
--- xcodebuild: WARNING: Using the first of multiple matching destinations:
{ platform:iOS, arch:arm64e, id:00008140-00163D9922E0801C, name:Kelly Nezat’s iPhone }
{ platform:iOS, arch:arm64, id:00008140-00163D9922E0801C, name:Kelly Nezat’s iPhone }
2026-09-15 22:22:24.687 xcodebuild[40300:32409459] [MT] IDERunDestination: Supported platforms for the buildables in the current scheme is empty.
2026-09-15 22:22:24.891 xcodebuild[40300:32409459] [MT] IDERunDestination: Supported platforms for the buildables in the current scheme is empty.
2026-09-15 22:22:26.302512-0400 DriverUITests-Runner[3972:811055] [Default] Running tests...
    t =      nans Interface orientation changed to Portrait
Test Suite 'Selected tests' started at 2026-09-15 22:22:26.760.
Test Suite 'DriverUITests.xctest' started at 2026-09-15 22:22:26.760.
Test Suite 'K00DriverTests' started at 2026-09-15 22:22:26.760.
Test Case '-[DriverUITests.K00DriverTests testOneSample]' started.
    t =     0.00s Start Test at 2026-09-15 22:22:26.761
    t =     0.02s Set Up
    t =     0.02s Open life.soullab.voicekernel.vpio02sid
    t =     0.02s     Launch life.soullab.voicekernel.vpio02sid
    t =     0.10s         Setting up automation session
    t =     0.18s         Wait for life.soullab.voicekernel.vpio02sid to idle
2026-09-15 22:22:26.908 xcodebuild[40300:32409459] [MT] IDERunDestination: Supported platforms for the buildables in the current scheme is empty.
    t =     1.27s Wait for life.soullab.voicekernel.vpio02sid to become Running Foreground
    t =     1.28s Waiting 10.0s for "Enter conversation" Button to exist
    t =     2.29s     Checking `Expect predicate `existsNoRetry == 1` for object "Enter conversation" Button`
    t =     2.29s         Checking existence of `"Enter conversation" Button`
    t =     2.39s Checking existence of `"Voice processing: ON (default)" Button`
    t =     2.42s Checking existence of `"Voice processing: OFF (control run)" Button`
    t =     2.74s Waiting 3.0s for "Voice processing: ON (default)" Button to exist
    t =     3.76s     Checking `Expect predicate `existsNoRetry == 1` for object "Voice processing: ON (default)" Button`
    t =     3.76s         Checking existence of `"Voice processing: ON (default)" Button`
    t =     3.82s Waiting 5.0s for "Enter conversation" Button to exist
    t =     4.85s     Checking `Expect predicate `existsNoRetry == 1` for object "Enter conversation" Button`
    t =     4.85s         Checking existence of `"Enter conversation" Button`
    t =     4.91s Tap "Enter conversation" Button
    t =     4.91s     Wait for life.soullab.voicekernel.vpio02sid to idle
    t =     4.92s     Find the "Enter conversation" Button
    t =     4.95s     Check for interrupting elements affecting "Enter conversation" Button
    t =     4.99s     Synthesize event
    t =     5.30s     Wait for life.soullab.voicekernel.vpio02sid to idle
    t =    20.31s Waiting 5.0s for "Export journal" Button to exist
    t =    21.34s     Checking `Expect predicate `existsNoRetry == 1` for object "Export journal" Button`
    t =    21.34s         Checking existence of `"Export journal" Button`
    t =    21.40s Tap "Export journal" Button
    t =    21.40s     Wait for life.soullab.voicekernel.vpio02sid to idle
    t =    21.41s     Find the "Export journal" Button
    t =    21.45s     Check for interrupting elements affecting "Export journal" Button
    t =    21.49s     Synthesize event
    t =    21.81s     Wait for life.soullab.voicekernel.vpio02sid to idle
    t =    24.01s Terminate life.soullab.voicekernel.vpio02sid:3973
    t =    25.10s Wait for life.soullab.voicekernel.vpio02sid to become Not Running
    t =    25.10s Tear Down
Test Case '-[DriverUITests.K00DriverTests testOneSample]' passed (25.192 seconds).
Test Suite 'K00DriverTests' passed at 2026-09-15 22:22:51.959.
	 Executed 1 test, with 0 failures (0 unexpected) in 25.192 (25.198) seconds
Test Suite 'DriverUITests.xctest' passed at 2026-09-15 22:22:51.965.
	 Executed 1 test, with 0 failures (0 unexpected) in 25.192 (25.205) seconds
Test Suite 'Selected tests' passed at 2026-09-15 22:22:51.967.
	 Executed 1 test, with 0 failures (0 unexpected) in 25.192 (25.208) seconds
2026-09-15 22:22:52.003 xcodebuild[40300:32409459] [MT] IDERunDestination: Supported platforms for the buildables in the current scheme is empty.
2026-09-15 22:22:52.236 xcodebuild[40300:32409459] [MT] IDETestOperationsObserverDebug: 27.547 elapsed -- Testing started completed.
2026-09-15 22:22:52.236 xcodebuild[40300:32409459] [MT] IDETestOperationsObserverDebug: 0.000 sec, +0.000 sec -- start
2026-09-15 22:22:52.236 xcodebuild[40300:32409459] [MT] IDETestOperationsObserverDebug: 27.547 sec, +27.547 sec -- end

Test session results, code coverage, and logs:
	/Users/soullab/Library/Developer/Xcode/DerivedData/VoiceKernelDriver-hgizmjvljppvibarweyxymlagnjo/Logs/Test/Test-DriverUITests-2026.09.15_22-22-24--0400.xcresult

** TEST EXECUTE SUCCEEDED **

Testing started
