Command line invocation:
    /Applications/Xcode.app/Contents/Developer/usr/bin/xcodebuild test-without-building -xctestrun /private/tmp/sid-entry-03-36e412f8ed0136cf6ac22ee8dfb2cbd790a75a1c-20260916T022124Z/ios/VoiceKernelDriver/.derived/Build/Products/DriverUITests_iphoneos26.2-arm64.xctestrun -destination id=00008140-00163D9922E0801C -collect-test-diagnostics never "-only-testing:DriverUITests/K00DriverTests/testOneSample"

2026-09-15 22:25:39.349 xcodebuild[44498:32422387] [MT] IDERunDestination: Supported platforms for the buildables in the current scheme is empty.
2026-09-15 22:25:39.353 xcodebuild[44498:32422387] [MT] IDERunDestination: Supported platforms for the buildables in the current scheme is empty.
2026-09-15 22:25:39.451 xcodebuild[44498:32422387] [MT] IDERunDestination: Supported platforms for the buildables in the current scheme is empty.
2026-09-15 22:25:39.568 xcodebuild[44498:32422387] [MT] IDERunDestination: Supported platforms for the buildables in the current scheme is empty.
--- xcodebuild: WARNING: Using the first of multiple matching destinations:
{ platform:iOS, arch:arm64e, id:00008140-00163D9922E0801C, name:Kelly Nezat’s iPhone }
{ platform:iOS, arch:arm64, id:00008140-00163D9922E0801C, name:Kelly Nezat’s iPhone }
2026-09-15 22:25:39.774 xcodebuild[44498:32422387] [MT] IDERunDestination: Supported platforms for the buildables in the current scheme is empty.
2026-09-15 22:25:39.979 xcodebuild[44498:32422387] [MT] IDERunDestination: Supported platforms for the buildables in the current scheme is empty.
2026-09-15 22:25:41.561422-0400 DriverUITests-Runner[3986:818020] [Default] Running tests...
    t =      nans Interface orientation changed to Portrait
Test Suite 'Selected tests' started at 2026-09-15 22:25:42.036.
Test Suite 'DriverUITests.xctest' started at 2026-09-15 22:25:42.036.
Test Suite 'K00DriverTests' started at 2026-09-15 22:25:42.036.
Test Case '-[DriverUITests.K00DriverTests testOneSample]' started.
    t =     0.00s Start Test at 2026-09-15 22:25:42.037
    t =     0.02s Set Up
    t =     0.03s Open life.soullab.voicekernel.vpio02sid
    t =     0.03s     Launch life.soullab.voicekernel.vpio02sid
    t =     0.10s         Setting up automation session
    t =     0.18s         Wait for life.soullab.voicekernel.vpio02sid to idle
2026-09-15 22:25:42.198 xcodebuild[44498:32422387] [MT] IDERunDestination: Supported platforms for the buildables in the current scheme is empty.
    t =     1.27s Wait for life.soullab.voicekernel.vpio02sid to become Running Foreground
    t =     1.28s Waiting 10.0s for "Enter conversation" Button to exist
    t =     2.31s     Checking `Expect predicate `existsNoRetry == 1` for object "Enter conversation" Button`
    t =     2.31s         Checking existence of `"Enter conversation" Button`
    t =     2.41s Checking existence of `"Voice processing: ON (default)" Button`
    t =     2.44s Checking existence of `"Voice processing: OFF (control run)" Button`
    t =     2.76s Waiting 3.0s for "Voice processing: ON (default)" Button to exist
    t =     3.78s     Checking `Expect predicate `existsNoRetry == 1` for object "Voice processing: ON (default)" Button`
    t =     3.78s         Checking existence of `"Voice processing: ON (default)" Button`
    t =     3.84s Waiting 5.0s for "Enter conversation" Button to exist
    t =     4.84s     Checking `Expect predicate `existsNoRetry == 1` for object "Enter conversation" Button`
    t =     4.84s         Checking existence of `"Enter conversation" Button`
    t =     4.91s Tap "Enter conversation" Button
    t =     4.91s     Wait for life.soullab.voicekernel.vpio02sid to idle
    t =     4.91s     Find the "Enter conversation" Button
    t =     4.95s     Check for interrupting elements affecting "Enter conversation" Button
    t =     4.99s     Synthesize event
    t =     5.29s     Wait for life.soullab.voicekernel.vpio02sid to idle
2026-09-15 22:26:00.142 xcodebuild[44498:32422387] [MT] IDERunDestination: Supported platforms for the buildables in the current scheme is empty.
    t =    20.31s Waiting 5.0s for "Export journal" Button to exist
    t =    21.35s     Checking `Expect predicate `existsNoRetry == 1` for object "Export journal" Button`
    t =    21.35s         Checking existence of `"Export journal" Button`
    t =    21.40s Tap "Export journal" Button
    t =    21.41s     Wait for life.soullab.voicekernel.vpio02sid to idle
    t =    21.41s     Find the "Export journal" Button
    t =    21.44s     Check for interrupting elements affecting "Export journal" Button
    t =    21.49s     Synthesize event
    t =    21.80s     Wait for life.soullab.voicekernel.vpio02sid to idle
    t =    24.00s Terminate life.soullab.voicekernel.vpio02sid:3987
    t =    25.02s Wait for life.soullab.voicekernel.vpio02sid to become Not Running
    t =    25.02s Tear Down
Test Case '-[DriverUITests.K00DriverTests testOneSample]' passed (25.093 seconds).
Test Suite 'K00DriverTests' passed at 2026-09-15 22:26:07.132.
	 Executed 1 test, with 0 failures (0 unexpected) in 25.093 (25.095) seconds
Test Suite 'DriverUITests.xctest' passed at 2026-09-15 22:26:07.136.
	 Executed 1 test, with 0 failures (0 unexpected) in 25.093 (25.099) seconds
Test Suite 'Selected tests' passed at 2026-09-15 22:26:07.139.
	 Executed 1 test, with 0 failures (0 unexpected) in 25.093 (25.103) seconds
2026-09-15 22:26:07.213 xcodebuild[44498:32422387] [MT] IDERunDestination: Supported platforms for the buildables in the current scheme is empty.
2026-09-15 22:26:07.411 xcodebuild[44498:32422387] [MT] IDETestOperationsObserverDebug: 27.635 elapsed -- Testing started completed.
2026-09-15 22:26:07.411 xcodebuild[44498:32422387] [MT] IDETestOperationsObserverDebug: 0.000 sec, +0.000 sec -- start
2026-09-15 22:26:07.411 xcodebuild[44498:32422387] [MT] IDETestOperationsObserverDebug: 27.635 sec, +27.635 sec -- end

Test session results, code coverage, and logs:
	/Users/soullab/Library/Developer/Xcode/DerivedData/VoiceKernelDriver-gknmijwtjlkwmogacwkcvamwfopx/Logs/Test/Test-DriverUITests-2026.09.15_22-25-39--0400.xcresult

** TEST EXECUTE SUCCEEDED **

Testing started
