Command line invocation:
    /Applications/Xcode.app/Contents/Developer/usr/bin/xcodebuild test-without-building -xctestrun /private/tmp/voice-driver-01/ios/VoiceKernelDriver/.derived/Build/Products/DriverUITests_iphoneos26.2-arm64.xctestrun -destination id=00008140-00163D9922E0801C -collect-test-diagnostics never "-only-testing:DriverUITests/K00DriverTests/testOneSample"

2026-09-13 10:33:25.564 xcodebuild[22836:27100915] [MT] IDERunDestination: Supported platforms for the buildables in the current scheme is empty.
2026-09-13 10:33:25.567 xcodebuild[22836:27100915] [MT] IDERunDestination: Supported platforms for the buildables in the current scheme is empty.
2026-09-13 10:33:25.667 xcodebuild[22836:27100915] [MT] IDERunDestination: Supported platforms for the buildables in the current scheme is empty.
--- xcodebuild: WARNING: Using the first of multiple matching destinations:
{ platform:iOS, arch:arm64e, id:00008140-00163D9922E0801C, name:Kelly Nezat’s iPhone }
{ platform:iOS, arch:arm64, id:00008140-00163D9922E0801C, name:Kelly Nezat’s iPhone }
2026-09-13 10:33:25.868 xcodebuild[22836:27100915] [MT] IDERunDestination: Supported platforms for the buildables in the current scheme is empty.
2026-09-13 10:33:26.060 xcodebuild[22836:27100915] [MT] IDERunDestination: Supported platforms for the buildables in the current scheme is empty.
2026-09-13 10:33:28.023561-0400 DriverUITests-Runner[59068:13299217] [Default] Running tests...
    t =      nans Interface orientation changed to Portrait
Test Suite 'Selected tests' started at 2026-09-13 10:33:28.597.
Test Suite 'DriverUITests.xctest' started at 2026-09-13 10:33:28.598.
Test Suite 'K00DriverTests' started at 2026-09-13 10:33:28.598.
Test Case '-[DriverUITests.K00DriverTests testOneSample]' started.
    t =     0.00s Start Test at 2026-09-13 10:33:28.599
    t =     0.01s Set Up
    t =     0.02s Open life.soullab.voicekernel.k00
    t =     0.02s     Launch life.soullab.voicekernel.k00
    t =     0.10s         Setting up automation session
    t =     0.20s         Wait for life.soullab.voicekernel.k00 to idle
2026-09-13 10:33:28.858 xcodebuild[22836:27100915] [MT] IDERunDestination: Supported platforms for the buildables in the current scheme is empty.
    t =     1.31s Wait for life.soullab.voicekernel.k00 to become Running Foreground
    t =     1.32s Waiting 10.0s for "Enter conversation" Button to exist
    t =     2.35s     Checking `Expect predicate `existsNoRetry == 1` for object "Enter conversation" Button`
    t =     2.35s         Checking existence of `"Enter conversation" Button`
    t =     2.44s Checking existence of `"Voice processing: ON (default)" Button`
    t =     2.47s Checking existence of `"Voice processing: OFF (control run)" Button`
    t =     2.80s Waiting 3.0s for "Voice processing: ON (default)" Button to exist
    t =     3.82s     Checking `Expect predicate `existsNoRetry == 1` for object "Voice processing: ON (default)" Button`
    t =     3.82s         Checking existence of `"Voice processing: ON (default)" Button`
    t =     3.88s Waiting 5.0s for "Enter conversation" Button to exist
    t =     4.90s     Checking `Expect predicate `existsNoRetry == 1` for object "Enter conversation" Button`
    t =     4.90s         Checking existence of `"Enter conversation" Button`
    t =     4.96s Tap "Enter conversation" Button
    t =     4.96s     Wait for life.soullab.voicekernel.k00 to idle
    t =     4.97s     Find the "Enter conversation" Button
    t =     5.01s     Check for interrupting elements affecting "Enter conversation" Button
    t =     5.05s     Synthesize event
    t =     5.34s     Wait for life.soullab.voicekernel.k00 to idle
    t =    20.36s Waiting 5.0s for "Export journal" Button to exist
    t =    21.38s     Checking `Expect predicate `existsNoRetry == 1` for object "Export journal" Button`
    t =    21.38s         Checking existence of `"Export journal" Button`
    t =    21.45s Tap "Export journal" Button
    t =    21.45s     Wait for life.soullab.voicekernel.k00 to idle
    t =    21.45s     Find the "Export journal" Button
    t =    21.49s     Check for interrupting elements affecting "Export journal" Button
    t =    21.53s     Synthesize event
    t =    21.83s     Wait for life.soullab.voicekernel.k00 to idle
    t =    24.06s Terminate life.soullab.voicekernel.k00:59069
    t =    25.13s Wait for life.soullab.voicekernel.k00 to become Not Running
    t =    25.14s Tear Down
Test Case '-[DriverUITests.K00DriverTests testOneSample]' passed (25.177 seconds).
Test Suite 'K00DriverTests' passed at 2026-09-13 10:33:53.775.
	 Executed 1 test, with 0 failures (0 unexpected) in 25.177 (25.177) seconds
Test Suite 'DriverUITests.xctest' passed at 2026-09-13 10:33:53.777.
	 Executed 1 test, with 0 failures (0 unexpected) in 25.177 (25.179) seconds
Test Suite 'Selected tests' passed at 2026-09-13 10:33:53.793.
	 Executed 1 test, with 0 failures (0 unexpected) in 25.177 (25.195) seconds
2026-09-13 10:33:53.989 xcodebuild[22836:27100915] [MT] IDERunDestination: Supported platforms for the buildables in the current scheme is empty.
2026-09-13 10:33:54.173 xcodebuild[22836:27100915] [MT] IDETestOperationsObserverDebug: 28.304 elapsed -- Testing started completed.
2026-09-13 10:33:54.173 xcodebuild[22836:27100915] [MT] IDETestOperationsObserverDebug: 0.000 sec, +0.000 sec -- start
2026-09-13 10:33:54.173 xcodebuild[22836:27100915] [MT] IDETestOperationsObserverDebug: 28.304 sec, +28.304 sec -- end

Test session results, code coverage, and logs:
	/Users/soullab/Library/Developer/Xcode/DerivedData/VoiceKernelDriver-gzlghcitnrooprfjkruhslyphhmi/Logs/Test/Test-DriverUITests-2026.09.13_10-33-25--0400.xcresult

** TEST EXECUTE SUCCEEDED **

Testing started
