Command line invocation:
    /Applications/Xcode.app/Contents/Developer/usr/bin/xcodebuild test-without-building -xctestrun /private/tmp/voice-driver-01/ios/VoiceKernelDriver/.derived/Build/Products/DriverUITests_iphoneos26.2-arm64.xctestrun -destination id=00008140-00163D9922E0801C -collect-test-diagnostics never "-only-testing:DriverUITests/K00DriverTests/testOneSample"

2026-09-13 10:21:39.649 xcodebuild[21789:27070088] [MT] IDERunDestination: Supported platforms for the buildables in the current scheme is empty.
2026-09-13 10:21:39.652 xcodebuild[21789:27070088] [MT] IDERunDestination: Supported platforms for the buildables in the current scheme is empty.
2026-09-13 10:21:39.751 xcodebuild[21789:27070088] [MT] IDERunDestination: Supported platforms for the buildables in the current scheme is empty.
--- xcodebuild: WARNING: Using the first of multiple matching destinations:
{ platform:iOS, arch:arm64e, id:00008140-00163D9922E0801C, name:Kelly Nezat’s iPhone }
{ platform:iOS, arch:arm64, id:00008140-00163D9922E0801C, name:Kelly Nezat’s iPhone }
2026-09-13 10:21:39.944 xcodebuild[21789:27070088] [MT] IDERunDestination: Supported platforms for the buildables in the current scheme is empty.
2026-09-13 10:21:40.122 xcodebuild[21789:27070088] [MT] IDERunDestination: Supported platforms for the buildables in the current scheme is empty.
2026-09-13 10:21:41.804095-0400 DriverUITests-Runner[58838:13279033] [Default] Running tests...
    t =      nans Interface orientation changed to Portrait
Test Suite 'Selected tests' started at 2026-09-13 10:21:42.397.
Test Suite 'DriverUITests.xctest' started at 2026-09-13 10:21:42.398.
Test Suite 'K00DriverTests' started at 2026-09-13 10:21:42.398.
Test Case '-[DriverUITests.K00DriverTests testOneSample]' started.
    t =     0.00s Start Test at 2026-09-13 10:21:42.399
    t =     0.02s Set Up
    t =     0.02s Open life.soullab.voicekernel.k00
    t =     0.02s     Launch life.soullab.voicekernel.k00
    t =     0.10s         Setting up automation session
    t =     0.18s         Wait for life.soullab.voicekernel.k00 to idle
2026-09-13 10:21:42.628 xcodebuild[21789:27070088] [MT] IDERunDestination: Supported platforms for the buildables in the current scheme is empty.
    t =     1.28s Wait for life.soullab.voicekernel.k00 to become Running Foreground
    t =     1.29s Waiting 10.0s for "Enter conversation" Button to exist
    t =     2.35s     Checking `Expect predicate `existsNoRetry == 1` for object "Enter conversation" Button`
    t =     2.35s         Checking existence of `"Enter conversation" Button`
    t =     2.44s Checking existence of `"Voice processing: ON (default)" Button`
    t =     2.46s Checking existence of `"Voice processing: OFF (control run)" Button`
    t =     2.79s Waiting 3.0s for "Voice processing: ON (default)" Button to exist
    t =     3.82s     Checking `Expect predicate `existsNoRetry == 1` for object "Voice processing: ON (default)" Button`
    t =     3.82s         Checking existence of `"Voice processing: ON (default)" Button`
    t =     3.89s Waiting 5.0s for "Enter conversation" Button to exist
    t =     4.92s     Checking `Expect predicate `existsNoRetry == 1` for object "Enter conversation" Button`
    t =     4.92s         Checking existence of `"Enter conversation" Button`
    t =     4.98s Tap "Enter conversation" Button
    t =     4.98s     Wait for life.soullab.voicekernel.k00 to idle
    t =     4.99s     Find the "Enter conversation" Button
    t =     5.03s     Check for interrupting elements affecting "Enter conversation" Button
    t =     5.08s         Wait for com.apple.springboard to idle
    t =     5.17s Ignoring failure to get hierarchy for remote element in process 52580 (Error getting main window kAXErrorServerNotFound)
    t =     5.17s Ignoring failure to get hierarchy for remote element in process 52580 (Error getting main window kAXErrorServerNotFound)
    t =     5.21s     Found 1 interrupting element:
    t =     5.21s         Find the "NotificationShortLookView" BannerNotification
    t =     5.25s Ignoring failure to get hierarchy for remote element in process 52580 (Error getting main window kAXErrorServerNotFound)
    t =     5.26s Ignoring failure to get hierarchy for remote element in process 52580 (Error getting main window kAXErrorServerNotFound)
    t =     5.27s "NotificationShortLookView" BannerNotification from Application 'com.apple.springboard'
    t =     5.27s     Invoking UI interruption monitors for "NotificationShortLookView" BannerNotification from Application 'com.apple.springboard'
    t =     5.27s         Find the "NotificationShortLookView" BannerNotification
    t =     5.31s Ignoring failure to get hierarchy for remote element in process 52580 (Error getting main window kAXErrorServerNotFound)
    t =     5.31s Ignoring failure to get hierarchy for remote element in process 52580 (Error getting main window kAXErrorServerNotFound)
    t =     5.32s Default interruption handler ignoring non-alert type element "NotificationShortLookView" BannerNotification.
    t =     5.32s         Find the "NotificationShortLookView" BannerNotification
    t =     5.34s Ignoring failure to get hierarchy for remote element in process 52580 (Error getting main window kAXErrorServerNotFound)
    t =     5.34s Ignoring failure to get hierarchy for remote element in process 52580 (Error getting main window kAXErrorServerNotFound)
    t =     5.35s         Default interruption handler attempting to dismiss banner notification by swiping up
    t =     5.36s             Swipe up "NotificationShortLookView" BannerNotification
    t =     5.36s                 Wait for com.apple.springboard to idle
    t =     5.36s                 Find the "NotificationShortLookView" BannerNotification
    t =     5.38s Ignoring failure to get hierarchy for remote element in process 52580 (Error getting main window kAXErrorServerNotFound)
    t =     5.39s Ignoring failure to get hierarchy for remote element in process 52580 (Error getting main window kAXErrorServerNotFound)
    t =     5.40s                 Check for interrupting elements affecting "NotificationShortLookView" BannerNotification
    t =     5.41s                     Wait for life.soullab.voicekernel.k00 to idle
    t =     5.50s Ignoring failure to get hierarchy for remote element in process 52580 (Error getting main window kAXErrorServerNotFound)
    t =     5.50s Ignoring failure to get hierarchy for remote element in process 52580 (Error getting main window kAXErrorServerNotFound)
    t =     5.53s                 Synthesize event
    t =     5.95s                 Wait for com.apple.springboard to idle
    t =     7.04s         Verifying handling...
    t =     7.11s Confirmed successful handling of interrupting element
    t =     7.11s     Synthesize event
    t =     7.42s     Wait for life.soullab.voicekernel.k00 to idle
    t =    22.43s Waiting 5.0s for "Export journal" Button to exist
    t =    23.44s     Checking `Expect predicate `existsNoRetry == 1` for object "Export journal" Button`
    t =    23.45s         Checking existence of `"Export journal" Button`
    t =    23.51s Tap "Export journal" Button
    t =    23.51s     Wait for life.soullab.voicekernel.k00 to idle
    t =    23.52s     Find the "Export journal" Button
    t =    23.55s     Check for interrupting elements affecting "Export journal" Button
    t =    23.59s         Wait for com.apple.springboard to idle
    t =    23.69s Ignoring failure to get hierarchy for remote element in process 52580 (Error getting main window kAXErrorServerNotFound)
    t =    23.70s Ignoring failure to get hierarchy for remote element in process 52580 (Error getting main window kAXErrorServerNotFound)
    t =    23.71s     Synthesize event
    t =    24.02s     Wait for life.soullab.voicekernel.k00 to idle
    t =    25.54s Terminate life.soullab.voicekernel.k00:58839
    t =    26.58s Wait for life.soullab.voicekernel.k00 to become Not Running
    t =    26.59s Tear Down
Test Case '-[DriverUITests.K00DriverTests testOneSample]' passed (26.639 seconds).
Test Suite 'K00DriverTests' passed at 2026-09-13 10:22:09.037.
	 Executed 1 test, with 0 failures (0 unexpected) in 26.639 (26.639) seconds
Test Suite 'DriverUITests.xctest' passed at 2026-09-13 10:22:09.038.
	 Executed 1 test, with 0 failures (0 unexpected) in 26.639 (26.640) seconds
Test Suite 'Selected tests' passed at 2026-09-13 10:22:09.039.
	 Executed 1 test, with 0 failures (0 unexpected) in 26.639 (26.641) seconds
2026-09-13 10:22:09.221 xcodebuild[21789:27070088] [MT] IDERunDestination: Supported platforms for the buildables in the current scheme is empty.
2026-09-13 10:22:09.420 xcodebuild[21789:27070088] [MT] IDETestOperationsObserverDebug: 29.475 elapsed -- Testing started completed.
2026-09-13 10:22:09.420 xcodebuild[21789:27070088] [MT] IDETestOperationsObserverDebug: 0.000 sec, +0.000 sec -- start
2026-09-13 10:22:09.420 xcodebuild[21789:27070088] [MT] IDETestOperationsObserverDebug: 29.475 sec, +29.475 sec -- end

Test session results, code coverage, and logs:
	/Users/soullab/Library/Developer/Xcode/DerivedData/VoiceKernelDriver-fwabkorzlgbkphgqrduixbsdqbjj/Logs/Test/Test-DriverUITests-2026.09.13_10-21-39--0400.xcresult

** TEST EXECUTE SUCCEEDED **

Testing started
