Command line invocation:
    /Applications/Xcode.app/Contents/Developer/usr/bin/xcodebuild test-without-building -xctestrun /private/tmp/voice-driver-01/ios/VoiceKernelDriver/.derived/Build/Products/DriverUITests_iphoneos26.2-arm64.xctestrun -destination id=00008140-00163D9922E0801C -collect-test-diagnostics never "-only-testing:DriverUITests/K00DriverTests/testOneSample"

2026-09-13 10:19:40.286 xcodebuild[21533:27066023] [MT] IDERunDestination: Supported platforms for the buildables in the current scheme is empty.
2026-09-13 10:19:40.289 xcodebuild[21533:27066023] [MT] IDERunDestination: Supported platforms for the buildables in the current scheme is empty.
2026-09-13 10:19:40.387 xcodebuild[21533:27066023] [MT] IDERunDestination: Supported platforms for the buildables in the current scheme is empty.
--- xcodebuild: WARNING: Using the first of multiple matching destinations:
{ platform:iOS, arch:arm64e, id:00008140-00163D9922E0801C, name:Kelly Nezat’s iPhone }
{ platform:iOS, arch:arm64, id:00008140-00163D9922E0801C, name:Kelly Nezat’s iPhone }
2026-09-13 10:19:40.582 xcodebuild[21533:27066023] [MT] IDERunDestination: Supported platforms for the buildables in the current scheme is empty.
2026-09-13 10:19:42.322986-0400 DriverUITests-Runner[58786:13273898] [Default] Running tests...
    t =      nans Interface orientation changed to Portrait
Test Suite 'Selected tests' started at 2026-09-13 10:19:42.792.
Test Suite 'DriverUITests.xctest' started at 2026-09-13 10:19:42.793.
Test Suite 'K00DriverTests' started at 2026-09-13 10:19:42.793.
Test Case '-[DriverUITests.K00DriverTests testOneSample]' started.
    t =     0.00s Start Test at 2026-09-13 10:19:42.794
    t =     0.02s Set Up
    t =     0.02s Open life.soullab.voicekernel.k00
    t =     0.02s     Launch life.soullab.voicekernel.k00
    t =     0.11s         Setting up automation session
    t =     0.19s         Wait for life.soullab.voicekernel.k00 to idle
2026-09-13 10:19:43.013 xcodebuild[21533:27066023] [MT] IDERunDestination: Supported platforms for the buildables in the current scheme is empty.
    t =     1.28s Wait for life.soullab.voicekernel.k00 to become Running Foreground
    t =     1.28s Waiting 10.0s for "Enter conversation" Button to exist
    t =     2.33s     Checking `Expect predicate `existsNoRetry == 1` for object "Enter conversation" Button`
    t =     2.33s         Checking existence of `"Enter conversation" Button`
    t =     2.42s Checking existence of `"Voice processing: ON (default)" Button`
    t =     2.45s Checking existence of `"Voice processing: OFF (control run)" Button`
    t =     2.78s Waiting 3.0s for "Voice processing: ON (default)" Button to exist
    t =     3.82s     Checking `Expect predicate `existsNoRetry == 1` for object "Voice processing: ON (default)" Button`
    t =     3.82s         Checking existence of `"Voice processing: ON (default)" Button`
    t =     3.88s Waiting 5.0s for "Enter conversation" Button to exist
    t =     4.90s     Checking `Expect predicate `existsNoRetry == 1` for object "Enter conversation" Button`
    t =     4.90s         Checking existence of `"Enter conversation" Button`
    t =     4.96s Tap "Enter conversation" Button
    t =     4.96s     Wait for life.soullab.voicekernel.k00 to idle
    t =     4.97s     Find the "Enter conversation" Button
    t =     5.01s     Check for interrupting elements affecting "Enter conversation" Button
    t =     5.05s     Synthesize event
    t =     5.35s     Wait for life.soullab.voicekernel.k00 to idle
    t =    20.36s Waiting 5.0s for "Export journal" Button to exist
    t =    21.39s     Checking `Expect predicate `existsNoRetry == 1` for object "Export journal" Button`
    t =    21.39s         Checking existence of `"Export journal" Button`
    t =    21.45s Tap "Export journal" Button
    t =    21.45s     Wait for life.soullab.voicekernel.k00 to idle
    t =    21.46s     Find the "Export journal" Button
    t =    21.50s     Check for interrupting elements affecting "Export journal" Button
    t =    21.55s     Synthesize event
    t =    21.86s     Wait for life.soullab.voicekernel.k00 to idle
    t =    24.08s Terminate life.soullab.voicekernel.k00:58787
    t =    25.09s Wait for life.soullab.voicekernel.k00 to become Not Running
    t =    25.09s Tear Down
Test Case '-[DriverUITests.K00DriverTests testOneSample]' passed (25.181 seconds).
Test Suite 'K00DriverTests' passed at 2026-09-13 10:20:07.976.
	 Executed 1 test, with 0 failures (0 unexpected) in 25.181 (25.183) seconds
Test Suite 'DriverUITests.xctest' passed at 2026-09-13 10:20:07.982.
	 Executed 1 test, with 0 failures (0 unexpected) in 25.181 (25.189) seconds
Test Suite 'Selected tests' passed at 2026-09-13 10:20:07.994.
	 Executed 1 test, with 0 failures (0 unexpected) in 25.181 (25.201) seconds
2026-09-13 10:20:08.091 xcodebuild[21533:27066023] [MT] IDERunDestination: Supported platforms for the buildables in the current scheme is empty.
2026-09-13 10:20:08.320 xcodebuild[21533:27066023] [MT] IDETestOperationsObserverDebug: 27.737 elapsed -- Testing started completed.
2026-09-13 10:20:08.320 xcodebuild[21533:27066023] [MT] IDETestOperationsObserverDebug: 0.000 sec, +0.000 sec -- start
2026-09-13 10:20:08.320 xcodebuild[21533:27066023] [MT] IDETestOperationsObserverDebug: 27.737 sec, +27.737 sec -- end

Test session results, code coverage, and logs:
	/Users/soullab/Library/Developer/Xcode/DerivedData/VoiceKernelDriver-ckrnwyeolvunjeavqiflugllnwil/Logs/Test/Test-DriverUITests-2026.09.13_10-19-40--0400.xcresult

** TEST EXECUTE SUCCEEDED **

Testing started
