Command line invocation:
    /Applications/Xcode.app/Contents/Developer/usr/bin/xcodebuild test-without-building -xctestrun /private/tmp/voice-driver-01/ios/VoiceKernelDriver/.derived/Build/Products/DriverUITests_iphoneos26.2-arm64.xctestrun -destination id=00008140-00163D9922E0801C -collect-test-diagnostics never "-only-testing:DriverUITests/K00DriverTests/testOneSample"

2026-09-13 10:14:20.320 xcodebuild[19541:27052724] [MT] IDERunDestination: Supported platforms for the buildables in the current scheme is empty.
2026-09-13 10:14:20.323 xcodebuild[19541:27052724] [MT] IDERunDestination: Supported platforms for the buildables in the current scheme is empty.
2026-09-13 10:14:20.422 xcodebuild[19541:27052724] [MT] IDERunDestination: Supported platforms for the buildables in the current scheme is empty.
--- xcodebuild: WARNING: Using the first of multiple matching destinations:
{ platform:iOS, arch:arm64e, id:00008140-00163D9922E0801C, name:Kelly Nezat’s iPhone }
{ platform:iOS, arch:arm64, id:00008140-00163D9922E0801C, name:Kelly Nezat’s iPhone }
2026-09-13 10:14:20.921 xcodebuild[19541:27052724] [MT] IDERunDestination: Supported platforms for the buildables in the current scheme is empty.
2026-09-13 10:14:21.117 xcodebuild[19541:27052724] [MT] IDERunDestination: Supported platforms for the buildables in the current scheme is empty.
2026-09-13 10:14:26.469450-0400 DriverUITests-Runner[58763:13269726] [Default] Running tests...
2026-09-13 10:15:07.533 xcodebuild[19541:27052724] [MT] IDERunDestination: Supported platforms for the buildables in the current scheme is empty.
2026-09-13 10:15:26.708703-0400 DriverUITests-Runner[58763:13269726] [Default] Failed to initialize for UI testing: Error Domain=com.apple.dt.XCTest.XCTFuture Code=1000 "Timed out while enabling automation mode." UserInfo={NSLocalizedDescription=Timed out while enabling automation mode.}


*** If you believe this error represents a bug, please attach the result bundle at /Users/soullab/Library/Developer/Xcode/DerivedData/VoiceKernelDriver-bjiyckttzosmxmferptktpyyjxka/Logs/Test/Test-DriverUITests-2026.09.13_10-14-20--0400.xcresult

2026-09-13 10:15:26.996 xcodebuild[19541:27052724] [MT] IDETestOperationsObserverDebug: 66.074 elapsed -- Testing started completed.
2026-09-13 10:15:26.996 xcodebuild[19541:27052724] [MT] IDETestOperationsObserverDebug: 0.000 sec, +0.000 sec -- start
2026-09-13 10:15:26.996 xcodebuild[19541:27052724] [MT] IDETestOperationsObserverDebug: 66.074 sec, +66.074 sec -- end

Test session results, code coverage, and logs:
	/Users/soullab/Library/Developer/Xcode/DerivedData/VoiceKernelDriver-bjiyckttzosmxmferptktpyyjxka/Logs/Test/Test-DriverUITests-2026.09.13_10-14-20--0400.xcresult

Testing failed:
	DriverUITests-Runner (58763) encountered an error (The test runner failed to initialize for UI testing. (Underlying Error: Timed out while enabling automation mode.))

** TEST EXECUTE FAILED **

Testing started
