Command line invocation:
    /Applications/Xcode.app/Contents/Developer/usr/bin/xcodebuild test-without-building -xctestrun /private/tmp/voice-driver-01/ios/VoiceKernelDriver/.derived/Build/Products/DriverUITests_iphoneos26.2-arm64.xctestrun -destination id=00008140-00163D9922E0801C -collect-test-diagnostics never "-only-testing:DriverUITests/K00DriverTests/testOneSample"

2026-09-13 10:38:47.022 xcodebuild[23480:27110897] [MT] IDERunDestination: Supported platforms for the buildables in the current scheme is empty.
2026-09-13 10:38:47.026 xcodebuild[23480:27110897] [MT] IDERunDestination: Supported platforms for the buildables in the current scheme is empty.
2026-09-13 10:38:47.124 xcodebuild[23480:27110897] [MT] IDERunDestination: Supported platforms for the buildables in the current scheme is empty.
--- xcodebuild: WARNING: Using the first of multiple matching destinations:
{ platform:iOS, arch:arm64e, id:00008140-00163D9922E0801C, name:Kelly Nezat’s iPhone }
{ platform:iOS, arch:arm64, id:00008140-00163D9922E0801C, name:Kelly Nezat’s iPhone }
2026-09-13 10:38:47.330 xcodebuild[23480:27110897] [MT] IDERunDestination: Supported platforms for the buildables in the current scheme is empty.
2026-09-13 10:38:47.519 xcodebuild[23480:27110897] [MT] IDERunDestination: Supported platforms for the buildables in the current scheme is empty.
2026-09-13 10:38:49.108073-0400 DriverUITests-Runner[59124:13312532] [Default] Running tests...
    t =      nans Interface orientation changed to Portrait
Test Suite 'Selected tests' started at 2026-09-13 10:38:49.570.
Test Suite 'DriverUITests.xctest' started at 2026-09-13 10:38:49.570.
Test Suite 'K00DriverTests' started at 2026-09-13 10:38:49.571.
Test Case '-[DriverUITests.K00DriverTests testOneSample]' started.
    t =     0.00s Start Test at 2026-09-13 10:38:49.571
    t =     0.02s Set Up
    t =     0.02s Open life.soullab.voicekernel.k00
    t =     0.02s     Launch life.soullab.voicekernel.k00
    t =     0.11s         Setting up automation session
    t =     0.19s         Wait for life.soullab.voicekernel.k00 to idle
2026-09-13 10:38:49.738 xcodebuild[23480:27110897] [MT] IDERunDestination: Supported platforms for the buildables in the current scheme is empty.
    t =     1.27s Wait for life.soullab.voicekernel.k00 to become Running Foreground
    t =     1.28s Waiting 10.0s for "Enter conversation" Button to exist
    t =     2.32s     Checking `Expect predicate `existsNoRetry == 1` for object "Enter conversation" Button`
    t =     2.32s         Checking existence of `"Enter conversation" Button`
    t =     2.41s Checking existence of `"Voice processing: ON (default)" Button`
    t =     2.44s Checking existence of `"Voice processing: OFF (control run)" Button`
    t =     2.76s Waiting 3.0s for "Voice processing: ON (default)" Button to exist
    t =     3.77s     Checking `Expect predicate `existsNoRetry == 1` for object "Voice processing: ON (default)" Button`
    t =     3.77s         Checking existence of `"Voice processing: ON (default)" Button`
    t =     3.84s Waiting 5.0s for "Enter conversation" Button to exist
    t =     4.86s     Checking `Expect predicate `existsNoRetry == 1` for object "Enter conversation" Button`
    t =     4.86s         Checking existence of `"Enter conversation" Button`
    t =     4.92s Tap "Enter conversation" Button
    t =     4.92s     Wait for life.soullab.voicekernel.k00 to idle
    t =     4.93s     Find the "Enter conversation" Button
    t =     4.97s     Check for interrupting elements affecting "Enter conversation" Button
    t =     5.01s     Synthesize event
    t =     5.31s     Wait for life.soullab.voicekernel.k00 to idle
    t =    20.34s Waiting 5.0s for "Export journal" Button to exist
    t =    21.37s     Checking `Expect predicate `existsNoRetry == 1` for object "Export journal" Button`
    t =    21.37s         Checking existence of `"Export journal" Button`
    t =    21.43s Tap "Export journal" Button
    t =    21.43s     Wait for life.soullab.voicekernel.k00 to idle
    t =    21.44s     Find the "Export journal" Button
    t =    21.48s     Check for interrupting elements affecting "Export journal" Button
    t =    21.52s     Synthesize event
    t =    21.82s     Wait for life.soullab.voicekernel.k00 to idle
    t =    24.05s Terminate life.soullab.voicekernel.k00:59125
    t =    25.12s Wait for life.soullab.voicekernel.k00 to become Not Running
    t =    25.12s Tear Down
Test Case '-[DriverUITests.K00DriverTests testOneSample]' passed (25.192 seconds).
Test Suite 'K00DriverTests' passed at 2026-09-13 10:39:14.765.
	 Executed 1 test, with 0 failures (0 unexpected) in 25.192 (25.195) seconds
Test Suite 'DriverUITests.xctest' passed at 2026-09-13 10:39:14.772.
	 Executed 1 test, with 0 failures (0 unexpected) in 25.192 (25.201) seconds
Test Suite 'Selected tests' passed at 2026-09-13 10:39:14.777.
	 Executed 1 test, with 0 failures (0 unexpected) in 25.192 (25.207) seconds
2026-09-13 10:39:14.829 xcodebuild[23480:27110897] [MT] IDERunDestination: Supported platforms for the buildables in the current scheme is empty.
2026-09-13 10:39:15.028 xcodebuild[23480:27110897] [MT] IDETestOperationsObserverDebug: 27.697 elapsed -- Testing started completed.
2026-09-13 10:39:15.028 xcodebuild[23480:27110897] [MT] IDETestOperationsObserverDebug: 0.000 sec, +0.000 sec -- start
2026-09-13 10:39:15.028 xcodebuild[23480:27110897] [MT] IDETestOperationsObserverDebug: 27.697 sec, +27.697 sec -- end

Test session results, code coverage, and logs:
	/Users/soullab/Library/Developer/Xcode/DerivedData/VoiceKernelDriver-egopscmnefnzlwbmqsaytcceyzlx/Logs/Test/Test-DriverUITests-2026.09.13_10-38-47--0400.xcresult

** TEST EXECUTE SUCCEEDED **

Testing started
