Command line invocation:
    /Applications/Xcode.app/Contents/Developer/usr/bin/xcodebuild test-without-building -xctestrun /private/tmp/voice-driver-01/ios/VoiceKernelDriver/.derived/Build/Products/DriverUITests_iphoneos26.2-arm64.xctestrun -destination id=00008140-00163D9922E0801C -collect-test-diagnostics never "-only-testing:DriverUITests/K00DriverTests/testOneSample"

2026-09-13 10:38:14.503 xcodebuild[23413:27109790] [MT] IDERunDestination: Supported platforms for the buildables in the current scheme is empty.
2026-09-13 10:38:14.507 xcodebuild[23413:27109790] [MT] IDERunDestination: Supported platforms for the buildables in the current scheme is empty.
2026-09-13 10:38:14.605 xcodebuild[23413:27109790] [MT] IDERunDestination: Supported platforms for the buildables in the current scheme is empty.
--- xcodebuild: WARNING: Using the first of multiple matching destinations:
{ platform:iOS, arch:arm64e, id:00008140-00163D9922E0801C, name:Kelly Nezat’s iPhone }
{ platform:iOS, arch:arm64, id:00008140-00163D9922E0801C, name:Kelly Nezat’s iPhone }
2026-09-13 10:38:14.829 xcodebuild[23413:27109790] [MT] IDERunDestination: Supported platforms for the buildables in the current scheme is empty.
2026-09-13 10:38:16.576594-0400 DriverUITests-Runner[59120:13311219] [Default] Running tests...
    t =      nans Interface orientation changed to Portrait
Test Suite 'Selected tests' started at 2026-09-13 10:38:17.040.
Test Suite 'DriverUITests.xctest' started at 2026-09-13 10:38:17.041.
Test Suite 'K00DriverTests' started at 2026-09-13 10:38:17.041.
Test Case '-[DriverUITests.K00DriverTests testOneSample]' started.
    t =     0.00s Start Test at 2026-09-13 10:38:17.041
    t =     0.02s Set Up
    t =     0.03s Open life.soullab.voicekernel.k00
    t =     0.03s     Launch life.soullab.voicekernel.k00
    t =     0.10s         Setting up automation session
    t =     0.17s         Wait for life.soullab.voicekernel.k00 to idle
2026-09-13 10:38:17.170 xcodebuild[23413:27109790] [MT] IDERunDestination: Supported platforms for the buildables in the current scheme is empty.
    t =     1.26s Wait for life.soullab.voicekernel.k00 to become Running Foreground
    t =     1.26s Waiting 10.0s for "Enter conversation" Button to exist
    t =     2.31s     Checking `Expect predicate `existsNoRetry == 1` for object "Enter conversation" Button`
    t =     2.31s         Checking existence of `"Enter conversation" Button`
    t =     2.40s Checking existence of `"Voice processing: ON (default)" Button`
    t =     2.43s Checking existence of `"Voice processing: OFF (control run)" Button`
    t =     2.76s Waiting 3.0s for "Voice processing: ON (default)" Button to exist
    t =     3.76s     Checking `Expect predicate `existsNoRetry == 1` for object "Voice processing: ON (default)" Button`
    t =     3.76s         Checking existence of `"Voice processing: ON (default)" Button`
    t =     3.83s Waiting 5.0s for "Enter conversation" Button to exist
    t =     4.86s     Checking `Expect predicate `existsNoRetry == 1` for object "Enter conversation" Button`
    t =     4.86s         Checking existence of `"Enter conversation" Button`
    t =     4.92s Tap "Enter conversation" Button
    t =     4.92s     Wait for life.soullab.voicekernel.k00 to idle
    t =     4.93s     Find the "Enter conversation" Button
    t =     4.97s     Check for interrupting elements affecting "Enter conversation" Button
    t =     5.01s     Synthesize event
    t =     5.41s     Wait for life.soullab.voicekernel.k00 to idle
    t =    20.43s Waiting 5.0s for "Export journal" Button to exist
    t =    21.46s     Checking `Expect predicate `existsNoRetry == 1` for object "Export journal" Button`
    t =    21.46s         Checking existence of `"Export journal" Button`
    t =    21.53s Tap "Export journal" Button
    t =    21.53s     Wait for life.soullab.voicekernel.k00 to idle
    t =    21.54s     Find the "Export journal" Button
    t =    21.57s     Check for interrupting elements affecting "Export journal" Button
    t =    21.62s     Synthesize event
    t =    21.92s     Wait for life.soullab.voicekernel.k00 to idle
    t =    24.14s Terminate life.soullab.voicekernel.k00:59121
    t =    25.21s Wait for life.soullab.voicekernel.k00 to become Not Running
    t =    25.21s Tear Down
Test Case '-[DriverUITests.K00DriverTests testOneSample]' passed (25.265 seconds).
Test Suite 'K00DriverTests' passed at 2026-09-13 10:38:42.306.
	 Executed 1 test, with 0 failures (0 unexpected) in 25.265 (25.265) seconds
Test Suite 'DriverUITests.xctest' passed at 2026-09-13 10:38:42.308.
	 Executed 1 test, with 0 failures (0 unexpected) in 25.265 (25.267) seconds
Test Suite 'Selected tests' passed at 2026-09-13 10:38:42.308.
	 Executed 1 test, with 0 failures (0 unexpected) in 25.265 (25.268) seconds
2026-09-13 10:38:42.376 xcodebuild[23413:27109790] [MT] IDERunDestination: Supported platforms for the buildables in the current scheme is empty.
2026-09-13 10:38:42.582 xcodebuild[23413:27109790] [MT] IDETestOperationsObserverDebug: 27.752 elapsed -- Testing started completed.
2026-09-13 10:38:42.582 xcodebuild[23413:27109790] [MT] IDETestOperationsObserverDebug: 0.000 sec, +0.000 sec -- start
2026-09-13 10:38:42.582 xcodebuild[23413:27109790] [MT] IDETestOperationsObserverDebug: 27.752 sec, +27.752 sec -- end

Test session results, code coverage, and logs:
	/Users/soullab/Library/Developer/Xcode/DerivedData/VoiceKernelDriver-fpbwtfmlzgbfyofbfddcnbihbuqo/Logs/Test/Test-DriverUITests-2026.09.13_10-38-14--0400.xcresult

** TEST EXECUTE SUCCEEDED **

Testing started
