Command line invocation:
    /Applications/Xcode.app/Contents/Developer/usr/bin/xcodebuild test-without-building -xctestrun /private/tmp/voice-driver-01/ios/VoiceKernelDriver/.derived/Build/Products/DriverUITests_iphoneos26.2-arm64.xctestrun -destination id=00008140-00163D9922E0801C -collect-test-diagnostics never "-only-testing:DriverUITests/K00DriverTests/testOneSample"

2026-09-13 10:32:13.840 xcodebuild[22573:27098585] [MT] IDERunDestination: Supported platforms for the buildables in the current scheme is empty.
2026-09-13 10:32:13.843 xcodebuild[22573:27098585] [MT] IDERunDestination: Supported platforms for the buildables in the current scheme is empty.
2026-09-13 10:32:13.943 xcodebuild[22573:27098585] [MT] IDERunDestination: Supported platforms for the buildables in the current scheme is empty.
--- xcodebuild: WARNING: Using the first of multiple matching destinations:
{ platform:iOS, arch:arm64e, id:00008140-00163D9922E0801C, name:Kelly Nezat’s iPhone }
{ platform:iOS, arch:arm64, id:00008140-00163D9922E0801C, name:Kelly Nezat’s iPhone }
2026-09-13 10:32:14.140 xcodebuild[22573:27098585] [MT] IDERunDestination: Supported platforms for the buildables in the current scheme is empty.
2026-09-13 10:32:16.189070-0400 DriverUITests-Runner[59036:13296002] [Default] Running tests...
    t =      nans Interface orientation changed to Portrait
Test Suite 'Selected tests' started at 2026-09-13 10:32:16.770.
Test Suite 'DriverUITests.xctest' started at 2026-09-13 10:32:16.770.
Test Suite 'K00DriverTests' started at 2026-09-13 10:32:16.770.
Test Case '-[DriverUITests.K00DriverTests testOneSample]' started.
    t =     0.00s Start Test at 2026-09-13 10:32:16.771
    t =     0.02s Set Up
    t =     0.02s Open life.soullab.voicekernel.k00
    t =     0.02s     Launch life.soullab.voicekernel.k00
2026-09-13 10:32:17.041 xcodebuild[22573:27098585] [MT] IDERunDestination: Supported platforms for the buildables in the current scheme is empty.
    t =     0.31s         Setting up automation session
    t =     0.32s         Wait for life.soullab.voicekernel.k00 to idle
    t =     1.34s Wait for life.soullab.voicekernel.k00 to become Running Foreground
    t =     1.35s Waiting 10.0s for "Enter conversation" Button to exist
    t =     2.40s     Checking `Expect predicate `existsNoRetry == 1` for object "Enter conversation" Button`
    t =     2.40s         Checking existence of `"Enter conversation" Button`
    t =     2.47s Checking existence of `"Voice processing: ON (default)" Button`
    t =     2.50s Checking existence of `"Voice processing: OFF (control run)" Button`
    t =     2.82s Waiting 3.0s for "Voice processing: ON (default)" Button to exist
    t =     3.84s     Checking `Expect predicate `existsNoRetry == 1` for object "Voice processing: ON (default)" Button`
    t =     3.84s         Checking existence of `"Voice processing: ON (default)" Button`
    t =     3.90s Waiting 5.0s for "Enter conversation" Button to exist
    t =     4.92s     Checking `Expect predicate `existsNoRetry == 1` for object "Enter conversation" Button`
    t =     4.92s         Checking existence of `"Enter conversation" Button`
    t =     4.98s Tap "Enter conversation" Button
    t =     4.98s     Wait for life.soullab.voicekernel.k00 to idle
    t =     4.99s     Find the "Enter conversation" Button
    t =     5.02s     Check for interrupting elements affecting "Enter conversation" Button
    t =     5.06s     Synthesize event
    t =     5.36s     Wait for life.soullab.voicekernel.k00 to idle
    t =    20.37s Waiting 5.0s for "Export journal" Button to exist
    t =    21.40s     Checking `Expect predicate `existsNoRetry == 1` for object "Export journal" Button`
    t =    21.40s         Checking existence of `"Export journal" Button`
    t =    21.46s Tap "Export journal" Button
    t =    21.46s     Wait for life.soullab.voicekernel.k00 to idle
    t =    21.47s     Find the "Export journal" Button
    t =    21.50s     Check for interrupting elements affecting "Export journal" Button
    t =    21.55s     Synthesize event
    t =    21.85s     Wait for life.soullab.voicekernel.k00 to idle
    t =    24.28s Terminate life.soullab.voicekernel.k00:59037
    t =    25.35s Wait for life.soullab.voicekernel.k00 to become Not Running
    t =    25.35s Tear Down
Test Case '-[DriverUITests.K00DriverTests testOneSample]' passed (25.387 seconds).
Test Suite 'K00DriverTests' passed at 2026-09-13 10:32:42.168.
	 Executed 1 test, with 0 failures (0 unexpected) in 25.387 (25.397) seconds
Test Suite 'DriverUITests.xctest' passed at 2026-09-13 10:32:42.170.
	 Executed 1 test, with 0 failures (0 unexpected) in 25.387 (25.399) seconds
Test Suite 'Selected tests' passed at 2026-09-13 10:32:42.172.
	 Executed 1 test, with 0 failures (0 unexpected) in 25.387 (25.402) seconds
2026-09-13 10:32:42.336 xcodebuild[22573:27098585] [MT] IDERunDestination: Supported platforms for the buildables in the current scheme is empty.
2026-09-13 10:32:42.530 xcodebuild[22573:27098585] [MT] IDETestOperationsObserverDebug: 28.389 elapsed -- Testing started completed.
2026-09-13 10:32:42.530 xcodebuild[22573:27098585] [MT] IDETestOperationsObserverDebug: 0.000 sec, +0.000 sec -- start
2026-09-13 10:32:42.530 xcodebuild[22573:27098585] [MT] IDETestOperationsObserverDebug: 28.389 sec, +28.389 sec -- end

Test session results, code coverage, and logs:
	/Users/soullab/Library/Developer/Xcode/DerivedData/VoiceKernelDriver-addbruuzwbeazpecuaghccpfiglz/Logs/Test/Test-DriverUITests-2026.09.13_10-32-13--0400.xcresult

** TEST EXECUTE SUCCEEDED **

Testing started
