Command line invocation:
    /Applications/Xcode.app/Contents/Developer/usr/bin/xcodebuild test-without-building -xctestrun /private/tmp/voice-driver-01/ios/VoiceKernelDriver/.derived/Build/Products/DriverUITests_iphoneos26.2-arm64.xctestrun -destination id=00008140-00163D9922E0801C -collect-test-diagnostics never "-only-testing:DriverUITests/K00DriverTests/testOneSample"

2026-09-13 10:35:00.737 xcodebuild[23023:27103894] [MT] IDERunDestination: Supported platforms for the buildables in the current scheme is empty.
2026-09-13 10:35:00.740 xcodebuild[23023:27103894] [MT] IDERunDestination: Supported platforms for the buildables in the current scheme is empty.
2026-09-13 10:35:00.839 xcodebuild[23023:27103894] [MT] IDERunDestination: Supported platforms for the buildables in the current scheme is empty.
--- xcodebuild: WARNING: Using the first of multiple matching destinations:
{ platform:iOS, arch:arm64e, id:00008140-00163D9922E0801C, name:Kelly Nezat’s iPhone }
{ platform:iOS, arch:arm64, id:00008140-00163D9922E0801C, name:Kelly Nezat’s iPhone }
2026-09-13 10:35:01.048 xcodebuild[23023:27103894] [MT] IDERunDestination: Supported platforms for the buildables in the current scheme is empty.
2026-09-13 10:35:01.241 xcodebuild[23023:27103894] [MT] IDERunDestination: Supported platforms for the buildables in the current scheme is empty.
2026-09-13 10:35:02.764934-0400 DriverUITests-Runner[59077:13302796] [Default] Running tests...
    t =      nans Interface orientation changed to Portrait
Test Suite 'Selected tests' started at 2026-09-13 10:35:03.236.
Test Suite 'DriverUITests.xctest' started at 2026-09-13 10:35:03.236.
Test Suite 'K00DriverTests' started at 2026-09-13 10:35:03.237.
Test Case '-[DriverUITests.K00DriverTests testOneSample]' started.
    t =     0.00s Start Test at 2026-09-13 10:35:03.237
    t =     0.02s Set Up
    t =     0.03s Open life.soullab.voicekernel.k00
    t =     0.03s     Launch life.soullab.voicekernel.k00
    t =     0.11s         Setting up automation session
    t =     0.20s         Wait for life.soullab.voicekernel.k00 to idle
2026-09-13 10:35:03.520 xcodebuild[23023:27103894] [MT] IDERunDestination: Supported platforms for the buildables in the current scheme is empty.
    t =     1.28s Wait for life.soullab.voicekernel.k00 to become Running Foreground
    t =     1.28s Waiting 10.0s for "Enter conversation" Button to exist
    t =     2.33s     Checking `Expect predicate `existsNoRetry == 1` for object "Enter conversation" Button`
    t =     2.33s         Checking existence of `"Enter conversation" Button`
    t =     2.42s Checking existence of `"Voice processing: ON (default)" Button`
    t =     2.45s Checking existence of `"Voice processing: OFF (control run)" Button`
    t =     2.78s Waiting 3.0s for "Voice processing: ON (default)" Button to exist
    t =     3.79s     Checking `Expect predicate `existsNoRetry == 1` for object "Voice processing: ON (default)" Button`
    t =     3.79s         Checking existence of `"Voice processing: ON (default)" Button`
    t =     3.85s Waiting 5.0s for "Enter conversation" Button to exist
    t =     4.88s     Checking `Expect predicate `existsNoRetry == 1` for object "Enter conversation" Button`
    t =     4.88s         Checking existence of `"Enter conversation" Button`
    t =     4.93s Tap "Enter conversation" Button
    t =     4.93s     Wait for life.soullab.voicekernel.k00 to idle
    t =     4.94s     Find the "Enter conversation" Button
    t =     4.98s     Check for interrupting elements affecting "Enter conversation" Button
    t =     5.02s     Synthesize event
    t =     5.32s     Wait for life.soullab.voicekernel.k00 to idle
    t =    20.33s Waiting 5.0s for "Export journal" Button to exist
    t =    21.36s     Checking `Expect predicate `existsNoRetry == 1` for object "Export journal" Button`
    t =    21.36s         Checking existence of `"Export journal" Button`
    t =    21.42s Tap "Export journal" Button
    t =    21.42s     Wait for life.soullab.voicekernel.k00 to idle
    t =    21.44s     Find the "Export journal" Button
    t =    21.48s     Check for interrupting elements affecting "Export journal" Button
    t =    21.52s     Synthesize event
    t =    21.92s     Wait for life.soullab.voicekernel.k00 to idle
    t =    24.13s Terminate life.soullab.voicekernel.k00:59078
    t =    25.18s Wait for life.soullab.voicekernel.k00 to become Not Running
    t =    25.19s Tear Down
Test Case '-[DriverUITests.K00DriverTests testOneSample]' passed (25.239 seconds).
Test Suite 'K00DriverTests' passed at 2026-09-13 10:35:28.477.
	 Executed 1 test, with 0 failures (0 unexpected) in 25.239 (25.241) seconds
Test Suite 'DriverUITests.xctest' passed at 2026-09-13 10:35:28.491.
	 Executed 1 test, with 0 failures (0 unexpected) in 25.239 (25.254) seconds
Test Suite 'Selected tests' passed at 2026-09-13 10:35:28.495.
	 Executed 1 test, with 0 failures (0 unexpected) in 25.239 (25.260) seconds
2026-09-13 10:35:28.706 xcodebuild[23023:27103894] [MT] IDERunDestination: Supported platforms for the buildables in the current scheme is empty.
2026-09-13 10:35:28.873 xcodebuild[23023:27103894] [MT] IDETestOperationsObserverDebug: 27.823 elapsed -- Testing started completed.
2026-09-13 10:35:28.873 xcodebuild[23023:27103894] [MT] IDETestOperationsObserverDebug: 0.000 sec, +0.000 sec -- start
2026-09-13 10:35:28.873 xcodebuild[23023:27103894] [MT] IDETestOperationsObserverDebug: 27.823 sec, +27.823 sec -- end

Test session results, code coverage, and logs:
	/Users/soullab/Library/Developer/Xcode/DerivedData/VoiceKernelDriver-bbgmgzfxzvgxhyetbtcagyoowdcz/Logs/Test/Test-DriverUITests-2026.09.13_10-35-00--0400.xcresult

** TEST EXECUTE SUCCEEDED **

Testing started
