Command line invocation:
    /Applications/Xcode.app/Contents/Developer/usr/bin/xcodebuild test-without-building -xctestrun /private/tmp/voice-driver-01/ios/VoiceKernelDriver/.derived/Build/Products/DriverUITests_iphoneos26.2-arm64.xctestrun -destination id=00008140-00163D9922E0801C -collect-test-diagnostics never "-only-testing:DriverUITests/K00DriverTests/testOneSample"

2026-09-13 10:31:12.135 xcodebuild[22439:27095772] [MT] IDERunDestination: Supported platforms for the buildables in the current scheme is empty.
2026-09-13 10:31:12.138 xcodebuild[22439:27095772] [MT] IDERunDestination: Supported platforms for the buildables in the current scheme is empty.
2026-09-13 10:31:12.237 xcodebuild[22439:27095772] [MT] IDERunDestination: Supported platforms for the buildables in the current scheme is empty.
--- xcodebuild: WARNING: Using the first of multiple matching destinations:
{ platform:iOS, arch:arm64e, id:00008140-00163D9922E0801C, name:Kelly Nezat’s iPhone }
{ platform:iOS, arch:arm64, id:00008140-00163D9922E0801C, name:Kelly Nezat’s iPhone }
2026-09-13 10:31:12.431 xcodebuild[22439:27095772] [MT] IDERunDestination: Supported platforms for the buildables in the current scheme is empty.
2026-09-13 10:31:12.610 xcodebuild[22439:27095772] [MT] IDERunDestination: Supported platforms for the buildables in the current scheme is empty.
2026-09-13 10:31:14.154804-0400 DriverUITests-Runner[58991:13292802] [Default] Running tests...
    t =      nans Interface orientation changed to Portrait
Test Suite 'Selected tests' started at 2026-09-13 10:31:14.606.
Test Suite 'DriverUITests.xctest' started at 2026-09-13 10:31:14.607.
Test Suite 'K00DriverTests' started at 2026-09-13 10:31:14.607.
Test Case '-[DriverUITests.K00DriverTests testOneSample]' started.
    t =     0.00s Start Test at 2026-09-13 10:31:14.609
    t =     0.01s Set Up
    t =     0.02s Open life.soullab.voicekernel.k00
    t =     0.02s     Launch life.soullab.voicekernel.k00
    t =     0.14s         Setting up automation session
    t =     0.19s         Wait for life.soullab.voicekernel.k00 to idle
2026-09-13 10:31:14.970 xcodebuild[22439:27095772] [MT] IDERunDestination: Supported platforms for the buildables in the current scheme is empty.
    t =     1.31s Wait for life.soullab.voicekernel.k00 to become Running Foreground
    t =     1.31s Waiting 10.0s for "Enter conversation" Button to exist
    t =     2.37s     Checking `Expect predicate `existsNoRetry == 1` for object "Enter conversation" Button`
    t =     2.37s         Checking existence of `"Enter conversation" Button`
    t =     2.46s Checking existence of `"Voice processing: ON (default)" Button`
    t =     2.48s Checking existence of `"Voice processing: OFF (control run)" Button`
    t =     2.81s Waiting 3.0s for "Voice processing: ON (default)" Button to exist
    t =     3.82s     Checking `Expect predicate `existsNoRetry == 1` for object "Voice processing: ON (default)" Button`
    t =     3.82s         Checking existence of `"Voice processing: ON (default)" Button`
    t =     3.89s Waiting 5.0s for "Enter conversation" Button to exist
    t =     4.91s     Checking `Expect predicate `existsNoRetry == 1` for object "Enter conversation" Button`
    t =     4.91s         Checking existence of `"Enter conversation" Button`
    t =     4.97s Tap "Enter conversation" Button
    t =     4.97s     Wait for life.soullab.voicekernel.k00 to idle
    t =     4.97s     Find the "Enter conversation" Button
    t =     5.01s     Check for interrupting elements affecting "Enter conversation" Button
    t =     5.05s         Wait for com.apple.springboard to idle
    t =     5.16s     Synthesize event
    t =     5.46s     Wait for life.soullab.voicekernel.k00 to idle
    t =    20.48s Waiting 5.0s for "Export journal" Button to exist
    t =    21.51s     Checking `Expect predicate `existsNoRetry == 1` for object "Export journal" Button`
    t =    21.51s         Checking existence of `"Export journal" Button`
    t =    21.57s Tap "Export journal" Button
    t =    21.57s     Wait for life.soullab.voicekernel.k00 to idle
    t =    21.57s     Find the "Export journal" Button
    t =    21.61s     Check for interrupting elements affecting "Export journal" Button
    t =    21.79s     Synthesize event
    t =    22.10s     Wait for life.soullab.voicekernel.k00 to idle
    t =    24.32s Terminate life.soullab.voicekernel.k00:58994
    t =    25.34s Wait for life.soullab.voicekernel.k00 to become Not Running
    t =    25.34s Tear Down
Test Case '-[DriverUITests.K00DriverTests testOneSample]' passed (25.398 seconds).
Test Suite 'K00DriverTests' passed at 2026-09-13 10:31:40.007.
	 Executed 1 test, with 0 failures (0 unexpected) in 25.398 (25.400) seconds
Test Suite 'DriverUITests.xctest' passed at 2026-09-13 10:31:40.015.
	 Executed 1 test, with 0 failures (0 unexpected) in 25.398 (25.408) seconds
Test Suite 'Selected tests' passed at 2026-09-13 10:31:40.016.
	 Executed 1 test, with 0 failures (0 unexpected) in 25.398 (25.409) seconds
2026-09-13 10:31:40.198 xcodebuild[22439:27095772] [MT] IDERunDestination: Supported platforms for the buildables in the current scheme is empty.
2026-09-13 10:31:40.402 xcodebuild[22439:27095772] [MT] IDETestOperationsObserverDebug: 27.971 elapsed -- Testing started completed.
2026-09-13 10:31:40.402 xcodebuild[22439:27095772] [MT] IDETestOperationsObserverDebug: 0.000 sec, +0.000 sec -- start
2026-09-13 10:31:40.402 xcodebuild[22439:27095772] [MT] IDETestOperationsObserverDebug: 27.971 sec, +27.971 sec -- end

Test session results, code coverage, and logs:
	/Users/soullab/Library/Developer/Xcode/DerivedData/VoiceKernelDriver-cbknnatomrqqodfjhzxlbfslesqx/Logs/Test/Test-DriverUITests-2026.09.13_10-31-12--0400.xcresult

** TEST EXECUTE SUCCEEDED **

Testing started
