Command line invocation:
    /Applications/Xcode.app/Contents/Developer/usr/bin/xcodebuild test-without-building -xctestrun /private/tmp/voice-driver-01/ios/VoiceKernelDriver/.derived/Build/Products/DriverUITests_iphoneos26.2-arm64.xctestrun -destination id=00008140-00163D9922E0801C -collect-test-diagnostics never "-only-testing:DriverUITests/K00DriverTests/testOneSample"

2026-09-13 10:31:42.940 xcodebuild[22515:27097040] [MT] IDERunDestination: Supported platforms for the buildables in the current scheme is empty.
2026-09-13 10:31:42.943 xcodebuild[22515:27097040] [MT] IDERunDestination: Supported platforms for the buildables in the current scheme is empty.
2026-09-13 10:31:43.041 xcodebuild[22515:27097040] [MT] IDERunDestination: Supported platforms for the buildables in the current scheme is empty.
--- xcodebuild: WARNING: Using the first of multiple matching destinations:
{ platform:iOS, arch:arm64e, id:00008140-00163D9922E0801C, name:Kelly Nezat’s iPhone }
{ platform:iOS, arch:arm64, id:00008140-00163D9922E0801C, name:Kelly Nezat’s iPhone }
2026-09-13 10:31:43.242 xcodebuild[22515:27097040] [MT] IDERunDestination: Supported platforms for the buildables in the current scheme is empty.
2026-09-13 10:31:43.421 xcodebuild[22515:27097040] [MT] IDERunDestination: Supported platforms for the buildables in the current scheme is empty.
2026-09-13 10:31:44.930097-0400 DriverUITests-Runner[58999:13294188] [Default] Running tests...
    t =      nans Interface orientation changed to Portrait
Test Suite 'Selected tests' started at 2026-09-13 10:31:45.490.
Test Suite 'DriverUITests.xctest' started at 2026-09-13 10:31:45.491.
Test Suite 'K00DriverTests' started at 2026-09-13 10:31:45.491.
Test Case '-[DriverUITests.K00DriverTests testOneSample]' started.
    t =     0.00s Start Test at 2026-09-13 10:31:45.492
    t =     0.02s Set Up
    t =     0.02s Open life.soullab.voicekernel.k00
    t =     0.02s     Launch life.soullab.voicekernel.k00
    t =     0.11s         Setting up automation session
    t =     0.18s         Wait for life.soullab.voicekernel.k00 to idle
2026-09-13 10:31:45.749 xcodebuild[22515:27097040] [MT] IDERunDestination: Supported platforms for the buildables in the current scheme is empty.
    t =     1.28s Wait for life.soullab.voicekernel.k00 to become Running Foreground
    t =     1.29s Waiting 10.0s for "Enter conversation" Button to exist
    t =     2.32s     Checking `Expect predicate `existsNoRetry == 1` for object "Enter conversation" Button`
    t =     2.32s         Checking existence of `"Enter conversation" Button`
    t =     2.40s Checking existence of `"Voice processing: ON (default)" Button`
    t =     2.43s Checking existence of `"Voice processing: OFF (control run)" Button`
    t =     2.76s Waiting 3.0s for "Voice processing: ON (default)" Button to exist
    t =     3.79s     Checking `Expect predicate `existsNoRetry == 1` for object "Voice processing: ON (default)" Button`
    t =     3.79s         Checking existence of `"Voice processing: ON (default)" Button`
    t =     3.85s Waiting 5.0s for "Enter conversation" Button to exist
    t =     4.89s     Checking `Expect predicate `existsNoRetry == 1` for object "Enter conversation" Button`
    t =     4.89s         Checking existence of `"Enter conversation" Button`
    t =     4.95s Tap "Enter conversation" Button
    t =     4.95s     Wait for life.soullab.voicekernel.k00 to idle
    t =     4.96s     Find the "Enter conversation" Button
    t =     5.00s     Check for interrupting elements affecting "Enter conversation" Button
    t =     5.04s     Synthesize event
    t =     5.34s     Wait for life.soullab.voicekernel.k00 to idle
    t =    20.35s Waiting 5.0s for "Export journal" Button to exist
    t =    21.39s     Checking `Expect predicate `existsNoRetry == 1` for object "Export journal" Button`
    t =    21.39s         Checking existence of `"Export journal" Button`
    t =    21.45s Tap "Export journal" Button
    t =    21.45s     Wait for life.soullab.voicekernel.k00 to idle
    t =    21.46s     Find the "Export journal" Button
    t =    21.50s     Check for interrupting elements affecting "Export journal" Button
    t =    21.55s     Synthesize event
    t =    21.85s     Wait for life.soullab.voicekernel.k00 to idle
    t =    24.07s Terminate life.soullab.voicekernel.k00:59000
    t =    25.12s Wait for life.soullab.voicekernel.k00 to become Not Running
    t =    25.12s Tear Down
Test Case '-[DriverUITests.K00DriverTests testOneSample]' passed (25.180 seconds).
Test Suite 'K00DriverTests' passed at 2026-09-13 10:32:10.673.
	 Executed 1 test, with 0 failures (0 unexpected) in 25.180 (25.182) seconds
Test Suite 'DriverUITests.xctest' passed at 2026-09-13 10:32:10.674.
	 Executed 1 test, with 0 failures (0 unexpected) in 25.180 (25.184) seconds
Test Suite 'Selected tests' passed at 2026-09-13 10:32:10.675.
	 Executed 1 test, with 0 failures (0 unexpected) in 25.180 (25.185) seconds
2026-09-13 10:32:10.869 xcodebuild[22515:27097040] [MT] IDERunDestination: Supported platforms for the buildables in the current scheme is empty.
2026-09-13 10:32:11.083 xcodebuild[22515:27097040] [MT] IDETestOperationsObserverDebug: 27.839 elapsed -- Testing started completed.
2026-09-13 10:32:11.083 xcodebuild[22515:27097040] [MT] IDETestOperationsObserverDebug: 0.000 sec, +0.000 sec -- start
2026-09-13 10:32:11.083 xcodebuild[22515:27097040] [MT] IDETestOperationsObserverDebug: 27.839 sec, +27.839 sec -- end

Test session results, code coverage, and logs:
	/Users/soullab/Library/Developer/Xcode/DerivedData/VoiceKernelDriver-fetsrtlmatbbqlfutwbppwciqjzy/Logs/Test/Test-DriverUITests-2026.09.13_10-31-43--0400.xcresult

** TEST EXECUTE SUCCEEDED **

Testing started
