Command line invocation:
    /Applications/Xcode.app/Contents/Developer/usr/bin/xcodebuild test-without-building -xctestrun /private/tmp/voice-driver-01/ios/VoiceKernelDriver/.derived/Build/Products/DriverUITests_iphoneos26.2-arm64.xctestrun -destination id=00008140-00163D9922E0801C -collect-test-diagnostics never "-only-testing:DriverUITests/K00DriverTests/testOneSample"

2026-09-13 10:33:57.464 xcodebuild[22893:27101811] [MT] IDERunDestination: Supported platforms for the buildables in the current scheme is empty.
2026-09-13 10:33:57.467 xcodebuild[22893:27101811] [MT] IDERunDestination: Supported platforms for the buildables in the current scheme is empty.
2026-09-13 10:33:57.566 xcodebuild[22893:27101811] [MT] IDERunDestination: Supported platforms for the buildables in the current scheme is empty.
--- xcodebuild: WARNING: Using the first of multiple matching destinations:
{ platform:iOS, arch:arm64e, id:00008140-00163D9922E0801C, name:Kelly Nezat’s iPhone }
{ platform:iOS, arch:arm64, id:00008140-00163D9922E0801C, name:Kelly Nezat’s iPhone }
2026-09-13 10:33:57.771 xcodebuild[22893:27101811] [MT] IDERunDestination: Supported platforms for the buildables in the current scheme is empty.
2026-09-13 10:33:57.955 xcodebuild[22893:27101811] [MT] IDERunDestination: Supported platforms for the buildables in the current scheme is empty.
2026-09-13 10:33:59.542739-0400 DriverUITests-Runner[59071:13300379] [Default] Running tests...
    t =      nans Interface orientation changed to Portrait
Test Suite 'Selected tests' started at 2026-09-13 10:34:00.100.
Test Suite 'DriverUITests.xctest' started at 2026-09-13 10:34:00.101.
Test Suite 'K00DriverTests' started at 2026-09-13 10:34:00.101.
Test Case '-[DriverUITests.K00DriverTests testOneSample]' started.
    t =     0.00s Start Test at 2026-09-13 10:34:00.101
    t =     0.02s Set Up
    t =     0.02s Open life.soullab.voicekernel.k00
    t =     0.02s     Launch life.soullab.voicekernel.k00
    t =     0.11s         Setting up automation session
    t =     0.18s         Wait for life.soullab.voicekernel.k00 to idle
2026-09-13 10:34:00.354 xcodebuild[22893:27101811] [MT] IDERunDestination: Supported platforms for the buildables in the current scheme is empty.
    t =     1.28s Wait for life.soullab.voicekernel.k00 to become Running Foreground
    t =     1.29s Waiting 10.0s for "Enter conversation" Button to exist
    t =     2.29s     Checking `Expect predicate `existsNoRetry == 1` for object "Enter conversation" Button`
    t =     2.29s         Checking existence of `"Enter conversation" Button`
    t =     2.38s Checking existence of `"Voice processing: ON (default)" Button`
    t =     2.42s Checking existence of `"Voice processing: OFF (control run)" Button`
    t =     2.74s Waiting 3.0s for "Voice processing: ON (default)" Button to exist
    t =     3.76s     Checking `Expect predicate `existsNoRetry == 1` for object "Voice processing: ON (default)" Button`
    t =     3.76s         Checking existence of `"Voice processing: ON (default)" Button`
    t =     3.82s Waiting 5.0s for "Enter conversation" Button to exist
    t =     4.86s     Checking `Expect predicate `existsNoRetry == 1` for object "Enter conversation" Button`
    t =     4.86s         Checking existence of `"Enter conversation" Button`
    t =     4.92s Tap "Enter conversation" Button
    t =     4.92s     Wait for life.soullab.voicekernel.k00 to idle
    t =     4.93s     Find the "Enter conversation" Button
    t =     4.96s     Check for interrupting elements affecting "Enter conversation" Button
    t =     5.01s     Synthesize event
    t =     5.30s     Wait for life.soullab.voicekernel.k00 to idle
    t =    20.32s Waiting 5.0s for "Export journal" Button to exist
    t =    21.35s     Checking `Expect predicate `existsNoRetry == 1` for object "Export journal" Button`
    t =    21.35s         Checking existence of `"Export journal" Button`
    t =    21.41s Tap "Export journal" Button
    t =    21.41s     Wait for life.soullab.voicekernel.k00 to idle
    t =    21.42s     Find the "Export journal" Button
    t =    21.45s     Check for interrupting elements affecting "Export journal" Button
    t =    21.50s     Synthesize event
    t =    21.90s     Wait for life.soullab.voicekernel.k00 to idle
    t =    24.13s Terminate life.soullab.voicekernel.k00:59072
    t =    25.22s Wait for life.soullab.voicekernel.k00 to become Not Running
    t =    25.22s Tear Down
Test Case '-[DriverUITests.K00DriverTests testOneSample]' passed (25.277 seconds).
Test Suite 'K00DriverTests' passed at 2026-09-13 10:34:25.378.
	 Executed 1 test, with 0 failures (0 unexpected) in 25.277 (25.277) seconds
Test Suite 'DriverUITests.xctest' passed at 2026-09-13 10:34:25.379.
	 Executed 1 test, with 0 failures (0 unexpected) in 25.277 (25.278) seconds
Test Suite 'Selected tests' passed at 2026-09-13 10:34:25.379.
	 Executed 1 test, with 0 failures (0 unexpected) in 25.277 (25.279) seconds
2026-09-13 10:34:25.546 xcodebuild[22893:27101811] [MT] IDERunDestination: Supported platforms for the buildables in the current scheme is empty.
2026-09-13 10:34:25.739 xcodebuild[22893:27101811] [MT] IDETestOperationsObserverDebug: 27.966 elapsed -- Testing started completed.
2026-09-13 10:34:25.739 xcodebuild[22893:27101811] [MT] IDETestOperationsObserverDebug: 0.000 sec, +0.000 sec -- start
2026-09-13 10:34:25.739 xcodebuild[22893:27101811] [MT] IDETestOperationsObserverDebug: 27.966 sec, +27.966 sec -- end

Test session results, code coverage, and logs:
	/Users/soullab/Library/Developer/Xcode/DerivedData/VoiceKernelDriver-adxeirccvgezfwazlkllloiqyvrm/Logs/Test/Test-DriverUITests-2026.09.13_10-33-57--0400.xcresult

** TEST EXECUTE SUCCEEDED **

Testing started
