Command line invocation:
    /Applications/Xcode.app/Contents/Developer/usr/bin/xcodebuild test-without-building -xctestrun /private/tmp/voice-driver-01/ios/VoiceKernelDriver/.derived/Build/Products/DriverUITests_iphoneos26.2-arm64.xctestrun -destination id=00008140-00163D9922E0801C -collect-test-diagnostics never "-only-testing:DriverUITests/K00DriverTests/testOneSample"

2026-09-13 10:30:41.505 xcodebuild[22353:27093986] [MT] IDERunDestination: Supported platforms for the buildables in the current scheme is empty.
2026-09-13 10:30:41.509 xcodebuild[22353:27093986] [MT] IDERunDestination: Supported platforms for the buildables in the current scheme is empty.
2026-09-13 10:30:41.608 xcodebuild[22353:27093986] [MT] IDERunDestination: Supported platforms for the buildables in the current scheme is empty.
--- xcodebuild: WARNING: Using the first of multiple matching destinations:
{ platform:iOS, arch:arm64e, id:00008140-00163D9922E0801C, name:Kelly Nezat’s iPhone }
{ platform:iOS, arch:arm64, id:00008140-00163D9922E0801C, name:Kelly Nezat’s iPhone }
2026-09-13 10:30:41.838 xcodebuild[22353:27093986] [MT] IDERunDestination: Supported platforms for the buildables in the current scheme is empty.
2026-09-13 10:30:42.038 xcodebuild[22353:27093986] [MT] IDERunDestination: Supported platforms for the buildables in the current scheme is empty.
2026-09-13 10:30:43.593717-0400 DriverUITests-Runner[58981:13291460] [Default] Running tests...
    t =      nans Interface orientation changed to Portrait
Test Suite 'Selected tests' started at 2026-09-13 10:30:44.152.
Test Suite 'DriverUITests.xctest' started at 2026-09-13 10:30:44.153.
Test Suite 'K00DriverTests' started at 2026-09-13 10:30:44.153.
Test Case '-[DriverUITests.K00DriverTests testOneSample]' started.
    t =     0.00s Start Test at 2026-09-13 10:30:44.154
    t =     0.02s Set Up
    t =     0.02s Open life.soullab.voicekernel.k00
    t =     0.02s     Launch life.soullab.voicekernel.k00
    t =     0.10s         Setting up automation session
    t =     0.18s         Wait for life.soullab.voicekernel.k00 to idle
2026-09-13 10:30:44.410 xcodebuild[22353:27093986] [MT] IDERunDestination: Supported platforms for the buildables in the current scheme is empty.
    t =     1.28s Wait for life.soullab.voicekernel.k00 to become Running Foreground
    t =     1.29s Waiting 10.0s for "Enter conversation" Button to exist
    t =     2.30s     Checking `Expect predicate `existsNoRetry == 1` for object "Enter conversation" Button`
    t =     2.30s         Checking existence of `"Enter conversation" Button`
    t =     2.40s Checking existence of `"Voice processing: ON (default)" Button`
    t =     2.43s Checking existence of `"Voice processing: OFF (control run)" Button`
    t =     2.76s Waiting 3.0s for "Voice processing: ON (default)" Button to exist
    t =     3.77s     Checking `Expect predicate `existsNoRetry == 1` for object "Voice processing: ON (default)" Button`
    t =     3.77s         Checking existence of `"Voice processing: ON (default)" Button`
    t =     3.84s Waiting 5.0s for "Enter conversation" Button to exist
    t =     4.85s     Checking `Expect predicate `existsNoRetry == 1` for object "Enter conversation" Button`
    t =     4.85s         Checking existence of `"Enter conversation" Button`
    t =     4.91s Tap "Enter conversation" Button
    t =     4.91s     Wait for life.soullab.voicekernel.k00 to idle
    t =     4.92s     Find the "Enter conversation" Button
    t =     4.95s     Check for interrupting elements affecting "Enter conversation" Button
    t =     4.99s     Synthesize event
    t =     5.29s     Wait for life.soullab.voicekernel.k00 to idle
    t =    20.31s Waiting 5.0s for "Export journal" Button to exist
    t =    21.32s     Checking `Expect predicate `existsNoRetry == 1` for object "Export journal" Button`
    t =    21.32s         Checking existence of `"Export journal" Button`
    t =    21.39s Tap "Export journal" Button
    t =    21.40s     Wait for life.soullab.voicekernel.k00 to idle
    t =    21.40s     Find the "Export journal" Button
    t =    21.44s     Check for interrupting elements affecting "Export journal" Button
    t =    21.48s     Synthesize event
    t =    21.78s     Wait for life.soullab.voicekernel.k00 to idle
    t =    24.00s Terminate life.soullab.voicekernel.k00:58982
    t =    25.09s Wait for life.soullab.voicekernel.k00 to become Not Running
    t =    25.10s Tear Down
Test Case '-[DriverUITests.K00DriverTests testOneSample]' passed (25.170 seconds).
Test Suite 'K00DriverTests' passed at 2026-09-13 10:31:09.325.
	 Executed 1 test, with 0 failures (0 unexpected) in 25.170 (25.172) seconds
Test Suite 'DriverUITests.xctest' passed at 2026-09-13 10:31:09.327.
	 Executed 1 test, with 0 failures (0 unexpected) in 25.170 (25.174) seconds
Test Suite 'Selected tests' passed at 2026-09-13 10:31:09.330.
	 Executed 1 test, with 0 failures (0 unexpected) in 25.170 (25.177) seconds
2026-09-13 10:31:09.472 xcodebuild[22353:27093986] [MT] IDERunDestination: Supported platforms for the buildables in the current scheme is empty.
2026-09-13 10:31:09.680 xcodebuild[22353:27093986] [MT] IDETestOperationsObserverDebug: 27.840 elapsed -- Testing started completed.
2026-09-13 10:31:09.680 xcodebuild[22353:27093986] [MT] IDETestOperationsObserverDebug: 0.000 sec, +0.000 sec -- start
2026-09-13 10:31:09.680 xcodebuild[22353:27093986] [MT] IDETestOperationsObserverDebug: 27.840 sec, +27.840 sec -- end

Test session results, code coverage, and logs:
	/Users/soullab/Library/Developer/Xcode/DerivedData/VoiceKernelDriver-dxeqajxhwnkolfgotecasgtwonul/Logs/Test/Test-DriverUITests-2026.09.13_10-30-41--0400.xcresult

** TEST EXECUTE SUCCEEDED **

Testing started
