Command line invocation:
    /Applications/Xcode.app/Contents/Developer/usr/bin/xcodebuild test-without-building -xctestrun /private/tmp/voice-driver-01/ios/VoiceKernelDriver/.derived/Build/Products/DriverUITests_iphoneos26.2-arm64.xctestrun -destination id=00008140-00163D9922E0801C -collect-test-diagnostics never "-only-testing:DriverUITests/K00DriverTests/testOneSample"

2026-09-13 10:36:05.089 xcodebuild[23165:27105977] [MT] IDERunDestination: Supported platforms for the buildables in the current scheme is empty.
2026-09-13 10:36:05.092 xcodebuild[23165:27105977] [MT] IDERunDestination: Supported platforms for the buildables in the current scheme is empty.
2026-09-13 10:36:05.192 xcodebuild[23165:27105977] [MT] IDERunDestination: Supported platforms for the buildables in the current scheme is empty.
--- xcodebuild: WARNING: Using the first of multiple matching destinations:
{ platform:iOS, arch:arm64e, id:00008140-00163D9922E0801C, name:Kelly Nezat’s iPhone }
{ platform:iOS, arch:arm64, id:00008140-00163D9922E0801C, name:Kelly Nezat’s iPhone }
2026-09-13 10:36:05.393 xcodebuild[23165:27105977] [MT] IDERunDestination: Supported platforms for the buildables in the current scheme is empty.
2026-09-13 10:36:05.579 xcodebuild[23165:27105977] [MT] IDERunDestination: Supported platforms for the buildables in the current scheme is empty.
2026-09-13 10:36:07.756830-0400 DriverUITests-Runner[59106:13306163] [Default] Running tests...
    t =      nans Interface orientation changed to Portrait
Test Suite 'Selected tests' started at 2026-09-13 10:36:08.325.
Test Suite 'DriverUITests.xctest' started at 2026-09-13 10:36:08.325.
Test Suite 'K00DriverTests' started at 2026-09-13 10:36:08.325.
Test Case '-[DriverUITests.K00DriverTests testOneSample]' started.
    t =     0.00s Start Test at 2026-09-13 10:36:08.326
    t =     0.02s Set Up
    t =     0.02s Open life.soullab.voicekernel.k00
    t =     0.02s     Launch life.soullab.voicekernel.k00
    t =     0.12s         Setting up automation session
2026-09-13 10:36:08.451 xcodebuild[23165:27105977] [MT] IDERunDestination: Supported platforms for the buildables in the current scheme is empty.
    t =     0.26s         Wait for life.soullab.voicekernel.k00 to idle
    t =     1.41s Wait for life.soullab.voicekernel.k00 to become Running Foreground
    t =     1.42s Waiting 10.0s for "Enter conversation" Button to exist
    t =     2.44s     Checking `Expect predicate `existsNoRetry == 1` for object "Enter conversation" Button`
    t =     2.44s         Checking existence of `"Enter conversation" Button`
    t =     2.53s Checking existence of `"Voice processing: ON (default)" Button`
    t =     2.56s Checking existence of `"Voice processing: OFF (control run)" Button`
    t =     2.88s Waiting 3.0s for "Voice processing: ON (default)" Button to exist
    t =     3.90s     Checking `Expect predicate `existsNoRetry == 1` for object "Voice processing: ON (default)" Button`
    t =     3.90s         Checking existence of `"Voice processing: ON (default)" Button`
    t =     3.96s Waiting 5.0s for "Enter conversation" Button to exist
    t =     4.97s     Checking `Expect predicate `existsNoRetry == 1` for object "Enter conversation" Button`
    t =     4.97s         Checking existence of `"Enter conversation" Button`
    t =     5.02s Tap "Enter conversation" Button
    t =     5.03s     Wait for life.soullab.voicekernel.k00 to idle
    t =     5.03s     Find the "Enter conversation" Button
    t =     5.07s     Check for interrupting elements affecting "Enter conversation" Button
    t =     5.11s     Synthesize event
    t =     5.40s     Wait for life.soullab.voicekernel.k00 to idle
    t =    20.42s Waiting 5.0s for "Export journal" Button to exist
    t =    21.45s     Checking `Expect predicate `existsNoRetry == 1` for object "Export journal" Button`
    t =    21.45s         Checking existence of `"Export journal" Button`
    t =    21.51s Tap "Export journal" Button
    t =    21.51s     Wait for life.soullab.voicekernel.k00 to idle
    t =    21.52s     Find the "Export journal" Button
    t =    21.56s     Check for interrupting elements affecting "Export journal" Button
    t =    21.61s     Synthesize event
    t =    21.91s     Wait for life.soullab.voicekernel.k00 to idle
    t =    24.11s Terminate life.soullab.voicekernel.k00:59107
    t =    25.18s Wait for life.soullab.voicekernel.k00 to become Not Running
    t =    25.18s Tear Down
Test Case '-[DriverUITests.K00DriverTests testOneSample]' passed (25.232 seconds).
Test Suite 'K00DriverTests' passed at 2026-09-13 10:36:33.559.
	 Executed 1 test, with 0 failures (0 unexpected) in 25.232 (25.234) seconds
Test Suite 'DriverUITests.xctest' passed at 2026-09-13 10:36:33.565.
	 Executed 1 test, with 0 failures (0 unexpected) in 25.232 (25.240) seconds
Test Suite 'Selected tests' passed at 2026-09-13 10:36:33.569.
	 Executed 1 test, with 0 failures (0 unexpected) in 25.232 (25.244) seconds
2026-09-13 10:36:33.650 xcodebuild[23165:27105977] [MT] IDERunDestination: Supported platforms for the buildables in the current scheme is empty.
2026-09-13 10:36:33.829 xcodebuild[23165:27105977] [MT] IDETestOperationsObserverDebug: 28.435 elapsed -- Testing started completed.
2026-09-13 10:36:33.829 xcodebuild[23165:27105977] [MT] IDETestOperationsObserverDebug: 0.000 sec, +0.000 sec -- start
2026-09-13 10:36:33.829 xcodebuild[23165:27105977] [MT] IDETestOperationsObserverDebug: 28.435 sec, +28.435 sec -- end

Test session results, code coverage, and logs:
	/Users/soullab/Library/Developer/Xcode/DerivedData/VoiceKernelDriver-enoczzufynuiiqchlyslwlnzutmi/Logs/Test/Test-DriverUITests-2026.09.13_10-36-05--0400.xcresult

** TEST EXECUTE SUCCEEDED **

Testing started
