Command line invocation:
    /Applications/Xcode.app/Contents/Developer/usr/bin/xcodebuild test-without-building -xctestrun /private/tmp/voice-driver-01/ios/VoiceKernelDriver/.derived/Build/Products/DriverUITests_iphoneos26.2-arm64.xctestrun -destination id=00008140-00163D9922E0801C -collect-test-diagnostics never "-only-testing:DriverUITests/K00DriverTests/testOneSample"

2026-09-13 10:20:39.340 xcodebuild[21653:27067949] [MT] IDERunDestination: Supported platforms for the buildables in the current scheme is empty.
2026-09-13 10:20:39.343 xcodebuild[21653:27067949] [MT] IDERunDestination: Supported platforms for the buildables in the current scheme is empty.
2026-09-13 10:20:39.442 xcodebuild[21653:27067949] [MT] IDERunDestination: Supported platforms for the buildables in the current scheme is empty.
--- xcodebuild: WARNING: Using the first of multiple matching destinations:
{ platform:iOS, arch:arm64e, id:00008140-00163D9922E0801C, name:Kelly Nezat’s iPhone }
{ platform:iOS, arch:arm64, id:00008140-00163D9922E0801C, name:Kelly Nezat’s iPhone }
2026-09-13 10:20:39.638 xcodebuild[21653:27067949] [MT] IDERunDestination: Supported platforms for the buildables in the current scheme is empty.
2026-09-13 10:20:41.432850-0400 DriverUITests-Runner[58792:13276004] [Default] Running tests...
    t =      nans Interface orientation changed to Portrait
Test Suite 'Selected tests' started at 2026-09-13 10:20:41.906.
Test Suite 'DriverUITests.xctest' started at 2026-09-13 10:20:41.907.
Test Suite 'K00DriverTests' started at 2026-09-13 10:20:41.907.
Test Case '-[DriverUITests.K00DriverTests testOneSample]' started.
    t =     0.00s Start Test at 2026-09-13 10:20:41.908
    t =     0.02s Set Up
    t =     0.02s Open life.soullab.voicekernel.k00
    t =     0.03s     Launch life.soullab.voicekernel.k00
    t =     0.12s         Setting up automation session
    t =     0.18s         Wait for life.soullab.voicekernel.k00 to idle
2026-09-13 10:20:42.137 xcodebuild[21653:27067949] [MT] IDERunDestination: Supported platforms for the buildables in the current scheme is empty.
    t =     1.28s Wait for life.soullab.voicekernel.k00 to become Running Foreground
    t =     1.29s Waiting 10.0s for "Enter conversation" Button to exist
    t =     2.35s     Checking `Expect predicate `existsNoRetry == 1` for object "Enter conversation" Button`
    t =     2.35s         Checking existence of `"Enter conversation" Button`
    t =     2.44s Checking existence of `"Voice processing: ON (default)" Button`
    t =     2.46s Checking existence of `"Voice processing: OFF (control run)" Button`
    t =     2.79s Waiting 3.0s for "Voice processing: ON (default)" Button to exist
    t =     3.80s     Checking `Expect predicate `existsNoRetry == 1` for object "Voice processing: ON (default)" Button`
    t =     3.80s         Checking existence of `"Voice processing: ON (default)" Button`
    t =     3.85s Waiting 5.0s for "Enter conversation" Button to exist
    t =     4.87s     Checking `Expect predicate `existsNoRetry == 1` for object "Enter conversation" Button`
    t =     4.87s         Checking existence of `"Enter conversation" Button`
    t =     4.93s Tap "Enter conversation" Button
    t =     4.93s     Wait for life.soullab.voicekernel.k00 to idle
    t =     4.93s     Find the "Enter conversation" Button
    t =     4.96s     Check for interrupting elements affecting "Enter conversation" Button
    t =     5.00s     Synthesize event
    t =     5.30s     Wait for life.soullab.voicekernel.k00 to idle
    t =    20.31s Waiting 5.0s for "Export journal" Button to exist
    t =    21.34s     Checking `Expect predicate `existsNoRetry == 1` for object "Export journal" Button`
    t =    21.34s         Checking existence of `"Export journal" Button`
    t =    21.40s Tap "Export journal" Button
    t =    21.40s     Wait for life.soullab.voicekernel.k00 to idle
    t =    21.40s     Find the "Export journal" Button
    t =    21.44s     Check for interrupting elements affecting "Export journal" Button
    t =    21.48s     Synthesize event
    t =    21.90s     Wait for life.soullab.voicekernel.k00 to idle
    t =    24.12s Terminate life.soullab.voicekernel.k00:58793
    t =    25.14s Wait for life.soullab.voicekernel.k00 to become Not Running
    t =    25.14s Tear Down
Test Case '-[DriverUITests.K00DriverTests testOneSample]' passed (25.208 seconds).
Test Suite 'K00DriverTests' passed at 2026-09-13 10:21:07.117.
	 Executed 1 test, with 0 failures (0 unexpected) in 25.208 (25.210) seconds
Test Suite 'DriverUITests.xctest' passed at 2026-09-13 10:21:07.119.
	 Executed 1 test, with 0 failures (0 unexpected) in 25.208 (25.212) seconds
Test Suite 'Selected tests' passed at 2026-09-13 10:21:07.120.
	 Executed 1 test, with 0 failures (0 unexpected) in 25.208 (25.214) seconds
2026-09-13 10:21:07.289 xcodebuild[21653:27067949] [MT] IDERunDestination: Supported platforms for the buildables in the current scheme is empty.
2026-09-13 10:21:07.479 xcodebuild[21653:27067949] [MT] IDETestOperationsObserverDebug: 27.840 elapsed -- Testing started completed.
2026-09-13 10:21:07.479 xcodebuild[21653:27067949] [MT] IDETestOperationsObserverDebug: 0.000 sec, +0.000 sec -- start
2026-09-13 10:21:07.479 xcodebuild[21653:27067949] [MT] IDETestOperationsObserverDebug: 27.840 sec, +27.840 sec -- end

Test session results, code coverage, and logs:
	/Users/soullab/Library/Developer/Xcode/DerivedData/VoiceKernelDriver-adplljporbqbladzrevozunpdono/Logs/Test/Test-DriverUITests-2026.09.13_10-20-39--0400.xcresult

** TEST EXECUTE SUCCEEDED **

Testing started
