Command line invocation:
    /Applications/Xcode.app/Contents/Developer/usr/bin/xcodebuild test-without-building -xctestrun /private/tmp/voice-driver-01/ios/VoiceKernelDriver/.derived/Build/Products/DriverUITests_iphoneos26.2-arm64.xctestrun -destination id=00008140-00163D9922E0801C -collect-test-diagnostics never "-only-testing:DriverUITests/K00DriverTests/testOneSample"

2026-09-13 10:34:29.098 xcodebuild[22959:27102694] [MT] IDERunDestination: Supported platforms for the buildables in the current scheme is empty.
2026-09-13 10:34:29.101 xcodebuild[22959:27102694] [MT] IDERunDestination: Supported platforms for the buildables in the current scheme is empty.
2026-09-13 10:34:29.200 xcodebuild[22959:27102694] [MT] IDERunDestination: Supported platforms for the buildables in the current scheme is empty.
--- xcodebuild: WARNING: Using the first of multiple matching destinations:
{ platform:iOS, arch:arm64e, id:00008140-00163D9922E0801C, name:Kelly Nezat’s iPhone }
{ platform:iOS, arch:arm64, id:00008140-00163D9922E0801C, name:Kelly Nezat’s iPhone }
2026-09-13 10:34:29.406 xcodebuild[22959:27102694] [MT] IDERunDestination: Supported platforms for the buildables in the current scheme is empty.
2026-09-13 10:34:31.089284-0400 DriverUITests-Runner[59074:13301573] [Default] Running tests...
    t =      nans Interface orientation changed to Portrait
Test Suite 'Selected tests' started at 2026-09-13 10:34:31.544.
Test Suite 'DriverUITests.xctest' started at 2026-09-13 10:34:31.545.
Test Suite 'K00DriverTests' started at 2026-09-13 10:34:31.545.
Test Case '-[DriverUITests.K00DriverTests testOneSample]' started.
    t =     0.00s Start Test at 2026-09-13 10:34:31.546
    t =     0.02s Set Up
    t =     0.03s Open life.soullab.voicekernel.k00
    t =     0.03s     Launch life.soullab.voicekernel.k00
    t =     0.11s         Setting up automation session
    t =     0.17s         Wait for life.soullab.voicekernel.k00 to idle
2026-09-13 10:34:31.816 xcodebuild[22959:27102694] [MT] IDERunDestination: Supported platforms for the buildables in the current scheme is empty.
    t =     1.27s Wait for life.soullab.voicekernel.k00 to become Running Foreground
    t =     1.27s Waiting 10.0s for "Enter conversation" Button to exist
    t =     2.35s     Checking `Expect predicate `existsNoRetry == 1` for object "Enter conversation" Button`
    t =     2.35s         Checking existence of `"Enter conversation" Button`
    t =     2.44s Checking existence of `"Voice processing: ON (default)" Button`
    t =     2.47s Checking existence of `"Voice processing: OFF (control run)" Button`
    t =     2.79s Waiting 3.0s for "Voice processing: ON (default)" Button to exist
    t =     3.83s     Checking `Expect predicate `existsNoRetry == 1` for object "Voice processing: ON (default)" Button`
    t =     3.83s         Checking existence of `"Voice processing: ON (default)" Button`
    t =     3.90s Waiting 5.0s for "Enter conversation" Button to exist
    t =     4.91s     Checking `Expect predicate `existsNoRetry == 1` for object "Enter conversation" Button`
    t =     4.91s         Checking existence of `"Enter conversation" Button`
    t =     4.98s Tap "Enter conversation" Button
    t =     4.98s     Wait for life.soullab.voicekernel.k00 to idle
    t =     4.98s     Find the "Enter conversation" Button
    t =     5.02s     Check for interrupting elements affecting "Enter conversation" Button
    t =     5.06s     Synthesize event
    t =     5.47s     Wait for life.soullab.voicekernel.k00 to idle
    t =    20.48s Waiting 5.0s for "Export journal" Button to exist
    t =    21.51s     Checking `Expect predicate `existsNoRetry == 1` for object "Export journal" Button`
    t =    21.51s         Checking existence of `"Export journal" Button`
    t =    21.57s Tap "Export journal" Button
    t =    21.57s     Wait for life.soullab.voicekernel.k00 to idle
    t =    21.58s     Find the "Export journal" Button
    t =    21.62s     Check for interrupting elements affecting "Export journal" Button
    t =    21.66s     Synthesize event
    t =    21.96s     Wait for life.soullab.voicekernel.k00 to idle
    t =    24.17s Terminate life.soullab.voicekernel.k00:59075
    t =    25.24s Wait for life.soullab.voicekernel.k00 to become Not Running
    t =    25.24s Tear Down
Test Case '-[DriverUITests.K00DriverTests testOneSample]' passed (25.278 seconds).
Test Suite 'K00DriverTests' passed at 2026-09-13 10:34:56.825.
	 Executed 1 test, with 0 failures (0 unexpected) in 25.278 (25.280) seconds
Test Suite 'DriverUITests.xctest' passed at 2026-09-13 10:34:56.826.
	 Executed 1 test, with 0 failures (0 unexpected) in 25.278 (25.281) seconds
Test Suite 'Selected tests' passed at 2026-09-13 10:34:56.827.
	 Executed 1 test, with 0 failures (0 unexpected) in 25.278 (25.283) seconds
2026-09-13 10:34:57.049 xcodebuild[22959:27102694] [MT] IDERunDestination: Supported platforms for the buildables in the current scheme is empty.
2026-09-13 10:34:57.208 xcodebuild[22959:27102694] [MT] IDETestOperationsObserverDebug: 27.801 elapsed -- Testing started completed.
2026-09-13 10:34:57.208 xcodebuild[22959:27102694] [MT] IDETestOperationsObserverDebug: 0.000 sec, +0.000 sec -- start
2026-09-13 10:34:57.208 xcodebuild[22959:27102694] [MT] IDETestOperationsObserverDebug: 27.801 sec, +27.801 sec -- end

Test session results, code coverage, and logs:
	/Users/soullab/Library/Developer/Xcode/DerivedData/VoiceKernelDriver-gckwsuskysmigjfbrsajswbmqyom/Logs/Test/Test-DriverUITests-2026.09.13_10-34-29--0400.xcresult

** TEST EXECUTE SUCCEEDED **

Testing started
