Command line invocation:
    /Applications/Xcode.app/Contents/Developer/usr/bin/xcodebuild test-without-building -xctestrun /private/tmp/voice-driver-01/ios/VoiceKernelDriver/.derived/Build/Products/DriverUITests_iphoneos26.2-arm64.xctestrun -destination id=00008140-00163D9922E0801C -collect-test-diagnostics never "-only-testing:DriverUITests/K00DriverTests/testOneSample"

2026-09-13 10:30:09.617 xcodebuild[22275:27091755] [MT] IDERunDestination: Supported platforms for the buildables in the current scheme is empty.
2026-09-13 10:30:09.620 xcodebuild[22275:27091755] [MT] IDERunDestination: Supported platforms for the buildables in the current scheme is empty.
2026-09-13 10:30:09.719 xcodebuild[22275:27091755] [MT] IDERunDestination: Supported platforms for the buildables in the current scheme is empty.
--- xcodebuild: WARNING: Using the first of multiple matching destinations:
{ platform:iOS, arch:arm64e, id:00008140-00163D9922E0801C, name:Kelly Nezat’s iPhone }
{ platform:iOS, arch:arm64, id:00008140-00163D9922E0801C, name:Kelly Nezat’s iPhone }
2026-09-13 10:30:10.201 xcodebuild[22275:27091755] [MT] IDERunDestination: Supported platforms for the buildables in the current scheme is empty.
2026-09-13 10:30:10.388 xcodebuild[22275:27091755] [MT] IDERunDestination: Supported platforms for the buildables in the current scheme is empty.
2026-09-13 10:30:12.601584-0400 DriverUITests-Runner[58966:13290187] [Default] Running tests...
    t =      nans Interface orientation changed to Portrait
Test Suite 'Selected tests' started at 2026-09-13 10:30:13.224.
Test Suite 'DriverUITests.xctest' started at 2026-09-13 10:30:13.225.
Test Suite 'K00DriverTests' started at 2026-09-13 10:30:13.225.
Test Case '-[DriverUITests.K00DriverTests testOneSample]' started.
    t =     0.00s Start Test at 2026-09-13 10:30:13.226
    t =     0.02s Set Up
    t =     0.03s Open life.soullab.voicekernel.k00
    t =     0.03s     Launch life.soullab.voicekernel.k00
    t =     0.13s         Setting up automation session
2026-09-13 10:30:13.482 xcodebuild[22275:27091755] [MT] IDERunDestination: Supported platforms for the buildables in the current scheme is empty.
    t =     0.27s         Wait for life.soullab.voicekernel.k00 to idle
    t =     1.39s Wait for life.soullab.voicekernel.k00 to become Running Foreground
    t =     1.40s Waiting 10.0s for "Enter conversation" Button to exist
    t =     2.41s     Checking `Expect predicate `existsNoRetry == 1` for object "Enter conversation" Button`
    t =     2.42s         Checking existence of `"Enter conversation" Button`
    t =     2.50s Checking existence of `"Voice processing: ON (default)" Button`
    t =     2.52s Checking existence of `"Voice processing: OFF (control run)" Button`
    t =     2.85s Waiting 3.0s for "Voice processing: ON (default)" Button to exist
    t =     3.86s     Checking `Expect predicate `existsNoRetry == 1` for object "Voice processing: ON (default)" Button`
    t =     3.87s         Checking existence of `"Voice processing: ON (default)" Button`
    t =     3.92s Waiting 5.0s for "Enter conversation" Button to exist
    t =     4.96s     Checking `Expect predicate `existsNoRetry == 1` for object "Enter conversation" Button`
    t =     4.96s         Checking existence of `"Enter conversation" Button`
    t =     5.02s Tap "Enter conversation" Button
    t =     5.02s     Wait for life.soullab.voicekernel.k00 to idle
    t =     5.03s     Find the "Enter conversation" Button
    t =     5.07s     Check for interrupting elements affecting "Enter conversation" Button
    t =     5.11s     Synthesize event
    t =     5.41s     Wait for life.soullab.voicekernel.k00 to idle
    t =    20.42s Waiting 5.0s for "Export journal" Button to exist
    t =    21.45s     Checking `Expect predicate `existsNoRetry == 1` for object "Export journal" Button`
    t =    21.45s         Checking existence of `"Export journal" Button`
    t =    21.51s Tap "Export journal" Button
    t =    21.51s     Wait for life.soullab.voicekernel.k00 to idle
    t =    21.52s     Find the "Export journal" Button
    t =    21.55s     Check for interrupting elements affecting "Export journal" Button
    t =    21.60s     Synthesize event
    t =    21.89s     Wait for life.soullab.voicekernel.k00 to idle
    t =    24.11s Terminate life.soullab.voicekernel.k00:58968
    t =    25.14s Wait for life.soullab.voicekernel.k00 to become Not Running
    t =    25.14s Tear Down
Test Case '-[DriverUITests.K00DriverTests testOneSample]' passed (25.245 seconds).
Test Suite 'K00DriverTests' passed at 2026-09-13 10:30:38.471.
	 Executed 1 test, with 0 failures (0 unexpected) in 25.245 (25.246) seconds
Test Suite 'DriverUITests.xctest' passed at 2026-09-13 10:30:38.474.
	 Executed 1 test, with 0 failures (0 unexpected) in 25.245 (25.249) seconds
Test Suite 'Selected tests' passed at 2026-09-13 10:30:38.478.
	 Executed 1 test, with 0 failures (0 unexpected) in 25.245 (25.254) seconds
2026-09-13 10:30:38.589 xcodebuild[22275:27091755] [MT] IDERunDestination: Supported platforms for the buildables in the current scheme is empty.
2026-09-13 10:30:38.833 xcodebuild[22275:27091755] [MT] IDETestOperationsObserverDebug: 28.631 elapsed -- Testing started completed.
2026-09-13 10:30:38.833 xcodebuild[22275:27091755] [MT] IDETestOperationsObserverDebug: 0.000 sec, +0.000 sec -- start
2026-09-13 10:30:38.833 xcodebuild[22275:27091755] [MT] IDETestOperationsObserverDebug: 28.631 sec, +28.631 sec -- end

Test session results, code coverage, and logs:
	/Users/soullab/Library/Developer/Xcode/DerivedData/VoiceKernelDriver-exdznboygjkohidvcvgqgntlxdou/Logs/Test/Test-DriverUITests-2026.09.13_10-30-09--0400.xcresult

** TEST EXECUTE SUCCEEDED **

Testing started
