Command line invocation:
    /Applications/Xcode.app/Contents/Developer/usr/bin/xcodebuild test-without-building -xctestrun /private/tmp/voice-driver-01/ios/VoiceKernelDriver/.derived/Build/Products/DriverUITests_iphoneos26.2-arm64.xctestrun -destination id=00008140-00163D9922E0801C -collect-test-diagnostics never "-only-testing:DriverUITests/K00DriverTests/testOneSample"

2026-09-13 10:36:37.759 xcodebuild[23235:27107013] [MT] IDERunDestination: Supported platforms for the buildables in the current scheme is empty.
2026-09-13 10:36:37.762 xcodebuild[23235:27107013] [MT] IDERunDestination: Supported platforms for the buildables in the current scheme is empty.
2026-09-13 10:36:37.861 xcodebuild[23235:27107013] [MT] IDERunDestination: Supported platforms for the buildables in the current scheme is empty.
--- xcodebuild: WARNING: Using the first of multiple matching destinations:
{ platform:iOS, arch:arm64e, id:00008140-00163D9922E0801C, name:Kelly Nezat’s iPhone }
{ platform:iOS, arch:arm64, id:00008140-00163D9922E0801C, name:Kelly Nezat’s iPhone }
2026-09-13 10:36:38.070 xcodebuild[23235:27107013] [MT] IDERunDestination: Supported platforms for the buildables in the current scheme is empty.
2026-09-13 10:36:39.888422-0400 DriverUITests-Runner[59109:13307385] [Default] Running tests...
    t =      nans Interface orientation changed to Portrait
Test Suite 'Selected tests' started at 2026-09-13 10:36:40.352.
Test Suite 'DriverUITests.xctest' started at 2026-09-13 10:36:40.353.
Test Suite 'K00DriverTests' started at 2026-09-13 10:36:40.353.
Test Case '-[DriverUITests.K00DriverTests testOneSample]' started.
    t =     0.00s Start Test at 2026-09-13 10:36:40.354
    t =     0.02s Set Up
    t =     0.02s Open life.soullab.voicekernel.k00
    t =     0.02s     Launch life.soullab.voicekernel.k00
    t =     0.11s         Setting up automation session
    t =     0.19s         Wait for life.soullab.voicekernel.k00 to idle
2026-09-13 10:36:40.489 xcodebuild[23235:27107013] [MT] IDERunDestination: Supported platforms for the buildables in the current scheme is empty.
    t =     1.29s Wait for life.soullab.voicekernel.k00 to become Running Foreground
    t =     1.29s Waiting 10.0s for "Enter conversation" Button to exist
    t =     2.34s     Checking `Expect predicate `existsNoRetry == 1` for object "Enter conversation" Button`
    t =     2.34s         Checking existence of `"Enter conversation" Button`
    t =     2.43s Checking existence of `"Voice processing: ON (default)" Button`
    t =     2.45s Checking existence of `"Voice processing: OFF (control run)" Button`
    t =     2.77s Waiting 3.0s for "Voice processing: ON (default)" Button to exist
    t =     3.78s     Checking `Expect predicate `existsNoRetry == 1` for object "Voice processing: ON (default)" Button`
    t =     3.78s         Checking existence of `"Voice processing: ON (default)" Button`
    t =     3.84s Waiting 5.0s for "Enter conversation" Button to exist
    t =     4.86s     Checking `Expect predicate `existsNoRetry == 1` for object "Enter conversation" Button`
    t =     4.86s         Checking existence of `"Enter conversation" Button`
    t =     4.91s Tap "Enter conversation" Button
    t =     4.91s     Wait for life.soullab.voicekernel.k00 to idle
    t =     4.91s     Find the "Enter conversation" Button
    t =     4.95s     Check for interrupting elements affecting "Enter conversation" Button
    t =     4.99s     Synthesize event
    t =     5.29s     Wait for life.soullab.voicekernel.k00 to idle
    t =    20.30s Waiting 5.0s for "Export journal" Button to exist
    t =    21.33s     Checking `Expect predicate `existsNoRetry == 1` for object "Export journal" Button`
    t =    21.33s         Checking existence of `"Export journal" Button`
    t =    21.38s Tap "Export journal" Button
    t =    21.39s     Wait for life.soullab.voicekernel.k00 to idle
    t =    21.39s     Find the "Export journal" Button
    t =    21.43s     Check for interrupting elements affecting "Export journal" Button
    t =    21.47s     Synthesize event
    t =    21.76s     Wait for life.soullab.voicekernel.k00 to idle
    t =    23.99s Terminate life.soullab.voicekernel.k00:59110
    t =    25.03s Wait for life.soullab.voicekernel.k00 to become Not Running
    t =    25.03s Tear Down
Test Case '-[DriverUITests.K00DriverTests testOneSample]' passed (25.108 seconds).
Test Suite 'K00DriverTests' passed at 2026-09-13 10:37:05.474.
	 Executed 1 test, with 0 failures (0 unexpected) in 25.108 (25.121) seconds
Test Suite 'DriverUITests.xctest' passed at 2026-09-13 10:37:05.480.
	 Executed 1 test, with 0 failures (0 unexpected) in 25.108 (25.127) seconds
Test Suite 'Selected tests' passed at 2026-09-13 10:37:05.481.
	 Executed 1 test, with 0 failures (0 unexpected) in 25.108 (25.129) seconds
2026-09-13 10:37:05.553 xcodebuild[23235:27107013] [MT] IDERunDestination: Supported platforms for the buildables in the current scheme is empty.
2026-09-13 10:37:05.750 xcodebuild[23235:27107013] [MT] IDETestOperationsObserverDebug: 27.679 elapsed -- Testing started completed.
2026-09-13 10:37:05.750 xcodebuild[23235:27107013] [MT] IDETestOperationsObserverDebug: 0.000 sec, +0.000 sec -- start
2026-09-13 10:37:05.750 xcodebuild[23235:27107013] [MT] IDETestOperationsObserverDebug: 27.679 sec, +27.679 sec -- end

Test session results, code coverage, and logs:
	/Users/soullab/Library/Developer/Xcode/DerivedData/VoiceKernelDriver-gtuexypjftjskjazsagkuerodoqj/Logs/Test/Test-DriverUITests-2026.09.13_10-36-37--0400.xcresult

** TEST EXECUTE SUCCEEDED **

Testing started
