Command line invocation:
    /Applications/Xcode.app/Contents/Developer/usr/bin/xcodebuild test-without-building -xctestrun /private/tmp/voice-driver-01/ios/VoiceKernelDriver/.derived/Build/Products/DriverUITests_iphoneos26.2-arm64.xctestrun -destination id=00008140-00163D9922E0801C -collect-test-diagnostics never "-only-testing:DriverUITests/K00DriverTests/testOneSample"

2026-09-13 10:32:45.573 xcodebuild[22645:27099484] [MT] IDERunDestination: Supported platforms for the buildables in the current scheme is empty.
2026-09-13 10:32:45.576 xcodebuild[22645:27099484] [MT] IDERunDestination: Supported platforms for the buildables in the current scheme is empty.
2026-09-13 10:32:45.675 xcodebuild[22645:27099484] [MT] IDERunDestination: Supported platforms for the buildables in the current scheme is empty.
--- xcodebuild: WARNING: Using the first of multiple matching destinations:
{ platform:iOS, arch:arm64e, id:00008140-00163D9922E0801C, name:Kelly Nezat’s iPhone }
{ platform:iOS, arch:arm64, id:00008140-00163D9922E0801C, name:Kelly Nezat’s iPhone }
2026-09-13 10:32:45.899 xcodebuild[22645:27099484] [MT] IDERunDestination: Supported platforms for the buildables in the current scheme is empty.
2026-09-13 10:32:48.006960-0400 DriverUITests-Runner[59054:13297702] [Default] Running tests...
    t =      nans Interface orientation changed to Portrait
Test Suite 'Selected tests' started at 2026-09-13 10:32:48.616.
Test Suite 'DriverUITests.xctest' started at 2026-09-13 10:32:48.617.
Test Suite 'K00DriverTests' started at 2026-09-13 10:32:48.617.
Test Case '-[DriverUITests.K00DriverTests testOneSample]' started.
    t =     0.00s Start Test at 2026-09-13 10:32:48.618
    t =     0.02s Set Up
    t =     0.02s Open life.soullab.voicekernel.k00
    t =     0.02s     Launch life.soullab.voicekernel.k00
    t =     0.14s         Setting up automation session
2026-09-13 10:32:48.853 xcodebuild[22645:27099484] [MT] IDERunDestination: Supported platforms for the buildables in the current scheme is empty.
    t =     0.21s         Wait for life.soullab.voicekernel.k00 to idle
    t =     1.32s Wait for life.soullab.voicekernel.k00 to become Running Foreground
    t =     1.33s Waiting 10.0s for "Enter conversation" Button to exist
    t =     2.36s     Checking `Expect predicate `existsNoRetry == 1` for object "Enter conversation" Button`
    t =     2.36s         Checking existence of `"Enter conversation" Button`
    t =     2.45s Checking existence of `"Voice processing: ON (default)" Button`
    t =     2.48s Checking existence of `"Voice processing: OFF (control run)" Button`
    t =     2.81s Waiting 3.0s for "Voice processing: ON (default)" Button to exist
    t =     3.82s     Checking `Expect predicate `existsNoRetry == 1` for object "Voice processing: ON (default)" Button`
    t =     3.82s         Checking existence of `"Voice processing: ON (default)" Button`
    t =     3.88s Waiting 5.0s for "Enter conversation" Button to exist
    t =     4.89s     Checking `Expect predicate `existsNoRetry == 1` for object "Enter conversation" Button`
    t =     4.89s         Checking existence of `"Enter conversation" Button`
    t =     4.96s Tap "Enter conversation" Button
    t =     4.96s     Wait for life.soullab.voicekernel.k00 to idle
    t =     4.97s     Find the "Enter conversation" Button
    t =     5.01s     Check for interrupting elements affecting "Enter conversation" Button
    t =     5.19s     Synthesize event
    t =     5.48s     Wait for life.soullab.voicekernel.k00 to idle
    t =    20.49s Waiting 5.0s for "Export journal" Button to exist
    t =    21.53s     Checking `Expect predicate `existsNoRetry == 1` for object "Export journal" Button`
    t =    21.53s         Checking existence of `"Export journal" Button`
    t =    21.60s Tap "Export journal" Button
    t =    21.60s     Wait for life.soullab.voicekernel.k00 to idle
    t =    21.61s     Find the "Export journal" Button
    t =    21.64s     Check for interrupting elements affecting "Export journal" Button
    t =    21.70s         Wait for com.apple.springboard to idle
    t =    22.40s     Found 1 interrupting element:
    t =    22.40s         Find the "NotificationShortLookView" BannerNotification
    t =    22.45s "NotificationShortLookView" BannerNotification from Application 'com.apple.springboard'
    t =    22.45s     Invoking UI interruption monitors for "NotificationShortLookView" BannerNotification from Application 'com.apple.springboard'
    t =    22.45s         Find the "NotificationShortLookView" BannerNotification
    t =    22.47s Default interruption handler ignoring non-alert type element "NotificationShortLookView" BannerNotification.
    t =    22.48s         Find the "NotificationShortLookView" BannerNotification
    t =    22.51s         Default interruption handler waiting for banner notification to expire/automatically dismiss
    t =    22.52s             Waiting 15.0s for "NotificationShortLookView" BannerNotification to not exist
    t =    23.55s                 Checking `Expect predicate `existsNoRetry == 0` for object "NotificationShortLookView" BannerNotification`
    t =    23.55s                     Checking existence of `"NotificationShortLookView" BannerNotification`
    t =    23.60s                     Capturing element debug description
    t =    23.61s                         Requesting snapshot of accessibility hierarchy for app with pid 58842
    t =    23.69s                         Find: Descendants matching type BannerNotification
    t =    23.69s                         Find: Identity Binding
    t =    23.70s                         Requesting snapshot of accessibility hierarchy for app with pid 58842
    t =    23.76s                         Find: Descendants matching type BannerNotification
    t =    23.76s                         Requesting snapshot of accessibility hierarchy for app with pid 58842
    t =    24.54s                 Checking `Expect predicate `existsNoRetry == 0` for object "NotificationShortLookView" BannerNotification`
    t =    24.54s                     Checking existence of `"NotificationShortLookView" BannerNotification`
    t =    24.59s                     Capturing element debug description
    t =    24.59s                         Requesting snapshot of accessibility hierarchy for app with pid 58842
    t =    24.65s                         Find: Descendants matching type BannerNotification
    t =    24.66s                         Find: Identity Binding
    t =    24.66s                         Requesting snapshot of accessibility hierarchy for app with pid 58842
    t =    24.72s                         Find: Descendants matching type BannerNotification
    t =    24.73s                         Requesting snapshot of accessibility hierarchy for app with pid 58842
    t =    25.53s                 Checking `Expect predicate `existsNoRetry == 0` for object "NotificationShortLookView" BannerNotification`
    t =    25.53s                     Checking existence of `"NotificationShortLookView" BannerNotification`
    t =    25.58s                     Capturing element debug description
    t =    25.58s                         Requesting snapshot of accessibility hierarchy for app with pid 58842
    t =    25.65s                         Find: Descendants matching type BannerNotification
    t =    25.66s                         Find: Identity Binding
    t =    25.66s                         Requesting snapshot of accessibility hierarchy for app with pid 58842
    t =    25.73s                         Find: Descendants matching type BannerNotification
    t =    25.74s                         Requesting snapshot of accessibility hierarchy for app with pid 58842
    t =    26.54s                 Checking `Expect predicate `existsNoRetry == 0` for object "NotificationShortLookView" BannerNotification`
    t =    26.54s                     Checking existence of `"NotificationShortLookView" BannerNotification`
    t =    26.59s                     Capturing element debug description
    t =    26.59s                         Requesting snapshot of accessibility hierarchy for app with pid 58842
    t =    26.67s                         Find: Descendants matching type BannerNotification
    t =    26.67s                         Find: Identity Binding
    t =    26.68s                         Requesting snapshot of accessibility hierarchy for app with pid 58842
    t =    26.75s                         Find: Descendants matching type BannerNotification
    t =    26.75s                         Requesting snapshot of accessibility hierarchy for app with pid 58842
    t =    27.54s                 Checking `Expect predicate `existsNoRetry == 0` for object "NotificationShortLookView" BannerNotification`
    t =    27.55s                     Checking existence of `"NotificationShortLookView" BannerNotification`
    t =    27.59s                     Capturing element debug description
    t =    27.59s                         Requesting snapshot of accessibility hierarchy for app with pid 58842
    t =    27.65s                         Find: Descendants matching type BannerNotification
    t =    27.65s                         Find: Identity Binding
    t =    27.66s                         Requesting snapshot of accessibility hierarchy for app with pid 58842
    t =    27.72s                         Find: Descendants matching type BannerNotification
    t =    27.73s                         Requesting snapshot of accessibility hierarchy for app with pid 58842
    t =    28.53s                 Checking `Expect predicate `existsNoRetry == 0` for object "NotificationShortLookView" BannerNotification`
    t =    28.53s                     Checking existence of `"NotificationShortLookView" BannerNotification`
    t =    28.58s                     Capturing element debug description
    t =    28.58s                         Requesting snapshot of accessibility hierarchy for app with pid 58842
    t =    28.65s                         Find: Descendants matching type BannerNotification
    t =    28.65s                         Find: Identity Binding
    t =    28.66s                         Requesting snapshot of accessibility hierarchy for app with pid 58842
    t =    28.72s                         Find: Descendants matching type BannerNotification
    t =    28.72s                         Requesting snapshot of accessibility hierarchy for app with pid 58842
    t =    29.57s                 Checking `Expect predicate `existsNoRetry == 0` for object "NotificationShortLookView" BannerNotification`
    t =    29.57s                     Checking existence of `"NotificationShortLookView" BannerNotification`
    t =    29.62s         Verifying handling...
    t =    29.69s Confirmed successful handling of interrupting element
    t =    29.70s     Synthesize event
    t =    30.00s     Wait for life.soullab.voicekernel.k00 to idle
    t =    32.23s Terminate life.soullab.voicekernel.k00:59056
    t =    33.25s Wait for life.soullab.voicekernel.k00 to become Not Running
    t =    33.25s Tear Down
Test Case '-[DriverUITests.K00DriverTests testOneSample]' passed (33.314 seconds).
Test Suite 'K00DriverTests' passed at 2026-09-13 10:33:21.933.
	 Executed 1 test, with 0 failures (0 unexpected) in 33.314 (33.316) seconds
Test Suite 'DriverUITests.xctest' passed at 2026-09-13 10:33:21.935.
	 Executed 1 test, with 0 failures (0 unexpected) in 33.314 (33.318) seconds
Test Suite 'Selected tests' passed at 2026-09-13 10:33:21.936.
	 Executed 1 test, with 0 failures (0 unexpected) in 33.314 (33.320) seconds
2026-09-13 10:33:22.112 xcodebuild[22645:27099484] [MT] IDERunDestination: Supported platforms for the buildables in the current scheme is empty.
2026-09-13 10:33:22.323 xcodebuild[22645:27099484] [MT] IDETestOperationsObserverDebug: 36.423 elapsed -- Testing started completed.
2026-09-13 10:33:22.323 xcodebuild[22645:27099484] [MT] IDETestOperationsObserverDebug: 0.000 sec, +0.000 sec -- start
2026-09-13 10:33:22.323 xcodebuild[22645:27099484] [MT] IDETestOperationsObserverDebug: 36.423 sec, +36.423 sec -- end

Test session results, code coverage, and logs:
	/Users/soullab/Library/Developer/Xcode/DerivedData/VoiceKernelDriver-eemzaoydlbepuzgmtlbgojonszgm/Logs/Test/Test-DriverUITests-2026.09.13_10-32-45--0400.xcresult

** TEST EXECUTE SUCCEEDED **

Testing started
