Command line invocation:
    /Applications/Xcode.app/Contents/Developer/usr/bin/xcodebuild test-without-building -xctestrun /private/tmp/voice-repro-a0d8/ios/VoiceKernelDriver/.derived/Build/Products/DriverUITests_iphoneos26.2-arm64.xctestrun -destination id=00008140-00163D9922E0801C -collect-test-diagnostics never "-only-testing:DriverUITests/K00DriverTests/testOneSample"

2026-09-13 21:26:10.767 xcodebuild[18091:28271640] [MT] IDERunDestination: Supported platforms for the buildables in the current scheme is empty.
2026-09-13 21:26:10.771 xcodebuild[18091:28271640] [MT] IDERunDestination: Supported platforms for the buildables in the current scheme is empty.
2026-09-13 21:26:10.869 xcodebuild[18091:28271640] [MT] IDERunDestination: Supported platforms for the buildables in the current scheme is empty.
--- xcodebuild: WARNING: Using the first of multiple matching destinations:
{ platform:iOS, arch:arm64e, id:00008140-00163D9922E0801C, name:Kelly Nezat’s iPhone }
{ platform:iOS, arch:arm64, id:00008140-00163D9922E0801C, name:Kelly Nezat’s iPhone }
2026-09-13 21:26:11.105 xcodebuild[18091:28271640] [MT] IDERunDestination: Supported platforms for the buildables in the current scheme is empty.
2026-09-13 21:26:11.293 xcodebuild[18091:28271640] [MT] IDERunDestination: Supported platforms for the buildables in the current scheme is empty.
2026-09-13 21:26:13.722858-0400 DriverUITests-Runner[62399:13834368] [Default] Running tests...
    t =      nans Interface orientation changed to Portrait
Test Suite 'Selected tests' started at 2026-09-13 21:26:14.196.
Test Suite 'DriverUITests.xctest' started at 2026-09-13 21:26:14.196.
Test Suite 'K00DriverTests' started at 2026-09-13 21:26:14.196.
Test Case '-[DriverUITests.K00DriverTests testOneSample]' started.
    t =     0.00s Start Test at 2026-09-13 21:26:14.197
    t =     0.02s Set Up
    t =     0.02s Open life.soullab.voicekernel.k00
    t =     0.03s     Launch life.soullab.voicekernel.k00
    t =     0.10s         Setting up automation session
    t =     0.18s         Wait for life.soullab.voicekernel.k00 to idle
2026-09-13 21:26:14.391 xcodebuild[18091:28271640] [MT] IDERunDestination: Supported platforms for the buildables in the current scheme is empty.
    t =     1.28s Wait for life.soullab.voicekernel.k00 to become Running Foreground
    t =     1.28s Waiting 10.0s for "Enter conversation" Button to exist
    t =     2.33s     Checking `Expect predicate `existsNoRetry == 1` for object "Enter conversation" Button`
    t =     2.34s         Checking existence of `"Enter conversation" Button`
    t =     2.42s Checking existence of `"Voice processing: ON (default)" Button`
    t =     2.45s Checking existence of `"Voice processing: OFF (control run)" Button`
    t =     2.77s Waiting 3.0s for "Voice processing: ON (default)" Button to exist
    t =     3.81s     Checking `Expect predicate `existsNoRetry == 1` for object "Voice processing: ON (default)" Button`
    t =     3.81s         Checking existence of `"Voice processing: ON (default)" Button`
    t =     3.87s Waiting 5.0s for "Enter conversation" Button to exist
    t =     4.93s     Checking `Expect predicate `existsNoRetry == 1` for object "Enter conversation" Button`
    t =     4.93s         Checking existence of `"Enter conversation" Button`
    t =     4.98s Tap "Enter conversation" Button
    t =     4.99s     Wait for life.soullab.voicekernel.k00 to idle
    t =     4.99s     Find the "Enter conversation" Button
    t =     5.03s     Check for interrupting elements affecting "Enter conversation" Button
    t =     5.07s         Wait for com.apple.springboard to idle
    t =     5.18s     Synthesize event
    t =     5.48s     Wait for life.soullab.voicekernel.k00 to idle
    t =    20.49s Waiting 5.0s for "Export journal" Button to exist
    t =    21.53s     Checking `Expect predicate `existsNoRetry == 1` for object "Export journal" Button`
    t =    21.53s         Checking existence of `"Export journal" Button`
    t =    21.59s Tap "Export journal" Button
    t =    21.59s     Wait for life.soullab.voicekernel.k00 to idle
    t =    21.60s     Find the "Export journal" Button
    t =    21.63s     Check for interrupting elements affecting "Export journal" Button
    t =    21.68s     Synthesize event
    t =    21.97s     Wait for life.soullab.voicekernel.k00 to idle
    t =    24.20s Terminate life.soullab.voicekernel.k00:62400
    t =    25.21s Wait for life.soullab.voicekernel.k00 to become Not Running
    t =    25.21s Tear Down
Test Case '-[DriverUITests.K00DriverTests testOneSample]' passed (25.257 seconds).
Test Suite 'K00DriverTests' passed at 2026-09-13 21:26:39.455.
	 Executed 1 test, with 0 failures (0 unexpected) in 25.257 (25.259) seconds
Test Suite 'DriverUITests.xctest' passed at 2026-09-13 21:26:39.465.
	 Executed 1 test, with 0 failures (0 unexpected) in 25.257 (25.269) seconds
Test Suite 'Selected tests' passed at 2026-09-13 21:26:39.468.
	 Executed 1 test, with 0 failures (0 unexpected) in 25.257 (25.272) seconds
2026-09-13 21:26:39.626 xcodebuild[18091:28271640] [MT] IDERunDestination: Supported platforms for the buildables in the current scheme is empty.
2026-09-13 21:26:39.798 xcodebuild[18091:28271640] [MT] IDETestOperationsObserverDebug: 28.692 elapsed -- Testing started completed.
2026-09-13 21:26:39.798 xcodebuild[18091:28271640] [MT] IDETestOperationsObserverDebug: 0.000 sec, +0.000 sec -- start
2026-09-13 21:26:39.798 xcodebuild[18091:28271640] [MT] IDETestOperationsObserverDebug: 28.692 sec, +28.692 sec -- end

Test session results, code coverage, and logs:
	/Users/soullab/Library/Developer/Xcode/DerivedData/VoiceKernelDriver-flvzrcaniequntaheqbvhazjdypw/Logs/Test/Test-DriverUITests-2026.09.13_21-26-10--0400.xcresult

** TEST EXECUTE SUCCEEDED **

Testing started
