Command line invocation:
    /Applications/Xcode.app/Contents/Developer/usr/bin/xcodebuild test-without-building -xctestrun /private/tmp/voice-repro-a0d8/ios/VoiceKernelDriver/.derived/Build/Products/DriverUITests_iphoneos26.2-arm64.xctestrun -destination id=00008140-00163D9922E0801C -collect-test-diagnostics never "-only-testing:DriverUITests/K00DriverTests/testOneSample"

2026-09-13 21:29:27.450 xcodebuild[18568:28276821] [MT] IDERunDestination: Supported platforms for the buildables in the current scheme is empty.
2026-09-13 21:29:27.453 xcodebuild[18568:28276821] [MT] IDERunDestination: Supported platforms for the buildables in the current scheme is empty.
2026-09-13 21:29:27.552 xcodebuild[18568:28276821] [MT] IDERunDestination: Supported platforms for the buildables in the current scheme is empty.
--- xcodebuild: WARNING: Using the first of multiple matching destinations:
{ platform:iOS, arch:arm64e, id:00008140-00163D9922E0801C, name:Kelly Nezat’s iPhone }
{ platform:iOS, arch:arm64, id:00008140-00163D9922E0801C, name:Kelly Nezat’s iPhone }
2026-09-13 21:29:27.794 xcodebuild[18568:28276821] [MT] IDERunDestination: Supported platforms for the buildables in the current scheme is empty.
2026-09-13 21:29:27.991 xcodebuild[18568:28276821] [MT] IDERunDestination: Supported platforms for the buildables in the current scheme is empty.
2026-09-13 21:29:29.534589-0400 DriverUITests-Runner[62437:13842055] [Default] Running tests...
    t =      nans Interface orientation changed to Portrait
Test Suite 'Selected tests' started at 2026-09-13 21:29:30.011.
Test Suite 'DriverUITests.xctest' started at 2026-09-13 21:29:30.012.
Test Suite 'K00DriverTests' started at 2026-09-13 21:29:30.012.
Test Case '-[DriverUITests.K00DriverTests testOneSample]' started.
    t =     0.00s Start Test at 2026-09-13 21:29:30.013
    t =     0.02s Set Up
    t =     0.02s Open life.soullab.voicekernel.k00
    t =     0.02s     Launch life.soullab.voicekernel.k00
    t =     0.11s         Setting up automation session
    t =     0.18s         Wait for life.soullab.voicekernel.k00 to idle
2026-09-13 21:29:30.242 xcodebuild[18568:28276821] [MT] IDERunDestination: Supported platforms for the buildables in the current scheme is empty.
    t =     1.28s Wait for life.soullab.voicekernel.k00 to become Running Foreground
    t =     1.28s Waiting 10.0s for "Enter conversation" Button to exist
    t =     2.30s     Checking `Expect predicate `existsNoRetry == 1` for object "Enter conversation" Button`
    t =     2.30s         Checking existence of `"Enter conversation" Button`
    t =     2.39s Checking existence of `"Voice processing: ON (default)" Button`
    t =     2.42s Checking existence of `"Voice processing: OFF (control run)" Button`
    t =     2.74s Waiting 3.0s for "Voice processing: ON (default)" Button to exist
    t =     3.76s     Checking `Expect predicate `existsNoRetry == 1` for object "Voice processing: ON (default)" Button`
    t =     3.76s         Checking existence of `"Voice processing: ON (default)" Button`
    t =     3.82s Waiting 5.0s for "Enter conversation" Button to exist
    t =     4.87s     Checking `Expect predicate `existsNoRetry == 1` for object "Enter conversation" Button`
    t =     4.87s         Checking existence of `"Enter conversation" Button`
    t =     4.93s Tap "Enter conversation" Button
    t =     4.93s     Wait for life.soullab.voicekernel.k00 to idle
    t =     4.93s     Find the "Enter conversation" Button
    t =     4.97s     Check for interrupting elements affecting "Enter conversation" Button
    t =     5.01s     Synthesize event
    t =     5.31s     Wait for life.soullab.voicekernel.k00 to idle
    t =    20.33s Waiting 5.0s for "Export journal" Button to exist
    t =    21.34s     Checking `Expect predicate `existsNoRetry == 1` for object "Export journal" Button`
    t =    21.34s         Checking existence of `"Export journal" Button`
    t =    21.40s Tap "Export journal" Button
    t =    21.40s     Wait for life.soullab.voicekernel.k00 to idle
    t =    21.41s     Find the "Export journal" Button
    t =    21.44s     Check for interrupting elements affecting "Export journal" Button
    t =    21.48s     Synthesize event
    t =    21.80s     Wait for life.soullab.voicekernel.k00 to idle
    t =    24.00s Terminate life.soullab.voicekernel.k00:62438
    t =    25.07s Wait for life.soullab.voicekernel.k00 to become Not Running
    t =    25.07s Tear Down
Test Case '-[DriverUITests.K00DriverTests testOneSample]' passed (25.120 seconds).
Test Suite 'K00DriverTests' passed at 2026-09-13 21:29:55.133.
	 Executed 1 test, with 0 failures (0 unexpected) in 25.120 (25.121) seconds
Test Suite 'DriverUITests.xctest' passed at 2026-09-13 21:29:55.134.
	 Executed 1 test, with 0 failures (0 unexpected) in 25.120 (25.122) seconds
Test Suite 'Selected tests' passed at 2026-09-13 21:29:55.135.
	 Executed 1 test, with 0 failures (0 unexpected) in 25.120 (25.124) seconds
2026-09-13 21:29:55.305 xcodebuild[18568:28276821] [MT] IDERunDestination: Supported platforms for the buildables in the current scheme is empty.
2026-09-13 21:29:55.482 xcodebuild[18568:28276821] [MT] IDETestOperationsObserverDebug: 27.687 elapsed -- Testing started completed.
2026-09-13 21:29:55.482 xcodebuild[18568:28276821] [MT] IDETestOperationsObserverDebug: 0.000 sec, +0.000 sec -- start
2026-09-13 21:29:55.482 xcodebuild[18568:28276821] [MT] IDETestOperationsObserverDebug: 27.687 sec, +27.687 sec -- end

Test session results, code coverage, and logs:
	/Users/soullab/Library/Developer/Xcode/DerivedData/VoiceKernelDriver-gdzszbdlrzlrjlffmlujccwewedw/Logs/Test/Test-DriverUITests-2026.09.13_21-29-27--0400.xcresult

** TEST EXECUTE SUCCEEDED **

Testing started
