Command line invocation:
    /Applications/Xcode.app/Contents/Developer/usr/bin/xcodebuild test-without-building -xctestrun /private/tmp/voice-repro-a0d8/ios/VoiceKernelDriver/.derived/Build/Products/DriverUITests_iphoneos26.2-arm64.xctestrun -destination id=00008140-00163D9922E0801C -collect-test-diagnostics never "-only-testing:DriverUITests/K00DriverTests/testOneSample"

2026-09-13 21:31:41.316 xcodebuild[19071:28281250] [MT] IDERunDestination: Supported platforms for the buildables in the current scheme is empty.
2026-09-13 21:31:41.319 xcodebuild[19071:28281250] [MT] IDERunDestination: Supported platforms for the buildables in the current scheme is empty.
2026-09-13 21:31:41.418 xcodebuild[19071:28281250] [MT] IDERunDestination: Supported platforms for the buildables in the current scheme is empty.
--- xcodebuild: WARNING: Using the first of multiple matching destinations:
{ platform:iOS, arch:arm64e, id:00008140-00163D9922E0801C, name:Kelly Nezat’s iPhone }
{ platform:iOS, arch:arm64, id:00008140-00163D9922E0801C, name:Kelly Nezat’s iPhone }
2026-09-13 21:31:41.673 xcodebuild[19071:28281250] [MT] IDERunDestination: Supported platforms for the buildables in the current scheme is empty.
2026-09-13 21:31:41.871 xcodebuild[19071:28281250] [MT] IDERunDestination: Supported platforms for the buildables in the current scheme is empty.
2026-09-13 21:31:43.328685-0400 DriverUITests-Runner[62463:13847182] [Default] Running tests...
    t =      nans Interface orientation changed to Portrait
Test Suite 'Selected tests' started at 2026-09-13 21:31:43.804.
Test Suite 'DriverUITests.xctest' started at 2026-09-13 21:31:43.805.
Test Suite 'K00DriverTests' started at 2026-09-13 21:31:43.805.
Test Case '-[DriverUITests.K00DriverTests testOneSample]' started.
    t =     0.00s Start Test at 2026-09-13 21:31:43.806
    t =     0.02s Set Up
    t =     0.02s Open life.soullab.voicekernel.k00
    t =     0.02s     Launch life.soullab.voicekernel.k00
    t =     0.11s         Setting up automation session
    t =     0.18s         Wait for life.soullab.voicekernel.k00 to idle
2026-09-13 21:31:44.028 xcodebuild[19071:28281250] [MT] IDERunDestination: Supported platforms for the buildables in the current scheme is empty.
    t =     1.28s Wait for life.soullab.voicekernel.k00 to become Running Foreground
    t =     1.28s Waiting 10.0s for "Enter conversation" Button to exist
    t =     2.35s     Checking `Expect predicate `existsNoRetry == 1` for object "Enter conversation" Button`
    t =     2.35s         Checking existence of `"Enter conversation" Button`
    t =     2.44s Checking existence of `"Voice processing: ON (default)" Button`
    t =     2.47s Checking existence of `"Voice processing: OFF (control run)" Button`
    t =     2.79s Waiting 3.0s for "Voice processing: ON (default)" Button to exist
    t =     3.83s     Checking `Expect predicate `existsNoRetry == 1` for object "Voice processing: ON (default)" Button`
    t =     3.83s         Checking existence of `"Voice processing: ON (default)" Button`
    t =     3.89s Waiting 5.0s for "Enter conversation" Button to exist
    t =     4.90s     Checking `Expect predicate `existsNoRetry == 1` for object "Enter conversation" Button`
    t =     4.90s         Checking existence of `"Enter conversation" Button`
    t =     4.96s Tap "Enter conversation" Button
    t =     4.96s     Wait for life.soullab.voicekernel.k00 to idle
    t =     4.97s     Find the "Enter conversation" Button
    t =     5.01s     Check for interrupting elements affecting "Enter conversation" Button
    t =     5.05s     Synthesize event
    t =     5.34s     Wait for life.soullab.voicekernel.k00 to idle
    t =    20.35s Waiting 5.0s for "Export journal" Button to exist
    t =    21.39s     Checking `Expect predicate `existsNoRetry == 1` for object "Export journal" Button`
    t =    21.39s         Checking existence of `"Export journal" Button`
    t =    21.45s Tap "Export journal" Button
    t =    21.45s     Wait for life.soullab.voicekernel.k00 to idle
    t =    21.46s     Find the "Export journal" Button
    t =    21.50s     Check for interrupting elements affecting "Export journal" Button
    t =    21.54s     Synthesize event
    t =    21.84s     Wait for life.soullab.voicekernel.k00 to idle
    t =    24.07s Terminate life.soullab.voicekernel.k00:62464
    t =    25.16s Wait for life.soullab.voicekernel.k00 to become Not Running
    t =    25.16s Tear Down
Test Case '-[DriverUITests.K00DriverTests testOneSample]' passed (25.240 seconds).
Test Suite 'K00DriverTests' passed at 2026-09-13 21:32:09.047.
	 Executed 1 test, with 0 failures (0 unexpected) in 25.240 (25.242) seconds
Test Suite 'DriverUITests.xctest' passed at 2026-09-13 21:32:09.049.
	 Executed 1 test, with 0 failures (0 unexpected) in 25.240 (25.244) seconds
Test Suite 'Selected tests' passed at 2026-09-13 21:32:09.050.
	 Executed 1 test, with 0 failures (0 unexpected) in 25.240 (25.246) seconds
2026-09-13 21:32:09.185 xcodebuild[19071:28281250] [MT] IDERunDestination: Supported platforms for the buildables in the current scheme is empty.
2026-09-13 21:32:09.379 xcodebuild[19071:28281250] [MT] IDETestOperationsObserverDebug: 27.705 elapsed -- Testing started completed.
2026-09-13 21:32:09.379 xcodebuild[19071:28281250] [MT] IDETestOperationsObserverDebug: 0.000 sec, +0.000 sec -- start
2026-09-13 21:32:09.379 xcodebuild[19071:28281250] [MT] IDETestOperationsObserverDebug: 27.705 sec, +27.705 sec -- end

Test session results, code coverage, and logs:
	/Users/soullab/Library/Developer/Xcode/DerivedData/VoiceKernelDriver-awxrhyooosadtvbbhsivtdjrhviu/Logs/Test/Test-DriverUITests-2026.09.13_21-31-41--0400.xcresult

** TEST EXECUTE SUCCEEDED **

Testing started
