Command line invocation:
    /Applications/Xcode.app/Contents/Developer/usr/bin/xcodebuild test-without-building -xctestrun /private/tmp/voice-repro-a0d8/ios/VoiceKernelDriver/.derived/Build/Products/DriverUITests_iphoneos26.2-arm64.xctestrun -destination id=00008140-00163D9922E0801C -collect-test-diagnostics never "-only-testing:DriverUITests/K00DriverTests/testOneSample"

2026-09-13 21:32:15.430 xcodebuild[19142:28282036] [MT] IDERunDestination: Supported platforms for the buildables in the current scheme is empty.
2026-09-13 21:32:15.433 xcodebuild[19142:28282036] [MT] IDERunDestination: Supported platforms for the buildables in the current scheme is empty.
2026-09-13 21:32:15.533 xcodebuild[19142:28282036] [MT] IDERunDestination: Supported platforms for the buildables in the current scheme is empty.
--- xcodebuild: WARNING: Using the first of multiple matching destinations:
{ platform:iOS, arch:arm64e, id:00008140-00163D9922E0801C, name:Kelly Nezat’s iPhone }
{ platform:iOS, arch:arm64, id:00008140-00163D9922E0801C, name:Kelly Nezat’s iPhone }
2026-09-13 21:32:15.766 xcodebuild[19142:28282036] [MT] IDERunDestination: Supported platforms for the buildables in the current scheme is empty.
2026-09-13 21:32:15.966 xcodebuild[19142:28282036] [MT] IDERunDestination: Supported platforms for the buildables in the current scheme is empty.
2026-09-13 21:32:17.466842-0400 DriverUITests-Runner[62467:13848508] [Default] Running tests...
    t =      nans Interface orientation changed to Portrait
Test Suite 'Selected tests' started at 2026-09-13 21:32:17.938.
Test Suite 'DriverUITests.xctest' started at 2026-09-13 21:32:17.939.
Test Suite 'K00DriverTests' started at 2026-09-13 21:32:17.939.
Test Case '-[DriverUITests.K00DriverTests testOneSample]' started.
    t =     0.00s Start Test at 2026-09-13 21:32:17.940
    t =     0.02s Set Up
    t =     0.02s Open life.soullab.voicekernel.k00
    t =     0.03s     Launch life.soullab.voicekernel.k00
    t =     0.11s         Setting up automation session
    t =     0.18s         Wait for life.soullab.voicekernel.k00 to idle
2026-09-13 21:32:18.161 xcodebuild[19142:28282036] [MT] IDERunDestination: Supported platforms for the buildables in the current scheme is empty.
    t =     1.29s Wait for life.soullab.voicekernel.k00 to become Running Foreground
    t =     1.29s Waiting 10.0s for "Enter conversation" Button to exist
    t =     2.29s     Checking `Expect predicate `existsNoRetry == 1` for object "Enter conversation" Button`
    t =     2.30s         Checking existence of `"Enter conversation" Button`
    t =     2.39s Checking existence of `"Voice processing: ON (default)" Button`
    t =     2.42s Checking existence of `"Voice processing: OFF (control run)" Button`
    t =     2.74s Waiting 3.0s for "Voice processing: ON (default)" Button to exist
    t =     3.75s     Checking `Expect predicate `existsNoRetry == 1` for object "Voice processing: ON (default)" Button`
    t =     3.75s         Checking existence of `"Voice processing: ON (default)" Button`
    t =     3.81s Waiting 5.0s for "Enter conversation" Button to exist
    t =     4.81s     Checking `Expect predicate `existsNoRetry == 1` for object "Enter conversation" Button`
    t =     4.82s         Checking existence of `"Enter conversation" Button`
    t =     4.88s Tap "Enter conversation" Button
    t =     4.88s     Wait for life.soullab.voicekernel.k00 to idle
    t =     4.88s     Find the "Enter conversation" Button
    t =     4.92s     Check for interrupting elements affecting "Enter conversation" Button
    t =     4.96s     Synthesize event
    t =     5.26s     Wait for life.soullab.voicekernel.k00 to idle
    t =    20.27s Waiting 5.0s for "Export journal" Button to exist
    t =    21.29s     Checking `Expect predicate `existsNoRetry == 1` for object "Export journal" Button`
    t =    21.30s         Checking existence of `"Export journal" Button`
    t =    21.36s Tap "Export journal" Button
    t =    21.36s     Wait for life.soullab.voicekernel.k00 to idle
    t =    21.37s     Find the "Export journal" Button
    t =    21.40s     Check for interrupting elements affecting "Export journal" Button
    t =    21.44s     Synthesize event
    t =    21.75s     Wait for life.soullab.voicekernel.k00 to idle
    t =    23.96s Terminate life.soullab.voicekernel.k00:62468
    t =    25.04s Wait for life.soullab.voicekernel.k00 to become Not Running
    t =    25.04s Tear Down
Test Case '-[DriverUITests.K00DriverTests testOneSample]' passed (25.094 seconds).
Test Suite 'K00DriverTests' passed at 2026-09-13 21:32:43.034.
	 Executed 1 test, with 0 failures (0 unexpected) in 25.094 (25.095) seconds
Test Suite 'DriverUITests.xctest' passed at 2026-09-13 21:32:43.035.
	 Executed 1 test, with 0 failures (0 unexpected) in 25.094 (25.096) seconds
Test Suite 'Selected tests' passed at 2026-09-13 21:32:43.036.
	 Executed 1 test, with 0 failures (0 unexpected) in 25.094 (25.098) seconds
2026-09-13 21:32:43.200 xcodebuild[19142:28282036] [MT] IDERunDestination: Supported platforms for the buildables in the current scheme is empty.
2026-09-13 21:32:43.381 xcodebuild[19142:28282036] [MT] IDETestOperationsObserverDebug: 27.614 elapsed -- Testing started completed.
2026-09-13 21:32:43.381 xcodebuild[19142:28282036] [MT] IDETestOperationsObserverDebug: 0.000 sec, +0.000 sec -- start
2026-09-13 21:32:43.381 xcodebuild[19142:28282036] [MT] IDETestOperationsObserverDebug: 27.614 sec, +27.614 sec -- end

Test session results, code coverage, and logs:
	/Users/soullab/Library/Developer/Xcode/DerivedData/VoiceKernelDriver-eyefzdduradfksbulotekdajxrye/Logs/Test/Test-DriverUITests-2026.09.13_21-32-15--0400.xcresult

** TEST EXECUTE SUCCEEDED **

Testing started
