Command line invocation:
    /Applications/Xcode.app/Contents/Developer/usr/bin/xcodebuild test-without-building -xctestrun /private/tmp/voice-repro-a0d8/ios/VoiceKernelDriver/.derived/Build/Products/DriverUITests_iphoneos26.2-arm64.xctestrun -destination id=00008140-00163D9922E0801C -collect-test-diagnostics never "-only-testing:DriverUITests/K00DriverTests/testOneSample"

2026-09-13 21:28:21.251 xcodebuild[18387:28275081] [MT] IDERunDestination: Supported platforms for the buildables in the current scheme is empty.
2026-09-13 21:28:21.255 xcodebuild[18387:28275081] [MT] IDERunDestination: Supported platforms for the buildables in the current scheme is empty.
2026-09-13 21:28:21.353 xcodebuild[18387:28275081] [MT] IDERunDestination: Supported platforms for the buildables in the current scheme is empty.
--- xcodebuild: WARNING: Using the first of multiple matching destinations:
{ platform:iOS, arch:arm64e, id:00008140-00163D9922E0801C, name:Kelly Nezat’s iPhone }
{ platform:iOS, arch:arm64, id:00008140-00163D9922E0801C, name:Kelly Nezat’s iPhone }
2026-09-13 21:28:21.594 xcodebuild[18387:28275081] [MT] IDERunDestination: Supported platforms for the buildables in the current scheme is empty.
2026-09-13 21:28:21.785 xcodebuild[18387:28275081] [MT] IDERunDestination: Supported platforms for the buildables in the current scheme is empty.
2026-09-13 21:28:23.274583-0400 DriverUITests-Runner[62430:13839619] [Default] Running tests...
    t =      nans Interface orientation changed to Portrait
Test Suite 'Selected tests' started at 2026-09-13 21:28:23.812.
Test Suite 'DriverUITests.xctest' started at 2026-09-13 21:28:23.812.
Test Suite 'K00DriverTests' started at 2026-09-13 21:28:23.813.
Test Case '-[DriverUITests.K00DriverTests testOneSample]' started.
    t =     0.00s Start Test at 2026-09-13 21:28:23.813
    t =     0.02s Set Up
    t =     0.02s Open life.soullab.voicekernel.k00
    t =     0.02s     Launch life.soullab.voicekernel.k00
    t =     0.11s         Setting up automation session
    t =     0.18s         Wait for life.soullab.voicekernel.k00 to idle
2026-09-13 21:28:24.035 xcodebuild[18387:28275081] [MT] IDERunDestination: Supported platforms for the buildables in the current scheme is empty.
    t =     1.28s Wait for life.soullab.voicekernel.k00 to become Running Foreground
    t =     1.28s Waiting 10.0s for "Enter conversation" Button to exist
    t =     2.32s     Checking `Expect predicate `existsNoRetry == 1` for object "Enter conversation" Button`
    t =     2.32s         Checking existence of `"Enter conversation" Button`
    t =     2.42s Checking existence of `"Voice processing: ON (default)" Button`
    t =     2.45s Checking existence of `"Voice processing: OFF (control run)" Button`
    t =     2.77s Waiting 3.0s for "Voice processing: ON (default)" Button to exist
    t =     3.80s     Checking `Expect predicate `existsNoRetry == 1` for object "Voice processing: ON (default)" Button`
    t =     3.80s         Checking existence of `"Voice processing: ON (default)" Button`
    t =     3.86s Waiting 5.0s for "Enter conversation" Button to exist
    t =     4.86s     Checking `Expect predicate `existsNoRetry == 1` for object "Enter conversation" Button`
    t =     4.86s         Checking existence of `"Enter conversation" Button`
    t =     4.92s Tap "Enter conversation" Button
    t =     4.92s     Wait for life.soullab.voicekernel.k00 to idle
    t =     4.93s     Find the "Enter conversation" Button
    t =     5.07s     Check for interrupting elements affecting "Enter conversation" Button
    t =     5.14s     Synthesize event
    t =     5.44s     Wait for life.soullab.voicekernel.k00 to idle
    t =    20.46s Waiting 5.0s for "Export journal" Button to exist
    t =    21.49s     Checking `Expect predicate `existsNoRetry == 1` for object "Export journal" Button`
    t =    21.49s         Checking existence of `"Export journal" Button`
    t =    21.54s Tap "Export journal" Button
    t =    21.54s     Wait for life.soullab.voicekernel.k00 to idle
    t =    21.55s     Find the "Export journal" Button
    t =    21.68s     Check for interrupting elements affecting "Export journal" Button
    t =    21.73s     Synthesize event
    t =    22.05s     Wait for life.soullab.voicekernel.k00 to idle
    t =    24.26s Terminate life.soullab.voicekernel.k00:62431
    t =    25.32s Wait for life.soullab.voicekernel.k00 to become Not Running
    t =    25.32s Tear Down
Test Case '-[DriverUITests.K00DriverTests testOneSample]' passed (25.395 seconds).
Test Suite 'K00DriverTests' passed at 2026-09-13 21:28:49.209.
	 Executed 1 test, with 0 failures (0 unexpected) in 25.395 (25.396) seconds
Test Suite 'DriverUITests.xctest' passed at 2026-09-13 21:28:49.210.
	 Executed 1 test, with 0 failures (0 unexpected) in 25.395 (25.398) seconds
Test Suite 'Selected tests' passed at 2026-09-13 21:28:49.211.
	 Executed 1 test, with 0 failures (0 unexpected) in 25.395 (25.400) seconds
2026-09-13 21:28:49.357 xcodebuild[18387:28275081] [MT] IDERunDestination: Supported platforms for the buildables in the current scheme is empty.
2026-09-13 21:28:49.568 xcodebuild[18387:28275081] [MT] IDETestOperationsObserverDebug: 27.973 elapsed -- Testing started completed.
2026-09-13 21:28:49.568 xcodebuild[18387:28275081] [MT] IDETestOperationsObserverDebug: 0.000 sec, +0.000 sec -- start
2026-09-13 21:28:49.568 xcodebuild[18387:28275081] [MT] IDETestOperationsObserverDebug: 27.973 sec, +27.973 sec -- end

Test session results, code coverage, and logs:
	/Users/soullab/Library/Developer/Xcode/DerivedData/VoiceKernelDriver-ayhlvtcpoukvtiegxqohvavcaezf/Logs/Test/Test-DriverUITests-2026.09.13_21-28-21--0400.xcresult

** TEST EXECUTE SUCCEEDED **

Testing started
