Command line invocation:
    /Applications/Xcode.app/Contents/Developer/usr/bin/xcodebuild test-without-building -xctestrun /private/tmp/voice-repro-a0d8/ios/VoiceKernelDriver/.derived/Build/Products/DriverUITests_iphoneos26.2-arm64.xctestrun -destination id=00008140-00163D9922E0801C -collect-test-diagnostics never "-only-testing:DriverUITests/K00DriverTests/testOneSample"

2026-09-13 21:19:30.556 xcodebuild[16979:28259623] [MT] IDERunDestination: Supported platforms for the buildables in the current scheme is empty.
2026-09-13 21:19:30.559 xcodebuild[16979:28259623] [MT] IDERunDestination: Supported platforms for the buildables in the current scheme is empty.
2026-09-13 21:19:30.659 xcodebuild[16979:28259623] [MT] IDERunDestination: Supported platforms for the buildables in the current scheme is empty.
--- xcodebuild: WARNING: Using the first of multiple matching destinations:
{ platform:iOS, arch:arm64e, id:00008140-00163D9922E0801C, name:Kelly Nezat’s iPhone }
{ platform:iOS, arch:arm64, id:00008140-00163D9922E0801C, name:Kelly Nezat’s iPhone }
2026-09-13 21:19:30.861 xcodebuild[16979:28259623] [MT] IDERunDestination: Supported platforms for the buildables in the current scheme is empty.
2026-09-13 21:19:31.040 xcodebuild[16979:28259623] [MT] IDERunDestination: Supported platforms for the buildables in the current scheme is empty.
2026-09-13 21:19:32.615574-0400 DriverUITests-Runner[62346:13819219] [Default] Running tests...
    t =      nans Interface orientation changed to Portrait
Test Suite 'Selected tests' started at 2026-09-13 21:19:33.083.
Test Suite 'DriverUITests.xctest' started at 2026-09-13 21:19:33.084.
Test Suite 'K00DriverTests' started at 2026-09-13 21:19:33.084.
Test Case '-[DriverUITests.K00DriverTests testOneSample]' started.
    t =     0.00s Start Test at 2026-09-13 21:19:33.086
    t =     0.02s Set Up
    t =     0.03s Open life.soullab.voicekernel.k00
    t =     0.03s     Launch life.soullab.voicekernel.k00
    t =     0.13s         Setting up automation session
    t =     0.20s         Wait for life.soullab.voicekernel.k00 to idle
2026-09-13 21:19:33.288 xcodebuild[16979:28259623] [MT] IDERunDestination: Supported platforms for the buildables in the current scheme is empty.
    t =     1.30s Wait for life.soullab.voicekernel.k00 to become Running Foreground
    t =     1.31s Waiting 10.0s for "Enter conversation" Button to exist
    t =     2.31s     Checking `Expect predicate `existsNoRetry == 1` for object "Enter conversation" Button`
    t =     2.31s         Checking existence of `"Enter conversation" Button`
    t =     2.40s Checking existence of `"Voice processing: ON (default)" Button`
    t =     2.43s Checking existence of `"Voice processing: OFF (control run)" Button`
    t =     2.76s Waiting 3.0s for "Voice processing: ON (default)" Button to exist
    t =     3.79s     Checking `Expect predicate `existsNoRetry == 1` for object "Voice processing: ON (default)" Button`
    t =     3.79s         Checking existence of `"Voice processing: ON (default)" Button`
    t =     3.86s Waiting 5.0s for "Enter conversation" Button to exist
    t =     4.89s     Checking `Expect predicate `existsNoRetry == 1` for object "Enter conversation" Button`
    t =     4.89s         Checking existence of `"Enter conversation" Button`
    t =     4.95s Tap "Enter conversation" Button
    t =     4.95s     Wait for life.soullab.voicekernel.k00 to idle
    t =     4.96s     Find the "Enter conversation" Button
    t =     5.00s     Check for interrupting elements affecting "Enter conversation" Button
    t =     5.04s     Synthesize event
    t =     5.34s     Wait for life.soullab.voicekernel.k00 to idle
    t =    20.36s Waiting 5.0s for "Export journal" Button to exist
    t =    21.40s     Checking `Expect predicate `existsNoRetry == 1` for object "Export journal" Button`
    t =    21.40s         Checking existence of `"Export journal" Button`
    t =    21.46s Tap "Export journal" Button
    t =    21.46s     Wait for life.soullab.voicekernel.k00 to idle
    t =    21.47s     Find the "Export journal" Button
    t =    21.52s     Check for interrupting elements affecting "Export journal" Button
    t =    21.56s     Synthesize event
    t =    21.97s     Wait for life.soullab.voicekernel.k00 to idle
    t =    24.18s Terminate life.soullab.voicekernel.k00:62347
    t =    25.25s Wait for life.soullab.voicekernel.k00 to become Not Running
    t =    25.25s Tear Down
Test Case '-[DriverUITests.K00DriverTests testOneSample]' passed (25.292 seconds).
Test Suite 'K00DriverTests' passed at 2026-09-13 21:19:58.377.
	 Executed 1 test, with 0 failures (0 unexpected) in 25.292 (25.293) seconds
Test Suite 'DriverUITests.xctest' passed at 2026-09-13 21:19:58.379.
	 Executed 1 test, with 0 failures (0 unexpected) in 25.292 (25.295) seconds
Test Suite 'Selected tests' passed at 2026-09-13 21:19:58.380.
	 Executed 1 test, with 0 failures (0 unexpected) in 25.292 (25.297) seconds
2026-09-13 21:19:58.500 xcodebuild[16979:28259623] [MT] IDERunDestination: Supported platforms for the buildables in the current scheme is empty.
2026-09-13 21:19:58.668 xcodebuild[16979:28259623] [MT] IDETestOperationsObserverDebug: 27.805 elapsed -- Testing started completed.
2026-09-13 21:19:58.668 xcodebuild[16979:28259623] [MT] IDETestOperationsObserverDebug: 0.000 sec, +0.000 sec -- start
2026-09-13 21:19:58.668 xcodebuild[16979:28259623] [MT] IDETestOperationsObserverDebug: 27.805 sec, +27.805 sec -- end

Test session results, code coverage, and logs:
	/Users/soullab/Library/Developer/Xcode/DerivedData/VoiceKernelDriver-cuhlivjwsvbsuogmlutizcfhccvy/Logs/Test/Test-DriverUITests-2026.09.13_21-19-30--0400.xcresult

** TEST EXECUTE SUCCEEDED **

Testing started
