Command line invocation:
    /Applications/Xcode.app/Contents/Developer/usr/bin/xcodebuild test-without-building -xctestrun /private/tmp/voice-repro-a0d8/ios/VoiceKernelDriver/.derived/Build/Products/DriverUITests_iphoneos26.2-arm64.xctestrun -destination id=00008140-00163D9922E0801C -collect-test-diagnostics never "-only-testing:DriverUITests/K00DriverTests/testOneSample"

2026-09-13 21:20:00.363 xcodebuild[17053:28260781] [MT] IDERunDestination: Supported platforms for the buildables in the current scheme is empty.
2026-09-13 21:20:00.366 xcodebuild[17053:28260781] [MT] IDERunDestination: Supported platforms for the buildables in the current scheme is empty.
2026-09-13 21:20:00.464 xcodebuild[17053:28260781] [MT] IDERunDestination: Supported platforms for the buildables in the current scheme is empty.
--- xcodebuild: WARNING: Using the first of multiple matching destinations:
{ platform:iOS, arch:arm64e, id:00008140-00163D9922E0801C, name:Kelly Nezat’s iPhone }
{ platform:iOS, arch:arm64, id:00008140-00163D9922E0801C, name:Kelly Nezat’s iPhone }
2026-09-13 21:20:00.669 xcodebuild[17053:28260781] [MT] IDERunDestination: Supported platforms for the buildables in the current scheme is empty.
2026-09-13 21:20:00.844 xcodebuild[17053:28260781] [MT] IDERunDestination: Supported platforms for the buildables in the current scheme is empty.
2026-09-13 21:20:02.468991-0400 DriverUITests-Runner[62349:13820247] [Default] Running tests...
    t =      nans Interface orientation changed to Portrait
Test Suite 'Selected tests' started at 2026-09-13 21:20:02.933.
Test Suite 'DriverUITests.xctest' started at 2026-09-13 21:20:02.934.
Test Suite 'K00DriverTests' started at 2026-09-13 21:20:02.934.
Test Case '-[DriverUITests.K00DriverTests testOneSample]' started.
    t =     0.00s Start Test at 2026-09-13 21:20:02.935
    t =     0.02s Set Up
    t =     0.02s Open life.soullab.voicekernel.k00
    t =     0.03s     Launch life.soullab.voicekernel.k00
    t =     0.11s         Setting up automation session
    t =     0.18s         Wait for life.soullab.voicekernel.k00 to idle
2026-09-13 21:20:03.144 xcodebuild[17053:28260781] [MT] IDERunDestination: Supported platforms for the buildables in the current scheme is empty.
    t =     1.28s Wait for life.soullab.voicekernel.k00 to become Running Foreground
    t =     1.28s Waiting 10.0s for "Enter conversation" Button to exist
    t =     2.33s     Checking `Expect predicate `existsNoRetry == 1` for object "Enter conversation" Button`
    t =     2.33s         Checking existence of `"Enter conversation" Button`
    t =     2.42s Checking existence of `"Voice processing: ON (default)" Button`
    t =     2.45s Checking existence of `"Voice processing: OFF (control run)" Button`
    t =     2.78s Waiting 3.0s for "Voice processing: ON (default)" Button to exist
    t =     3.78s     Checking `Expect predicate `existsNoRetry == 1` for object "Voice processing: ON (default)" Button`
    t =     3.78s         Checking existence of `"Voice processing: ON (default)" Button`
    t =     3.84s Waiting 5.0s for "Enter conversation" Button to exist
    t =     4.87s     Checking `Expect predicate `existsNoRetry == 1` for object "Enter conversation" Button`
    t =     4.87s         Checking existence of `"Enter conversation" Button`
    t =     4.93s Tap "Enter conversation" Button
    t =     4.93s     Wait for life.soullab.voicekernel.k00 to idle
    t =     4.93s     Find the "Enter conversation" Button
    t =     4.97s     Check for interrupting elements affecting "Enter conversation" Button
    t =     5.01s     Synthesize event
    t =     5.31s     Wait for life.soullab.voicekernel.k00 to idle
    t =    20.32s Waiting 5.0s for "Export journal" Button to exist
    t =    21.36s     Checking `Expect predicate `existsNoRetry == 1` for object "Export journal" Button`
    t =    21.36s         Checking existence of `"Export journal" Button`
    t =    21.40s Tap "Export journal" Button
    t =    21.40s     Wait for life.soullab.voicekernel.k00 to idle
    t =    21.41s     Find the "Export journal" Button
    t =    21.45s     Check for interrupting elements affecting "Export journal" Button
    t =    21.48s     Synthesize event
    t =    21.78s     Wait for life.soullab.voicekernel.k00 to idle
    t =    24.15s Terminate life.soullab.voicekernel.k00:62350
    t =    25.22s Wait for life.soullab.voicekernel.k00 to become Not Running
    t =    25.23s Tear Down
Test Case '-[DriverUITests.K00DriverTests testOneSample]' passed (25.273 seconds).
Test Suite 'K00DriverTests' passed at 2026-09-13 21:20:28.209.
	 Executed 1 test, with 0 failures (0 unexpected) in 25.273 (25.275) seconds
Test Suite 'DriverUITests.xctest' passed at 2026-09-13 21:20:28.218.
	 Executed 1 test, with 0 failures (0 unexpected) in 25.273 (25.284) seconds
Test Suite 'Selected tests' passed at 2026-09-13 21:20:28.220.
	 Executed 1 test, with 0 failures (0 unexpected) in 25.273 (25.287) seconds
2026-09-13 21:20:28.336 xcodebuild[17053:28260781] [MT] IDERunDestination: Supported platforms for the buildables in the current scheme is empty.
2026-09-13 21:20:28.515 xcodebuild[17053:28260781] [MT] IDETestOperationsObserverDebug: 27.844 elapsed -- Testing started completed.
2026-09-13 21:20:28.515 xcodebuild[17053:28260781] [MT] IDETestOperationsObserverDebug: 0.000 sec, +0.000 sec -- start
2026-09-13 21:20:28.515 xcodebuild[17053:28260781] [MT] IDETestOperationsObserverDebug: 27.844 sec, +27.844 sec -- end

Test session results, code coverage, and logs:
	/Users/soullab/Library/Developer/Xcode/DerivedData/VoiceKernelDriver-fbedqoxuuqwlasgnlzglzncpstso/Logs/Test/Test-DriverUITests-2026.09.13_21-20-00--0400.xcresult

** TEST EXECUTE SUCCEEDED **

Testing started
