Command line invocation:
    /Applications/Xcode.app/Contents/Developer/usr/bin/xcodebuild test-without-building -xctestrun /private/tmp/voice-repro-a0d8/ios/VoiceKernelDriver/.derived/Build/Products/DriverUITests_iphoneos26.2-arm64.xctestrun -destination id=00008140-00163D9922E0801C -collect-test-diagnostics never "-only-testing:DriverUITests/K00DriverTests/testOneSample"

2026-09-13 21:23:01.951 xcodebuild[17505:28265547] [MT] IDERunDestination: Supported platforms for the buildables in the current scheme is empty.
2026-09-13 21:23:01.954 xcodebuild[17505:28265547] [MT] IDERunDestination: Supported platforms for the buildables in the current scheme is empty.
2026-09-13 21:23:02.054 xcodebuild[17505:28265547] [MT] IDERunDestination: Supported platforms for the buildables in the current scheme is empty.
--- xcodebuild: WARNING: Using the first of multiple matching destinations:
{ platform:iOS, arch:arm64e, id:00008140-00163D9922E0801C, name:Kelly Nezat’s iPhone }
{ platform:iOS, arch:arm64, id:00008140-00163D9922E0801C, name:Kelly Nezat’s iPhone }
2026-09-13 21:23:02.279 xcodebuild[17505:28265547] [MT] IDERunDestination: Supported platforms for the buildables in the current scheme is empty.
2026-09-13 21:23:02.467 xcodebuild[17505:28265547] [MT] IDERunDestination: Supported platforms for the buildables in the current scheme is empty.
2026-09-13 21:23:04.046158-0400 DriverUITests-Runner[62376:13827023] [Default] Running tests...
    t =      nans Interface orientation changed to Portrait
Test Suite 'Selected tests' started at 2026-09-13 21:23:04.527.
Test Suite 'DriverUITests.xctest' started at 2026-09-13 21:23:04.528.
Test Suite 'K00DriverTests' started at 2026-09-13 21:23:04.528.
Test Case '-[DriverUITests.K00DriverTests testOneSample]' started.
    t =     0.00s Start Test at 2026-09-13 21:23:04.529
    t =     0.02s Set Up
    t =     0.02s Open life.soullab.voicekernel.k00
    t =     0.03s     Launch life.soullab.voicekernel.k00
    t =     0.08s         Setting up automation session
    t =     0.19s         Wait for life.soullab.voicekernel.k00 to idle
2026-09-13 21:23:04.735 xcodebuild[17505:28265547] [MT] IDERunDestination: Supported platforms for the buildables in the current scheme is empty.
    t =     1.29s Wait for life.soullab.voicekernel.k00 to become Running Foreground
    t =     1.29s Waiting 10.0s for "Enter conversation" Button to exist
    t =     2.32s     Checking `Expect predicate `existsNoRetry == 1` for object "Enter conversation" Button`
    t =     2.32s         Checking existence of `"Enter conversation" Button`
    t =     2.42s Checking existence of `"Voice processing: ON (default)" Button`
    t =     2.44s Checking existence of `"Voice processing: OFF (control run)" Button`
    t =     2.76s Waiting 3.0s for "Voice processing: ON (default)" Button to exist
    t =     3.77s     Checking `Expect predicate `existsNoRetry == 1` for object "Voice processing: ON (default)" Button`
    t =     3.77s         Checking existence of `"Voice processing: ON (default)" Button`
    t =     3.84s Waiting 5.0s for "Enter conversation" Button to exist
    t =     4.84s     Checking `Expect predicate `existsNoRetry == 1` for object "Enter conversation" Button`
    t =     4.84s         Checking existence of `"Enter conversation" Button`
    t =     4.90s Tap "Enter conversation" Button
    t =     4.90s     Wait for life.soullab.voicekernel.k00 to idle
    t =     4.90s     Find the "Enter conversation" Button
    t =     4.94s     Check for interrupting elements affecting "Enter conversation" Button
    t =     4.98s     Synthesize event
    t =     5.28s     Wait for life.soullab.voicekernel.k00 to idle
    t =    20.29s Waiting 5.0s for "Export journal" Button to exist
    t =    21.32s     Checking `Expect predicate `existsNoRetry == 1` for object "Export journal" Button`
    t =    21.32s         Checking existence of `"Export journal" Button`
    t =    21.39s Tap "Export journal" Button
    t =    21.39s     Wait for life.soullab.voicekernel.k00 to idle
    t =    21.39s     Find the "Export journal" Button
    t =    21.43s     Check for interrupting elements affecting "Export journal" Button
    t =    21.47s     Synthesize event
    t =    21.88s     Wait for life.soullab.voicekernel.k00 to idle
    t =    24.10s Terminate life.soullab.voicekernel.k00:62377
    t =    25.19s Wait for life.soullab.voicekernel.k00 to become Not Running
    t =    25.19s Tear Down
Test Case '-[DriverUITests.K00DriverTests testOneSample]' passed (25.246 seconds).
Test Suite 'K00DriverTests' passed at 2026-09-13 21:23:29.778.
	 Executed 1 test, with 0 failures (0 unexpected) in 25.246 (25.250) seconds
Test Suite 'DriverUITests.xctest' passed at 2026-09-13 21:23:29.781.
	 Executed 1 test, with 0 failures (0 unexpected) in 25.246 (25.253) seconds
Test Suite 'Selected tests' passed at 2026-09-13 21:23:29.782.
	 Executed 1 test, with 0 failures (0 unexpected) in 25.246 (25.254) seconds
2026-09-13 21:23:29.956 xcodebuild[17505:28265547] [MT] IDERunDestination: Supported platforms for the buildables in the current scheme is empty.
2026-09-13 21:23:30.111 xcodebuild[17505:28265547] [MT] IDETestOperationsObserverDebug: 27.831 elapsed -- Testing started completed.
2026-09-13 21:23:30.111 xcodebuild[17505:28265547] [MT] IDETestOperationsObserverDebug: 0.000 sec, +0.000 sec -- start
2026-09-13 21:23:30.111 xcodebuild[17505:28265547] [MT] IDETestOperationsObserverDebug: 27.831 sec, +27.831 sec -- end

Test session results, code coverage, and logs:
	/Users/soullab/Library/Developer/Xcode/DerivedData/VoiceKernelDriver-gggtuxjufxxahugkmrdoeazuadul/Logs/Test/Test-DriverUITests-2026.09.13_21-23-02--0400.xcresult

** TEST EXECUTE SUCCEEDED **

Testing started
