Command line invocation:
    /Applications/Xcode.app/Contents/Developer/usr/bin/xcodebuild test-without-building -xctestrun /private/tmp/voice-repro-a0d8/ios/VoiceKernelDriver/.derived/Build/Products/DriverUITests_iphoneos26.2-arm64.xctestrun -destination id=00008140-00163D9922E0801C -collect-test-diagnostics never "-only-testing:DriverUITests/K00DriverTests/testOneSample"

2026-09-13 21:25:38.942 xcodebuild[17947:28270381] [MT] IDERunDestination: Supported platforms for the buildables in the current scheme is empty.
2026-09-13 21:25:38.945 xcodebuild[17947:28270381] [MT] IDERunDestination: Supported platforms for the buildables in the current scheme is empty.
2026-09-13 21:25:39.045 xcodebuild[17947:28270381] [MT] IDERunDestination: Supported platforms for the buildables in the current scheme is empty.
--- xcodebuild: WARNING: Using the first of multiple matching destinations:
{ platform:iOS, arch:arm64e, id:00008140-00163D9922E0801C, name:Kelly Nezat’s iPhone }
{ platform:iOS, arch:arm64, id:00008140-00163D9922E0801C, name:Kelly Nezat’s iPhone }
2026-09-13 21:25:39.296 xcodebuild[17947:28270381] [MT] IDERunDestination: Supported platforms for the buildables in the current scheme is empty.
2026-09-13 21:25:39.510 xcodebuild[17947:28270381] [MT] IDERunDestination: Supported platforms for the buildables in the current scheme is empty.
2026-09-13 21:25:40.975929-0400 DriverUITests-Runner[62396:13832995] [Default] Running tests...
    t =      nans Interface orientation changed to Portrait
Test Suite 'Selected tests' started at 2026-09-13 21:25:41.444.
Test Suite 'DriverUITests.xctest' started at 2026-09-13 21:25:41.445.
Test Suite 'K00DriverTests' started at 2026-09-13 21:25:41.445.
Test Case '-[DriverUITests.K00DriverTests testOneSample]' started.
    t =     0.00s Start Test at 2026-09-13 21:25:41.446
    t =     0.02s Set Up
    t =     0.02s Open life.soullab.voicekernel.k00
    t =     0.02s     Launch life.soullab.voicekernel.k00
    t =     0.12s         Setting up automation session
    t =     0.18s         Wait for life.soullab.voicekernel.k00 to idle
2026-09-13 21:25:41.635 xcodebuild[17947:28270381] [MT] IDERunDestination: Supported platforms for the buildables in the current scheme is empty.
    t =     1.28s Wait for life.soullab.voicekernel.k00 to become Running Foreground
    t =     1.28s Waiting 10.0s for "Enter conversation" Button to exist
    t =     2.29s     Checking `Expect predicate `existsNoRetry == 1` for object "Enter conversation" Button`
    t =     2.29s         Checking existence of `"Enter conversation" Button`
    t =     2.38s Checking existence of `"Voice processing: ON (default)" Button`
    t =     2.41s Checking existence of `"Voice processing: OFF (control run)" Button`
    t =     2.73s Waiting 3.0s for "Voice processing: ON (default)" Button to exist
    t =     3.74s     Checking `Expect predicate `existsNoRetry == 1` for object "Voice processing: ON (default)" Button`
    t =     3.74s         Checking existence of `"Voice processing: ON (default)" Button`
    t =     3.80s Waiting 5.0s for "Enter conversation" Button to exist
    t =     4.80s     Checking `Expect predicate `existsNoRetry == 1` for object "Enter conversation" Button`
    t =     4.80s         Checking existence of `"Enter conversation" Button`
    t =     4.87s Tap "Enter conversation" Button
    t =     4.87s     Wait for life.soullab.voicekernel.k00 to idle
    t =     4.87s     Find the "Enter conversation" Button
    t =     4.91s     Check for interrupting elements affecting "Enter conversation" Button
    t =     4.95s     Synthesize event
    t =     5.25s     Wait for life.soullab.voicekernel.k00 to idle
    t =    20.27s Waiting 5.0s for "Export journal" Button to exist
    t =    21.31s     Checking `Expect predicate `existsNoRetry == 1` for object "Export journal" Button`
    t =    21.31s         Checking existence of `"Export journal" Button`
    t =    21.38s Tap "Export journal" Button
    t =    21.38s     Wait for life.soullab.voicekernel.k00 to idle
    t =    21.38s     Find the "Export journal" Button
    t =    21.43s     Check for interrupting elements affecting "Export journal" Button
    t =    21.47s     Synthesize event
    t =    21.78s     Wait for life.soullab.voicekernel.k00 to idle
    t =    24.00s Terminate life.soullab.voicekernel.k00:62397
    t =    25.07s Wait for life.soullab.voicekernel.k00 to become Not Running
    t =    25.07s Tear Down
Test Case '-[DriverUITests.K00DriverTests testOneSample]' passed (25.125 seconds).
Test Suite 'K00DriverTests' passed at 2026-09-13 21:26:06.571.
	 Executed 1 test, with 0 failures (0 unexpected) in 25.125 (25.126) seconds
Test Suite 'DriverUITests.xctest' passed at 2026-09-13 21:26:06.571.
	 Executed 1 test, with 0 failures (0 unexpected) in 25.125 (25.126) seconds
Test Suite 'Selected tests' passed at 2026-09-13 21:26:06.573.
	 Executed 1 test, with 0 failures (0 unexpected) in 25.125 (25.128) seconds
2026-09-13 21:26:06.699 xcodebuild[17947:28270381] [MT] IDERunDestination: Supported platforms for the buildables in the current scheme is empty.
2026-09-13 21:26:06.874 xcodebuild[17947:28270381] [MT] IDETestOperationsObserverDebug: 27.577 elapsed -- Testing started completed.
2026-09-13 21:26:06.875 xcodebuild[17947:28270381] [MT] IDETestOperationsObserverDebug: 0.000 sec, +0.000 sec -- start
2026-09-13 21:26:06.875 xcodebuild[17947:28270381] [MT] IDETestOperationsObserverDebug: 27.577 sec, +27.577 sec -- end

Test session results, code coverage, and logs:
	/Users/soullab/Library/Developer/Xcode/DerivedData/VoiceKernelDriver-gxfndyfbtlxnfhdwfblnsqqkrdvd/Logs/Test/Test-DriverUITests-2026.09.13_21-25-39--0400.xcresult

** TEST EXECUTE SUCCEEDED **

Testing started
