Command line invocation:
    /Applications/Xcode.app/Contents/Developer/usr/bin/xcodebuild test-without-building -xctestrun /private/tmp/voice-repro-a0d8/ios/VoiceKernelDriver/.derived/Build/Products/DriverUITests_iphoneos26.2-arm64.xctestrun -destination id=00008140-00163D9922E0801C -collect-test-diagnostics never "-only-testing:DriverUITests/K00DriverTests/testOneSample"

2026-09-13 21:23:32.939 xcodebuild[17592:28266555] [MT] IDERunDestination: Supported platforms for the buildables in the current scheme is empty.
2026-09-13 21:23:32.942 xcodebuild[17592:28266555] [MT] IDERunDestination: Supported platforms for the buildables in the current scheme is empty.
2026-09-13 21:23:33.041 xcodebuild[17592:28266555] [MT] IDERunDestination: Supported platforms for the buildables in the current scheme is empty.
--- xcodebuild: WARNING: Using the first of multiple matching destinations:
{ platform:iOS, arch:arm64e, id:00008140-00163D9922E0801C, name:Kelly Nezat’s iPhone }
{ platform:iOS, arch:arm64, id:00008140-00163D9922E0801C, name:Kelly Nezat’s iPhone }
2026-09-13 21:23:33.263 xcodebuild[17592:28266555] [MT] IDERunDestination: Supported platforms for the buildables in the current scheme is empty.
2026-09-13 21:23:33.441 xcodebuild[17592:28266555] [MT] IDERunDestination: Supported platforms for the buildables in the current scheme is empty.
2026-09-13 21:23:34.955495-0400 DriverUITests-Runner[62379:13828238] [Default] Running tests...
    t =      nans Interface orientation changed to Portrait
Test Suite 'Selected tests' started at 2026-09-13 21:23:35.424.
Test Suite 'DriverUITests.xctest' started at 2026-09-13 21:23:35.425.
Test Suite 'K00DriverTests' started at 2026-09-13 21:23:35.425.
Test Case '-[DriverUITests.K00DriverTests testOneSample]' started.
    t =     0.00s Start Test at 2026-09-13 21:23:35.426
    t =     0.02s Set Up
    t =     0.02s Open life.soullab.voicekernel.k00
    t =     0.02s     Launch life.soullab.voicekernel.k00
    t =     0.11s         Setting up automation session
    t =     0.18s         Wait for life.soullab.voicekernel.k00 to idle
2026-09-13 21:23:35.647 xcodebuild[17592:28266555] [MT] IDERunDestination: Supported platforms for the buildables in the current scheme is empty.
    t =     1.29s Wait for life.soullab.voicekernel.k00 to become Running Foreground
    t =     1.29s Waiting 10.0s for "Enter conversation" Button to exist
    t =     2.34s     Checking `Expect predicate `existsNoRetry == 1` for object "Enter conversation" Button`
    t =     2.34s         Checking existence of `"Enter conversation" Button`
    t =     2.44s Checking existence of `"Voice processing: ON (default)" Button`
    t =     2.46s Checking existence of `"Voice processing: OFF (control run)" Button`
    t =     2.79s Waiting 3.0s for "Voice processing: ON (default)" Button to exist
    t =     3.82s     Checking `Expect predicate `existsNoRetry == 1` for object "Voice processing: ON (default)" Button`
    t =     3.83s         Checking existence of `"Voice processing: ON (default)" Button`
    t =     3.89s Waiting 5.0s for "Enter conversation" Button to exist
    t =     4.92s     Checking `Expect predicate `existsNoRetry == 1` for object "Enter conversation" Button`
    t =     4.93s         Checking existence of `"Enter conversation" Button`
    t =     4.99s Tap "Enter conversation" Button
    t =     4.99s     Wait for life.soullab.voicekernel.k00 to idle
    t =     4.99s     Find the "Enter conversation" Button
    t =     5.03s     Check for interrupting elements affecting "Enter conversation" Button
    t =     5.08s     Synthesize event
    t =     5.37s     Wait for life.soullab.voicekernel.k00 to idle
    t =    20.38s Waiting 5.0s for "Export journal" Button to exist
    t =    21.41s     Checking `Expect predicate `existsNoRetry == 1` for object "Export journal" Button`
    t =    21.41s         Checking existence of `"Export journal" Button`
    t =    21.47s Tap "Export journal" Button
    t =    21.47s     Wait for life.soullab.voicekernel.k00 to idle
    t =    21.48s     Find the "Export journal" Button
    t =    21.51s     Check for interrupting elements affecting "Export journal" Button
    t =    21.70s     Synthesize event
    t =    22.00s     Wait for life.soullab.voicekernel.k00 to idle
    t =    24.24s Terminate life.soullab.voicekernel.k00:62380
    t =    25.30s Wait for life.soullab.voicekernel.k00 to become Not Running
    t =    25.30s Tear Down
Test Case '-[DriverUITests.K00DriverTests testOneSample]' passed (25.341 seconds).
Test Suite 'K00DriverTests' passed at 2026-09-13 21:24:00.768.
	 Executed 1 test, with 0 failures (0 unexpected) in 25.341 (25.342) seconds
Test Suite 'DriverUITests.xctest' passed at 2026-09-13 21:24:00.774.
	 Executed 1 test, with 0 failures (0 unexpected) in 25.341 (25.349) seconds
Test Suite 'Selected tests' passed at 2026-09-13 21:24:00.774.
	 Executed 1 test, with 0 failures (0 unexpected) in 25.341 (25.350) seconds
2026-09-13 21:24:00.927 xcodebuild[17592:28266555] [MT] IDERunDestination: Supported platforms for the buildables in the current scheme is empty.
2026-09-13 21:24:01.102 xcodebuild[17592:28266555] [MT] IDETestOperationsObserverDebug: 27.838 elapsed -- Testing started completed.
2026-09-13 21:24:01.102 xcodebuild[17592:28266555] [MT] IDETestOperationsObserverDebug: 0.000 sec, +0.000 sec -- start
2026-09-13 21:24:01.102 xcodebuild[17592:28266555] [MT] IDETestOperationsObserverDebug: 27.838 sec, +27.838 sec -- end

Test session results, code coverage, and logs:
	/Users/soullab/Library/Developer/Xcode/DerivedData/VoiceKernelDriver-fmeumgdoczoxzfcisesxcfdejaau/Logs/Test/Test-DriverUITests-2026.09.13_21-23-33--0400.xcresult

** TEST EXECUTE SUCCEEDED **

Testing started
