Command line invocation:
    /Applications/Xcode.app/Contents/Developer/usr/bin/xcodebuild test-without-building -xctestrun /private/tmp/voice-repro-a0d8/ios/VoiceKernelDriver/.derived/Build/Products/DriverUITests_iphoneos26.2-arm64.xctestrun -destination id=00008140-00163D9922E0801C -collect-test-diagnostics never "-only-testing:DriverUITests/K00DriverTests/testOneSample"

2026-09-13 21:24:35.716 xcodebuild[17732:28268048] [MT] IDERunDestination: Supported platforms for the buildables in the current scheme is empty.
2026-09-13 21:24:35.719 xcodebuild[17732:28268048] [MT] IDERunDestination: Supported platforms for the buildables in the current scheme is empty.
2026-09-13 21:24:35.819 xcodebuild[17732:28268048] [MT] IDERunDestination: Supported platforms for the buildables in the current scheme is empty.
--- xcodebuild: WARNING: Using the first of multiple matching destinations:
{ platform:iOS, arch:arm64e, id:00008140-00163D9922E0801C, name:Kelly Nezat’s iPhone }
{ platform:iOS, arch:arm64, id:00008140-00163D9922E0801C, name:Kelly Nezat’s iPhone }
2026-09-13 21:24:36.050 xcodebuild[17732:28268048] [MT] IDERunDestination: Supported platforms for the buildables in the current scheme is empty.
2026-09-13 21:24:36.239 xcodebuild[17732:28268048] [MT] IDERunDestination: Supported platforms for the buildables in the current scheme is empty.
2026-09-13 21:24:37.788885-0400 DriverUITests-Runner[62388:13830629] [Default] Running tests...
    t =      nans Interface orientation changed to Portrait
Test Suite 'Selected tests' started at 2026-09-13 21:24:38.262.
Test Suite 'DriverUITests.xctest' started at 2026-09-13 21:24:38.263.
Test Suite 'K00DriverTests' started at 2026-09-13 21:24:38.263.
Test Case '-[DriverUITests.K00DriverTests testOneSample]' started.
    t =     0.00s Start Test at 2026-09-13 21:24:38.264
    t =     0.02s Set Up
    t =     0.02s Open life.soullab.voicekernel.k00
    t =     0.02s     Launch life.soullab.voicekernel.k00
    t =     0.11s         Setting up automation session
    t =     0.18s         Wait for life.soullab.voicekernel.k00 to idle
2026-09-13 21:24:38.476 xcodebuild[17732:28268048] [MT] IDERunDestination: Supported platforms for the buildables in the current scheme is empty.
    t =     1.28s Wait for life.soullab.voicekernel.k00 to become Running Foreground
    t =     1.28s Waiting 10.0s for "Enter conversation" Button to exist
    t =     2.29s     Checking `Expect predicate `existsNoRetry == 1` for object "Enter conversation" Button`
    t =     2.29s         Checking existence of `"Enter conversation" Button`
    t =     2.38s Checking existence of `"Voice processing: ON (default)" Button`
    t =     2.41s Checking existence of `"Voice processing: OFF (control run)" Button`
    t =     2.73s Waiting 3.0s for "Voice processing: ON (default)" Button to exist
    t =     3.75s     Checking `Expect predicate `existsNoRetry == 1` for object "Voice processing: ON (default)" Button`
    t =     3.75s         Checking existence of `"Voice processing: ON (default)" Button`
    t =     3.82s Waiting 5.0s for "Enter conversation" Button to exist
    t =     4.82s     Checking `Expect predicate `existsNoRetry == 1` for object "Enter conversation" Button`
    t =     4.82s         Checking existence of `"Enter conversation" Button`
    t =     4.88s Tap "Enter conversation" Button
    t =     4.88s     Wait for life.soullab.voicekernel.k00 to idle
    t =     4.88s     Find the "Enter conversation" Button
    t =     4.92s     Check for interrupting elements affecting "Enter conversation" Button
    t =     4.96s     Synthesize event
    t =     5.26s     Wait for life.soullab.voicekernel.k00 to idle
    t =    20.28s Waiting 5.0s for "Export journal" Button to exist
    t =    21.29s     Checking `Expect predicate `existsNoRetry == 1` for object "Export journal" Button`
    t =    21.29s         Checking existence of `"Export journal" Button`
    t =    21.36s Tap "Export journal" Button
    t =    21.36s     Wait for life.soullab.voicekernel.k00 to idle
    t =    21.37s     Find the "Export journal" Button
    t =    21.40s     Check for interrupting elements affecting "Export journal" Button
    t =    21.46s     Synthesize event
    t =    21.77s     Wait for life.soullab.voicekernel.k00 to idle
    t =    23.98s Terminate life.soullab.voicekernel.k00:62389
    t =    25.05s Wait for life.soullab.voicekernel.k00 to become Not Running
    t =    25.05s Tear Down
Test Case '-[DriverUITests.K00DriverTests testOneSample]' passed (25.103 seconds).
Test Suite 'K00DriverTests' passed at 2026-09-13 21:25:03.368.
	 Executed 1 test, with 0 failures (0 unexpected) in 25.103 (25.105) seconds
Test Suite 'DriverUITests.xctest' passed at 2026-09-13 21:25:03.372.
	 Executed 1 test, with 0 failures (0 unexpected) in 25.103 (25.109) seconds
Test Suite 'Selected tests' passed at 2026-09-13 21:25:03.375.
	 Executed 1 test, with 0 failures (0 unexpected) in 25.103 (25.113) seconds
2026-09-13 21:25:03.509 xcodebuild[17732:28268048] [MT] IDERunDestination: Supported platforms for the buildables in the current scheme is empty.
2026-09-13 21:25:03.713 xcodebuild[17732:28268048] [MT] IDETestOperationsObserverDebug: 27.662 elapsed -- Testing started completed.
2026-09-13 21:25:03.713 xcodebuild[17732:28268048] [MT] IDETestOperationsObserverDebug: 0.000 sec, +0.000 sec -- start
2026-09-13 21:25:03.714 xcodebuild[17732:28268048] [MT] IDETestOperationsObserverDebug: 27.662 sec, +27.662 sec -- end

Test session results, code coverage, and logs:
	/Users/soullab/Library/Developer/Xcode/DerivedData/VoiceKernelDriver-dmnbzqzgyculgnewfcaphcvqbxnf/Logs/Test/Test-DriverUITests-2026.09.13_21-24-35--0400.xcresult

** TEST EXECUTE SUCCEEDED **

Testing started
