Command line invocation:
    /Applications/Xcode.app/Contents/Developer/usr/bin/xcodebuild test-without-building -xctestrun /private/tmp/voice-repro-a0d8/ios/VoiceKernelDriver/.derived/Build/Products/DriverUITests_iphoneos26.2-arm64.xctestrun -destination id=00008140-00163D9922E0801C -collect-test-diagnostics never "-only-testing:DriverUITests/K00DriverTests/testOneSample"

2026-09-13 21:25:07.045 xcodebuild[17793:28269093] [MT] IDERunDestination: Supported platforms for the buildables in the current scheme is empty.
2026-09-13 21:25:07.048 xcodebuild[17793:28269093] [MT] IDERunDestination: Supported platforms for the buildables in the current scheme is empty.
2026-09-13 21:25:07.147 xcodebuild[17793:28269093] [MT] IDERunDestination: Supported platforms for the buildables in the current scheme is empty.
--- xcodebuild: WARNING: Using the first of multiple matching destinations:
{ platform:iOS, arch:arm64e, id:00008140-00163D9922E0801C, name:Kelly Nezat’s iPhone }
{ platform:iOS, arch:arm64, id:00008140-00163D9922E0801C, name:Kelly Nezat’s iPhone }
2026-09-13 21:25:07.377 xcodebuild[17793:28269093] [MT] IDERunDestination: Supported platforms for the buildables in the current scheme is empty.
2026-09-13 21:25:07.556 xcodebuild[17793:28269093] [MT] IDERunDestination: Supported platforms for the buildables in the current scheme is empty.
2026-09-13 21:25:09.119506-0400 DriverUITests-Runner[62392:13831902] [Default] Running tests...
    t =      nans Interface orientation changed to Portrait
Test Suite 'Selected tests' started at 2026-09-13 21:25:09.595.
Test Suite 'DriverUITests.xctest' started at 2026-09-13 21:25:09.596.
Test Suite 'K00DriverTests' started at 2026-09-13 21:25:09.596.
Test Case '-[DriverUITests.K00DriverTests testOneSample]' started.
    t =     0.00s Start Test at 2026-09-13 21:25:09.597
    t =     0.02s Set Up
    t =     0.03s Open life.soullab.voicekernel.k00
    t =     0.03s     Launch life.soullab.voicekernel.k00
    t =     0.11s         Setting up automation session
    t =     0.19s         Wait for life.soullab.voicekernel.k00 to idle
2026-09-13 21:25:09.819 xcodebuild[17793:28269093] [MT] IDERunDestination: Supported platforms for the buildables in the current scheme is empty.
    t =     1.28s Wait for life.soullab.voicekernel.k00 to become Running Foreground
    t =     1.28s Waiting 10.0s for "Enter conversation" Button to exist
    t =     2.29s     Checking `Expect predicate `existsNoRetry == 1` for object "Enter conversation" Button`
    t =     2.29s         Checking existence of `"Enter conversation" Button`
    t =     2.38s Checking existence of `"Voice processing: ON (default)" Button`
    t =     2.41s Checking existence of `"Voice processing: OFF (control run)" Button`
    t =     2.74s Waiting 3.0s for "Voice processing: ON (default)" Button to exist
    t =     3.74s     Checking `Expect predicate `existsNoRetry == 1` for object "Voice processing: ON (default)" Button`
    t =     3.74s         Checking existence of `"Voice processing: ON (default)" Button`
    t =     3.81s Waiting 5.0s for "Enter conversation" Button to exist
    t =     4.81s     Checking `Expect predicate `existsNoRetry == 1` for object "Enter conversation" Button`
    t =     4.81s         Checking existence of `"Enter conversation" Button`
    t =     4.88s Tap "Enter conversation" Button
    t =     4.88s     Wait for life.soullab.voicekernel.k00 to idle
    t =     4.88s     Find the "Enter conversation" Button
    t =     4.92s     Check for interrupting elements affecting "Enter conversation" Button
    t =     4.96s     Synthesize event
    t =     5.26s     Wait for life.soullab.voicekernel.k00 to idle
    t =    20.27s Waiting 5.0s for "Export journal" Button to exist
    t =    21.31s     Checking `Expect predicate `existsNoRetry == 1` for object "Export journal" Button`
    t =    21.31s         Checking existence of `"Export journal" Button`
    t =    21.37s Tap "Export journal" Button
    t =    21.37s     Wait for life.soullab.voicekernel.k00 to idle
    t =    21.38s     Find the "Export journal" Button
    t =    21.41s     Check for interrupting elements affecting "Export journal" Button
    t =    21.46s     Synthesize event
    t =    21.77s     Wait for life.soullab.voicekernel.k00 to idle
    t =    24.20s Terminate life.soullab.voicekernel.k00:62393
    t =    25.28s Wait for life.soullab.voicekernel.k00 to become Not Running
    t =    25.28s Tear Down
Test Case '-[DriverUITests.K00DriverTests testOneSample]' passed (25.338 seconds).
Test Suite 'K00DriverTests' passed at 2026-09-13 21:25:34.949.
	 Executed 1 test, with 0 failures (0 unexpected) in 25.338 (25.353) seconds
Test Suite 'DriverUITests.xctest' passed at 2026-09-13 21:25:34.950.
	 Executed 1 test, with 0 failures (0 unexpected) in 25.338 (25.354) seconds
Test Suite 'Selected tests' passed at 2026-09-13 21:25:34.951.
	 Executed 1 test, with 0 failures (0 unexpected) in 25.338 (25.355) seconds
2026-09-13 21:25:35.074 xcodebuild[17793:28269093] [MT] IDERunDestination: Supported platforms for the buildables in the current scheme is empty.
2026-09-13 21:25:35.255 xcodebuild[17793:28269093] [MT] IDETestOperationsObserverDebug: 27.877 elapsed -- Testing started completed.
2026-09-13 21:25:35.255 xcodebuild[17793:28269093] [MT] IDETestOperationsObserverDebug: 0.000 sec, +0.000 sec -- start
2026-09-13 21:25:35.255 xcodebuild[17793:28269093] [MT] IDETestOperationsObserverDebug: 27.877 sec, +27.877 sec -- end

Test session results, code coverage, and logs:
	/Users/soullab/Library/Developer/Xcode/DerivedData/VoiceKernelDriver-ffnxiapbsacinucmztprqafclusz/Logs/Test/Test-DriverUITests-2026.09.13_21-25-07--0400.xcresult

** TEST EXECUTE SUCCEEDED **

Testing started
