Command line invocation:
    /Applications/Xcode.app/Contents/Developer/usr/bin/xcodebuild test-without-building -xctestrun /private/tmp/voice-repro-a0d8/ios/VoiceKernelDriver/.derived/Build/Products/DriverUITests_iphoneos26.2-arm64.xctestrun -destination id=00008140-00163D9922E0801C -collect-test-diagnostics never "-only-testing:DriverUITests/K00DriverTests/testOneSample"

2026-09-13 21:22:31.242 xcodebuild[17447:28264815] [MT] IDERunDestination: Supported platforms for the buildables in the current scheme is empty.
2026-09-13 21:22:31.245 xcodebuild[17447:28264815] [MT] IDERunDestination: Supported platforms for the buildables in the current scheme is empty.
2026-09-13 21:22:31.343 xcodebuild[17447:28264815] [MT] IDERunDestination: Supported platforms for the buildables in the current scheme is empty.
--- xcodebuild: WARNING: Using the first of multiple matching destinations:
{ platform:iOS, arch:arm64e, id:00008140-00163D9922E0801C, name:Kelly Nezat’s iPhone }
{ platform:iOS, arch:arm64, id:00008140-00163D9922E0801C, name:Kelly Nezat’s iPhone }
2026-09-13 21:22:31.557 xcodebuild[17447:28264815] [MT] IDERunDestination: Supported platforms for the buildables in the current scheme is empty.
2026-09-13 21:22:31.732 xcodebuild[17447:28264815] [MT] IDERunDestination: Supported platforms for the buildables in the current scheme is empty.
2026-09-13 21:22:33.271276-0400 DriverUITests-Runner[62364:13825722] [Default] Running tests...
    t =      nans Interface orientation changed to Portrait
Test Suite 'Selected tests' started at 2026-09-13 21:22:33.742.
Test Suite 'DriverUITests.xctest' started at 2026-09-13 21:22:33.742.
Test Suite 'K00DriverTests' started at 2026-09-13 21:22:33.743.
Test Case '-[DriverUITests.K00DriverTests testOneSample]' started.
    t =     0.00s Start Test at 2026-09-13 21:22:33.743
    t =     0.01s Set Up
    t =     0.01s Open life.soullab.voicekernel.k00
    t =     0.01s     Launch life.soullab.voicekernel.k00
    t =     0.08s         Setting up automation session
    t =     0.17s         Wait for life.soullab.voicekernel.k00 to idle
2026-09-13 21:22:33.956 xcodebuild[17447:28264815] [MT] IDERunDestination: Supported platforms for the buildables in the current scheme is empty.
    t =     1.28s Wait for life.soullab.voicekernel.k00 to become Running Foreground
    t =     1.29s Waiting 10.0s for "Enter conversation" Button to exist
    t =     2.32s     Checking `Expect predicate `existsNoRetry == 1` for object "Enter conversation" Button`
    t =     2.32s         Checking existence of `"Enter conversation" Button`
    t =     2.41s Checking existence of `"Voice processing: ON (default)" Button`
    t =     2.44s Checking existence of `"Voice processing: OFF (control run)" Button`
    t =     2.76s Waiting 3.0s for "Voice processing: ON (default)" Button to exist
    t =     3.76s     Checking `Expect predicate `existsNoRetry == 1` for object "Voice processing: ON (default)" Button`
    t =     3.76s         Checking existence of `"Voice processing: ON (default)" Button`
    t =     3.82s Waiting 5.0s for "Enter conversation" Button to exist
    t =     4.85s     Checking `Expect predicate `existsNoRetry == 1` for object "Enter conversation" Button`
    t =     4.85s         Checking existence of `"Enter conversation" Button`
    t =     4.90s Tap "Enter conversation" Button
    t =     4.90s     Wait for life.soullab.voicekernel.k00 to idle
    t =     4.91s     Find the "Enter conversation" Button
    t =     4.95s     Check for interrupting elements affecting "Enter conversation" Button
    t =     4.98s     Synthesize event
    t =     5.27s     Wait for life.soullab.voicekernel.k00 to idle
    t =    20.29s Waiting 5.0s for "Export journal" Button to exist
    t =    21.30s     Checking `Expect predicate `existsNoRetry == 1` for object "Export journal" Button`
    t =    21.31s         Checking existence of `"Export journal" Button`
    t =    21.37s Tap "Export journal" Button
    t =    21.37s     Wait for life.soullab.voicekernel.k00 to idle
    t =    21.38s     Find the "Export journal" Button
    t =    21.41s     Check for interrupting elements affecting "Export journal" Button
    t =    21.45s     Synthesize event
    t =    21.74s     Wait for life.soullab.voicekernel.k00 to idle
    t =    24.14s Terminate life.soullab.voicekernel.k00:62365
    t =    25.17s Wait for life.soullab.voicekernel.k00 to become Not Running
    t =    25.17s Tear Down
Test Case '-[DriverUITests.K00DriverTests testOneSample]' passed (25.231 seconds).
Test Suite 'K00DriverTests' passed at 2026-09-13 21:22:58.976.
	 Executed 1 test, with 0 failures (0 unexpected) in 25.231 (25.234) seconds
Test Suite 'DriverUITests.xctest' passed at 2026-09-13 21:22:58.977.
	 Executed 1 test, with 0 failures (0 unexpected) in 25.231 (25.234) seconds
Test Suite 'Selected tests' passed at 2026-09-13 21:22:58.978.
	 Executed 1 test, with 0 failures (0 unexpected) in 25.231 (25.236) seconds
2026-09-13 21:22:59.123 xcodebuild[17447:28264815] [MT] IDERunDestination: Supported platforms for the buildables in the current scheme is empty.
2026-09-13 21:22:59.315 xcodebuild[17447:28264815] [MT] IDETestOperationsObserverDebug: 27.757 elapsed -- Testing started completed.
2026-09-13 21:22:59.315 xcodebuild[17447:28264815] [MT] IDETestOperationsObserverDebug: 0.000 sec, +0.000 sec -- start
2026-09-13 21:22:59.315 xcodebuild[17447:28264815] [MT] IDETestOperationsObserverDebug: 27.757 sec, +27.757 sec -- end

Test session results, code coverage, and logs:
	/Users/soullab/Library/Developer/Xcode/DerivedData/VoiceKernelDriver-ggbseskugndivwgdexvovtypwtog/Logs/Test/Test-DriverUITests-2026.09.13_21-22-31--0400.xcresult

** TEST EXECUTE SUCCEEDED **

Testing started
