Command line invocation:
    /Applications/Xcode.app/Contents/Developer/usr/bin/xcodebuild test-without-building -xctestrun /private/tmp/voice-repro-a0d8/ios/VoiceKernelDriver/.derived/Build/Products/DriverUITests_iphoneos26.2-arm64.xctestrun -destination id=00008140-00163D9922E0801C -collect-test-diagnostics never "-only-testing:DriverUITests/K00DriverTests/testOneSample"

2026-09-13 21:22:00.814 xcodebuild[17363:28263939] [MT] IDERunDestination: Supported platforms for the buildables in the current scheme is empty.
2026-09-13 21:22:00.817 xcodebuild[17363:28263939] [MT] IDERunDestination: Supported platforms for the buildables in the current scheme is empty.
2026-09-13 21:22:00.916 xcodebuild[17363:28263939] [MT] IDERunDestination: Supported platforms for the buildables in the current scheme is empty.
--- xcodebuild: WARNING: Using the first of multiple matching destinations:
{ platform:iOS, arch:arm64e, id:00008140-00163D9922E0801C, name:Kelly Nezat’s iPhone }
{ platform:iOS, arch:arm64, id:00008140-00163D9922E0801C, name:Kelly Nezat’s iPhone }
2026-09-13 21:22:01.127 xcodebuild[17363:28263939] [MT] IDERunDestination: Supported platforms for the buildables in the current scheme is empty.
2026-09-13 21:22:01.304 xcodebuild[17363:28263939] [MT] IDERunDestination: Supported platforms for the buildables in the current scheme is empty.
2026-09-13 21:22:02.900534-0400 DriverUITests-Runner[62361:13824633] [Default] Running tests...
    t =      nans Interface orientation changed to Portrait
Test Suite 'Selected tests' started at 2026-09-13 21:22:03.376.
Test Suite 'DriverUITests.xctest' started at 2026-09-13 21:22:03.376.
Test Suite 'K00DriverTests' started at 2026-09-13 21:22:03.376.
Test Case '-[DriverUITests.K00DriverTests testOneSample]' started.
    t =     0.00s Start Test at 2026-09-13 21:22:03.377
    t =     0.02s Set Up
    t =     0.02s Open life.soullab.voicekernel.k00
    t =     0.02s     Launch life.soullab.voicekernel.k00
    t =     0.11s         Setting up automation session
    t =     0.19s         Wait for life.soullab.voicekernel.k00 to idle
2026-09-13 21:22:03.598 xcodebuild[17363:28263939] [MT] IDERunDestination: Supported platforms for the buildables in the current scheme is empty.
    t =     1.28s Wait for life.soullab.voicekernel.k00 to become Running Foreground
    t =     1.29s Waiting 10.0s for "Enter conversation" Button to exist
    t =     2.30s     Checking `Expect predicate `existsNoRetry == 1` for object "Enter conversation" Button`
    t =     2.31s         Checking existence of `"Enter conversation" Button`
    t =     2.40s Checking existence of `"Voice processing: ON (default)" Button`
    t =     2.43s Checking existence of `"Voice processing: OFF (control run)" Button`
    t =     2.75s Waiting 3.0s for "Voice processing: ON (default)" Button to exist
    t =     3.79s     Checking `Expect predicate `existsNoRetry == 1` for object "Voice processing: ON (default)" Button`
    t =     3.79s         Checking existence of `"Voice processing: ON (default)" Button`
    t =     3.86s Waiting 5.0s for "Enter conversation" Button to exist
    t =     4.89s     Checking `Expect predicate `existsNoRetry == 1` for object "Enter conversation" Button`
    t =     4.90s         Checking existence of `"Enter conversation" Button`
    t =     4.96s Tap "Enter conversation" Button
    t =     4.96s     Wait for life.soullab.voicekernel.k00 to idle
    t =     4.96s     Find the "Enter conversation" Button
    t =     5.00s     Check for interrupting elements affecting "Enter conversation" Button
    t =     5.04s     Synthesize event
    t =     5.34s     Wait for life.soullab.voicekernel.k00 to idle
    t =    20.35s Waiting 5.0s for "Export journal" Button to exist
    t =    21.38s     Checking `Expect predicate `existsNoRetry == 1` for object "Export journal" Button`
    t =    21.38s         Checking existence of `"Export journal" Button`
    t =    21.44s Tap "Export journal" Button
    t =    21.44s     Wait for life.soullab.voicekernel.k00 to idle
    t =    21.45s     Find the "Export journal" Button
    t =    21.48s     Check for interrupting elements affecting "Export journal" Button
    t =    21.52s     Synthesize event
    t =    21.83s     Wait for life.soullab.voicekernel.k00 to idle
    t =    24.04s Terminate life.soullab.voicekernel.k00:62362
    t =    25.07s Wait for life.soullab.voicekernel.k00 to become Not Running
    t =    25.07s Tear Down
Test Case '-[DriverUITests.K00DriverTests testOneSample]' passed (25.142 seconds).
Test Suite 'K00DriverTests' passed at 2026-09-13 21:22:28.522.
	 Executed 1 test, with 0 failures (0 unexpected) in 25.142 (25.145) seconds
Test Suite 'DriverUITests.xctest' passed at 2026-09-13 21:22:28.526.
	 Executed 1 test, with 0 failures (0 unexpected) in 25.142 (25.150) seconds
Test Suite 'Selected tests' passed at 2026-09-13 21:22:28.531.
	 Executed 1 test, with 0 failures (0 unexpected) in 25.142 (25.156) seconds
2026-09-13 21:22:28.655 xcodebuild[17363:28263939] [MT] IDERunDestination: Supported platforms for the buildables in the current scheme is empty.
2026-09-13 21:22:28.857 xcodebuild[17363:28263939] [MT] IDETestOperationsObserverDebug: 27.729 elapsed -- Testing started completed.
2026-09-13 21:22:28.857 xcodebuild[17363:28263939] [MT] IDETestOperationsObserverDebug: 0.000 sec, +0.000 sec -- start
2026-09-13 21:22:28.857 xcodebuild[17363:28263939] [MT] IDETestOperationsObserverDebug: 27.729 sec, +27.729 sec -- end

Test session results, code coverage, and logs:
	/Users/soullab/Library/Developer/Xcode/DerivedData/VoiceKernelDriver-fwhtcccqtlgmqoenqbepyyxkfqeo/Logs/Test/Test-DriverUITests-2026.09.13_21-22-00--0400.xcresult

** TEST EXECUTE SUCCEEDED **

Testing started
