Command line invocation:
    /Applications/Xcode.app/Contents/Developer/usr/bin/xcodebuild test-without-building -xctestrun /private/tmp/voice-repro-a0d8/ios/VoiceKernelDriver/.derived/Build/Products/DriverUITests_iphoneos26.2-arm64.xctestrun -destination id=00008140-00163D9922E0801C -collect-test-diagnostics never "-only-testing:DriverUITests/K00DriverTests/testOneSample"

2026-09-13 21:33:58.239 xcodebuild[19408:28284883] [MT] IDERunDestination: Supported platforms for the buildables in the current scheme is empty.
2026-09-13 21:33:58.242 xcodebuild[19408:28284883] [MT] IDERunDestination: Supported platforms for the buildables in the current scheme is empty.
2026-09-13 21:33:58.342 xcodebuild[19408:28284883] [MT] IDERunDestination: Supported platforms for the buildables in the current scheme is empty.
--- xcodebuild: WARNING: Using the first of multiple matching destinations:
{ platform:iOS, arch:arm64e, id:00008140-00163D9922E0801C, name:Kelly Nezat’s iPhone }
{ platform:iOS, arch:arm64, id:00008140-00163D9922E0801C, name:Kelly Nezat’s iPhone }
2026-09-13 21:33:58.571 xcodebuild[19408:28284883] [MT] IDERunDestination: Supported platforms for the buildables in the current scheme is empty.
2026-09-13 21:33:58.769 xcodebuild[19408:28284883] [MT] IDERunDestination: Supported platforms for the buildables in the current scheme is empty.
2026-09-13 21:34:00.351305-0400 DriverUITests-Runner[62490:13852603] [Default] Running tests...
    t =      nans Interface orientation changed to Portrait
Test Suite 'Selected tests' started at 2026-09-13 21:34:00.822.
Test Suite 'DriverUITests.xctest' started at 2026-09-13 21:34:00.822.
Test Suite 'K00DriverTests' started at 2026-09-13 21:34:00.822.
Test Case '-[DriverUITests.K00DriverTests testOneSample]' started.
    t =     0.00s Start Test at 2026-09-13 21:34:00.823
    t =     0.02s Set Up
    t =     0.02s Open life.soullab.voicekernel.k00
    t =     0.02s     Launch life.soullab.voicekernel.k00
    t =     0.11s         Setting up automation session
    t =     0.19s         Wait for life.soullab.voicekernel.k00 to idle
2026-09-13 21:34:01.052 xcodebuild[19408:28284883] [MT] IDERunDestination: Supported platforms for the buildables in the current scheme is empty.
    t =     1.29s Wait for life.soullab.voicekernel.k00 to become Running Foreground
    t =     1.30s Waiting 10.0s for "Enter conversation" Button to exist
    t =     2.31s     Checking `Expect predicate `existsNoRetry == 1` for object "Enter conversation" Button`
    t =     2.32s         Checking existence of `"Enter conversation" Button`
    t =     2.41s Checking existence of `"Voice processing: ON (default)" Button`
    t =     2.44s Checking existence of `"Voice processing: OFF (control run)" Button`
    t =     2.76s Waiting 3.0s for "Voice processing: ON (default)" Button to exist
    t =     3.78s     Checking `Expect predicate `existsNoRetry == 1` for object "Voice processing: ON (default)" Button`
    t =     3.78s         Checking existence of `"Voice processing: ON (default)" Button`
    t =     3.85s Waiting 5.0s for "Enter conversation" Button to exist
    t =     4.86s     Checking `Expect predicate `existsNoRetry == 1` for object "Enter conversation" Button`
    t =     4.86s         Checking existence of `"Enter conversation" Button`
    t =     4.92s Tap "Enter conversation" Button
    t =     4.92s     Wait for life.soullab.voicekernel.k00 to idle
    t =     4.92s     Find the "Enter conversation" Button
    t =     4.96s     Check for interrupting elements affecting "Enter conversation" Button
    t =     5.00s     Synthesize event
    t =     5.30s     Wait for life.soullab.voicekernel.k00 to idle
    t =    20.32s Waiting 5.0s for "Export journal" Button to exist
    t =    21.33s     Checking `Expect predicate `existsNoRetry == 1` for object "Export journal" Button`
    t =    21.33s         Checking existence of `"Export journal" Button`
    t =    21.37s Tap "Export journal" Button
    t =    21.37s     Wait for life.soullab.voicekernel.k00 to idle
    t =    21.37s     Find the "Export journal" Button
    t =    21.40s     Check for interrupting elements affecting "Export journal" Button
    t =    21.44s     Synthesize event
    t =    21.75s     Wait for life.soullab.voicekernel.k00 to idle
    t =    23.96s Terminate life.soullab.voicekernel.k00:62491
    t =    25.03s Wait for life.soullab.voicekernel.k00 to become Not Running
    t =    25.04s Tear Down
Test Case '-[DriverUITests.K00DriverTests testOneSample]' passed (25.099 seconds).
Test Suite 'K00DriverTests' passed at 2026-09-13 21:34:25.923.
	 Executed 1 test, with 0 failures (0 unexpected) in 25.099 (25.101) seconds
Test Suite 'DriverUITests.xctest' passed at 2026-09-13 21:34:25.928.
	 Executed 1 test, with 0 failures (0 unexpected) in 25.099 (25.106) seconds
Test Suite 'Selected tests' passed at 2026-09-13 21:34:25.937.
	 Executed 1 test, with 0 failures (0 unexpected) in 25.099 (25.116) seconds
2026-09-13 21:34:26.089 xcodebuild[19408:28284883] [MT] IDERunDestination: Supported platforms for the buildables in the current scheme is empty.
2026-09-13 21:34:26.280 xcodebuild[19408:28284883] [MT] IDETestOperationsObserverDebug: 27.707 elapsed -- Testing started completed.
2026-09-13 21:34:26.280 xcodebuild[19408:28284883] [MT] IDETestOperationsObserverDebug: 0.000 sec, +0.000 sec -- start
2026-09-13 21:34:26.280 xcodebuild[19408:28284883] [MT] IDETestOperationsObserverDebug: 27.707 sec, +27.707 sec -- end

Test session results, code coverage, and logs:
	/Users/soullab/Library/Developer/Xcode/DerivedData/VoiceKernelDriver-asgylqfxwvblvrerteegrfgqmacp/Logs/Test/Test-DriverUITests-2026.09.13_21-33-58--0400.xcresult

** TEST EXECUTE SUCCEEDED **

Testing started
