Command line invocation:
    /Applications/Xcode.app/Contents/Developer/usr/bin/xcodebuild test-without-building -xctestrun /private/tmp/voice-repro-a0d8/ios/VoiceKernelDriver/.derived/Build/Products/DriverUITests_iphoneos26.2-arm64.xctestrun -destination id=00008140-00163D9922E0801C -collect-test-diagnostics never "-only-testing:DriverUITests/K00DriverTests/testOneSample"

2026-09-13 21:27:48.565 xcodebuild[18321:28274218] [MT] IDERunDestination: Supported platforms for the buildables in the current scheme is empty.
2026-09-13 21:27:48.568 xcodebuild[18321:28274218] [MT] IDERunDestination: Supported platforms for the buildables in the current scheme is empty.
2026-09-13 21:27:48.668 xcodebuild[18321:28274218] [MT] IDERunDestination: Supported platforms for the buildables in the current scheme is empty.
--- xcodebuild: WARNING: Using the first of multiple matching destinations:
{ platform:iOS, arch:arm64e, id:00008140-00163D9922E0801C, name:Kelly Nezat’s iPhone }
{ platform:iOS, arch:arm64, id:00008140-00163D9922E0801C, name:Kelly Nezat’s iPhone }
2026-09-13 21:27:48.895 xcodebuild[18321:28274218] [MT] IDERunDestination: Supported platforms for the buildables in the current scheme is empty.
2026-09-13 21:27:49.078 xcodebuild[18321:28274218] [MT] IDERunDestination: Supported platforms for the buildables in the current scheme is empty.
2026-09-13 21:27:50.697219-0400 DriverUITests-Runner[62419:13838388] [Default] Running tests...
    t =      nans Interface orientation changed to Portrait
Test Suite 'Selected tests' started at 2026-09-13 21:27:51.233.
Test Suite 'DriverUITests.xctest' started at 2026-09-13 21:27:51.234.
Test Suite 'K00DriverTests' started at 2026-09-13 21:27:51.234.
Test Case '-[DriverUITests.K00DriverTests testOneSample]' started.
    t =     0.00s Start Test at 2026-09-13 21:27:51.235
    t =     0.02s Set Up
    t =     0.02s Open life.soullab.voicekernel.k00
    t =     0.02s     Launch life.soullab.voicekernel.k00
    t =     0.11s         Setting up automation session
    t =     0.19s         Wait for life.soullab.voicekernel.k00 to idle
2026-09-13 21:27:51.462 xcodebuild[18321:28274218] [MT] IDERunDestination: Supported platforms for the buildables in the current scheme is empty.
    t =     1.29s Wait for life.soullab.voicekernel.k00 to become Running Foreground
    t =     1.30s Waiting 10.0s for "Enter conversation" Button to exist
    t =     2.34s     Checking `Expect predicate `existsNoRetry == 1` for object "Enter conversation" Button`
    t =     2.34s         Checking existence of `"Enter conversation" Button`
    t =     2.43s Checking existence of `"Voice processing: ON (default)" Button`
    t =     2.46s Checking existence of `"Voice processing: OFF (control run)" Button`
    t =     2.78s Waiting 3.0s for "Voice processing: ON (default)" Button to exist
    t =     3.82s     Checking `Expect predicate `existsNoRetry == 1` for object "Voice processing: ON (default)" Button`
    t =     3.83s         Checking existence of `"Voice processing: ON (default)" Button`
    t =     3.88s Waiting 5.0s for "Enter conversation" Button to exist
    t =     4.89s     Checking `Expect predicate `existsNoRetry == 1` for object "Enter conversation" Button`
    t =     4.89s         Checking existence of `"Enter conversation" Button`
    t =     4.95s Tap "Enter conversation" Button
    t =     4.95s     Wait for life.soullab.voicekernel.k00 to idle
    t =     4.96s     Find the "Enter conversation" Button
    t =     5.00s     Check for interrupting elements affecting "Enter conversation" Button
    t =     5.04s     Synthesize event
    t =     5.34s     Wait for life.soullab.voicekernel.k00 to idle
    t =    20.35s Waiting 5.0s for "Export journal" Button to exist
    t =    21.39s     Checking `Expect predicate `existsNoRetry == 1` for object "Export journal" Button`
    t =    21.39s         Checking existence of `"Export journal" Button`
    t =    21.45s Tap "Export journal" Button
    t =    21.45s     Wait for life.soullab.voicekernel.k00 to idle
    t =    21.46s     Find the "Export journal" Button
    t =    21.49s     Check for interrupting elements affecting "Export journal" Button
    t =    21.53s     Synthesize event
    t =    21.85s     Wait for life.soullab.voicekernel.k00 to idle
    t =    24.05s Terminate life.soullab.voicekernel.k00:62420
    t =    25.09s Wait for life.soullab.voicekernel.k00 to become Not Running
    t =    25.09s Tear Down
Test Case '-[DriverUITests.K00DriverTests testOneSample]' passed (25.147 seconds).
Test Suite 'K00DriverTests' passed at 2026-09-13 21:28:16.383.
	 Executed 1 test, with 0 failures (0 unexpected) in 25.147 (25.149) seconds
Test Suite 'DriverUITests.xctest' passed at 2026-09-13 21:28:16.390.
	 Executed 1 test, with 0 failures (0 unexpected) in 25.147 (25.157) seconds
Test Suite 'Selected tests' passed at 2026-09-13 21:28:16.391.
	 Executed 1 test, with 0 failures (0 unexpected) in 25.147 (25.158) seconds
2026-09-13 21:28:16.533 xcodebuild[18321:28274218] [MT] IDERunDestination: Supported platforms for the buildables in the current scheme is empty.
2026-09-13 21:28:16.736 xcodebuild[18321:28274218] [MT] IDETestOperationsObserverDebug: 27.840 elapsed -- Testing started completed.
2026-09-13 21:28:16.737 xcodebuild[18321:28274218] [MT] IDETestOperationsObserverDebug: 0.000 sec, +0.000 sec -- start
2026-09-13 21:28:16.737 xcodebuild[18321:28274218] [MT] IDETestOperationsObserverDebug: 27.840 sec, +27.840 sec -- end

Test session results, code coverage, and logs:
	/Users/soullab/Library/Developer/Xcode/DerivedData/VoiceKernelDriver-gmdnoxlxeakpslcadojczsrjtrho/Logs/Test/Test-DriverUITests-2026.09.13_21-27-48--0400.xcresult

** TEST EXECUTE SUCCEEDED **

Testing started
