Command line invocation:
    /Applications/Xcode.app/Contents/Developer/usr/bin/xcodebuild test-without-building -xctestrun /private/tmp/voice-repro-a0d8/ios/VoiceKernelDriver/.derived/Build/Products/DriverUITests_iphoneos26.2-arm64.xctestrun -destination id=00008140-00163D9922E0801C -collect-test-diagnostics never "-only-testing:DriverUITests/K00DriverTests/testOneSample"

2026-09-13 21:24:04.155 xcodebuild[17650:28267225] [MT] IDERunDestination: Supported platforms for the buildables in the current scheme is empty.
2026-09-13 21:24:04.159 xcodebuild[17650:28267225] [MT] IDERunDestination: Supported platforms for the buildables in the current scheme is empty.
2026-09-13 21:24:04.258 xcodebuild[17650:28267225] [MT] IDERunDestination: Supported platforms for the buildables in the current scheme is empty.
--- xcodebuild: WARNING: Using the first of multiple matching destinations:
{ platform:iOS, arch:arm64e, id:00008140-00163D9922E0801C, name:Kelly Nezat’s iPhone }
{ platform:iOS, arch:arm64, id:00008140-00163D9922E0801C, name:Kelly Nezat’s iPhone }
2026-09-13 21:24:04.481 xcodebuild[17650:28267225] [MT] IDERunDestination: Supported platforms for the buildables in the current scheme is empty.
2026-09-13 21:24:04.664 xcodebuild[17650:28267225] [MT] IDERunDestination: Supported platforms for the buildables in the current scheme is empty.
2026-09-13 21:24:06.136535-0400 DriverUITests-Runner[62382:13829439] [Default] Running tests...
    t =      nans Interface orientation changed to Portrait
Test Suite 'Selected tests' started at 2026-09-13 21:24:06.621.
Test Suite 'DriverUITests.xctest' started at 2026-09-13 21:24:06.622.
Test Suite 'K00DriverTests' started at 2026-09-13 21:24:06.622.
Test Case '-[DriverUITests.K00DriverTests testOneSample]' started.
    t =     0.00s Start Test at 2026-09-13 21:24:06.623
    t =     0.02s Set Up
    t =     0.03s Open life.soullab.voicekernel.k00
    t =     0.03s     Launch life.soullab.voicekernel.k00
    t =     0.11s         Setting up automation session
    t =     0.18s         Wait for life.soullab.voicekernel.k00 to idle
2026-09-13 21:24:06.846 xcodebuild[17650:28267225] [MT] IDERunDestination: Supported platforms for the buildables in the current scheme is empty.
    t =     1.28s Wait for life.soullab.voicekernel.k00 to become Running Foreground
    t =     1.28s Waiting 10.0s for "Enter conversation" Button to exist
    t =     2.31s     Checking `Expect predicate `existsNoRetry == 1` for object "Enter conversation" Button`
    t =     2.31s         Checking existence of `"Enter conversation" Button`
    t =     2.40s Checking existence of `"Voice processing: ON (default)" Button`
    t =     2.43s Checking existence of `"Voice processing: OFF (control run)" Button`
    t =     2.75s Waiting 3.0s for "Voice processing: ON (default)" Button to exist
    t =     3.78s     Checking `Expect predicate `existsNoRetry == 1` for object "Voice processing: ON (default)" Button`
    t =     3.78s         Checking existence of `"Voice processing: ON (default)" Button`
    t =     3.85s Waiting 5.0s for "Enter conversation" Button to exist
    t =     4.85s     Checking `Expect predicate `existsNoRetry == 1` for object "Enter conversation" Button`
    t =     4.85s         Checking existence of `"Enter conversation" Button`
    t =     4.91s Tap "Enter conversation" Button
    t =     4.91s     Wait for life.soullab.voicekernel.k00 to idle
    t =     4.92s     Find the "Enter conversation" Button
    t =     4.96s     Check for interrupting elements affecting "Enter conversation" Button
    t =     5.00s     Synthesize event
    t =     5.30s     Wait for life.soullab.voicekernel.k00 to idle
    t =    20.31s Waiting 5.0s for "Export journal" Button to exist
    t =    21.34s     Checking `Expect predicate `existsNoRetry == 1` for object "Export journal" Button`
    t =    21.34s         Checking existence of `"Export journal" Button`
    t =    21.40s Tap "Export journal" Button
    t =    21.40s     Wait for life.soullab.voicekernel.k00 to idle
    t =    21.41s     Find the "Export journal" Button
    t =    21.44s     Check for interrupting elements affecting "Export journal" Button
    t =    21.49s     Synthesize event
    t =    21.78s     Wait for life.soullab.voicekernel.k00 to idle
    t =    24.32s Terminate life.soullab.voicekernel.k00:62383
    t =    25.39s Wait for life.soullab.voicekernel.k00 to become Not Running
    t =    25.40s Tear Down
Test Case '-[DriverUITests.K00DriverTests testOneSample]' passed (25.468 seconds).
Test Suite 'K00DriverTests' passed at 2026-09-13 21:24:32.101.
	 Executed 1 test, with 0 failures (0 unexpected) in 25.468 (25.479) seconds
Test Suite 'DriverUITests.xctest' passed at 2026-09-13 21:24:32.107.
	 Executed 1 test, with 0 failures (0 unexpected) in 25.468 (25.485) seconds
Test Suite 'Selected tests' passed at 2026-09-13 21:24:32.108.
	 Executed 1 test, with 0 failures (0 unexpected) in 25.468 (25.487) seconds
2026-09-13 21:24:32.235 xcodebuild[17650:28267225] [MT] IDERunDestination: Supported platforms for the buildables in the current scheme is empty.
2026-09-13 21:24:32.438 xcodebuild[17650:28267225] [MT] IDETestOperationsObserverDebug: 27.956 elapsed -- Testing started completed.
2026-09-13 21:24:32.438 xcodebuild[17650:28267225] [MT] IDETestOperationsObserverDebug: 0.000 sec, +0.000 sec -- start
2026-09-13 21:24:32.438 xcodebuild[17650:28267225] [MT] IDETestOperationsObserverDebug: 27.956 sec, +27.956 sec -- end

Test session results, code coverage, and logs:
	/Users/soullab/Library/Developer/Xcode/DerivedData/VoiceKernelDriver-fxaftjmyjlzrqcbzbvroaovdfidp/Logs/Test/Test-DriverUITests-2026.09.13_21-24-04--0400.xcresult

** TEST EXECUTE SUCCEEDED **

Testing started
