Command line invocation:
    /Applications/Xcode.app/Contents/Developer/usr/bin/xcodebuild test-without-building -xctestrun /private/tmp/voice-repro-a0d8/ios/VoiceKernelDriver/.derived/Build/Products/DriverUITests_iphoneos26.2-arm64.xctestrun -destination id=00008140-00163D9922E0801C -collect-test-diagnostics never "-only-testing:DriverUITests/K00DriverTests/testOneSample"

2026-09-13 21:32:49.218 xcodebuild[19226:28283002] [MT] IDERunDestination: Supported platforms for the buildables in the current scheme is empty.
2026-09-13 21:32:49.222 xcodebuild[19226:28283002] [MT] IDERunDestination: Supported platforms for the buildables in the current scheme is empty.
2026-09-13 21:32:49.320 xcodebuild[19226:28283002] [MT] IDERunDestination: Supported platforms for the buildables in the current scheme is empty.
--- xcodebuild: WARNING: Using the first of multiple matching destinations:
{ platform:iOS, arch:arm64e, id:00008140-00163D9922E0801C, name:Kelly Nezat’s iPhone }
{ platform:iOS, arch:arm64, id:00008140-00163D9922E0801C, name:Kelly Nezat’s iPhone }
2026-09-13 21:32:49.562 xcodebuild[19226:28283002] [MT] IDERunDestination: Supported platforms for the buildables in the current scheme is empty.
2026-09-13 21:32:49.741 xcodebuild[19226:28283002] [MT] IDERunDestination: Supported platforms for the buildables in the current scheme is empty.
2026-09-13 21:32:51.236226-0400 DriverUITests-Runner[62470:13849828] [Default] Running tests...
    t =      nans Interface orientation changed to Portrait
Test Suite 'Selected tests' started at 2026-09-13 21:32:51.713.
Test Suite 'DriverUITests.xctest' started at 2026-09-13 21:32:51.714.
Test Suite 'K00DriverTests' started at 2026-09-13 21:32:51.715.
Test Case '-[DriverUITests.K00DriverTests testOneSample]' started.
    t =     0.00s Start Test at 2026-09-13 21:32:51.716
    t =     0.02s Set Up
    t =     0.03s Open life.soullab.voicekernel.k00
    t =     0.03s     Launch life.soullab.voicekernel.k00
    t =     0.11s         Setting up automation session
    t =     0.19s         Wait for life.soullab.voicekernel.k00 to idle
2026-09-13 21:32:51.938 xcodebuild[19226:28283002] [MT] IDERunDestination: Supported platforms for the buildables in the current scheme is empty.
    t =     1.28s Wait for life.soullab.voicekernel.k00 to become Running Foreground
    t =     1.28s Waiting 10.0s for "Enter conversation" Button to exist
    t =     2.34s     Checking `Expect predicate `existsNoRetry == 1` for object "Enter conversation" Button`
    t =     2.34s         Checking existence of `"Enter conversation" Button`
    t =     2.43s Checking existence of `"Voice processing: ON (default)" Button`
    t =     2.46s Checking existence of `"Voice processing: OFF (control run)" Button`
    t =     2.79s Waiting 3.0s for "Voice processing: ON (default)" Button to exist
    t =     3.81s     Checking `Expect predicate `existsNoRetry == 1` for object "Voice processing: ON (default)" Button`
    t =     3.81s         Checking existence of `"Voice processing: ON (default)" Button`
    t =     3.88s Waiting 5.0s for "Enter conversation" Button to exist
    t =     4.88s     Checking `Expect predicate `existsNoRetry == 1` for object "Enter conversation" Button`
    t =     4.88s         Checking existence of `"Enter conversation" Button`
    t =     4.94s Tap "Enter conversation" Button
    t =     4.94s     Wait for life.soullab.voicekernel.k00 to idle
    t =     4.95s     Find the "Enter conversation" Button
    t =     4.99s     Check for interrupting elements affecting "Enter conversation" Button
    t =     5.03s     Synthesize event
    t =     5.33s     Wait for life.soullab.voicekernel.k00 to idle
    t =    20.34s Waiting 5.0s for "Export journal" Button to exist
    t =    21.35s     Checking `Expect predicate `existsNoRetry == 1` for object "Export journal" Button`
    t =    21.35s         Checking existence of `"Export journal" Button`
    t =    21.41s Tap "Export journal" Button
    t =    21.41s     Wait for life.soullab.voicekernel.k00 to idle
    t =    21.42s     Find the "Export journal" Button
    t =    21.45s     Check for interrupting elements affecting "Export journal" Button
    t =    21.49s     Synthesize event
    t =    21.80s     Wait for life.soullab.voicekernel.k00 to idle
    t =    24.00s Terminate life.soullab.voicekernel.k00:62471
    t =    25.08s Wait for life.soullab.voicekernel.k00 to become Not Running
    t =    25.08s Tear Down
Test Case '-[DriverUITests.K00DriverTests testOneSample]' passed (25.139 seconds).
Test Suite 'K00DriverTests' passed at 2026-09-13 21:33:16.856.
	 Executed 1 test, with 0 failures (0 unexpected) in 25.139 (25.141) seconds
Test Suite 'DriverUITests.xctest' passed at 2026-09-13 21:33:16.860.
	 Executed 1 test, with 0 failures (0 unexpected) in 25.139 (25.145) seconds
Test Suite 'Selected tests' passed at 2026-09-13 21:33:16.861.
	 Executed 1 test, with 0 failures (0 unexpected) in 25.139 (25.147) seconds
2026-09-13 21:33:17.012 xcodebuild[19226:28283002] [MT] IDERunDestination: Supported platforms for the buildables in the current scheme is empty.
2026-09-13 21:33:17.225 xcodebuild[19226:28283002] [MT] IDETestOperationsObserverDebug: 27.662 elapsed -- Testing started completed.
2026-09-13 21:33:17.226 xcodebuild[19226:28283002] [MT] IDETestOperationsObserverDebug: 0.000 sec, +0.000 sec -- start
2026-09-13 21:33:17.226 xcodebuild[19226:28283002] [MT] IDETestOperationsObserverDebug: 27.662 sec, +27.662 sec -- end

Test session results, code coverage, and logs:
	/Users/soullab/Library/Developer/Xcode/DerivedData/VoiceKernelDriver-gxfzjaebkaczfwermjqewhinjlta/Logs/Test/Test-DriverUITests-2026.09.13_21-32-49--0400.xcresult

** TEST EXECUTE SUCCEEDED **

Testing started
