Command line invocation:
    /Applications/Xcode.app/Contents/Developer/usr/bin/xcodebuild test-without-building -xctestrun /private/tmp/voice-repro-a0d8/ios/VoiceKernelDriver/.derived/Build/Products/DriverUITests_iphoneos26.2-arm64.xctestrun -destination id=00008140-00163D9922E0801C -collect-test-diagnostics never "-only-testing:DriverUITests/K00DriverTests/testOneSample"

2026-09-13 21:26:43.944 xcodebuild[18179:28272382] [MT] IDERunDestination: Supported platforms for the buildables in the current scheme is empty.
2026-09-13 21:26:43.947 xcodebuild[18179:28272382] [MT] IDERunDestination: Supported platforms for the buildables in the current scheme is empty.
2026-09-13 21:26:44.047 xcodebuild[18179:28272382] [MT] IDERunDestination: Supported platforms for the buildables in the current scheme is empty.
--- xcodebuild: WARNING: Using the first of multiple matching destinations:
{ platform:iOS, arch:arm64e, id:00008140-00163D9922E0801C, name:Kelly Nezat’s iPhone }
{ platform:iOS, arch:arm64, id:00008140-00163D9922E0801C, name:Kelly Nezat’s iPhone }
2026-09-13 21:26:44.269 xcodebuild[18179:28272382] [MT] IDERunDestination: Supported platforms for the buildables in the current scheme is empty.
2026-09-13 21:26:44.452 xcodebuild[18179:28272382] [MT] IDERunDestination: Supported platforms for the buildables in the current scheme is empty.
2026-09-13 21:26:45.946954-0400 DriverUITests-Runner[62406:13835777] [Default] Running tests...
    t =      nans Interface orientation changed to Portrait
Test Suite 'Selected tests' started at 2026-09-13 21:26:46.458.
Test Suite 'DriverUITests.xctest' started at 2026-09-13 21:26:46.459.
Test Suite 'K00DriverTests' started at 2026-09-13 21:26:46.459.
Test Case '-[DriverUITests.K00DriverTests testOneSample]' started.
    t =     0.00s Start Test at 2026-09-13 21:26:46.460
    t =     0.02s Set Up
    t =     0.03s Open life.soullab.voicekernel.k00
    t =     0.03s     Launch life.soullab.voicekernel.k00
    t =     0.12s         Setting up automation session
    t =     0.20s         Wait for life.soullab.voicekernel.k00 to idle
2026-09-13 21:26:46.676 xcodebuild[18179:28272382] [MT] IDERunDestination: Supported platforms for the buildables in the current scheme is empty.
    t =     1.31s Wait for life.soullab.voicekernel.k00 to become Running Foreground
    t =     1.32s Waiting 10.0s for "Enter conversation" Button to exist
    t =     2.32s     Checking `Expect predicate `existsNoRetry == 1` for object "Enter conversation" Button`
    t =     2.32s         Checking existence of `"Enter conversation" Button`
    t =     2.42s Checking existence of `"Voice processing: ON (default)" Button`
    t =     2.45s Checking existence of `"Voice processing: OFF (control run)" Button`
    t =     2.78s Waiting 3.0s for "Voice processing: ON (default)" Button to exist
    t =     3.79s     Checking `Expect predicate `existsNoRetry == 1` for object "Voice processing: ON (default)" Button`
    t =     3.79s         Checking existence of `"Voice processing: ON (default)" Button`
    t =     3.85s Waiting 5.0s for "Enter conversation" Button to exist
    t =     4.85s     Checking `Expect predicate `existsNoRetry == 1` for object "Enter conversation" Button`
    t =     4.86s         Checking existence of `"Enter conversation" Button`
    t =     4.92s Tap "Enter conversation" Button
    t =     4.92s     Wait for life.soullab.voicekernel.k00 to idle
    t =     4.92s     Find the "Enter conversation" Button
    t =     4.96s     Check for interrupting elements affecting "Enter conversation" Button
    t =     5.00s     Synthesize event
    t =     5.30s     Wait for life.soullab.voicekernel.k00 to idle
    t =    20.31s Waiting 5.0s for "Export journal" Button to exist
    t =    21.34s     Checking `Expect predicate `existsNoRetry == 1` for object "Export journal" Button`
    t =    21.34s         Checking existence of `"Export journal" Button`
    t =    21.41s Tap "Export journal" Button
    t =    21.41s     Wait for life.soullab.voicekernel.k00 to idle
    t =    21.42s     Find the "Export journal" Button
    t =    21.45s     Check for interrupting elements affecting "Export journal" Button
    t =    21.51s     Synthesize event
    t =    21.81s     Wait for life.soullab.voicekernel.k00 to idle
    t =    24.02s Terminate life.soullab.voicekernel.k00:62407
    t =    25.06s Wait for life.soullab.voicekernel.k00 to become Not Running
    t =    25.07s Tear Down
Test Case '-[DriverUITests.K00DriverTests testOneSample]' passed (25.115 seconds).
Test Suite 'K00DriverTests' passed at 2026-09-13 21:27:11.577.
	 Executed 1 test, with 0 failures (0 unexpected) in 25.115 (25.118) seconds
Test Suite 'DriverUITests.xctest' passed at 2026-09-13 21:27:11.579.
	 Executed 1 test, with 0 failures (0 unexpected) in 25.115 (25.120) seconds
Test Suite 'Selected tests' passed at 2026-09-13 21:27:11.579.
	 Executed 1 test, with 0 failures (0 unexpected) in 25.115 (25.121) seconds
2026-09-13 21:27:11.737 xcodebuild[18179:28272382] [MT] IDERunDestination: Supported platforms for the buildables in the current scheme is empty.
2026-09-13 21:27:11.916 xcodebuild[18179:28272382] [MT] IDETestOperationsObserverDebug: 27.646 elapsed -- Testing started completed.
2026-09-13 21:27:11.916 xcodebuild[18179:28272382] [MT] IDETestOperationsObserverDebug: 0.000 sec, +0.000 sec -- start
2026-09-13 21:27:11.916 xcodebuild[18179:28272382] [MT] IDETestOperationsObserverDebug: 27.646 sec, +27.646 sec -- end

Test session results, code coverage, and logs:
	/Users/soullab/Library/Developer/Xcode/DerivedData/VoiceKernelDriver-aenemjldllpqcbbmvopmbjnpzbgz/Logs/Test/Test-DriverUITests-2026.09.13_21-26-44--0400.xcresult

** TEST EXECUTE SUCCEEDED **

Testing started
