Command line invocation:
    /Applications/Xcode.app/Contents/Developer/usr/bin/xcodebuild test-without-building -xctestrun /private/tmp/voice-repro-a0d8/ios/VoiceKernelDriver/.derived/Build/Products/DriverUITests_iphoneos26.2-arm64.xctestrun -destination id=00008140-00163D9922E0801C -collect-test-diagnostics never "-only-testing:DriverUITests/K00DriverTests/testOneSample"

2026-09-13 21:20:30.335 xcodebuild[17142:28261805] [MT] IDERunDestination: Supported platforms for the buildables in the current scheme is empty.
2026-09-13 21:20:30.337 xcodebuild[17142:28261805] [MT] IDERunDestination: Supported platforms for the buildables in the current scheme is empty.
2026-09-13 21:20:30.438 xcodebuild[17142:28261805] [MT] IDERunDestination: Supported platforms for the buildables in the current scheme is empty.
--- xcodebuild: WARNING: Using the first of multiple matching destinations:
{ platform:iOS, arch:arm64e, id:00008140-00163D9922E0801C, name:Kelly Nezat’s iPhone }
{ platform:iOS, arch:arm64, id:00008140-00163D9922E0801C, name:Kelly Nezat’s iPhone }
2026-09-13 21:20:30.655 xcodebuild[17142:28261805] [MT] IDERunDestination: Supported platforms for the buildables in the current scheme is empty.
2026-09-13 21:20:30.832 xcodebuild[17142:28261805] [MT] IDERunDestination: Supported platforms for the buildables in the current scheme is empty.
2026-09-13 21:20:32.345584-0400 DriverUITests-Runner[62352:13821281] [Default] Running tests...
    t =      nans Interface orientation changed to Portrait
Test Suite 'Selected tests' started at 2026-09-13 21:20:32.911.
Test Suite 'DriverUITests.xctest' started at 2026-09-13 21:20:32.912.
Test Suite 'K00DriverTests' started at 2026-09-13 21:20:32.912.
Test Case '-[DriverUITests.K00DriverTests testOneSample]' started.
    t =     0.00s Start Test at 2026-09-13 21:20:32.913
    t =     0.02s Set Up
    t =     0.02s Open life.soullab.voicekernel.k00
    t =     0.02s     Launch life.soullab.voicekernel.k00
    t =     0.11s         Setting up automation session
    t =     0.20s         Wait for life.soullab.voicekernel.k00 to idle
2026-09-13 21:20:33.128 xcodebuild[17142:28261805] [MT] IDERunDestination: Supported platforms for the buildables in the current scheme is empty.
    t =     1.30s Wait for life.soullab.voicekernel.k00 to become Running Foreground
    t =     1.31s Waiting 10.0s for "Enter conversation" Button to exist
    t =     2.37s     Checking `Expect predicate `existsNoRetry == 1` for object "Enter conversation" Button`
    t =     2.37s         Checking existence of `"Enter conversation" Button`
    t =     2.46s Checking existence of `"Voice processing: ON (default)" Button`
    t =     2.49s Checking existence of `"Voice processing: OFF (control run)" Button`
    t =     2.82s Waiting 3.0s for "Voice processing: ON (default)" Button to exist
    t =     3.83s     Checking `Expect predicate `existsNoRetry == 1` for object "Voice processing: ON (default)" Button`
    t =     3.83s         Checking existence of `"Voice processing: ON (default)" Button`
    t =     3.89s Waiting 5.0s for "Enter conversation" Button to exist
    t =     4.90s     Checking `Expect predicate `existsNoRetry == 1` for object "Enter conversation" Button`
    t =     4.90s         Checking existence of `"Enter conversation" Button`
    t =     4.96s Tap "Enter conversation" Button
    t =     4.96s     Wait for life.soullab.voicekernel.k00 to idle
    t =     4.97s     Find the "Enter conversation" Button
    t =     5.00s     Check for interrupting elements affecting "Enter conversation" Button
    t =     5.04s     Synthesize event
    t =     5.34s     Wait for life.soullab.voicekernel.k00 to idle
    t =    20.35s Waiting 5.0s for "Export journal" Button to exist
    t =    21.38s     Checking `Expect predicate `existsNoRetry == 1` for object "Export journal" Button`
    t =    21.38s         Checking existence of `"Export journal" Button`
    t =    21.42s Tap "Export journal" Button
    t =    21.42s     Wait for life.soullab.voicekernel.k00 to idle
    t =    21.42s     Find the "Export journal" Button
    t =    21.45s     Check for interrupting elements affecting "Export journal" Button
    t =    21.49s     Synthesize event
    t =    21.81s     Wait for life.soullab.voicekernel.k00 to idle
    t =    24.01s Terminate life.soullab.voicekernel.k00:62353
    t =    25.06s Wait for life.soullab.voicekernel.k00 to become Not Running
    t =    25.06s Tear Down
Test Case '-[DriverUITests.K00DriverTests testOneSample]' passed (25.119 seconds).
Test Suite 'K00DriverTests' passed at 2026-09-13 21:20:58.034.
	 Executed 1 test, with 0 failures (0 unexpected) in 25.119 (25.121) seconds
Test Suite 'DriverUITests.xctest' passed at 2026-09-13 21:20:58.035.
	 Executed 1 test, with 0 failures (0 unexpected) in 25.119 (25.123) seconds
Test Suite 'Selected tests' passed at 2026-09-13 21:20:58.037.
	 Executed 1 test, with 0 failures (0 unexpected) in 25.119 (25.125) seconds
2026-09-13 21:20:58.172 xcodebuild[17142:28261805] [MT] IDERunDestination: Supported platforms for the buildables in the current scheme is empty.
2026-09-13 21:20:58.373 xcodebuild[17142:28261805] [MT] IDETestOperationsObserverDebug: 27.717 elapsed -- Testing started completed.
2026-09-13 21:20:58.373 xcodebuild[17142:28261805] [MT] IDETestOperationsObserverDebug: 0.000 sec, +0.000 sec -- start
2026-09-13 21:20:58.373 xcodebuild[17142:28261805] [MT] IDETestOperationsObserverDebug: 27.717 sec, +27.717 sec -- end

Test session results, code coverage, and logs:
	/Users/soullab/Library/Developer/Xcode/DerivedData/VoiceKernelDriver-fsxtyvgeooslaqazyjlbfkmaazji/Logs/Test/Test-DriverUITests-2026.09.13_21-20-30--0400.xcresult

** TEST EXECUTE SUCCEEDED **

Testing started
