Command line invocation:
    /Applications/Xcode.app/Contents/Developer/usr/bin/xcodebuild test-without-building -xctestrun /private/tmp/voice-seam-01/ios/VoiceKernelDriver/.derived/Build/Products/DriverUITests_iphoneos26.2-arm64.xctestrun -destination id=00008140-00163D9922E0801C -collect-test-diagnostics never "-only-testing:DriverUITests/K00DriverTests/testOneSample"

2026-09-14 09:54:05.166 xcodebuild[97800:29135538] [MT] IDERunDestination: Supported platforms for the buildables in the current scheme is empty.
2026-09-14 09:54:05.170 xcodebuild[97800:29135538] [MT] IDERunDestination: Supported platforms for the buildables in the current scheme is empty.
2026-09-14 09:54:05.269 xcodebuild[97800:29135538] [MT] IDERunDestination: Supported platforms for the buildables in the current scheme is empty.
--- xcodebuild: WARNING: Using the first of multiple matching destinations:
{ platform:iOS, arch:arm64e, id:00008140-00163D9922E0801C, name:Kelly Nezat’s iPhone }
{ platform:iOS, arch:arm64, id:00008140-00163D9922E0801C, name:Kelly Nezat’s iPhone }
2026-09-14 09:54:05.526 xcodebuild[97800:29135538] [MT] IDERunDestination: Supported platforms for the buildables in the current scheme is empty.
2026-09-14 09:54:07.204078-0400 DriverUITests-Runner[63814:14172811] [Default] Running tests...
    t =      nans Interface orientation changed to Portrait
Test Suite 'Selected tests' started at 2026-09-14 09:54:07.673.
Test Suite 'DriverUITests.xctest' started at 2026-09-14 09:54:07.674.
Test Suite 'K00DriverTests' started at 2026-09-14 09:54:07.674.
Test Case '-[DriverUITests.K00DriverTests testOneSample]' started.
    t =     0.00s Start Test at 2026-09-14 09:54:07.675
    t =     0.02s Set Up
    t =     0.02s Open life.soullab.voicekernel.k00
    t =     0.03s     Launch life.soullab.voicekernel.k00
    t =     0.10s         Setting up automation session
    t =     0.18s         Wait for life.soullab.voicekernel.k00 to idle
2026-09-14 09:54:07.841 xcodebuild[97800:29135538] [MT] IDERunDestination: Supported platforms for the buildables in the current scheme is empty.
    t =     1.27s Wait for life.soullab.voicekernel.k00 to become Running Foreground
    t =     1.27s Waiting 10.0s for "Enter conversation" Button to exist
    t =     2.30s     Checking `Expect predicate `existsNoRetry == 1` for object "Enter conversation" Button`
    t =     2.30s         Checking existence of `"Enter conversation" Button`
    t =     2.39s Checking existence of `"Voice processing: ON (default)" Button`
    t =     2.42s Checking existence of `"Voice processing: OFF (control run)" Button`
    t =     2.74s Waiting 3.0s for "Voice processing: ON (default)" Button to exist
    t =     3.75s     Checking `Expect predicate `existsNoRetry == 1` for object "Voice processing: ON (default)" Button`
    t =     3.75s         Checking existence of `"Voice processing: ON (default)" Button`
    t =     3.81s Waiting 5.0s for "Enter conversation" Button to exist
    t =     4.83s     Checking `Expect predicate `existsNoRetry == 1` for object "Enter conversation" Button`
    t =     4.83s         Checking existence of `"Enter conversation" Button`
    t =     4.88s Tap "Enter conversation" Button
    t =     4.88s     Wait for life.soullab.voicekernel.k00 to idle
    t =     4.89s     Find the "Enter conversation" Button
    t =     4.93s     Check for interrupting elements affecting "Enter conversation" Button
    t =     4.97s     Synthesize event
    t =     5.27s     Wait for life.soullab.voicekernel.k00 to idle
    t =    20.28s Waiting 5.0s for "Export journal" Button to exist
    t =    21.31s     Checking `Expect predicate `existsNoRetry == 1` for object "Export journal" Button`
    t =    21.31s         Checking existence of `"Export journal" Button`
    t =    21.37s Tap "Export journal" Button
    t =    21.37s     Wait for life.soullab.voicekernel.k00 to idle
    t =    21.38s     Find the "Export journal" Button
    t =    21.41s     Check for interrupting elements affecting "Export journal" Button
    t =    21.46s     Synthesize event
    t =    21.76s     Wait for life.soullab.voicekernel.k00 to idle
    t =    23.97s Terminate life.soullab.voicekernel.k00:63815
    t =    25.04s Wait for life.soullab.voicekernel.k00 to become Not Running
    t =    25.05s Tear Down
Test Case '-[DriverUITests.K00DriverTests testOneSample]' passed (25.105 seconds).
Test Suite 'K00DriverTests' passed at 2026-09-14 09:54:32.781.
	 Executed 1 test, with 0 failures (0 unexpected) in 25.105 (25.107) seconds
Test Suite 'DriverUITests.xctest' passed at 2026-09-14 09:54:32.784.
	 Executed 1 test, with 0 failures (0 unexpected) in 25.105 (25.110) seconds
Test Suite 'Selected tests' passed at 2026-09-14 09:54:32.786.
	 Executed 1 test, with 0 failures (0 unexpected) in 25.105 (25.112) seconds
2026-09-14 09:54:32.883 xcodebuild[97800:29135538] [MT] IDERunDestination: Supported platforms for the buildables in the current scheme is empty.
2026-09-14 09:54:33.079 xcodebuild[97800:29135538] [MT] IDETestOperationsObserverDebug: 27.552 elapsed -- Testing started completed.
2026-09-14 09:54:33.079 xcodebuild[97800:29135538] [MT] IDETestOperationsObserverDebug: 0.000 sec, +0.000 sec -- start
2026-09-14 09:54:33.079 xcodebuild[97800:29135538] [MT] IDETestOperationsObserverDebug: 27.552 sec, +27.552 sec -- end

Test session results, code coverage, and logs:
	/Users/soullab/Library/Developer/Xcode/DerivedData/VoiceKernelDriver-cjfskxewbwsbdtdeurhmprvmrldy/Logs/Test/Test-DriverUITests-2026.09.14_09-54-05--0400.xcresult

** TEST EXECUTE SUCCEEDED **

Testing started
