Command line invocation:
    /Applications/Xcode.app/Contents/Developer/usr/bin/xcodebuild test-without-building -xctestrun /private/tmp/voice-seam-01/ios/VoiceKernelDriver/.derived/Build/Products/DriverUITests_iphoneos26.2-arm64.xctestrun -destination id=00008140-00163D9922E0801C -collect-test-diagnostics never "-only-testing:DriverUITests/K00DriverTests/testOneSample"

2026-09-14 10:09:31.699 xcodebuild[344:29170183] [MT] IDERunDestination: Supported platforms for the buildables in the current scheme is empty.
2026-09-14 10:09:31.703 xcodebuild[344:29170183] [MT] IDERunDestination: Supported platforms for the buildables in the current scheme is empty.
2026-09-14 10:09:31.800 xcodebuild[344:29170183] [MT] IDERunDestination: Supported platforms for the buildables in the current scheme is empty.
--- xcodebuild: WARNING: Using the first of multiple matching destinations:
{ platform:iOS, arch:arm64e, id:00008140-00163D9922E0801C, name:Kelly Nezat’s iPhone }
{ platform:iOS, arch:arm64, id:00008140-00163D9922E0801C, name:Kelly Nezat’s iPhone }
2026-09-14 10:09:32.067 xcodebuild[344:29170183] [MT] IDERunDestination: Supported platforms for the buildables in the current scheme is empty.
2026-09-14 10:09:32.263 xcodebuild[344:29170183] [MT] IDERunDestination: Supported platforms for the buildables in the current scheme is empty.
2026-09-14 10:09:34.142704-0400 DriverUITests-Runner[63940:14208913] [Default] Running tests...
    t =      nans Interface orientation changed to Portrait
Test Suite 'Selected tests' started at 2026-09-14 10:09:34.625.
Test Suite 'DriverUITests.xctest' started at 2026-09-14 10:09:34.626.
Test Suite 'K00DriverTests' started at 2026-09-14 10:09:34.626.
Test Case '-[DriverUITests.K00DriverTests testOneSample]' started.
    t =     0.00s Start Test at 2026-09-14 10:09:34.627
    t =     0.02s Set Up
    t =     0.03s Open life.soullab.voicekernel.k00
    t =     0.03s     Launch life.soullab.voicekernel.k00
    t =     0.12s         Setting up automation session
    t =     0.20s         Wait for life.soullab.voicekernel.k00 to idle
2026-09-14 10:09:34.853 xcodebuild[344:29170183] [MT] IDERunDestination: Supported platforms for the buildables in the current scheme is empty.
    t =     1.30s Wait for life.soullab.voicekernel.k00 to become Running Foreground
    t =     1.31s Waiting 10.0s for "Enter conversation" Button to exist
    t =     2.33s     Checking `Expect predicate `existsNoRetry == 1` for object "Enter conversation" Button`
    t =     2.34s         Checking existence of `"Enter conversation" Button`
    t =     2.43s Checking existence of `"Voice processing: ON (default)" Button`
    t =     2.46s Checking existence of `"Voice processing: OFF (control run)" Button`
    t =     2.78s Waiting 3.0s for "Voice processing: ON (default)" Button to exist
    t =     3.79s     Checking `Expect predicate `existsNoRetry == 1` for object "Voice processing: ON (default)" Button`
    t =     3.79s         Checking existence of `"Voice processing: ON (default)" Button`
    t =     3.86s Waiting 5.0s for "Enter conversation" Button to exist
    t =     4.88s     Checking `Expect predicate `existsNoRetry == 1` for object "Enter conversation" Button`
    t =     4.88s         Checking existence of `"Enter conversation" Button`
    t =     4.94s Tap "Enter conversation" Button
    t =     4.94s     Wait for life.soullab.voicekernel.k00 to idle
    t =     4.95s     Find the "Enter conversation" Button
    t =     4.99s     Check for interrupting elements affecting "Enter conversation" Button
    t =     5.03s     Synthesize event
    t =     5.32s     Wait for life.soullab.voicekernel.k00 to idle
    t =    20.34s Waiting 5.0s for "Export journal" Button to exist
    t =    21.35s     Checking `Expect predicate `existsNoRetry == 1` for object "Export journal" Button`
    t =    21.35s         Checking existence of `"Export journal" Button`
    t =    21.42s Tap "Export journal" Button
    t =    21.42s     Wait for life.soullab.voicekernel.k00 to idle
    t =    21.43s     Find the "Export journal" Button
    t =    21.46s     Check for interrupting elements affecting "Export journal" Button
    t =    21.50s     Synthesize event
    t =    21.92s     Wait for life.soullab.voicekernel.k00 to idle
    t =    24.13s Terminate life.soullab.voicekernel.k00:63941
    t =    25.22s Wait for life.soullab.voicekernel.k00 to become Not Running
    t =    25.22s Tear Down
Test Case '-[DriverUITests.K00DriverTests testOneSample]' passed (25.278 seconds).
Test Suite 'K00DriverTests' passed at 2026-09-14 10:09:59.905.
	 Executed 1 test, with 0 failures (0 unexpected) in 25.278 (25.279) seconds
Test Suite 'DriverUITests.xctest' passed at 2026-09-14 10:09:59.906.
	 Executed 1 test, with 0 failures (0 unexpected) in 25.278 (25.280) seconds
Test Suite 'Selected tests' passed at 2026-09-14 10:09:59.907.
	 Executed 1 test, with 0 failures (0 unexpected) in 25.278 (25.282) seconds
2026-09-14 10:10:00.065 xcodebuild[344:29170183] [MT] IDERunDestination: Supported platforms for the buildables in the current scheme is empty.
2026-09-14 10:10:00.265 xcodebuild[344:29170183] [MT] IDETestOperationsObserverDebug: 28.197 elapsed -- Testing started completed.
2026-09-14 10:10:00.265 xcodebuild[344:29170183] [MT] IDETestOperationsObserverDebug: 0.000 sec, +0.000 sec -- start
2026-09-14 10:10:00.265 xcodebuild[344:29170183] [MT] IDETestOperationsObserverDebug: 28.197 sec, +28.197 sec -- end

Test session results, code coverage, and logs:
	/Users/soullab/Library/Developer/Xcode/DerivedData/VoiceKernelDriver-fbwjsqmkrtpykwdwotuetgdyslmx/Logs/Test/Test-DriverUITests-2026.09.14_10-09-31--0400.xcresult

** TEST EXECUTE SUCCEEDED **

Testing started
