Command line invocation:
    /Applications/Xcode.app/Contents/Developer/usr/bin/xcodebuild test-without-building -xctestrun /private/tmp/voice-seam-01/ios/VoiceKernelDriver/.derived/Build/Products/DriverUITests_iphoneos26.2-arm64.xctestrun -destination id=00008140-00163D9922E0801C -collect-test-diagnostics never "-only-testing:DriverUITests/K00DriverTests/testOneSample"

2026-09-14 10:04:20.451 xcodebuild[99437:29158808] [MT] IDERunDestination: Supported platforms for the buildables in the current scheme is empty.
2026-09-14 10:04:20.454 xcodebuild[99437:29158808] [MT] IDERunDestination: Supported platforms for the buildables in the current scheme is empty.
2026-09-14 10:04:20.554 xcodebuild[99437:29158808] [MT] IDERunDestination: Supported platforms for the buildables in the current scheme is empty.
--- xcodebuild: WARNING: Using the first of multiple matching destinations:
{ platform:iOS, arch:arm64e, id:00008140-00163D9922E0801C, name:Kelly Nezat’s iPhone }
{ platform:iOS, arch:arm64, id:00008140-00163D9922E0801C, name:Kelly Nezat’s iPhone }
2026-09-14 10:04:20.790 xcodebuild[99437:29158808] [MT] IDERunDestination: Supported platforms for the buildables in the current scheme is empty.
2026-09-14 10:04:20.972 xcodebuild[99437:29158808] [MT] IDERunDestination: Supported platforms for the buildables in the current scheme is empty.
2026-09-14 10:04:22.837825-0400 DriverUITests-Runner[63905:14197457] [Default] Running tests...
    t =      nans Interface orientation changed to Portrait
Test Suite 'Selected tests' started at 2026-09-14 10:04:23.314.
Test Suite 'DriverUITests.xctest' started at 2026-09-14 10:04:23.315.
Test Suite 'K00DriverTests' started at 2026-09-14 10:04:23.316.
Test Case '-[DriverUITests.K00DriverTests testOneSample]' started.
    t =     0.00s Start Test at 2026-09-14 10:04:23.317
    t =     0.06s Set Up
    t =     0.06s Open life.soullab.voicekernel.k00
    t =     0.06s     Launch life.soullab.voicekernel.k00
    t =     0.14s         Setting up automation session
    t =     0.24s         Wait for life.soullab.voicekernel.k00 to idle
2026-09-14 10:04:23.572 xcodebuild[99437:29158808] [MT] IDERunDestination: Supported platforms for the buildables in the current scheme is empty.
    t =     1.34s Wait for life.soullab.voicekernel.k00 to become Running Foreground
    t =     1.34s Waiting 10.0s for "Enter conversation" Button to exist
    t =     2.37s     Checking `Expect predicate `existsNoRetry == 1` for object "Enter conversation" Button`
    t =     2.37s         Checking existence of `"Enter conversation" Button`
    t =     2.47s Checking existence of `"Voice processing: ON (default)" Button`
    t =     2.50s Checking existence of `"Voice processing: OFF (control run)" Button`
    t =     2.82s Waiting 3.0s for "Voice processing: ON (default)" Button to exist
    t =     3.84s     Checking `Expect predicate `existsNoRetry == 1` for object "Voice processing: ON (default)" Button`
    t =     3.85s         Checking existence of `"Voice processing: ON (default)" Button`
    t =     3.91s Waiting 5.0s for "Enter conversation" Button to exist
    t =     4.94s     Checking `Expect predicate `existsNoRetry == 1` for object "Enter conversation" Button`
    t =     4.94s         Checking existence of `"Enter conversation" Button`
    t =     5.01s Tap "Enter conversation" Button
    t =     5.01s     Wait for life.soullab.voicekernel.k00 to idle
    t =     5.01s     Find the "Enter conversation" Button
    t =     5.05s     Check for interrupting elements affecting "Enter conversation" Button
    t =     5.09s     Synthesize event
    t =     5.39s     Wait for life.soullab.voicekernel.k00 to idle
    t =    20.41s Waiting 5.0s for "Export journal" Button to exist
    t =    21.43s     Checking `Expect predicate `existsNoRetry == 1` for object "Export journal" Button`
    t =    21.43s         Checking existence of `"Export journal" Button`
    t =    21.49s Tap "Export journal" Button
    t =    21.49s     Wait for life.soullab.voicekernel.k00 to idle
    t =    21.49s     Find the "Export journal" Button
    t =    21.53s     Check for interrupting elements affecting "Export journal" Button
    t =    21.56s     Synthesize event
    t =    21.88s     Wait for life.soullab.voicekernel.k00 to idle
    t =    24.10s Terminate life.soullab.voicekernel.k00:63906
    t =    25.18s Wait for life.soullab.voicekernel.k00 to become Not Running
    t =    25.18s Tear Down
Test Case '-[DriverUITests.K00DriverTests testOneSample]' passed (25.232 seconds).
Test Suite 'K00DriverTests' passed at 2026-09-14 10:04:48.549.
	 Executed 1 test, with 0 failures (0 unexpected) in 25.232 (25.233) seconds
Test Suite 'DriverUITests.xctest' passed at 2026-09-14 10:04:48.549.
	 Executed 1 test, with 0 failures (0 unexpected) in 25.232 (25.234) seconds
Test Suite 'Selected tests' passed at 2026-09-14 10:04:48.550.
	 Executed 1 test, with 0 failures (0 unexpected) in 25.232 (25.236) seconds
2026-09-14 10:04:48.728 xcodebuild[99437:29158808] [MT] IDERunDestination: Supported platforms for the buildables in the current scheme is empty.
2026-09-14 10:04:48.882 xcodebuild[99437:29158808] [MT] IDETestOperationsObserverDebug: 28.091 elapsed -- Testing started completed.
2026-09-14 10:04:48.882 xcodebuild[99437:29158808] [MT] IDETestOperationsObserverDebug: 0.000 sec, +0.000 sec -- start
2026-09-14 10:04:48.882 xcodebuild[99437:29158808] [MT] IDETestOperationsObserverDebug: 28.091 sec, +28.091 sec -- end

Test session results, code coverage, and logs:
	/Users/soullab/Library/Developer/Xcode/DerivedData/VoiceKernelDriver-hfklhraylcvudievahuqgfgqllbt/Logs/Test/Test-DriverUITests-2026.09.14_10-04-20--0400.xcresult

** TEST EXECUTE SUCCEEDED **

Testing started
