Command line invocation:
    /Applications/Xcode.app/Contents/Developer/usr/bin/xcodebuild test-without-building -xctestrun /private/tmp/voice-seam-01/ios/VoiceKernelDriver/.derived/Build/Products/DriverUITests_iphoneos26.2-arm64.xctestrun -destination id=00008140-00163D9922E0801C -collect-test-diagnostics never "-only-testing:DriverUITests/K00DriverTests/testOneSample"

2026-09-14 09:56:14.068 xcodebuild[98170:29141053] [MT] IDERunDestination: Supported platforms for the buildables in the current scheme is empty.
2026-09-14 09:56:14.071 xcodebuild[98170:29141053] [MT] IDERunDestination: Supported platforms for the buildables in the current scheme is empty.
2026-09-14 09:56:14.168 xcodebuild[98170:29141053] [MT] IDERunDestination: Supported platforms for the buildables in the current scheme is empty.
--- xcodebuild: WARNING: Using the first of multiple matching destinations:
{ platform:iOS, arch:arm64e, id:00008140-00163D9922E0801C, name:Kelly Nezat’s iPhone }
{ platform:iOS, arch:arm64, id:00008140-00163D9922E0801C, name:Kelly Nezat’s iPhone }
2026-09-14 09:56:14.430 xcodebuild[98170:29141053] [MT] IDERunDestination: Supported platforms for the buildables in the current scheme is empty.
2026-09-14 09:56:16.215609-0400 DriverUITests-Runner[63834:14178191] [Default] Running tests...
    t =      nans Interface orientation changed to Portrait
Test Suite 'Selected tests' started at 2026-09-14 09:56:16.702.
Test Suite 'DriverUITests.xctest' started at 2026-09-14 09:56:16.703.
Test Suite 'K00DriverTests' started at 2026-09-14 09:56:16.703.
Test Case '-[DriverUITests.K00DriverTests testOneSample]' started.
    t =     0.00s Start Test at 2026-09-14 09:56:16.704
    t =     0.02s Set Up
    t =     0.03s Open life.soullab.voicekernel.k00
    t =     0.03s     Launch life.soullab.voicekernel.k00
    t =     0.11s         Setting up automation session
    t =     0.19s         Wait for life.soullab.voicekernel.k00 to idle
2026-09-14 09:56:16.916 xcodebuild[98170:29141053] [MT] IDERunDestination: Supported platforms for the buildables in the current scheme is empty.
    t =     1.28s Wait for life.soullab.voicekernel.k00 to become Running Foreground
    t =     1.29s Waiting 10.0s for "Enter conversation" Button to exist
    t =     2.31s     Checking `Expect predicate `existsNoRetry == 1` for object "Enter conversation" Button`
    t =     2.31s         Checking existence of `"Enter conversation" Button`
    t =     2.41s Checking existence of `"Voice processing: ON (default)" Button`
    t =     2.44s Checking existence of `"Voice processing: OFF (control run)" Button`
    t =     2.76s Waiting 3.0s for "Voice processing: ON (default)" Button to exist
    t =     3.78s     Checking `Expect predicate `existsNoRetry == 1` for object "Voice processing: ON (default)" Button`
    t =     3.78s         Checking existence of `"Voice processing: ON (default)" Button`
    t =     3.85s Waiting 5.0s for "Enter conversation" Button to exist
    t =     4.86s     Checking `Expect predicate `existsNoRetry == 1` for object "Enter conversation" Button`
    t =     4.86s         Checking existence of `"Enter conversation" Button`
    t =     4.92s Tap "Enter conversation" Button
    t =     4.93s     Wait for life.soullab.voicekernel.k00 to idle
    t =     4.93s     Find the "Enter conversation" Button
    t =     4.97s     Check for interrupting elements affecting "Enter conversation" Button
    t =     5.02s     Synthesize event
    t =     5.31s     Wait for life.soullab.voicekernel.k00 to idle
    t =    20.32s Waiting 5.0s for "Export journal" Button to exist
    t =    21.34s     Checking `Expect predicate `existsNoRetry == 1` for object "Export journal" Button`
    t =    21.34s         Checking existence of `"Export journal" Button`
    t =    21.40s Tap "Export journal" Button
    t =    21.40s     Wait for life.soullab.voicekernel.k00 to idle
    t =    21.41s     Find the "Export journal" Button
    t =    21.44s     Check for interrupting elements affecting "Export journal" Button
    t =    21.49s     Synthesize event
    t =    21.80s     Wait for life.soullab.voicekernel.k00 to idle
    t =    24.00s Terminate life.soullab.voicekernel.k00:63835
    t =    25.16s Wait for life.soullab.voicekernel.k00 to become Not Running
    t =    25.16s Tear Down
Test Case '-[DriverUITests.K00DriverTests testOneSample]' passed (25.211 seconds).
Test Suite 'K00DriverTests' passed at 2026-09-14 09:56:41.915.
	 Executed 1 test, with 0 failures (0 unexpected) in 25.211 (25.212) seconds
Test Suite 'DriverUITests.xctest' passed at 2026-09-14 09:56:41.917.
	 Executed 1 test, with 0 failures (0 unexpected) in 25.211 (25.214) seconds
Test Suite 'Selected tests' passed at 2026-09-14 09:56:41.919.
	 Executed 1 test, with 0 failures (0 unexpected) in 25.211 (25.217) seconds
2026-09-14 09:56:42.077 xcodebuild[98170:29141053] [MT] IDERunDestination: Supported platforms for the buildables in the current scheme is empty.
2026-09-14 09:56:42.248 xcodebuild[98170:29141053] [MT] IDETestOperationsObserverDebug: 27.817 elapsed -- Testing started completed.
2026-09-14 09:56:42.248 xcodebuild[98170:29141053] [MT] IDETestOperationsObserverDebug: 0.000 sec, +0.000 sec -- start
2026-09-14 09:56:42.248 xcodebuild[98170:29141053] [MT] IDETestOperationsObserverDebug: 27.817 sec, +27.817 sec -- end

Test session results, code coverage, and logs:
	/Users/soullab/Library/Developer/Xcode/DerivedData/VoiceKernelDriver-hhwyapmqwmpuedbzfubkpmzsopej/Logs/Test/Test-DriverUITests-2026.09.14_09-56-14--0400.xcresult

** TEST EXECUTE SUCCEEDED **

Testing started
