Command line invocation:
    /Applications/Xcode.app/Contents/Developer/usr/bin/xcodebuild test-without-building -xctestrun /private/tmp/voice-seam-01/ios/VoiceKernelDriver/.derived/Build/Products/DriverUITests_iphoneos26.2-arm64.xctestrun -destination id=00008140-00163D9922E0801C -collect-test-diagnostics never "-only-testing:DriverUITests/K00DriverTests/testOneSample"

2026-09-14 09:57:20.428 xcodebuild[98366:29143818] [MT] IDERunDestination: Supported platforms for the buildables in the current scheme is empty.
2026-09-14 09:57:20.431 xcodebuild[98366:29143818] [MT] IDERunDestination: Supported platforms for the buildables in the current scheme is empty.
2026-09-14 09:57:20.530 xcodebuild[98366:29143818] [MT] IDERunDestination: Supported platforms for the buildables in the current scheme is empty.
--- xcodebuild: WARNING: Using the first of multiple matching destinations:
{ platform:iOS, arch:arm64e, id:00008140-00163D9922E0801C, name:Kelly Nezat’s iPhone }
{ platform:iOS, arch:arm64, id:00008140-00163D9922E0801C, name:Kelly Nezat’s iPhone }
2026-09-14 09:57:20.761 xcodebuild[98366:29143818] [MT] IDERunDestination: Supported platforms for the buildables in the current scheme is empty.
2026-09-14 09:57:20.942 xcodebuild[98366:29143818] [MT] IDERunDestination: Supported platforms for the buildables in the current scheme is empty.
2026-09-14 09:57:22.618907-0400 DriverUITests-Runner[63846:14180968] [Default] Running tests...
    t =      nans Interface orientation changed to Portrait
Test Suite 'Selected tests' started at 2026-09-14 09:57:23.207.
Test Suite 'DriverUITests.xctest' started at 2026-09-14 09:57:23.207.
Test Suite 'K00DriverTests' started at 2026-09-14 09:57:23.207.
Test Case '-[DriverUITests.K00DriverTests testOneSample]' started.
    t =     0.00s Start Test at 2026-09-14 09:57:23.208
    t =     0.02s Set Up
    t =     0.03s Open life.soullab.voicekernel.k00
    t =     0.03s     Launch life.soullab.voicekernel.k00
    t =     0.10s         Setting up automation session
    t =     0.19s         Wait for life.soullab.voicekernel.k00 to idle
2026-09-14 09:57:23.427 xcodebuild[98366:29143818] [MT] IDERunDestination: Supported platforms for the buildables in the current scheme is empty.
    t =     1.29s Wait for life.soullab.voicekernel.k00 to become Running Foreground
    t =     1.30s Waiting 10.0s for "Enter conversation" Button to exist
    t =     2.35s     Checking `Expect predicate `existsNoRetry == 1` for object "Enter conversation" Button`
    t =     2.35s         Checking existence of `"Enter conversation" Button`
    t =     2.44s Checking existence of `"Voice processing: ON (default)" Button`
    t =     2.47s Checking existence of `"Voice processing: OFF (control run)" Button`
    t =     2.80s Waiting 3.0s for "Voice processing: ON (default)" Button to exist
    t =     3.82s     Checking `Expect predicate `existsNoRetry == 1` for object "Voice processing: ON (default)" Button`
    t =     3.82s         Checking existence of `"Voice processing: ON (default)" Button`
    t =     3.99s Waiting 5.0s for "Enter conversation" Button to exist
    t =     5.01s     Checking `Expect predicate `existsNoRetry == 1` for object "Enter conversation" Button`
    t =     5.01s         Checking existence of `"Enter conversation" Button`
    t =     5.08s Tap "Enter conversation" Button
    t =     5.08s     Wait for life.soullab.voicekernel.k00 to idle
    t =     5.08s     Find the "Enter conversation" Button
    t =     5.12s     Check for interrupting elements affecting "Enter conversation" Button
    t =     5.17s     Synthesize event
    t =     5.47s     Wait for life.soullab.voicekernel.k00 to idle
    t =    20.49s Waiting 5.0s for "Export journal" Button to exist
    t =    21.51s     Checking `Expect predicate `existsNoRetry == 1` for object "Export journal" Button`
    t =    21.51s         Checking existence of `"Export journal" Button`
    t =    21.57s Tap "Export journal" Button
    t =    21.57s     Wait for life.soullab.voicekernel.k00 to idle
    t =    21.58s     Find the "Export journal" Button
    t =    21.62s     Check for interrupting elements affecting "Export journal" Button
    t =    21.66s     Synthesize event
    t =    21.96s     Wait for life.soullab.voicekernel.k00 to idle
    t =    24.19s Terminate life.soullab.voicekernel.k00:63847
    t =    25.28s Wait for life.soullab.voicekernel.k00 to become Not Running
    t =    25.28s Tear Down
Test Case '-[DriverUITests.K00DriverTests testOneSample]' passed (25.350 seconds).
Test Suite 'K00DriverTests' passed at 2026-09-14 09:57:48.560.
	 Executed 1 test, with 0 failures (0 unexpected) in 25.350 (25.353) seconds
Test Suite 'DriverUITests.xctest' passed at 2026-09-14 09:57:48.567.
	 Executed 1 test, with 0 failures (0 unexpected) in 25.350 (25.360) seconds
Test Suite 'Selected tests' passed at 2026-09-14 09:57:48.572.
	 Executed 1 test, with 0 failures (0 unexpected) in 25.350 (25.365) seconds
2026-09-14 09:57:48.692 xcodebuild[98366:29143818] [MT] IDERunDestination: Supported platforms for the buildables in the current scheme is empty.
2026-09-14 09:57:48.879 xcodebuild[98366:29143818] [MT] IDETestOperationsObserverDebug: 28.118 elapsed -- Testing started completed.
2026-09-14 09:57:48.879 xcodebuild[98366:29143818] [MT] IDETestOperationsObserverDebug: 0.000 sec, +0.000 sec -- start
2026-09-14 09:57:48.880 xcodebuild[98366:29143818] [MT] IDETestOperationsObserverDebug: 28.118 sec, +28.118 sec -- end

Test session results, code coverage, and logs:
	/Users/soullab/Library/Developer/Xcode/DerivedData/VoiceKernelDriver-dwumsjpybuzelhgdplxmpdnlnomz/Logs/Test/Test-DriverUITests-2026.09.14_09-57-20--0400.xcresult

** TEST EXECUTE SUCCEEDED **

Testing started
