Command line invocation:
    /Applications/Xcode.app/Contents/Developer/usr/bin/xcodebuild test-without-building -xctestrun /private/tmp/voice-seam-01/ios/VoiceKernelDriver/.derived/Build/Products/DriverUITests_iphoneos26.2-arm64.xctestrun -destination id=00008140-00163D9922E0801C -collect-test-diagnostics never "-only-testing:DriverUITests/K00DriverTests/testOneSample"

2026-09-14 10:00:10.252 xcodebuild[98806:29149922] [MT] IDERunDestination: Supported platforms for the buildables in the current scheme is empty.
2026-09-14 10:00:10.255 xcodebuild[98806:29149922] [MT] IDERunDestination: Supported platforms for the buildables in the current scheme is empty.
2026-09-14 10:00:10.353 xcodebuild[98806:29149922] [MT] IDERunDestination: Supported platforms for the buildables in the current scheme is empty.
--- xcodebuild: WARNING: Using the first of multiple matching destinations:
{ platform:iOS, arch:arm64e, id:00008140-00163D9922E0801C, name:Kelly Nezat’s iPhone }
{ platform:iOS, arch:arm64, id:00008140-00163D9922E0801C, name:Kelly Nezat’s iPhone }
2026-09-14 10:00:10.588 xcodebuild[98806:29149922] [MT] IDERunDestination: Supported platforms for the buildables in the current scheme is empty.
2026-09-14 10:00:10.769 xcodebuild[98806:29149922] [MT] IDERunDestination: Supported platforms for the buildables in the current scheme is empty.
2026-09-14 10:00:12.302538-0400 DriverUITests-Runner[63862:14187583] [Default] Running tests...
    t =      nans Interface orientation changed to Portrait
Test Suite 'Selected tests' started at 2026-09-14 10:00:12.779.
Test Suite 'DriverUITests.xctest' started at 2026-09-14 10:00:12.780.
Test Suite 'K00DriverTests' started at 2026-09-14 10:00:12.780.
Test Case '-[DriverUITests.K00DriverTests testOneSample]' started.
    t =     0.00s Start Test at 2026-09-14 10:00:12.780
    t =     0.02s Set Up
    t =     0.03s Open life.soullab.voicekernel.k00
    t =     0.03s     Launch life.soullab.voicekernel.k00
    t =     0.11s         Setting up automation session
    t =     0.19s         Wait for life.soullab.voicekernel.k00 to idle
2026-09-14 10:00:12.994 xcodebuild[98806:29149922] [MT] IDERunDestination: Supported platforms for the buildables in the current scheme is empty.
    t =     1.29s Wait for life.soullab.voicekernel.k00 to become Running Foreground
    t =     1.30s Waiting 10.0s for "Enter conversation" Button to exist
    t =     2.31s     Checking `Expect predicate `existsNoRetry == 1` for object "Enter conversation" Button`
    t =     2.31s         Checking existence of `"Enter conversation" Button`
    t =     2.40s Checking existence of `"Voice processing: ON (default)" Button`
    t =     2.43s Checking existence of `"Voice processing: OFF (control run)" Button`
    t =     2.76s Waiting 3.0s for "Voice processing: ON (default)" Button to exist
    t =     3.76s     Checking `Expect predicate `existsNoRetry == 1` for object "Voice processing: ON (default)" Button`
    t =     3.77s         Checking existence of `"Voice processing: ON (default)" Button`
    t =     3.83s Waiting 5.0s for "Enter conversation" Button to exist
    t =     4.85s     Checking `Expect predicate `existsNoRetry == 1` for object "Enter conversation" Button`
    t =     4.85s         Checking existence of `"Enter conversation" Button`
    t =     4.91s Tap "Enter conversation" Button
    t =     4.91s     Wait for life.soullab.voicekernel.k00 to idle
    t =     4.91s     Find the "Enter conversation" Button
    t =     4.95s     Check for interrupting elements affecting "Enter conversation" Button
    t =     5.00s     Synthesize event
    t =     5.42s     Wait for life.soullab.voicekernel.k00 to idle
    t =    20.44s Waiting 5.0s for "Export journal" Button to exist
    t =    21.46s     Checking `Expect predicate `existsNoRetry == 1` for object "Export journal" Button`
    t =    21.46s         Checking existence of `"Export journal" Button`
    t =    21.51s Tap "Export journal" Button
    t =    21.51s     Wait for life.soullab.voicekernel.k00 to idle
    t =    21.51s     Find the "Export journal" Button
    t =    21.54s     Check for interrupting elements affecting "Export journal" Button
    t =    21.58s     Synthesize event
    t =    21.89s     Wait for life.soullab.voicekernel.k00 to idle
    t =    24.21s Terminate life.soullab.voicekernel.k00:63863
    t =    25.27s Wait for life.soullab.voicekernel.k00 to become Not Running
    t =    25.28s Tear Down
Test Case '-[DriverUITests.K00DriverTests testOneSample]' passed (25.350 seconds).
Test Suite 'K00DriverTests' passed at 2026-09-14 10:00:38.136.
	 Executed 1 test, with 0 failures (0 unexpected) in 25.350 (25.356) seconds
Test Suite 'DriverUITests.xctest' passed at 2026-09-14 10:00:38.139.
	 Executed 1 test, with 0 failures (0 unexpected) in 25.350 (25.359) seconds
Test Suite 'Selected tests' passed at 2026-09-14 10:00:38.149.
	 Executed 1 test, with 0 failures (0 unexpected) in 25.350 (25.370) seconds
2026-09-14 10:00:38.231 xcodebuild[98806:29149922] [MT] IDERunDestination: Supported platforms for the buildables in the current scheme is empty.
2026-09-14 10:00:38.456 xcodebuild[98806:29149922] [MT] IDETestOperationsObserverDebug: 27.867 elapsed -- Testing started completed.
2026-09-14 10:00:38.456 xcodebuild[98806:29149922] [MT] IDETestOperationsObserverDebug: 0.000 sec, +0.000 sec -- start
2026-09-14 10:00:38.456 xcodebuild[98806:29149922] [MT] IDETestOperationsObserverDebug: 27.867 sec, +27.867 sec -- end

Test session results, code coverage, and logs:
	/Users/soullab/Library/Developer/Xcode/DerivedData/VoiceKernelDriver-bosrdisuibqwqmdqjzryenigmgxz/Logs/Test/Test-DriverUITests-2026.09.14_10-00-10--0400.xcresult

** TEST EXECUTE SUCCEEDED **

Testing started
