Command line invocation:
    /Applications/Xcode.app/Contents/Developer/usr/bin/xcodebuild test-without-building -xctestrun /private/tmp/voice-seam-01/ios/VoiceKernelDriver/.derived/Build/Products/DriverUITests_iphoneos26.2-arm64.xctestrun -destination id=00008140-00163D9922E0801C -collect-test-diagnostics never "-only-testing:DriverUITests/K00DriverTests/testOneSample"

2026-09-14 09:59:01.483 xcodebuild[98637:29147659] [MT] IDERunDestination: Supported platforms for the buildables in the current scheme is empty.
2026-09-14 09:59:01.486 xcodebuild[98637:29147659] [MT] IDERunDestination: Supported platforms for the buildables in the current scheme is empty.
2026-09-14 09:59:01.586 xcodebuild[98637:29147659] [MT] IDERunDestination: Supported platforms for the buildables in the current scheme is empty.
--- xcodebuild: WARNING: Using the first of multiple matching destinations:
{ platform:iOS, arch:arm64e, id:00008140-00163D9922E0801C, name:Kelly Nezat’s iPhone }
{ platform:iOS, arch:arm64, id:00008140-00163D9922E0801C, name:Kelly Nezat’s iPhone }
2026-09-14 09:59:01.824 xcodebuild[98637:29147659] [MT] IDERunDestination: Supported platforms for the buildables in the current scheme is empty.
2026-09-14 09:59:03.833777-0400 DriverUITests-Runner[63856:14184833] [Default] Running tests...
    t =      nans Interface orientation changed to Portrait
Test Suite 'Selected tests' started at 2026-09-14 09:59:04.308.
Test Suite 'DriverUITests.xctest' started at 2026-09-14 09:59:04.309.
Test Suite 'K00DriverTests' started at 2026-09-14 09:59:04.309.
Test Case '-[DriverUITests.K00DriverTests testOneSample]' started.
    t =     0.00s Start Test at 2026-09-14 09:59:04.310
    t =     0.02s Set Up
    t =     0.03s Open life.soullab.voicekernel.k00
    t =     0.03s     Launch life.soullab.voicekernel.k00
    t =     0.12s         Setting up automation session
2026-09-14 09:59:04.500 xcodebuild[98637:29147659] [MT] IDERunDestination: Supported platforms for the buildables in the current scheme is empty.
    t =     0.20s         Wait for life.soullab.voicekernel.k00 to idle
    t =     1.29s Wait for life.soullab.voicekernel.k00 to become Running Foreground
    t =     1.29s Waiting 10.0s for "Enter conversation" Button to exist
    t =     2.35s     Checking `Expect predicate `existsNoRetry == 1` for object "Enter conversation" Button`
    t =     2.36s         Checking existence of `"Enter conversation" Button`
    t =     2.45s Checking existence of `"Voice processing: ON (default)" Button`
    t =     2.48s Checking existence of `"Voice processing: OFF (control run)" Button`
    t =     2.81s Waiting 3.0s for "Voice processing: ON (default)" Button to exist
    t =     3.82s     Checking `Expect predicate `existsNoRetry == 1` for object "Voice processing: ON (default)" Button`
    t =     3.82s         Checking existence of `"Voice processing: ON (default)" Button`
    t =     3.88s Waiting 5.0s for "Enter conversation" Button to exist
    t =     4.89s     Checking `Expect predicate `existsNoRetry == 1` for object "Enter conversation" Button`
    t =     4.89s         Checking existence of `"Enter conversation" Button`
    t =     4.95s Tap "Enter conversation" Button
    t =     4.95s     Wait for life.soullab.voicekernel.k00 to idle
    t =     4.96s     Find the "Enter conversation" Button
    t =     5.00s     Check for interrupting elements affecting "Enter conversation" Button
    t =     5.04s     Synthesize event
    t =     5.33s     Wait for life.soullab.voicekernel.k00 to idle
    t =    20.35s Waiting 5.0s for "Export journal" Button to exist
    t =    21.38s     Checking `Expect predicate `existsNoRetry == 1` for object "Export journal" Button`
    t =    21.38s         Checking existence of `"Export journal" Button`
    t =    21.45s Tap "Export journal" Button
    t =    21.45s     Wait for life.soullab.voicekernel.k00 to idle
    t =    21.46s     Find the "Export journal" Button
    t =    21.49s     Check for interrupting elements affecting "Export journal" Button
    t =    21.54s     Synthesize event
    t =    21.84s     Wait for life.soullab.voicekernel.k00 to idle
    t =    24.06s Terminate life.soullab.voicekernel.k00:63857
    t =    25.15s Wait for life.soullab.voicekernel.k00 to become Not Running
    t =    25.15s Tear Down
Test Case '-[DriverUITests.K00DriverTests testOneSample]' passed (25.211 seconds).
Test Suite 'K00DriverTests' passed at 2026-09-14 09:59:29.524.
	 Executed 1 test, with 0 failures (0 unexpected) in 25.211 (25.215) seconds
Test Suite 'DriverUITests.xctest' passed at 2026-09-14 09:59:29.525.
	 Executed 1 test, with 0 failures (0 unexpected) in 25.211 (25.216) seconds
Test Suite 'Selected tests' passed at 2026-09-14 09:59:29.525.
	 Executed 1 test, with 0 failures (0 unexpected) in 25.211 (25.217) seconds
2026-09-14 09:59:29.651 xcodebuild[98637:29147659] [MT] IDERunDestination: Supported platforms for the buildables in the current scheme is empty.
2026-09-14 09:59:29.853 xcodebuild[98637:29147659] [MT] IDETestOperationsObserverDebug: 28.028 elapsed -- Testing started completed.
2026-09-14 09:59:29.853 xcodebuild[98637:29147659] [MT] IDETestOperationsObserverDebug: 0.000 sec, +0.000 sec -- start
2026-09-14 09:59:29.853 xcodebuild[98637:29147659] [MT] IDETestOperationsObserverDebug: 28.028 sec, +28.028 sec -- end

Test session results, code coverage, and logs:
	/Users/soullab/Library/Developer/Xcode/DerivedData/VoiceKernelDriver-fzugbhebaupcvthkiuxvaemewhhq/Logs/Test/Test-DriverUITests-2026.09.14_09-59-01--0400.xcresult

** TEST EXECUTE SUCCEEDED **

Testing started
