Command line invocation:
    /Applications/Xcode.app/Contents/Developer/usr/bin/xcodebuild test-without-building -xctestrun /private/tmp/voice-seam-01/ios/VoiceKernelDriver/.derived/Build/Products/DriverUITests_iphoneos26.2-arm64.xctestrun -destination id=00008140-00163D9922E0801C -collect-test-diagnostics never "-only-testing:DriverUITests/K00DriverTests/testOneSample"

2026-09-14 09:56:46.961 xcodebuild[98289:29142457] [MT] IDERunDestination: Supported platforms for the buildables in the current scheme is empty.
2026-09-14 09:56:46.964 xcodebuild[98289:29142457] [MT] IDERunDestination: Supported platforms for the buildables in the current scheme is empty.
2026-09-14 09:56:47.064 xcodebuild[98289:29142457] [MT] IDERunDestination: Supported platforms for the buildables in the current scheme is empty.
--- xcodebuild: WARNING: Using the first of multiple matching destinations:
{ platform:iOS, arch:arm64e, id:00008140-00163D9922E0801C, name:Kelly Nezat’s iPhone }
{ platform:iOS, arch:arm64, id:00008140-00163D9922E0801C, name:Kelly Nezat’s iPhone }
2026-09-14 09:56:47.312 xcodebuild[98289:29142457] [MT] IDERunDestination: Supported platforms for the buildables in the current scheme is empty.
2026-09-14 09:56:47.515 xcodebuild[98289:29142457] [MT] IDERunDestination: Supported platforms for the buildables in the current scheme is empty.
2026-09-14 09:56:49.476727-0400 DriverUITests-Runner[63837:14179486] [Default] Running tests...
    t =      nans Interface orientation changed to Portrait
Test Suite 'Selected tests' started at 2026-09-14 09:56:49.942.
Test Suite 'DriverUITests.xctest' started at 2026-09-14 09:56:49.943.
Test Suite 'K00DriverTests' started at 2026-09-14 09:56:49.943.
Test Case '-[DriverUITests.K00DriverTests testOneSample]' started.
    t =     0.00s Start Test at 2026-09-14 09:56:49.944
    t =     0.02s Set Up
    t =     0.02s Open life.soullab.voicekernel.k00
    t =     0.02s     Launch life.soullab.voicekernel.k00
    t =     0.11s         Setting up automation session
    t =     0.18s         Wait for life.soullab.voicekernel.k00 to idle
2026-09-14 09:56:50.137 xcodebuild[98289:29142457] [MT] IDERunDestination: Supported platforms for the buildables in the current scheme is empty.
    t =     1.28s Wait for life.soullab.voicekernel.k00 to become Running Foreground
    t =     1.28s Waiting 10.0s for "Enter conversation" Button to exist
    t =     2.34s     Checking `Expect predicate `existsNoRetry == 1` for object "Enter conversation" Button`
    t =     2.34s         Checking existence of `"Enter conversation" Button`
    t =     2.44s Checking existence of `"Voice processing: ON (default)" Button`
    t =     2.47s Checking existence of `"Voice processing: OFF (control run)" Button`
    t =     2.79s Waiting 3.0s for "Voice processing: ON (default)" Button to exist
    t =     3.81s     Checking `Expect predicate `existsNoRetry == 1` for object "Voice processing: ON (default)" Button`
    t =     3.81s         Checking existence of `"Voice processing: ON (default)" Button`
    t =     3.87s Waiting 5.0s for "Enter conversation" Button to exist
    t =     4.91s     Checking `Expect predicate `existsNoRetry == 1` for object "Enter conversation" Button`
    t =     4.91s         Checking existence of `"Enter conversation" Button`
    t =     4.97s Tap "Enter conversation" Button
    t =     4.97s     Wait for life.soullab.voicekernel.k00 to idle
    t =     4.97s     Find the "Enter conversation" Button
    t =     5.01s     Check for interrupting elements affecting "Enter conversation" Button
    t =     5.06s     Synthesize event
    t =     5.35s     Wait for life.soullab.voicekernel.k00 to idle
    t =    20.36s Waiting 5.0s for "Export journal" Button to exist
    t =    21.42s     Checking `Expect predicate `existsNoRetry == 1` for object "Export journal" Button`
    t =    21.42s         Checking existence of `"Export journal" Button`
    t =    21.48s Tap "Export journal" Button
    t =    21.49s     Wait for life.soullab.voicekernel.k00 to idle
    t =    21.50s     Find the "Export journal" Button
    t =    21.54s     Check for interrupting elements affecting "Export journal" Button
    t =    21.58s     Synthesize event
    t =    21.99s     Wait for life.soullab.voicekernel.k00 to idle
    t =    24.22s Terminate life.soullab.voicekernel.k00:63838
    t =    25.25s Wait for life.soullab.voicekernel.k00 to become Not Running
    t =    25.26s Tear Down
Test Case '-[DriverUITests.K00DriverTests testOneSample]' passed (25.313 seconds).
Test Suite 'K00DriverTests' passed at 2026-09-14 09:57:15.256.
	 Executed 1 test, with 0 failures (0 unexpected) in 25.313 (25.313) seconds
Test Suite 'DriverUITests.xctest' passed at 2026-09-14 09:57:15.257.
	 Executed 1 test, with 0 failures (0 unexpected) in 25.313 (25.314) seconds
Test Suite 'Selected tests' passed at 2026-09-14 09:57:15.264.
	 Executed 1 test, with 0 failures (0 unexpected) in 25.313 (25.322) seconds
2026-09-14 09:57:15.405 xcodebuild[98289:29142457] [MT] IDERunDestination: Supported platforms for the buildables in the current scheme is empty.
2026-09-14 09:57:15.576 xcodebuild[98289:29142457] [MT] IDETestOperationsObserverDebug: 28.263 elapsed -- Testing started completed.
2026-09-14 09:57:15.576 xcodebuild[98289:29142457] [MT] IDETestOperationsObserverDebug: 0.000 sec, +0.000 sec -- start
2026-09-14 09:57:15.576 xcodebuild[98289:29142457] [MT] IDETestOperationsObserverDebug: 28.263 sec, +28.263 sec -- end

Test session results, code coverage, and logs:
	/Users/soullab/Library/Developer/Xcode/DerivedData/VoiceKernelDriver-cfvejfepylzqknbttfmytrgibzcb/Logs/Test/Test-DriverUITests-2026.09.14_09-56-47--0400.xcresult

** TEST EXECUTE SUCCEEDED **

Testing started
