Command line invocation:
    /Applications/Xcode.app/Contents/Developer/usr/bin/xcodebuild test-without-building -xctestrun /private/tmp/voice-seam-01/ios/VoiceKernelDriver/.derived/Build/Products/DriverUITests_iphoneos26.2-arm64.xctestrun -destination id=00008140-00163D9922E0801C -collect-test-diagnostics never "-only-testing:DriverUITests/K00DriverTests/testOneSample"

2026-09-14 10:02:32.372 xcodebuild[99195:29155345] [MT] IDERunDestination: Supported platforms for the buildables in the current scheme is empty.
2026-09-14 10:02:32.375 xcodebuild[99195:29155345] [MT] IDERunDestination: Supported platforms for the buildables in the current scheme is empty.
2026-09-14 10:02:32.472 xcodebuild[99195:29155345] [MT] IDERunDestination: Supported platforms for the buildables in the current scheme is empty.
--- xcodebuild: WARNING: Using the first of multiple matching destinations:
{ platform:iOS, arch:arm64e, id:00008140-00163D9922E0801C, name:Kelly Nezat’s iPhone }
{ platform:iOS, arch:arm64, id:00008140-00163D9922E0801C, name:Kelly Nezat’s iPhone }
2026-09-14 10:02:32.706 xcodebuild[99195:29155345] [MT] IDERunDestination: Supported platforms for the buildables in the current scheme is empty.
2026-09-14 10:02:34.508883-0400 DriverUITests-Runner[63882:14193197] [Default] Running tests...
    t =      nans Interface orientation changed to Portrait
Test Suite 'Selected tests' started at 2026-09-14 10:02:34.997.
Test Suite 'DriverUITests.xctest' started at 2026-09-14 10:02:34.998.
Test Suite 'K00DriverTests' started at 2026-09-14 10:02:34.998.
Test Case '-[DriverUITests.K00DriverTests testOneSample]' started.
    t =     0.00s Start Test at 2026-09-14 10:02:34.999
    t =     0.01s Set Up
    t =     0.01s Open life.soullab.voicekernel.k00
    t =     0.01s     Launch life.soullab.voicekernel.k00
    t =     0.09s         Setting up automation session
    t =     0.16s         Wait for life.soullab.voicekernel.k00 to idle
2026-09-14 10:02:35.208 xcodebuild[99195:29155345] [MT] IDERunDestination: Supported platforms for the buildables in the current scheme is empty.
    t =     1.28s Wait for life.soullab.voicekernel.k00 to become Running Foreground
    t =     1.29s Waiting 10.0s for "Enter conversation" Button to exist
    t =     2.30s     Checking `Expect predicate `existsNoRetry == 1` for object "Enter conversation" Button`
    t =     2.30s         Checking existence of `"Enter conversation" Button`
    t =     2.39s Checking existence of `"Voice processing: ON (default)" Button`
    t =     2.42s Checking existence of `"Voice processing: OFF (control run)" Button`
    t =     2.74s Waiting 3.0s for "Voice processing: ON (default)" Button to exist
    t =     3.77s     Checking `Expect predicate `existsNoRetry == 1` for object "Voice processing: ON (default)" Button`
    t =     3.77s         Checking existence of `"Voice processing: ON (default)" Button`
    t =     3.83s Waiting 5.0s for "Enter conversation" Button to exist
    t =     4.86s     Checking `Expect predicate `existsNoRetry == 1` for object "Enter conversation" Button`
    t =     4.86s         Checking existence of `"Enter conversation" Button`
    t =     4.92s Tap "Enter conversation" Button
    t =     4.92s     Wait for life.soullab.voicekernel.k00 to idle
    t =     4.93s     Find the "Enter conversation" Button
    t =     4.96s     Check for interrupting elements affecting "Enter conversation" Button
    t =     5.01s         Wait for com.apple.springboard to idle
    t =     5.08s     Synthesize event
    t =     5.37s     Wait for life.soullab.voicekernel.k00 to idle
    t =    20.39s Waiting 5.0s for "Export journal" Button to exist
    t =    21.40s     Checking `Expect predicate `existsNoRetry == 1` for object "Export journal" Button`
    t =    21.40s         Checking existence of `"Export journal" Button`
    t =    21.47s Tap "Export journal" Button
    t =    21.47s     Wait for life.soullab.voicekernel.k00 to idle
    t =    21.48s     Find the "Export journal" Button
    t =    21.51s     Check for interrupting elements affecting "Export journal" Button
    t =    21.56s     Synthesize event
    t =    21.96s     Wait for life.soullab.voicekernel.k00 to idle
    t =    24.19s Terminate life.soullab.voicekernel.k00:63884
    t =    25.29s Wait for life.soullab.voicekernel.k00 to become Not Running
    t =    25.29s Tear Down
Test Case '-[DriverUITests.K00DriverTests testOneSample]' passed (25.336 seconds).
Test Suite 'K00DriverTests' passed at 2026-09-14 10:03:00.336.
	 Executed 1 test, with 0 failures (0 unexpected) in 25.336 (25.338) seconds
Test Suite 'DriverUITests.xctest' passed at 2026-09-14 10:03:00.337.
	 Executed 1 test, with 0 failures (0 unexpected) in 25.336 (25.339) seconds
Test Suite 'Selected tests' passed at 2026-09-14 10:03:00.338.
	 Executed 1 test, with 0 failures (0 unexpected) in 25.336 (25.341) seconds
2026-09-14 10:03:00.495 xcodebuild[99195:29155345] [MT] IDERunDestination: Supported platforms for the buildables in the current scheme is empty.
2026-09-14 10:03:00.687 xcodebuild[99195:29155345] [MT] IDETestOperationsObserverDebug: 27.981 elapsed -- Testing started completed.
2026-09-14 10:03:00.688 xcodebuild[99195:29155345] [MT] IDETestOperationsObserverDebug: 0.000 sec, +0.000 sec -- start
2026-09-14 10:03:00.688 xcodebuild[99195:29155345] [MT] IDETestOperationsObserverDebug: 27.981 sec, +27.981 sec -- end

Test session results, code coverage, and logs:
	/Users/soullab/Library/Developer/Xcode/DerivedData/VoiceKernelDriver-cpjqomvvajyuijgbtfgrjlzazoqe/Logs/Test/Test-DriverUITests-2026.09.14_10-02-32--0400.xcresult

** TEST EXECUTE SUCCEEDED **

Testing started
