Command line invocation:
    /Applications/Xcode.app/Contents/Developer/usr/bin/xcodebuild test-without-building -xctestrun /private/tmp/voice-seam-01/ios/VoiceKernelDriver/.derived/Build/Products/DriverUITests_iphoneos26.2-arm64.xctestrun -destination id=00008140-00163D9922E0801C -collect-test-diagnostics never "-only-testing:DriverUITests/K00DriverTests/testOneSample"

2026-09-14 09:57:54.000 xcodebuild[98471:29144985] [MT] IDERunDestination: Supported platforms for the buildables in the current scheme is empty.
2026-09-14 09:57:54.003 xcodebuild[98471:29144985] [MT] IDERunDestination: Supported platforms for the buildables in the current scheme is empty.
2026-09-14 09:57:54.101 xcodebuild[98471:29144985] [MT] IDERunDestination: Supported platforms for the buildables in the current scheme is empty.
--- xcodebuild: WARNING: Using the first of multiple matching destinations:
{ platform:iOS, arch:arm64e, id:00008140-00163D9922E0801C, name:Kelly Nezat’s iPhone }
{ platform:iOS, arch:arm64, id:00008140-00163D9922E0801C, name:Kelly Nezat’s iPhone }
2026-09-14 09:57:54.351 xcodebuild[98471:29144985] [MT] IDERunDestination: Supported platforms for the buildables in the current scheme is empty.
2026-09-14 09:57:54.548 xcodebuild[98471:29144985] [MT] IDERunDestination: Supported platforms for the buildables in the current scheme is empty.
2026-09-14 09:57:56.071217-0400 DriverUITests-Runner[63849:14182240] [Default] Running tests...
    t =      nans Interface orientation changed to Portrait
Test Suite 'Selected tests' started at 2026-09-14 09:57:56.546.
Test Suite 'DriverUITests.xctest' started at 2026-09-14 09:57:56.546.
Test Suite 'K00DriverTests' started at 2026-09-14 09:57:56.546.
Test Case '-[DriverUITests.K00DriverTests testOneSample]' started.
    t =     0.00s Start Test at 2026-09-14 09:57:56.547
    t =     0.02s Set Up
    t =     0.03s Open life.soullab.voicekernel.k00
    t =     0.03s     Launch life.soullab.voicekernel.k00
    t =     0.12s         Setting up automation session
2026-09-14 09:57:56.732 xcodebuild[98471:29144985] [MT] IDERunDestination: Supported platforms for the buildables in the current scheme is empty.
    t =     0.20s         Wait for life.soullab.voicekernel.k00 to idle
    t =     1.30s Wait for life.soullab.voicekernel.k00 to become Running Foreground
    t =     1.30s Waiting 10.0s for "Enter conversation" Button to exist
    t =     2.31s     Checking `Expect predicate `existsNoRetry == 1` for object "Enter conversation" Button`
    t =     2.32s         Checking existence of `"Enter conversation" Button`
    t =     2.41s Checking existence of `"Voice processing: ON (default)" Button`
    t =     2.44s Checking existence of `"Voice processing: OFF (control run)" Button`
    t =     2.76s Waiting 3.0s for "Voice processing: ON (default)" Button to exist
2026-09-14 09:58:00.141 xcodebuild[98471:29144985] [MT] IDERunDestination: Supported platforms for the buildables in the current scheme is empty.
    t =     3.80s     Checking `Expect predicate `existsNoRetry == 1` for object "Voice processing: ON (default)" Button`
    t =     3.80s         Checking existence of `"Voice processing: ON (default)" Button`
    t =     3.87s Waiting 5.0s for "Enter conversation" Button to exist
    t =     4.87s     Checking `Expect predicate `existsNoRetry == 1` for object "Enter conversation" Button`
    t =     4.87s         Checking existence of `"Enter conversation" Button`
    t =     4.93s Tap "Enter conversation" Button
    t =     4.93s     Wait for life.soullab.voicekernel.k00 to idle
    t =     4.94s     Find the "Enter conversation" Button
    t =     4.98s     Check for interrupting elements affecting "Enter conversation" Button
    t =     5.02s     Synthesize event
    t =     5.32s     Wait for life.soullab.voicekernel.k00 to idle
    t =    20.33s Waiting 5.0s for "Export journal" Button to exist
    t =    21.36s     Checking `Expect predicate `existsNoRetry == 1` for object "Export journal" Button`
    t =    21.36s         Checking existence of `"Export journal" Button`
    t =    21.39s Tap "Export journal" Button
    t =    21.40s     Wait for life.soullab.voicekernel.k00 to idle
    t =    21.40s     Find the "Export journal" Button
    t =    21.43s     Check for interrupting elements affecting "Export journal" Button
    t =    21.47s     Synthesize event
    t =    21.76s     Wait for life.soullab.voicekernel.k00 to idle
    t =    23.98s Terminate life.soullab.voicekernel.k00:63850
    t =    25.02s Wait for life.soullab.voicekernel.k00 to become Not Running
    t =    25.03s Tear Down
Test Case '-[DriverUITests.K00DriverTests testOneSample]' passed (25.102 seconds).
Test Suite 'K00DriverTests' passed at 2026-09-14 09:58:21.651.
	 Executed 1 test, with 0 failures (0 unexpected) in 25.102 (25.105) seconds
Test Suite 'DriverUITests.xctest' passed at 2026-09-14 09:58:21.654.
	 Executed 1 test, with 0 failures (0 unexpected) in 25.102 (25.107) seconds
Test Suite 'Selected tests' passed at 2026-09-14 09:58:21.660.
	 Executed 1 test, with 0 failures (0 unexpected) in 25.102 (25.115) seconds
2026-09-14 09:58:21.777 xcodebuild[98471:29144985] [MT] IDERunDestination: Supported platforms for the buildables in the current scheme is empty.
2026-09-14 09:58:21.971 xcodebuild[98471:29144985] [MT] IDETestOperationsObserverDebug: 27.619 elapsed -- Testing started completed.
2026-09-14 09:58:21.971 xcodebuild[98471:29144985] [MT] IDETestOperationsObserverDebug: 0.000 sec, +0.000 sec -- start
2026-09-14 09:58:21.971 xcodebuild[98471:29144985] [MT] IDETestOperationsObserverDebug: 27.619 sec, +27.619 sec -- end

Test session results, code coverage, and logs:
	/Users/soullab/Library/Developer/Xcode/DerivedData/VoiceKernelDriver-duymimwmwgzewrbbeadiorighgft/Logs/Test/Test-DriverUITests-2026.09.14_09-57-54--0400.xcresult

** TEST EXECUTE SUCCEEDED **

Testing started
