Command line invocation:
    /Applications/Xcode.app/Contents/Developer/usr/bin/xcodebuild test-without-building -xctestrun /private/tmp/voice-seam-01/ios/VoiceKernelDriver/.derived/Build/Products/DriverUITests_iphoneos26.2-arm64.xctestrun -destination id=00008140-00163D9922E0801C -collect-test-diagnostics never "-only-testing:DriverUITests/K00DriverTests/testOneSample"

2026-09-14 10:05:34.617 xcodebuild[99631:29161485] [MT] IDERunDestination: Supported platforms for the buildables in the current scheme is empty.
2026-09-14 10:05:34.620 xcodebuild[99631:29161485] [MT] IDERunDestination: Supported platforms for the buildables in the current scheme is empty.
2026-09-14 10:05:34.719 xcodebuild[99631:29161485] [MT] IDERunDestination: Supported platforms for the buildables in the current scheme is empty.
--- xcodebuild: WARNING: Using the first of multiple matching destinations:
{ platform:iOS, arch:arm64e, id:00008140-00163D9922E0801C, name:Kelly Nezat’s iPhone }
{ platform:iOS, arch:arm64, id:00008140-00163D9922E0801C, name:Kelly Nezat’s iPhone }
2026-09-14 10:05:34.964 xcodebuild[99631:29161485] [MT] IDERunDestination: Supported platforms for the buildables in the current scheme is empty.
2026-09-14 10:05:35.150 xcodebuild[99631:29161485] [MT] IDERunDestination: Supported platforms for the buildables in the current scheme is empty.
2026-09-14 10:05:36.638162-0400 DriverUITests-Runner[63911:14200124] [Default] Running tests...
    t =      nans Interface orientation changed to Portrait
Test Suite 'Selected tests' started at 2026-09-14 10:05:37.117.
Test Suite 'DriverUITests.xctest' started at 2026-09-14 10:05:37.118.
Test Suite 'K00DriverTests' started at 2026-09-14 10:05:37.118.
Test Case '-[DriverUITests.K00DriverTests testOneSample]' started.
    t =     0.00s Start Test at 2026-09-14 10:05:37.119
    t =     0.02s Set Up
    t =     0.03s Open life.soullab.voicekernel.k00
    t =     0.03s     Launch life.soullab.voicekernel.k00
    t =     0.09s         Setting up automation session
    t =     0.19s         Wait for life.soullab.voicekernel.k00 to idle
2026-09-14 10:05:37.341 xcodebuild[99631:29161485] [MT] IDERunDestination: Supported platforms for the buildables in the current scheme is empty.
    t =     1.28s Wait for life.soullab.voicekernel.k00 to become Running Foreground
    t =     1.28s Waiting 10.0s for "Enter conversation" Button to exist
    t =     2.34s     Checking `Expect predicate `existsNoRetry == 1` for object "Enter conversation" Button`
    t =     2.34s         Checking existence of `"Enter conversation" Button`
    t =     2.43s Checking existence of `"Voice processing: ON (default)" Button`
    t =     2.46s Checking existence of `"Voice processing: OFF (control run)" Button`
    t =     2.78s Waiting 3.0s for "Voice processing: ON (default)" Button to exist
    t =     3.81s     Checking `Expect predicate `existsNoRetry == 1` for object "Voice processing: ON (default)" Button`
    t =     3.81s         Checking existence of `"Voice processing: ON (default)" Button`
    t =     3.88s Waiting 5.0s for "Enter conversation" Button to exist
    t =     4.91s     Checking `Expect predicate `existsNoRetry == 1` for object "Enter conversation" Button`
    t =     4.91s         Checking existence of `"Enter conversation" Button`
    t =     4.97s Tap "Enter conversation" Button
    t =     4.97s     Wait for life.soullab.voicekernel.k00 to idle
    t =     4.98s     Find the "Enter conversation" Button
    t =     5.01s     Check for interrupting elements affecting "Enter conversation" Button
    t =     5.05s     Synthesize event
    t =     5.34s     Wait for life.soullab.voicekernel.k00 to idle
    t =    20.35s Waiting 5.0s for "Export journal" Button to exist
    t =    21.39s     Checking `Expect predicate `existsNoRetry == 1` for object "Export journal" Button`
    t =    21.39s         Checking existence of `"Export journal" Button`
    t =    21.45s Tap "Export journal" Button
    t =    21.45s     Wait for life.soullab.voicekernel.k00 to idle
    t =    21.46s     Find the "Export journal" Button
    t =    21.50s     Check for interrupting elements affecting "Export journal" Button
    t =    21.55s     Synthesize event
    t =    21.85s     Wait for life.soullab.voicekernel.k00 to idle
    t =    24.06s Terminate life.soullab.voicekernel.k00:63912
    t =    25.13s Wait for life.soullab.voicekernel.k00 to become Not Running
    t =    25.13s Tear Down
Test Case '-[DriverUITests.K00DriverTests testOneSample]' passed (25.191 seconds).
Test Suite 'K00DriverTests' passed at 2026-09-14 10:06:02.314.
	 Executed 1 test, with 0 failures (0 unexpected) in 25.191 (25.195) seconds
Test Suite 'DriverUITests.xctest' passed at 2026-09-14 10:06:02.319.
	 Executed 1 test, with 0 failures (0 unexpected) in 25.191 (25.200) seconds
Test Suite 'Selected tests' passed at 2026-09-14 10:06:02.322.
	 Executed 1 test, with 0 failures (0 unexpected) in 25.191 (25.205) seconds
2026-09-14 10:06:02.454 xcodebuild[99631:29161485] [MT] IDERunDestination: Supported platforms for the buildables in the current scheme is empty.
2026-09-14 10:06:02.658 xcodebuild[99631:29161485] [MT] IDETestOperationsObserverDebug: 27.694 elapsed -- Testing started completed.
2026-09-14 10:06:02.658 xcodebuild[99631:29161485] [MT] IDETestOperationsObserverDebug: 0.000 sec, +0.000 sec -- start
2026-09-14 10:06:02.658 xcodebuild[99631:29161485] [MT] IDETestOperationsObserverDebug: 27.694 sec, +27.694 sec -- end

Test session results, code coverage, and logs:
	/Users/soullab/Library/Developer/Xcode/DerivedData/VoiceKernelDriver-ftffwnpyhdoilmaeppwnxhqxoqbk/Logs/Test/Test-DriverUITests-2026.09.14_10-05-34--0400.xcresult

** TEST EXECUTE SUCCEEDED **

Testing started
