Command line invocation:
    /Applications/Xcode.app/Contents/Developer/usr/bin/xcodebuild test-without-building -xctestrun /private/tmp/voice-seam-01/ios/VoiceKernelDriver/.derived/Build/Products/DriverUITests_iphoneos26.2-arm64.xctestrun -destination id=00008140-00163D9922E0801C -collect-test-diagnostics never "-only-testing:DriverUITests/K00DriverTests/testOneSample"

2026-09-14 10:01:20.701 xcodebuild[98985:29152415] [MT] IDERunDestination: Supported platforms for the buildables in the current scheme is empty.
2026-09-14 10:01:20.704 xcodebuild[98985:29152415] [MT] IDERunDestination: Supported platforms for the buildables in the current scheme is empty.
2026-09-14 10:01:20.804 xcodebuild[98985:29152415] [MT] IDERunDestination: Supported platforms for the buildables in the current scheme is empty.
--- xcodebuild: WARNING: Using the first of multiple matching destinations:
{ platform:iOS, arch:arm64e, id:00008140-00163D9922E0801C, name:Kelly Nezat’s iPhone }
{ platform:iOS, arch:arm64, id:00008140-00163D9922E0801C, name:Kelly Nezat’s iPhone }
2026-09-14 10:01:21.044 xcodebuild[98985:29152415] [MT] IDERunDestination: Supported platforms for the buildables in the current scheme is empty.
2026-09-14 10:01:21.232 xcodebuild[98985:29152415] [MT] IDERunDestination: Supported platforms for the buildables in the current scheme is empty.
2026-09-14 10:01:22.830167-0400 DriverUITests-Runner[63868:14190182] [Default] Running tests...
    t =      nans Interface orientation changed to Portrait
Test Suite 'Selected tests' started at 2026-09-14 10:01:23.305.
Test Suite 'DriverUITests.xctest' started at 2026-09-14 10:01:23.306.
Test Suite 'K00DriverTests' started at 2026-09-14 10:01:23.306.
Test Case '-[DriverUITests.K00DriverTests testOneSample]' started.
    t =     0.00s Start Test at 2026-09-14 10:01:23.307
    t =     0.02s Set Up
    t =     0.02s Open life.soullab.voicekernel.k00
    t =     0.02s     Launch life.soullab.voicekernel.k00
    t =     0.11s         Setting up automation session
    t =     0.19s         Wait for life.soullab.voicekernel.k00 to idle
2026-09-14 10:01:23.517 xcodebuild[98985:29152415] [MT] IDERunDestination: Supported platforms for the buildables in the current scheme is empty.
    t =     1.29s Wait for life.soullab.voicekernel.k00 to become Running Foreground
    t =     1.30s Waiting 10.0s for "Enter conversation" Button to exist
    t =     2.36s     Checking `Expect predicate `existsNoRetry == 1` for object "Enter conversation" Button`
    t =     2.36s         Checking existence of `"Enter conversation" Button`
    t =     2.45s Checking existence of `"Voice processing: ON (default)" Button`
    t =     2.48s Checking existence of `"Voice processing: OFF (control run)" Button`
    t =     2.81s Waiting 3.0s for "Voice processing: ON (default)" Button to exist
    t =     3.84s     Checking `Expect predicate `existsNoRetry == 1` for object "Voice processing: ON (default)" Button`
    t =     3.84s         Checking existence of `"Voice processing: ON (default)" Button`
    t =     3.91s Waiting 5.0s for "Enter conversation" Button to exist
    t =     4.94s     Checking `Expect predicate `existsNoRetry == 1` for object "Enter conversation" Button`
    t =     4.94s         Checking existence of `"Enter conversation" Button`
    t =     5.00s Tap "Enter conversation" Button
    t =     5.00s     Wait for life.soullab.voicekernel.k00 to idle
    t =     5.01s     Find the "Enter conversation" Button
    t =     5.05s     Check for interrupting elements affecting "Enter conversation" Button
    t =     5.09s     Synthesize event
    t =     5.38s     Wait for life.soullab.voicekernel.k00 to idle
    t =    20.39s Waiting 5.0s for "Export journal" Button to exist
    t =    21.43s     Checking `Expect predicate `existsNoRetry == 1` for object "Export journal" Button`
    t =    21.43s         Checking existence of `"Export journal" Button`
    t =    21.51s Tap "Export journal" Button
    t =    21.51s     Wait for life.soullab.voicekernel.k00 to idle
    t =    21.52s     Find the "Export journal" Button
    t =    21.56s     Check for interrupting elements affecting "Export journal" Button
    t =    21.61s     Synthesize event
    t =    21.92s     Wait for life.soullab.voicekernel.k00 to idle
    t =    24.12s Terminate life.soullab.voicekernel.k00:63869
    t =    25.20s Wait for life.soullab.voicekernel.k00 to become Not Running
    t =    25.20s Tear Down
Test Case '-[DriverUITests.K00DriverTests testOneSample]' passed (25.254 seconds).
Test Suite 'K00DriverTests' passed at 2026-09-14 10:01:48.562.
	 Executed 1 test, with 0 failures (0 unexpected) in 25.254 (25.256) seconds
Test Suite 'DriverUITests.xctest' passed at 2026-09-14 10:01:48.564.
	 Executed 1 test, with 0 failures (0 unexpected) in 25.254 (25.258) seconds
Test Suite 'Selected tests' passed at 2026-09-14 10:01:48.565.
	 Executed 1 test, with 0 failures (0 unexpected) in 25.254 (25.260) seconds
2026-09-14 10:01:48.714 xcodebuild[98985:29152415] [MT] IDERunDestination: Supported platforms for the buildables in the current scheme is empty.
2026-09-14 10:01:48.896 xcodebuild[98985:29152415] [MT] IDETestOperationsObserverDebug: 27.851 elapsed -- Testing started completed.
2026-09-14 10:01:48.896 xcodebuild[98985:29152415] [MT] IDETestOperationsObserverDebug: 0.000 sec, +0.000 sec -- start
2026-09-14 10:01:48.896 xcodebuild[98985:29152415] [MT] IDETestOperationsObserverDebug: 27.851 sec, +27.851 sec -- end

Test session results, code coverage, and logs:
	/Users/soullab/Library/Developer/Xcode/DerivedData/VoiceKernelDriver-cuqeqvumrqgocvhjmjwonooyihat/Logs/Test/Test-DriverUITests-2026.09.14_10-01-20--0400.xcresult

** TEST EXECUTE SUCCEEDED **

Testing started
