Command line invocation:
    /Applications/Xcode.app/Contents/Developer/usr/bin/xcodebuild test-without-building -xctestrun /private/tmp/voice-seam-01/ios/VoiceKernelDriver/.derived/Build/Products/DriverUITests_iphoneos26.2-arm64.xctestrun -destination id=00008140-00163D9922E0801C -collect-test-diagnostics never "-only-testing:DriverUITests/K00DriverTests/testOneSample"

2026-09-14 10:06:11.906 xcodebuild[99700:29162869] [MT] IDERunDestination: Supported platforms for the buildables in the current scheme is empty.
2026-09-14 10:06:11.909 xcodebuild[99700:29162869] [MT] IDERunDestination: Supported platforms for the buildables in the current scheme is empty.
2026-09-14 10:06:12.009 xcodebuild[99700:29162869] [MT] IDERunDestination: Supported platforms for the buildables in the current scheme is empty.
--- xcodebuild: WARNING: Using the first of multiple matching destinations:
{ platform:iOS, arch:arm64e, id:00008140-00163D9922E0801C, name:Kelly Nezat’s iPhone }
{ platform:iOS, arch:arm64, id:00008140-00163D9922E0801C, name:Kelly Nezat’s iPhone }
2026-09-14 10:06:12.248 xcodebuild[99700:29162869] [MT] IDERunDestination: Supported platforms for the buildables in the current scheme is empty.
2026-09-14 10:06:14.003598-0400 DriverUITests-Runner[63914:14201388] [Default] Running tests...
    t =      nans Interface orientation changed to Portrait
Test Suite 'Selected tests' started at 2026-09-14 10:06:14.480.
Test Suite 'DriverUITests.xctest' started at 2026-09-14 10:06:14.481.
Test Suite 'K00DriverTests' started at 2026-09-14 10:06:14.481.
Test Case '-[DriverUITests.K00DriverTests testOneSample]' started.
    t =     0.00s Start Test at 2026-09-14 10:06:14.482
    t =     0.02s Set Up
    t =     0.03s Open life.soullab.voicekernel.k00
    t =     0.03s     Launch life.soullab.voicekernel.k00
    t =     0.11s         Setting up automation session
    t =     0.20s         Wait for life.soullab.voicekernel.k00 to idle
2026-09-14 10:06:14.699 xcodebuild[99700:29162869] [MT] IDERunDestination: Supported platforms for the buildables in the current scheme is empty.
    t =     1.29s Wait for life.soullab.voicekernel.k00 to become Running Foreground
    t =     1.30s Waiting 10.0s for "Enter conversation" Button to exist
    t =     2.31s     Checking `Expect predicate `existsNoRetry == 1` for object "Enter conversation" Button`
    t =     2.31s         Checking existence of `"Enter conversation" Button`
    t =     2.41s Checking existence of `"Voice processing: ON (default)" Button`
    t =     2.43s Checking existence of `"Voice processing: OFF (control run)" Button`
    t =     2.76s Waiting 3.0s for "Voice processing: ON (default)" Button to exist
    t =     3.77s     Checking `Expect predicate `existsNoRetry == 1` for object "Voice processing: ON (default)" Button`
    t =     3.77s         Checking existence of `"Voice processing: ON (default)" Button`
    t =     3.83s Waiting 5.0s for "Enter conversation" Button to exist
    t =     4.84s     Checking `Expect predicate `existsNoRetry == 1` for object "Enter conversation" Button`
    t =     4.84s         Checking existence of `"Enter conversation" Button`
    t =     4.90s Tap "Enter conversation" Button
    t =     4.90s     Wait for life.soullab.voicekernel.k00 to idle
    t =     4.91s     Find the "Enter conversation" Button
    t =     4.94s     Check for interrupting elements affecting "Enter conversation" Button
    t =     4.99s     Synthesize event
    t =     5.28s     Wait for life.soullab.voicekernel.k00 to idle
    t =    20.30s Waiting 5.0s for "Export journal" Button to exist
    t =    21.31s     Checking `Expect predicate `existsNoRetry == 1` for object "Export journal" Button`
    t =    21.32s         Checking existence of `"Export journal" Button`
    t =    21.38s Tap "Export journal" Button
    t =    21.38s     Wait for life.soullab.voicekernel.k00 to idle
    t =    21.38s     Find the "Export journal" Button
    t =    21.42s     Check for interrupting elements affecting "Export journal" Button
    t =    21.45s     Synthesize event
    t =    21.74s     Wait for life.soullab.voicekernel.k00 to idle
    t =    24.01s Terminate life.soullab.voicekernel.k00:63915
    t =    25.03s Wait for life.soullab.voicekernel.k00 to become Not Running
    t =    25.03s Tear Down
Test Case '-[DriverUITests.K00DriverTests testOneSample]' passed (25.130 seconds).
Test Suite 'K00DriverTests' passed at 2026-09-14 10:06:39.613.
	 Executed 1 test, with 0 failures (0 unexpected) in 25.130 (25.132) seconds
Test Suite 'DriverUITests.xctest' passed at 2026-09-14 10:06:39.614.
	 Executed 1 test, with 0 failures (0 unexpected) in 25.130 (25.133) seconds
Test Suite 'Selected tests' passed at 2026-09-14 10:06:39.615.
	 Executed 1 test, with 0 failures (0 unexpected) in 25.130 (25.135) seconds
2026-09-14 10:06:39.712 xcodebuild[99700:29162869] [MT] IDERunDestination: Supported platforms for the buildables in the current scheme is empty.
2026-09-14 10:06:39.954 xcodebuild[99700:29162869] [MT] IDETestOperationsObserverDebug: 27.704 elapsed -- Testing started completed.
2026-09-14 10:06:39.954 xcodebuild[99700:29162869] [MT] IDETestOperationsObserverDebug: 0.000 sec, +0.000 sec -- start
2026-09-14 10:06:39.954 xcodebuild[99700:29162869] [MT] IDETestOperationsObserverDebug: 27.704 sec, +27.704 sec -- end

Test session results, code coverage, and logs:
	/Users/soullab/Library/Developer/Xcode/DerivedData/VoiceKernelDriver-adjavcspzlwzakbjqdrnhelzqnfy/Logs/Test/Test-DriverUITests-2026.09.14_10-06-12--0400.xcresult

** TEST EXECUTE SUCCEEDED **

Testing started
