Command line invocation:
    /Applications/Xcode.app/Contents/Developer/usr/bin/xcodebuild test-without-building -xctestrun /private/tmp/voice-seam-01/ios/VoiceKernelDriver/.derived/Build/Products/DriverUITests_iphoneos26.2-arm64.xctestrun -destination id=00008140-00163D9922E0801C -collect-test-diagnostics never "-only-testing:DriverUITests/K00DriverTests/testOneSample"

2026-09-14 10:07:36.016 xcodebuild[99932:29166078] [MT] IDERunDestination: Supported platforms for the buildables in the current scheme is empty.
2026-09-14 10:07:36.019 xcodebuild[99932:29166078] [MT] IDERunDestination: Supported platforms for the buildables in the current scheme is empty.
2026-09-14 10:07:36.119 xcodebuild[99932:29166078] [MT] IDERunDestination: Supported platforms for the buildables in the current scheme is empty.
--- xcodebuild: WARNING: Using the first of multiple matching destinations:
{ platform:iOS, arch:arm64e, id:00008140-00163D9922E0801C, name:Kelly Nezat’s iPhone }
{ platform:iOS, arch:arm64, id:00008140-00163D9922E0801C, name:Kelly Nezat’s iPhone }
2026-09-14 10:07:36.354 xcodebuild[99932:29166078] [MT] IDERunDestination: Supported platforms for the buildables in the current scheme is empty.
2026-09-14 10:07:36.537 xcodebuild[99932:29166078] [MT] IDERunDestination: Supported platforms for the buildables in the current scheme is empty.
2026-09-14 10:07:38.443665-0400 DriverUITests-Runner[63921:14204635] [Default] Running tests...
    t =      nans Interface orientation changed to Portrait
Test Suite 'Selected tests' started at 2026-09-14 10:07:38.941.
Test Suite 'DriverUITests.xctest' started at 2026-09-14 10:07:38.941.
Test Suite 'K00DriverTests' started at 2026-09-14 10:07:38.942.
Test Case '-[DriverUITests.K00DriverTests testOneSample]' started.
    t =     0.00s Start Test at 2026-09-14 10:07:38.943
    t =     0.02s Set Up
    t =     0.03s Open life.soullab.voicekernel.k00
    t =     0.03s     Launch life.soullab.voicekernel.k00
    t =     0.13s         Setting up automation session
    t =     0.20s         Wait for life.soullab.voicekernel.k00 to idle
2026-09-14 10:07:39.163 xcodebuild[99932:29166078] [MT] IDERunDestination: Supported platforms for the buildables in the current scheme is empty.
    t =     1.30s Wait for life.soullab.voicekernel.k00 to become Running Foreground
    t =     1.31s Waiting 10.0s for "Enter conversation" Button to exist
    t =     2.31s     Checking `Expect predicate `existsNoRetry == 1` for object "Enter conversation" Button`
    t =     2.32s         Checking existence of `"Enter conversation" Button`
    t =     2.41s Checking existence of `"Voice processing: ON (default)" Button`
    t =     2.44s Checking existence of `"Voice processing: OFF (control run)" Button`
    t =     2.76s Waiting 3.0s for "Voice processing: ON (default)" Button to exist
    t =     3.78s     Checking `Expect predicate `existsNoRetry == 1` for object "Voice processing: ON (default)" Button`
    t =     3.78s         Checking existence of `"Voice processing: ON (default)" Button`
    t =     3.84s Waiting 5.0s for "Enter conversation" Button to exist
    t =     4.85s     Checking `Expect predicate `existsNoRetry == 1` for object "Enter conversation" Button`
    t =     4.85s         Checking existence of `"Enter conversation" Button`
    t =     4.91s Tap "Enter conversation" Button
    t =     4.91s     Wait for life.soullab.voicekernel.k00 to idle
    t =     4.92s     Find the "Enter conversation" Button
    t =     4.96s     Check for interrupting elements affecting "Enter conversation" Button
    t =     5.00s     Synthesize event
    t =     5.30s     Wait for life.soullab.voicekernel.k00 to idle
    t =    20.32s Waiting 5.0s for "Export journal" Button to exist
    t =    21.34s     Checking `Expect predicate `existsNoRetry == 1` for object "Export journal" Button`
    t =    21.35s         Checking existence of `"Export journal" Button`
    t =    21.41s Tap "Export journal" Button
    t =    21.41s     Wait for life.soullab.voicekernel.k00 to idle
    t =    21.42s     Find the "Export journal" Button
    t =    21.46s     Check for interrupting elements affecting "Export journal" Button
    t =    21.50s     Synthesize event
    t =    21.80s     Wait for life.soullab.voicekernel.k00 to idle
    t =    24.01s Terminate life.soullab.voicekernel.k00:63922
    t =    25.10s Wait for life.soullab.voicekernel.k00 to become Not Running
    t =    25.11s Tear Down
Test Case '-[DriverUITests.K00DriverTests testOneSample]' passed (25.182 seconds).
Test Suite 'K00DriverTests' passed at 2026-09-14 10:08:04.128.
	 Executed 1 test, with 0 failures (0 unexpected) in 25.182 (25.186) seconds
Test Suite 'DriverUITests.xctest' passed at 2026-09-14 10:08:04.130.
	 Executed 1 test, with 0 failures (0 unexpected) in 25.182 (25.189) seconds
Test Suite 'Selected tests' passed at 2026-09-14 10:08:04.134.
	 Executed 1 test, with 0 failures (0 unexpected) in 25.182 (25.193) seconds
2026-09-14 10:08:04.269 xcodebuild[99932:29166078] [MT] IDERunDestination: Supported platforms for the buildables in the current scheme is empty.
2026-09-14 10:08:04.487 xcodebuild[99932:29166078] [MT] IDETestOperationsObserverDebug: 28.132 elapsed -- Testing started completed.
2026-09-14 10:08:04.488 xcodebuild[99932:29166078] [MT] IDETestOperationsObserverDebug: 0.000 sec, +0.000 sec -- start
2026-09-14 10:08:04.488 xcodebuild[99932:29166078] [MT] IDETestOperationsObserverDebug: 28.132 sec, +28.132 sec -- end

Test session results, code coverage, and logs:
	/Users/soullab/Library/Developer/Xcode/DerivedData/VoiceKernelDriver-emupucgyxdmvibebvlbnmpikauss/Logs/Test/Test-DriverUITests-2026.09.14_10-07-36--0400.xcresult

** TEST EXECUTE SUCCEEDED **

Testing started
