Command line invocation:
    /Applications/Xcode.app/Contents/Developer/usr/bin/xcodebuild test-without-building -xctestrun /private/tmp/voice-seam-01/ios/VoiceKernelDriver/.derived/Build/Products/DriverUITests_iphoneos26.2-arm64.xctestrun -destination id=00008140-00163D9922E0801C -collect-test-diagnostics never "-only-testing:DriverUITests/K00DriverTests/testOneSample"

2026-09-14 10:01:56.232 xcodebuild[99083:29153890] [MT] IDERunDestination: Supported platforms for the buildables in the current scheme is empty.
2026-09-14 10:01:56.235 xcodebuild[99083:29153890] [MT] IDERunDestination: Supported platforms for the buildables in the current scheme is empty.
2026-09-14 10:01:56.334 xcodebuild[99083:29153890] [MT] IDERunDestination: Supported platforms for the buildables in the current scheme is empty.
--- xcodebuild: WARNING: Using the first of multiple matching destinations:
{ platform:iOS, arch:arm64e, id:00008140-00163D9922E0801C, name:Kelly Nezat’s iPhone }
{ platform:iOS, arch:arm64, id:00008140-00163D9922E0801C, name:Kelly Nezat’s iPhone }
2026-09-14 10:01:56.584 xcodebuild[99083:29153890] [MT] IDERunDestination: Supported platforms for the buildables in the current scheme is empty.
2026-09-14 10:01:56.848 xcodebuild[99083:29153890] [MT] IDERunDestination: Supported platforms for the buildables in the current scheme is empty.
2026-09-14 10:01:58.915415-0400 DriverUITests-Runner[63879:14191732] [Default] Running tests...
    t =      nans Interface orientation changed to Portrait
Test Suite 'Selected tests' started at 2026-09-14 10:01:59.501.
Test Suite 'DriverUITests.xctest' started at 2026-09-14 10:01:59.502.
Test Suite 'K00DriverTests' started at 2026-09-14 10:01:59.502.
Test Case '-[DriverUITests.K00DriverTests testOneSample]' started.
    t =     0.00s Start Test at 2026-09-14 10:01:59.503
    t =     0.02s Set Up
    t =     0.02s Open life.soullab.voicekernel.k00
    t =     0.02s     Launch life.soullab.voicekernel.k00
    t =     0.15s         Setting up automation session
2026-09-14 10:01:59.714 xcodebuild[99083:29153890] [MT] IDERunDestination: Supported platforms for the buildables in the current scheme is empty.
    t =     0.22s         Wait for life.soullab.voicekernel.k00 to idle
2026-09-14 10:02:00.149 xcodebuild[99083:29153890] [MT] IDERunDestination: Supported platforms for the buildables in the current scheme is empty.
    t =     1.34s Wait for life.soullab.voicekernel.k00 to become Running Foreground
    t =     1.35s Waiting 10.0s for "Enter conversation" Button to exist
    t =     2.38s     Checking `Expect predicate `existsNoRetry == 1` for object "Enter conversation" Button`
    t =     2.38s         Checking existence of `"Enter conversation" Button`
    t =     2.48s Checking existence of `"Voice processing: ON (default)" Button`
    t =     2.51s Checking existence of `"Voice processing: OFF (control run)" Button`
    t =     2.83s Waiting 3.0s for "Voice processing: ON (default)" Button to exist
    t =     3.86s     Checking `Expect predicate `existsNoRetry == 1` for object "Voice processing: ON (default)" Button`
    t =     3.86s         Checking existence of `"Voice processing: ON (default)" Button`
    t =     3.92s Waiting 5.0s for "Enter conversation" Button to exist
    t =     4.92s     Checking `Expect predicate `existsNoRetry == 1` for object "Enter conversation" Button`
    t =     4.92s         Checking existence of `"Enter conversation" Button`
    t =     4.98s Tap "Enter conversation" Button
    t =     4.98s     Wait for life.soullab.voicekernel.k00 to idle
    t =     4.99s     Find the "Enter conversation" Button
    t =     5.03s     Check for interrupting elements affecting "Enter conversation" Button
    t =     5.07s     Synthesize event
    t =     5.37s     Wait for life.soullab.voicekernel.k00 to idle
    t =    20.39s Waiting 5.0s for "Export journal" Button to exist
    t =    21.41s     Checking `Expect predicate `existsNoRetry == 1` for object "Export journal" Button`
    t =    21.42s         Checking existence of `"Export journal" Button`
    t =    21.48s Tap "Export journal" Button
    t =    21.48s     Wait for life.soullab.voicekernel.k00 to idle
    t =    21.49s     Find the "Export journal" Button
    t =    21.52s     Check for interrupting elements affecting "Export journal" Button
    t =    21.57s     Synthesize event
    t =    21.87s     Wait for life.soullab.voicekernel.k00 to idle
    t =    24.07s Terminate life.soullab.voicekernel.k00:63880
    t =    25.11s Wait for life.soullab.voicekernel.k00 to become Not Running
    t =    25.11s Tear Down
Test Case '-[DriverUITests.K00DriverTests testOneSample]' passed (25.166 seconds).
Test Suite 'K00DriverTests' passed at 2026-09-14 10:02:24.671.
	 Executed 1 test, with 0 failures (0 unexpected) in 25.166 (25.169) seconds
Test Suite 'DriverUITests.xctest' passed at 2026-09-14 10:02:24.680.
	 Executed 1 test, with 0 failures (0 unexpected) in 25.166 (25.177) seconds
Test Suite 'Selected tests' passed at 2026-09-14 10:02:24.681.
	 Executed 1 test, with 0 failures (0 unexpected) in 25.166 (25.179) seconds
2026-09-14 10:02:24.823 xcodebuild[99083:29153890] [MT] IDERunDestination: Supported platforms for the buildables in the current scheme is empty.
2026-09-14 10:02:25.029 xcodebuild[99083:29153890] [MT] IDETestOperationsObserverDebug: 28.443 elapsed -- Testing started completed.
2026-09-14 10:02:25.029 xcodebuild[99083:29153890] [MT] IDETestOperationsObserverDebug: 0.000 sec, +0.000 sec -- start
2026-09-14 10:02:25.029 xcodebuild[99083:29153890] [MT] IDETestOperationsObserverDebug: 28.443 sec, +28.443 sec -- end

Test session results, code coverage, and logs:
	/Users/soullab/Library/Developer/Xcode/DerivedData/VoiceKernelDriver-avhsfvxivncdxfbepxrzmxvvyrkm/Logs/Test/Test-DriverUITests-2026.09.14_10-01-56--0400.xcresult

** TEST EXECUTE SUCCEEDED **

Testing started
