Command line invocation:
    /Applications/Xcode.app/Contents/Developer/usr/bin/xcodebuild test-without-building -xctestrun /private/tmp/voice-seam-01/ios/VoiceKernelDriver/.derived/Build/Products/DriverUITests_iphoneos26.2-arm64.xctestrun -destination id=00008140-00163D9922E0801C -collect-test-diagnostics never "-only-testing:DriverUITests/K00DriverTests/testOneSample"

2026-09-14 09:55:08.602 xcodebuild[97988:29138180] [MT] IDERunDestination: Supported platforms for the buildables in the current scheme is empty.
2026-09-14 09:55:08.605 xcodebuild[97988:29138180] [MT] IDERunDestination: Supported platforms for the buildables in the current scheme is empty.
2026-09-14 09:55:08.704 xcodebuild[97988:29138180] [MT] IDERunDestination: Supported platforms for the buildables in the current scheme is empty.
--- xcodebuild: WARNING: Using the first of multiple matching destinations:
{ platform:iOS, arch:arm64e, id:00008140-00163D9922E0801C, name:Kelly Nezat’s iPhone }
{ platform:iOS, arch:arm64, id:00008140-00163D9922E0801C, name:Kelly Nezat’s iPhone }
2026-09-14 09:55:08.934 xcodebuild[97988:29138180] [MT] IDERunDestination: Supported platforms for the buildables in the current scheme is empty.
2026-09-14 09:55:09.124 xcodebuild[97988:29138180] [MT] IDERunDestination: Supported platforms for the buildables in the current scheme is empty.
2026-09-14 09:55:10.747592-0400 DriverUITests-Runner[63820:14175360] [Default] Running tests...
    t =      nans Interface orientation changed to Portrait
Test Suite 'Selected tests' started at 2026-09-14 09:55:11.216.
Test Suite 'DriverUITests.xctest' started at 2026-09-14 09:55:11.217.
Test Suite 'K00DriverTests' started at 2026-09-14 09:55:11.217.
Test Case '-[DriverUITests.K00DriverTests testOneSample]' started.
    t =     0.00s Start Test at 2026-09-14 09:55:11.218
    t =     0.02s Set Up
    t =     0.03s Open life.soullab.voicekernel.k00
    t =     0.03s     Launch life.soullab.voicekernel.k00
    t =     0.11s         Setting up automation session
    t =     0.18s         Wait for life.soullab.voicekernel.k00 to idle
2026-09-14 09:55:11.403 xcodebuild[97988:29138180] [MT] IDERunDestination: Supported platforms for the buildables in the current scheme is empty.
    t =     1.28s Wait for life.soullab.voicekernel.k00 to become Running Foreground
    t =     1.28s Waiting 10.0s for "Enter conversation" Button to exist
    t =     2.34s     Checking `Expect predicate `existsNoRetry == 1` for object "Enter conversation" Button`
    t =     2.34s         Checking existence of `"Enter conversation" Button`
    t =     2.44s Checking existence of `"Voice processing: ON (default)" Button`
    t =     2.47s Checking existence of `"Voice processing: OFF (control run)" Button`
    t =     2.79s Waiting 3.0s for "Voice processing: ON (default)" Button to exist
    t =     3.84s     Checking `Expect predicate `existsNoRetry == 1` for object "Voice processing: ON (default)" Button`
    t =     3.84s         Checking existence of `"Voice processing: ON (default)" Button`
    t =     3.90s Waiting 5.0s for "Enter conversation" Button to exist
    t =     4.94s     Checking `Expect predicate `existsNoRetry == 1` for object "Enter conversation" Button`
    t =     4.94s         Checking existence of `"Enter conversation" Button`
    t =     5.00s Tap "Enter conversation" Button
    t =     5.00s     Wait for life.soullab.voicekernel.k00 to idle
    t =     5.00s     Find the "Enter conversation" Button
    t =     5.04s     Check for interrupting elements affecting "Enter conversation" Button
    t =     5.08s     Synthesize event
    t =     5.37s     Wait for life.soullab.voicekernel.k00 to idle
    t =    20.39s Waiting 5.0s for "Export journal" Button to exist
    t =    21.42s     Checking `Expect predicate `existsNoRetry == 1` for object "Export journal" Button`
    t =    21.42s         Checking existence of `"Export journal" Button`
    t =    21.49s Tap "Export journal" Button
    t =    21.49s     Wait for life.soullab.voicekernel.k00 to idle
    t =    21.50s     Find the "Export journal" Button
    t =    21.53s     Check for interrupting elements affecting "Export journal" Button
    t =    21.58s     Synthesize event
    t =    21.88s     Wait for life.soullab.voicekernel.k00 to idle
    t =    24.19s Terminate life.soullab.voicekernel.k00:63821
    t =    25.24s Wait for life.soullab.voicekernel.k00 to become Not Running
    t =    25.25s Tear Down
Test Case '-[DriverUITests.K00DriverTests testOneSample]' passed (25.294 seconds).
Test Suite 'K00DriverTests' passed at 2026-09-14 09:55:36.513.
	 Executed 1 test, with 0 failures (0 unexpected) in 25.294 (25.296) seconds
Test Suite 'DriverUITests.xctest' passed at 2026-09-14 09:55:36.513.
	 Executed 1 test, with 0 failures (0 unexpected) in 25.294 (25.297) seconds
Test Suite 'Selected tests' passed at 2026-09-14 09:55:36.514.
	 Executed 1 test, with 0 failures (0 unexpected) in 25.294 (25.298) seconds
2026-09-14 09:55:36.647 xcodebuild[97988:29138180] [MT] IDERunDestination: Supported platforms for the buildables in the current scheme is empty.
2026-09-14 09:55:36.840 xcodebuild[97988:29138180] [MT] IDETestOperationsObserverDebug: 27.905 elapsed -- Testing started completed.
2026-09-14 09:55:36.840 xcodebuild[97988:29138180] [MT] IDETestOperationsObserverDebug: 0.000 sec, +0.000 sec -- start
2026-09-14 09:55:36.840 xcodebuild[97988:29138180] [MT] IDETestOperationsObserverDebug: 27.905 sec, +27.905 sec -- end

Test session results, code coverage, and logs:
	/Users/soullab/Library/Developer/Xcode/DerivedData/VoiceKernelDriver-dnkevekxntmyiuchhuocrmcvhbll/Logs/Test/Test-DriverUITests-2026.09.14_09-55-08--0400.xcresult

** TEST EXECUTE SUCCEEDED **

Testing started
