Command line invocation:
    /Applications/Xcode.app/Contents/Developer/usr/bin/xcodebuild test-without-building -xctestrun /private/tmp/voice-seam-01/ios/VoiceKernelDriver/.derived/Build/Products/DriverUITests_iphoneos26.2-arm64.xctestrun -destination id=00008140-00163D9922E0801C -collect-test-diagnostics never "-only-testing:DriverUITests/K00DriverTests/testOneSample"

2026-09-14 09:58:27.524 xcodebuild[98544:29146168] [MT] IDERunDestination: Supported platforms for the buildables in the current scheme is empty.
2026-09-14 09:58:27.527 xcodebuild[98544:29146168] [MT] IDERunDestination: Supported platforms for the buildables in the current scheme is empty.
2026-09-14 09:58:27.626 xcodebuild[98544:29146168] [MT] IDERunDestination: Supported platforms for the buildables in the current scheme is empty.
--- xcodebuild: WARNING: Using the first of multiple matching destinations:
{ platform:iOS, arch:arm64e, id:00008140-00163D9922E0801C, name:Kelly Nezat’s iPhone }
{ platform:iOS, arch:arm64, id:00008140-00163D9922E0801C, name:Kelly Nezat’s iPhone }
2026-09-14 09:58:27.867 xcodebuild[98544:29146168] [MT] IDERunDestination: Supported platforms for the buildables in the current scheme is empty.
2026-09-14 09:58:28.058 xcodebuild[98544:29146168] [MT] IDERunDestination: Supported platforms for the buildables in the current scheme is empty.
2026-09-14 09:58:29.744991-0400 DriverUITests-Runner[63852:14183517] [Default] Running tests...
    t =      nans Interface orientation changed to Portrait
Test Suite 'Selected tests' started at 2026-09-14 09:58:30.220.
Test Suite 'DriverUITests.xctest' started at 2026-09-14 09:58:30.221.
Test Suite 'K00DriverTests' started at 2026-09-14 09:58:30.221.
Test Case '-[DriverUITests.K00DriverTests testOneSample]' started.
    t =     0.00s Start Test at 2026-09-14 09:58:30.222
    t =     0.06s Set Up
    t =     0.06s Open life.soullab.voicekernel.k00
    t =     0.06s     Launch life.soullab.voicekernel.k00
    t =     0.15s         Setting up automation session
    t =     0.24s         Wait for life.soullab.voicekernel.k00 to idle
2026-09-14 09:58:30.477 xcodebuild[98544:29146168] [MT] IDERunDestination: Supported platforms for the buildables in the current scheme is empty.
    t =     1.34s Wait for life.soullab.voicekernel.k00 to become Running Foreground
    t =     1.35s Waiting 10.0s for "Enter conversation" Button to exist
    t =     2.36s     Checking `Expect predicate `existsNoRetry == 1` for object "Enter conversation" Button`
    t =     2.36s         Checking existence of `"Enter conversation" Button`
    t =     2.45s Checking existence of `"Voice processing: ON (default)" Button`
    t =     2.48s Checking existence of `"Voice processing: OFF (control run)" Button`
    t =     2.80s Waiting 3.0s for "Voice processing: ON (default)" Button to exist
    t =     3.83s     Checking `Expect predicate `existsNoRetry == 1` for object "Voice processing: ON (default)" Button`
    t =     3.83s         Checking existence of `"Voice processing: ON (default)" Button`
    t =     3.90s Waiting 5.0s for "Enter conversation" Button to exist
    t =     4.90s     Checking `Expect predicate `existsNoRetry == 1` for object "Enter conversation" Button`
    t =     4.91s         Checking existence of `"Enter conversation" Button`
    t =     4.96s Tap "Enter conversation" Button
    t =     4.97s     Wait for life.soullab.voicekernel.k00 to idle
    t =     4.97s     Find the "Enter conversation" Button
    t =     5.01s     Check for interrupting elements affecting "Enter conversation" Button
    t =     5.05s     Synthesize event
    t =     5.35s     Wait for life.soullab.voicekernel.k00 to idle
    t =    20.36s Waiting 5.0s for "Export journal" Button to exist
    t =    21.38s     Checking `Expect predicate `existsNoRetry == 1` for object "Export journal" Button`
    t =    21.38s         Checking existence of `"Export journal" Button`
    t =    21.45s Tap "Export journal" Button
    t =    21.45s     Wait for life.soullab.voicekernel.k00 to idle
    t =    21.46s     Find the "Export journal" Button
    t =    21.50s     Check for interrupting elements affecting "Export journal" Button
    t =    21.54s     Synthesize event
    t =    21.84s     Wait for life.soullab.voicekernel.k00 to idle
    t =    24.07s Terminate life.soullab.voicekernel.k00:63853
    t =    25.13s Wait for life.soullab.voicekernel.k00 to become Not Running
    t =    25.13s Tear Down
Test Case '-[DriverUITests.K00DriverTests testOneSample]' passed (25.191 seconds).
Test Suite 'K00DriverTests' passed at 2026-09-14 09:58:55.415.
	 Executed 1 test, with 0 failures (0 unexpected) in 25.191 (25.193) seconds
Test Suite 'DriverUITests.xctest' passed at 2026-09-14 09:58:55.416.
	 Executed 1 test, with 0 failures (0 unexpected) in 25.191 (25.195) seconds
Test Suite 'Selected tests' passed at 2026-09-14 09:58:55.421.
	 Executed 1 test, with 0 failures (0 unexpected) in 25.191 (25.201) seconds
2026-09-14 09:58:55.544 xcodebuild[98544:29146168] [MT] IDERunDestination: Supported platforms for the buildables in the current scheme is empty.
2026-09-14 09:58:55.750 xcodebuild[98544:29146168] [MT] IDETestOperationsObserverDebug: 27.882 elapsed -- Testing started completed.
2026-09-14 09:58:55.750 xcodebuild[98544:29146168] [MT] IDETestOperationsObserverDebug: 0.000 sec, +0.000 sec -- start
2026-09-14 09:58:55.750 xcodebuild[98544:29146168] [MT] IDETestOperationsObserverDebug: 27.882 sec, +27.882 sec -- end

Test session results, code coverage, and logs:
	/Users/soullab/Library/Developer/Xcode/DerivedData/VoiceKernelDriver-fqlwdmgfndyjqaaeyrdonfpkyedh/Logs/Test/Test-DriverUITests-2026.09.14_09-58-27--0400.xcresult

** TEST EXECUTE SUCCEEDED **

Testing started
