Command line invocation:
    /Applications/Xcode.app/Contents/Developer/usr/bin/xcodebuild test-without-building -xctestrun /private/tmp/voice-seam-01/ios/VoiceKernelDriver/.derived/Build/Products/DriverUITests_iphoneos26.2-arm64.xctestrun -destination id=00008140-00163D9922E0801C -collect-test-diagnostics never "-only-testing:DriverUITests/K00DriverTests/testOneSample"

2026-09-14 09:53:33.767 xcodebuild[97471:29132624] [MT] IDERunDestination: Supported platforms for the buildables in the current scheme is empty.
2026-09-14 09:53:33.770 xcodebuild[97471:29132624] [MT] IDERunDestination: Supported platforms for the buildables in the current scheme is empty.
2026-09-14 09:53:33.869 xcodebuild[97471:29132624] [MT] IDERunDestination: Supported platforms for the buildables in the current scheme is empty.
--- xcodebuild: WARNING: Using the first of multiple matching destinations:
{ platform:iOS, arch:arm64e, id:00008140-00163D9922E0801C, name:Kelly Nezat’s iPhone }
{ platform:iOS, arch:arm64, id:00008140-00163D9922E0801C, name:Kelly Nezat’s iPhone }
2026-09-14 09:53:34.127 xcodebuild[97471:29132624] [MT] IDERunDestination: Supported platforms for the buildables in the current scheme is empty.
2026-09-14 09:53:34.325 xcodebuild[97471:29132624] [MT] IDERunDestination: Supported platforms for the buildables in the current scheme is empty.
2026-09-14 09:53:35.852905-0400 DriverUITests-Runner[63810:14171487] [Default] Running tests...
    t =      nans Interface orientation changed to Portrait
Test Suite 'Selected tests' started at 2026-09-14 09:53:36.388.
Test Suite 'DriverUITests.xctest' started at 2026-09-14 09:53:36.389.
Test Suite 'K00DriverTests' started at 2026-09-14 09:53:36.389.
Test Case '-[DriverUITests.K00DriverTests testOneSample]' started.
    t =     0.00s Start Test at 2026-09-14 09:53:36.390
    t =     0.02s Set Up
    t =     0.02s Open life.soullab.voicekernel.k00
    t =     0.02s     Launch life.soullab.voicekernel.k00
    t =     0.11s         Setting up automation session
    t =     0.19s         Wait for life.soullab.voicekernel.k00 to idle
2026-09-14 09:53:36.564 xcodebuild[97471:29132624] [MT] IDERunDestination: Supported platforms for the buildables in the current scheme is empty.
    t =     1.29s Wait for life.soullab.voicekernel.k00 to become Running Foreground
    t =     1.29s Waiting 10.0s for "Enter conversation" Button to exist
    t =     2.35s     Checking `Expect predicate `existsNoRetry == 1` for object "Enter conversation" Button`
    t =     2.36s         Checking existence of `"Enter conversation" Button`
    t =     2.45s Checking existence of `"Voice processing: ON (default)" Button`
    t =     2.48s Checking existence of `"Voice processing: OFF (control run)" Button`
    t =     2.80s Waiting 3.0s for "Voice processing: ON (default)" Button to exist
    t =     3.84s     Checking `Expect predicate `existsNoRetry == 1` for object "Voice processing: ON (default)" Button`
    t =     3.84s         Checking existence of `"Voice processing: ON (default)" Button`
    t =     3.90s Waiting 5.0s for "Enter conversation" Button to exist
    t =     4.94s     Checking `Expect predicate `existsNoRetry == 1` for object "Enter conversation" Button`
    t =     4.94s         Checking existence of `"Enter conversation" Button`
    t =     5.00s Tap "Enter conversation" Button
    t =     5.00s     Wait for life.soullab.voicekernel.k00 to idle
    t =     5.00s     Find the "Enter conversation" Button
    t =     5.04s     Check for interrupting elements affecting "Enter conversation" Button
    t =     5.08s     Synthesize event
    t =     5.38s     Wait for life.soullab.voicekernel.k00 to idle
    t =    20.39s Waiting 5.0s for "Export journal" Button to exist
    t =    21.42s     Checking `Expect predicate `existsNoRetry == 1` for object "Export journal" Button`
    t =    21.42s         Checking existence of `"Export journal" Button`
    t =    21.48s Tap "Export journal" Button
    t =    21.48s     Wait for life.soullab.voicekernel.k00 to idle
    t =    21.49s     Find the "Export journal" Button
    t =    21.53s     Check for interrupting elements affecting "Export journal" Button
    t =    21.57s     Synthesize event
    t =    21.87s     Wait for life.soullab.voicekernel.k00 to idle
    t =    24.10s Terminate life.soullab.voicekernel.k00:63811
    t =    25.19s Wait for life.soullab.voicekernel.k00 to become Not Running
    t =    25.20s Tear Down
Test Case '-[DriverUITests.K00DriverTests testOneSample]' passed (25.253 seconds).
Test Suite 'K00DriverTests' passed at 2026-09-14 09:54:01.649.
	 Executed 1 test, with 0 failures (0 unexpected) in 25.253 (25.261) seconds
Test Suite 'DriverUITests.xctest' passed at 2026-09-14 09:54:01.653.
	 Executed 1 test, with 0 failures (0 unexpected) in 25.253 (25.265) seconds
Test Suite 'Selected tests' passed at 2026-09-14 09:54:01.656.
	 Executed 1 test, with 0 failures (0 unexpected) in 25.253 (25.268) seconds
2026-09-14 09:54:01.749 xcodebuild[97471:29132624] [MT] IDERunDestination: Supported platforms for the buildables in the current scheme is empty.
2026-09-14 09:54:01.946 xcodebuild[97471:29132624] [MT] IDETestOperationsObserverDebug: 27.818 elapsed -- Testing started completed.
2026-09-14 09:54:01.946 xcodebuild[97471:29132624] [MT] IDETestOperationsObserverDebug: 0.000 sec, +0.000 sec -- start
2026-09-14 09:54:01.946 xcodebuild[97471:29132624] [MT] IDETestOperationsObserverDebug: 27.818 sec, +27.818 sec -- end

Test session results, code coverage, and logs:
	/Users/soullab/Library/Developer/Xcode/DerivedData/VoiceKernelDriver-avqmdhogbqqzaqaghivgffajjgmj/Logs/Test/Test-DriverUITests-2026.09.14_09-53-33--0400.xcresult

** TEST EXECUTE SUCCEEDED **

Testing started
