Command line invocation:
    /Applications/Xcode.app/Contents/Developer/usr/bin/xcodebuild test-without-building -xctestrun /private/tmp/sid-source-02-f67575797353bf7e97ffb319a45357997c8d564d-20260916T140110Z/ios/VoiceKernelDriver/.derived/Build/Products/DriverUITests_iphoneos26.2-arm64.xctestrun -destination id=00008140-00163D9922E0801C -collect-test-diagnostics never "-only-testing:DriverUITests/K00DriverTests/testOutputSample"

2026-09-16 10:02:03.823 xcodebuild[53728:1103503] [MT] IDERunDestination: Supported platforms for the buildables in the current scheme is empty.
2026-09-16 10:02:03.827 xcodebuild[53728:1103503] [MT] IDERunDestination: Supported platforms for the buildables in the current scheme is empty.
2026-09-16 10:02:03.925 xcodebuild[53728:1103503] [MT] IDERunDestination: Supported platforms for the buildables in the current scheme is empty.
--- xcodebuild: WARNING: Using the first of multiple matching destinations:
{ platform:iOS, arch:arm64e, id:00008140-00163D9922E0801C, name:Kelly Nezat’s iPhone }
{ platform:iOS, arch:arm64, id:00008140-00163D9922E0801C, name:Kelly Nezat’s iPhone }
2026-09-16 10:02:04.184 xcodebuild[53728:1103503] [MT] IDERunDestination: Supported platforms for the buildables in the current scheme is empty.
2026-09-16 10:02:04.368 xcodebuild[53728:1103503] [MT] IDERunDestination: Supported platforms for the buildables in the current scheme is empty.
2026-09-16 10:02:05.992495-0400 DriverUITests-Runner[5680:1262516] [Default] Running tests...
    t =      nans Interface orientation changed to Portrait
Test Suite 'Selected tests' started at 2026-09-16 10:02:06.491.
Test Suite 'DriverUITests.xctest' started at 2026-09-16 10:02:06.492.
Test Suite 'K00DriverTests' started at 2026-09-16 10:02:06.492.
Test Case '-[DriverUITests.K00DriverTests testOutputSample]' started.
    t =     0.00s Start Test at 2026-09-16 10:02:06.493
    t =     0.02s Set Up
    t =     0.02s Open life.soullab.voicekernel.vpio02sid
    t =     0.02s     Launch life.soullab.voicekernel.vpio02sid
    t =     0.08s         Setting up automation session
    t =     0.20s         Wait for life.soullab.voicekernel.vpio02sid to idle
2026-09-16 10:02:06.697 xcodebuild[53728:1103503] [MT] IDERunDestination: Supported platforms for the buildables in the current scheme is empty.
    t =     1.29s Wait for life.soullab.voicekernel.vpio02sid to become Running Foreground
    t =     1.29s Waiting 10.0s for "Enter conversation" Button to exist
    t =     2.34s     Checking `Expect predicate `existsNoRetry == 1` for object "Enter conversation" Button`
    t =     2.34s         Checking existence of `"Enter conversation" Button`
    t =     2.44s Checking existence of `"Voice processing: ON (default)" Button`
    t =     2.47s Checking existence of `"Voice processing: OFF (control run)" Button`
    t =     2.79s Waiting 3.0s for "Voice processing: ON (default)" Button to exist
    t =     3.81s     Checking `Expect predicate `existsNoRetry == 1` for object "Voice processing: ON (default)" Button`
    t =     3.81s         Checking existence of `"Voice processing: ON (default)" Button`
    t =     3.87s Waiting 5.0s for "Enter conversation" Button to exist
    t =     4.88s     Checking `Expect predicate `existsNoRetry == 1` for object "Enter conversation" Button`
    t =     4.88s         Checking existence of `"Enter conversation" Button`
    t =     4.94s Tap "Enter conversation" Button
    t =     4.94s     Wait for life.soullab.voicekernel.vpio02sid to idle
    t =     4.94s     Find the "Enter conversation" Button
    t =     4.98s     Check for interrupting elements affecting "Enter conversation" Button
    t =     5.02s     Synthesize event
    t =     5.32s     Wait for life.soullab.voicekernel.vpio02sid to idle
    t =     5.32s Waiting 5.0s for "Play 3 s tone" Button to exist
    t =     6.34s     Checking `Expect predicate `existsNoRetry == 1` for object "Play 3 s tone" Button`
    t =     6.34s         Checking existence of `"Play 3 s tone" Button`
    t =     6.39s         Capturing element debug description
    t =     7.42s     Checking `Expect predicate `existsNoRetry == 1` for object "Play 3 s tone" Button`
    t =     7.42s         Checking existence of `"Play 3 s tone" Button`
    t =     7.45s         Capturing element debug description
    t =     8.37s     Checking `Expect predicate `existsNoRetry == 1` for object "Play 3 s tone" Button`
    t =     8.37s         Checking existence of `"Play 3 s tone" Button`
    t =     8.42s         Capturing element debug description
    t =     9.34s     Checking `Expect predicate `existsNoRetry == 1` for object "Play 3 s tone" Button`
    t =     9.34s         Checking existence of `"Play 3 s tone" Button`
    t =     9.39s         Capturing element debug description
    t =    10.33s     Checking `Expect predicate `existsNoRetry == 1` for object "Play 3 s tone" Button`
    t =    10.33s         Checking existence of `"Play 3 s tone" Button`
    t =    10.37s         Capturing element debug description
    t =    10.38s     Checking existence of `"Play 3 s tone" Button`
    t =    10.40s Collecting debug information to assist test failure triage
    t =    10.41s     Requesting snapshot of accessibility hierarchy for app with pid 5681
    t =    10.49s Swipe up Application 'life.soullab.voicekernel.vpio02sid'
    t =    10.49s     Wait for life.soullab.voicekernel.vpio02sid to idle
    t =    10.49s     Find the Application 'life.soullab.voicekernel.vpio02sid'
    t =    10.51s     Check for interrupting elements affecting "VoiceKernel VPIO-02-SID" Application
    t =    10.54s     Synthesize event
    t =    10.97s     Wait for life.soullab.voicekernel.vpio02sid to idle
    t =    13.52s Checking existence of `"Play 3 s tone" Button`
2026-09-16 10:02:20.066187-0400 DriverUITests-Runner[5680:1262516] K00-OUTPUT: reveal swipe 1/4 — 'Play 3 s tone' exists: true
    t =    13.57s Checking existence of `"Play 3 s tone" Button`
    t =    13.60s Find the "Play 3 s tone" Button
    t =    15.65s Tap "Play 3 s tone" Button
    t =    15.65s     Wait for life.soullab.voicekernel.vpio02sid to idle
    t =    15.65s     Find the "Play 3 s tone" Button
    t =    15.81s     Check for interrupting elements affecting "Play 3 s tone" Button
    t =    15.87s     Synthesize event
    t =    16.18s     Wait for life.soullab.voicekernel.vpio02sid to idle
2026-09-16 10:02:22.687122-0400 DriverUITests-Runner[5680:1262516] K00-OUTPUT: Play 1 tapped
    t =    17.20s Checking existence of `"Cancel active" Button`
    t =    17.26s Find the "Cancel active" Button
    t =    17.29s Tap "Cancel active" Button
    t =    17.29s     Wait for life.soullab.voicekernel.vpio02sid to idle
    t =    17.30s     Find the "Cancel active" Button
    t =    17.33s     Check for interrupting elements affecting "Cancel active" Button
    t =    17.37s     Synthesize event
    t =    17.66s     Wait for life.soullab.voicekernel.vpio02sid to idle
2026-09-16 10:02:24.158275-0400 DriverUITests-Runner[5680:1262516] K00-OUTPUT: Cancel active tapped at ≈1000 ms after Play 1
    t =    18.67s Checking existence of `"Play 3 s tone" Button`
    t =    18.72s Find the "Play 3 s tone" Button
    t =    18.76s Tap "Play 3 s tone" Button
    t =    18.76s     Wait for life.soullab.voicekernel.vpio02sid to idle
    t =    18.76s     Find the "Play 3 s tone" Button
    t =    18.79s     Check for interrupting elements affecting "Play 3 s tone" Button
    t =    18.83s     Synthesize event
    t =    19.14s     Wait for life.soullab.voicekernel.vpio02sid to idle
2026-09-16 10:02:25.637405-0400 DriverUITests-Runner[5680:1262516] K00-OUTPUT: Play 2 tapped (left to complete)
    t =    23.65s Waiting 5.0s for "Export journal" Button to exist
    t =    24.67s     Checking `Expect predicate `existsNoRetry == 1` for object "Export journal" Button`
    t =    24.67s         Checking existence of `"Export journal" Button`
    t =    24.73s Tap "Export journal" Button
    t =    24.73s     Wait for life.soullab.voicekernel.vpio02sid to idle
    t =    24.73s     Find the "Export journal" Button
    t =    24.88s     Check for interrupting elements affecting "Export journal" Button
    t =    24.94s     Synthesize event
    t =    25.24s     Wait for life.soullab.voicekernel.vpio02sid to idle
    t =    27.47s Terminate life.soullab.voicekernel.vpio02sid:5681
    t =    28.53s Wait for life.soullab.voicekernel.vpio02sid to become Not Running
    t =    28.53s Tear Down
Test Case '-[DriverUITests.K00DriverTests testOutputSample]' passed (28.616 seconds).
Test Suite 'K00DriverTests' passed at 2026-09-16 10:02:35.111.
	 Executed 1 test, with 0 failures (0 unexpected) in 28.616 (28.619) seconds
Test Suite 'DriverUITests.xctest' passed at 2026-09-16 10:02:35.115.
	 Executed 1 test, with 0 failures (0 unexpected) in 28.616 (28.623) seconds
Test Suite 'Selected tests' passed at 2026-09-16 10:02:35.116.
	 Executed 1 test, with 0 failures (0 unexpected) in 28.616 (28.625) seconds
2026-09-16 10:02:35.202 xcodebuild[53728:1103503] [MT] IDERunDestination: Supported platforms for the buildables in the current scheme is empty.
2026-09-16 10:02:35.458 xcodebuild[53728:1103503] [MT] IDETestOperationsObserverDebug: 31.274 elapsed -- Testing started completed.
2026-09-16 10:02:35.458 xcodebuild[53728:1103503] [MT] IDETestOperationsObserverDebug: 0.000 sec, +0.000 sec -- start
2026-09-16 10:02:35.458 xcodebuild[53728:1103503] [MT] IDETestOperationsObserverDebug: 31.274 sec, +31.274 sec -- end

Test session results, code coverage, and logs:
	/Users/soullab/Library/Developer/Xcode/DerivedData/VoiceKernelDriver-ffkvmzhwwukkhibjcmtcoxxgguef/Logs/Test/Test-DriverUITests-2026.09.16_10-02-04--0400.xcresult

** TEST EXECUTE SUCCEEDED **

Testing started
