Command line invocation:
    /Applications/Xcode.app/Contents/Developer/usr/bin/xcodebuild test-without-building -xctestrun /private/tmp/sid-source-02-f67575797353bf7e97ffb319a45357997c8d564d-20260916T140110Z/ios/VoiceKernelDriver/.derived/Build/Products/DriverUITests_iphoneos26.2-arm64.xctestrun -destination id=00008140-00163D9922E0801C -collect-test-diagnostics never "-only-testing:DriverUITests/K00DriverTests/testOutputSample"

2026-09-16 10:01:24.423 xcodebuild[53251:1101251] [MT] IDERunDestination: Supported platforms for the buildables in the current scheme is empty.
2026-09-16 10:01:24.426 xcodebuild[53251:1101251] [MT] IDERunDestination: Supported platforms for the buildables in the current scheme is empty.
2026-09-16 10:01:24.524 xcodebuild[53251:1101251] [MT] IDERunDestination: Supported platforms for the buildables in the current scheme is empty.
--- xcodebuild: WARNING: Using the first of multiple matching destinations:
{ platform:iOS, arch:arm64e, id:00008140-00163D9922E0801C, name:Kelly Nezat’s iPhone }
{ platform:iOS, arch:arm64, id:00008140-00163D9922E0801C, name:Kelly Nezat’s iPhone }
2026-09-16 10:01:24.991 xcodebuild[53251:1101251] [MT] IDERunDestination: Supported platforms for the buildables in the current scheme is empty.
2026-09-16 10:01:28.372797-0400 DriverUITests-Runner[5673:1260648] [Default] Running tests...
    t =      nans Interface orientation changed to Portrait
Test Suite 'Selected tests' started at 2026-09-16 10:01:28.938.
Test Suite 'DriverUITests.xctest' started at 2026-09-16 10:01:28.939.
Test Suite 'K00DriverTests' started at 2026-09-16 10:01:28.939.
Test Case '-[DriverUITests.K00DriverTests testOutputSample]' started.
    t =     0.00s Start Test at 2026-09-16 10:01:28.939
    t =     0.02s Set Up
    t =     0.02s Open life.soullab.voicekernel.vpio02sid
    t =     0.02s     Launch life.soullab.voicekernel.vpio02sid
    t =     0.13s         Setting up automation session
2026-09-16 10:01:29.177 xcodebuild[53251:1101251] [MT] IDERunDestination: Supported platforms for the buildables in the current scheme is empty.
    t =     0.31s         Wait for life.soullab.voicekernel.vpio02sid to idle
    t =     1.54s Wait for life.soullab.voicekernel.vpio02sid to become Running Foreground
    t =     1.55s Waiting 10.0s for "Enter conversation" Button to exist
    t =     2.55s     Checking `Expect predicate `existsNoRetry == 1` for object "Enter conversation" Button`
    t =     2.55s         Checking existence of `"Enter conversation" Button`
    t =     2.65s Checking existence of `"Voice processing: ON (default)" Button`
    t =     2.68s Checking existence of `"Voice processing: OFF (control run)" Button`
    t =     3.00s Waiting 3.0s for "Voice processing: ON (default)" Button to exist
    t =     4.02s     Checking `Expect predicate `existsNoRetry == 1` for object "Voice processing: ON (default)" Button`
    t =     4.02s         Checking existence of `"Voice processing: ON (default)" Button`
    t =     4.08s Waiting 5.0s for "Enter conversation" Button to exist
    t =     5.08s     Checking `Expect predicate `existsNoRetry == 1` for object "Enter conversation" Button`
    t =     5.08s         Checking existence of `"Enter conversation" Button`
    t =     5.14s Tap "Enter conversation" Button
    t =     5.14s     Wait for life.soullab.voicekernel.vpio02sid to idle
    t =     5.15s     Find the "Enter conversation" Button
    t =     5.18s     Check for interrupting elements affecting "Enter conversation" Button
    t =     5.23s     Synthesize event
    t =     5.53s     Wait for life.soullab.voicekernel.vpio02sid to idle
    t =     5.54s Waiting 5.0s for "Play 3 s tone" Button to exist
    t =     6.58s     Checking `Expect predicate `existsNoRetry == 1` for object "Play 3 s tone" Button`
    t =     6.58s         Checking existence of `"Play 3 s tone" Button`
    t =     6.63s         Capturing element debug description
    t =     7.55s     Checking `Expect predicate `existsNoRetry == 1` for object "Play 3 s tone" Button`
    t =     7.55s         Checking existence of `"Play 3 s tone" Button`
    t =     7.60s         Capturing element debug description
    t =     8.54s     Checking `Expect predicate `existsNoRetry == 1` for object "Play 3 s tone" Button`
    t =     8.54s         Checking existence of `"Play 3 s tone" Button`
    t =     8.59s         Capturing element debug description
    t =     9.61s     Checking `Expect predicate `existsNoRetry == 1` for object "Play 3 s tone" Button`
    t =     9.61s         Checking existence of `"Play 3 s tone" Button`
    t =     9.66s         Capturing element debug description
    t =    10.55s     Checking `Expect predicate `existsNoRetry == 1` for object "Play 3 s tone" Button`
    t =    10.55s         Checking existence of `"Play 3 s tone" Button`
    t =    10.59s         Capturing element debug description
    t =    10.60s     Checking existence of `"Play 3 s tone" Button`
    t =    10.62s Collecting debug information to assist test failure triage
    t =    10.62s     Requesting snapshot of accessibility hierarchy for app with pid 5678
    t =    10.71s Swipe up Application 'life.soullab.voicekernel.vpio02sid'
    t =    10.71s     Wait for life.soullab.voicekernel.vpio02sid to idle
    t =    10.71s     Find the Application 'life.soullab.voicekernel.vpio02sid'
    t =    10.73s     Check for interrupting elements affecting "VoiceKernel VPIO-02-SID" Application
    t =    10.76s     Synthesize event
    t =    11.19s     Wait for life.soullab.voicekernel.vpio02sid to idle
    t =    13.74s Checking existence of `"Play 3 s tone" Button`
2026-09-16 10:01:42.740271-0400 DriverUITests-Runner[5673:1260648] K00-OUTPUT: reveal swipe 1/4 — 'Play 3 s tone' exists: true
    t =    13.80s Checking existence of `"Play 3 s tone" Button`
    t =    13.84s Find the "Play 3 s tone" Button
    t =    15.88s Tap "Play 3 s tone" Button
    t =    15.88s     Wait for life.soullab.voicekernel.vpio02sid to idle
    t =    15.88s     Find the "Play 3 s tone" Button
    t =    15.95s     Check for interrupting elements affecting "Play 3 s tone" Button
    t =    16.00s     Synthesize event
    t =    16.31s     Wait for life.soullab.voicekernel.vpio02sid to idle
2026-09-16 10:01:45.254173-0400 DriverUITests-Runner[5673:1260648] K00-OUTPUT: Play 1 tapped
    t =    17.32s Checking existence of `"Cancel active" Button`
    t =    17.37s Find the "Cancel active" Button
    t =    17.51s Tap "Cancel active" Button
    t =    17.51s     Wait for life.soullab.voicekernel.vpio02sid to idle
    t =    17.52s     Find the "Cancel active" Button
    t =    17.56s     Check for interrupting elements affecting "Cancel active" Button
    t =    17.61s     Synthesize event
    t =    17.91s     Wait for life.soullab.voicekernel.vpio02sid to idle
2026-09-16 10:01:46.852955-0400 DriverUITests-Runner[5673:1260648] K00-OUTPUT: Cancel active tapped at ≈1000 ms after Play 1
    t =    18.92s Checking existence of `"Play 3 s tone" Button`
    t =    18.97s Find the "Play 3 s tone" Button
    t =    19.11s Tap "Play 3 s tone" Button
    t =    19.11s     Wait for life.soullab.voicekernel.vpio02sid to idle
    t =    19.12s     Find the "Play 3 s tone" Button
    t =    19.16s     Check for interrupting elements affecting "Play 3 s tone" Button
    t =    19.21s     Synthesize event
    t =    19.52s     Wait for life.soullab.voicekernel.vpio02sid to idle
2026-09-16 10:01:48.468760-0400 DriverUITests-Runner[5673:1260648] K00-OUTPUT: Play 2 tapped (left to complete)
    t =    24.03s Waiting 5.0s for "Export journal" Button to exist
    t =    25.06s     Checking `Expect predicate `existsNoRetry == 1` for object "Export journal" Button`
    t =    25.06s         Checking existence of `"Export journal" Button`
    t =    25.11s Tap "Export journal" Button
    t =    25.11s     Wait for life.soullab.voicekernel.vpio02sid to idle
    t =    25.12s     Find the "Export journal" Button
    t =    25.15s     Check for interrupting elements affecting "Export journal" Button
    t =    25.19s     Synthesize event
    t =    25.50s     Wait for life.soullab.voicekernel.vpio02sid to idle
    t =    27.70s Terminate life.soullab.voicekernel.vpio02sid:5678
    t =    28.79s Wait for life.soullab.voicekernel.vpio02sid to become Not Running
    t =    28.79s Tear Down
Test Case '-[DriverUITests.K00DriverTests testOutputSample]' passed (28.845 seconds).
Test Suite 'K00DriverTests' passed at 2026-09-16 10:01:57.785.
	 Executed 1 test, with 0 failures (0 unexpected) in 28.845 (28.847) seconds
Test Suite 'DriverUITests.xctest' passed at 2026-09-16 10:01:57.787.
	 Executed 1 test, with 0 failures (0 unexpected) in 28.845 (28.848) seconds
Test Suite 'Selected tests' passed at 2026-09-16 10:01:57.789.
	 Executed 1 test, with 0 failures (0 unexpected) in 28.845 (28.851) seconds
2026-09-16 10:01:57.964 xcodebuild[53251:1101251] [MT] IDERunDestination: Supported platforms for the buildables in the current scheme is empty.
2026-09-16 10:01:58.127 xcodebuild[53251:1101251] [MT] IDETestOperationsObserverDebug: 33.135 elapsed -- Testing started completed.
2026-09-16 10:01:58.127 xcodebuild[53251:1101251] [MT] IDETestOperationsObserverDebug: 0.000 sec, +0.000 sec -- start
2026-09-16 10:01:58.127 xcodebuild[53251:1101251] [MT] IDETestOperationsObserverDebug: 33.135 sec, +33.135 sec -- end

Test session results, code coverage, and logs:
	/Users/soullab/Library/Developer/Xcode/DerivedData/VoiceKernelDriver-ejvlmjsyphvcugersjnupfrmznnk/Logs/Test/Test-DriverUITests-2026.09.16_10-01-24--0400.xcresult

** TEST EXECUTE SUCCEEDED **

Testing started
