Command line invocation:
    /Applications/Xcode.app/Contents/Developer/usr/bin/xcodebuild test-without-building -xctestrun /private/tmp/sid-source-02-f67575797353bf7e97ffb319a45357997c8d564d-20260916T140110Z/ios/VoiceKernelDriver/.derived/Build/Products/DriverUITests_iphoneos26.2-arm64.xctestrun -destination id=00008140-00163D9922E0801C -collect-test-diagnostics never "-only-testing:DriverUITests/K00DriverTests/testOutputSample"

2026-09-16 10:02:41.580 xcodebuild[54366:1106931] [MT] IDERunDestination: Supported platforms for the buildables in the current scheme is empty.
2026-09-16 10:02:41.583 xcodebuild[54366:1106931] [MT] IDERunDestination: Supported platforms for the buildables in the current scheme is empty.
2026-09-16 10:02:41.681 xcodebuild[54366:1106931] [MT] IDERunDestination: Supported platforms for the buildables in the current scheme is empty.
--- xcodebuild: WARNING: Using the first of multiple matching destinations:
{ platform:iOS, arch:arm64e, id:00008140-00163D9922E0801C, name:Kelly Nezat’s iPhone }
{ platform:iOS, arch:arm64, id:00008140-00163D9922E0801C, name:Kelly Nezat’s iPhone }
2026-09-16 10:02:41.954 xcodebuild[54366:1106931] [MT] IDERunDestination: Supported platforms for the buildables in the current scheme is empty.
2026-09-16 10:02:42.140 xcodebuild[54366:1106931] [MT] IDERunDestination: Supported platforms for the buildables in the current scheme is empty.
2026-09-16 10:02:43.881327-0400 DriverUITests-Runner[5683:1264204] [Default] Running tests...
    t =      nans Interface orientation changed to Portrait
Test Suite 'Selected tests' started at 2026-09-16 10:02:44.368.
Test Suite 'DriverUITests.xctest' started at 2026-09-16 10:02:44.369.
Test Suite 'K00DriverTests' started at 2026-09-16 10:02:44.370.
Test Case '-[DriverUITests.K00DriverTests testOutputSample]' started.
    t =     0.00s Start Test at 2026-09-16 10:02:44.371
    t =     0.02s Set Up
    t =     0.03s Open life.soullab.voicekernel.vpio02sid
    t =     0.03s     Launch life.soullab.voicekernel.vpio02sid
    t =     0.10s         Setting up automation session
    t =     0.19s         Wait for life.soullab.voicekernel.vpio02sid to idle
2026-09-16 10:02:44.578 xcodebuild[54366:1106931] [MT] IDERunDestination: Supported platforms for the buildables in the current scheme is empty.
    t =     1.30s Wait for life.soullab.voicekernel.vpio02sid to become Running Foreground
    t =     1.30s Waiting 10.0s for "Enter conversation" Button to exist
    t =     2.31s     Checking `Expect predicate `existsNoRetry == 1` for object "Enter conversation" Button`
    t =     2.31s         Checking existence of `"Enter conversation" Button`
    t =     2.39s Checking existence of `"Voice processing: ON (default)" Button`
    t =     2.42s Checking existence of `"Voice processing: OFF (control run)" Button`
    t =     2.74s Waiting 3.0s for "Voice processing: ON (default)" Button to exist
    t =     3.75s     Checking `Expect predicate `existsNoRetry == 1` for object "Voice processing: ON (default)" Button`
    t =     3.76s         Checking existence of `"Voice processing: ON (default)" Button`
    t =     3.82s Waiting 5.0s for "Enter conversation" Button to exist
    t =     4.85s     Checking `Expect predicate `existsNoRetry == 1` for object "Enter conversation" Button`
    t =     4.85s         Checking existence of `"Enter conversation" Button`
    t =     4.91s Tap "Enter conversation" Button
    t =     4.91s     Wait for life.soullab.voicekernel.vpio02sid to idle
    t =     4.92s     Find the "Enter conversation" Button
    t =     4.96s     Check for interrupting elements affecting "Enter conversation" Button
    t =     5.00s     Synthesize event
    t =     5.29s     Wait for life.soullab.voicekernel.vpio02sid to idle
    t =     5.30s Waiting 5.0s for "Play 3 s tone" Button to exist
    t =     6.33s     Checking `Expect predicate `existsNoRetry == 1` for object "Play 3 s tone" Button`
    t =     6.33s         Checking existence of `"Play 3 s tone" Button`
    t =     6.38s         Capturing element debug description
    t =     7.30s     Checking `Expect predicate `existsNoRetry == 1` for object "Play 3 s tone" Button`
    t =     7.31s         Checking existence of `"Play 3 s tone" Button`
    t =     7.35s         Capturing element debug description
    t =     8.39s     Checking `Expect predicate `existsNoRetry == 1` for object "Play 3 s tone" Button`
    t =     8.39s         Checking existence of `"Play 3 s tone" Button`
    t =     8.42s         Capturing element debug description
    t =     9.35s     Checking `Expect predicate `existsNoRetry == 1` for object "Play 3 s tone" Button`
    t =     9.36s         Checking existence of `"Play 3 s tone" Button`
    t =     9.41s         Capturing element debug description
    t =    10.30s     Checking `Expect predicate `existsNoRetry == 1` for object "Play 3 s tone" Button`
    t =    10.31s         Checking existence of `"Play 3 s tone" Button`
    t =    10.35s         Capturing element debug description
    t =    10.36s     Checking existence of `"Play 3 s tone" Button`
    t =    10.38s Collecting debug information to assist test failure triage
    t =    10.39s     Requesting snapshot of accessibility hierarchy for app with pid 5684
    t =    10.48s Swipe up Application 'life.soullab.voicekernel.vpio02sid'
    t =    10.48s     Wait for life.soullab.voicekernel.vpio02sid to idle
    t =    10.49s     Find the Application 'life.soullab.voicekernel.vpio02sid'
    t =    10.51s     Check for interrupting elements affecting "VoiceKernel VPIO-02-SID" Application
    t =    10.54s     Synthesize event
    t =    10.97s     Wait for life.soullab.voicekernel.vpio02sid to idle
    t =    13.52s Checking existence of `"Play 3 s tone" Button`
2026-09-16 10:02:57.939059-0400 DriverUITests-Runner[5683:1264204] K00-OUTPUT: reveal swipe 1/4 — 'Play 3 s tone' exists: true
    t =    13.57s Checking existence of `"Play 3 s tone" Button`
    t =    13.60s Find the "Play 3 s tone" Button
    t =    15.64s Tap "Play 3 s tone" Button
    t =    15.64s     Wait for life.soullab.voicekernel.vpio02sid to idle
    t =    15.64s     Find the "Play 3 s tone" Button
    t =    15.70s     Check for interrupting elements affecting "Play 3 s tone" Button
    t =    15.87s     Synthesize event
    t =    16.18s     Wait for life.soullab.voicekernel.vpio02sid to idle
2026-09-16 10:03:00.561366-0400 DriverUITests-Runner[5683:1264204] K00-OUTPUT: Play 1 tapped
    t =    17.20s Checking existence of `"Cancel active" Button`
    t =    17.25s Find the "Cancel active" Button
    t =    17.38s Tap "Cancel active" Button
    t =    17.38s     Wait for life.soullab.voicekernel.vpio02sid to idle
    t =    17.39s     Find the "Cancel active" Button
    t =    17.43s     Check for interrupting elements affecting "Cancel active" Button
    t =    17.48s     Synthesize event
    t =    17.78s     Wait for life.soullab.voicekernel.vpio02sid to idle
2026-09-16 10:03:02.161338-0400 DriverUITests-Runner[5683:1264204] K00-OUTPUT: Cancel active tapped at ≈1000 ms after Play 1
    t =    18.80s Checking existence of `"Play 3 s tone" Button`
    t =    18.85s Find the "Play 3 s tone" Button
    t =    18.88s Tap "Play 3 s tone" Button
    t =    18.88s     Wait for life.soullab.voicekernel.vpio02sid to idle
    t =    18.89s     Find the "Play 3 s tone" Button
    t =    18.92s     Check for interrupting elements affecting "Play 3 s tone" Button
    t =    18.95s     Synthesize event
    t =    19.26s     Wait for life.soullab.voicekernel.vpio02sid to idle
2026-09-16 10:03:03.633937-0400 DriverUITests-Runner[5683:1264204] K00-OUTPUT: Play 2 tapped (left to complete)
    t =    23.77s Waiting 5.0s for "Export journal" Button to exist
    t =    24.80s     Checking `Expect predicate `existsNoRetry == 1` for object "Export journal" Button`
    t =    24.80s         Checking existence of `"Export journal" Button`
    t =    24.86s Tap "Export journal" Button
    t =    24.86s     Wait for life.soullab.voicekernel.vpio02sid to idle
    t =    24.86s     Find the "Export journal" Button
    t =    24.91s     Check for interrupting elements affecting "Export journal" Button
    t =    24.95s     Synthesize event
    t =    25.25s     Wait for life.soullab.voicekernel.vpio02sid to idle
    t =    27.46s Terminate life.soullab.voicekernel.vpio02sid:5684
    t =    28.54s Wait for life.soullab.voicekernel.vpio02sid to become Not Running
    t =    28.54s Tear Down
Test Case '-[DriverUITests.K00DriverTests testOutputSample]' passed (28.640 seconds).
Test Suite 'K00DriverTests' passed at 2026-09-16 10:03:13.012.
	 Executed 1 test, with 0 failures (0 unexpected) in 28.640 (28.643) seconds
Test Suite 'DriverUITests.xctest' passed at 2026-09-16 10:03:13.016.
	 Executed 1 test, with 0 failures (0 unexpected) in 28.640 (28.647) seconds
Test Suite 'Selected tests' passed at 2026-09-16 10:03:13.019.
	 Executed 1 test, with 0 failures (0 unexpected) in 28.640 (28.651) seconds
2026-09-16 10:03:13.146 xcodebuild[54366:1106931] [MT] IDERunDestination: Supported platforms for the buildables in the current scheme is empty.
2026-09-16 10:03:13.436 xcodebuild[54366:1106931] [MT] IDETestOperationsObserverDebug: 31.481 elapsed -- Testing started completed.
2026-09-16 10:03:13.436 xcodebuild[54366:1106931] [MT] IDETestOperationsObserverDebug: 0.000 sec, +0.000 sec -- start
2026-09-16 10:03:13.436 xcodebuild[54366:1106931] [MT] IDETestOperationsObserverDebug: 31.481 sec, +31.481 sec -- end

Test session results, code coverage, and logs:
	/Users/soullab/Library/Developer/Xcode/DerivedData/VoiceKernelDriver-dsxipkkathrizrgmkhkzkshinijw/Logs/Test/Test-DriverUITests-2026.09.16_10-02-41--0400.xcresult

** TEST EXECUTE SUCCEEDED **

Testing started
