Command line invocation:
    /Applications/Xcode.app/Contents/Developer/usr/bin/xcodebuild test-without-building -xctestrun /private/tmp/sid-source-02-f67575797353bf7e97ffb319a45357997c8d564d-20260916T140110Z/ios/VoiceKernelDriver/.derived/Build/Products/DriverUITests_iphoneos26.2-arm64.xctestrun -destination id=00008140-00163D9922E0801C -collect-test-diagnostics never "-only-testing:DriverUITests/K00DriverTests/testOutputSample"

2026-09-16 10:03:19.500 xcodebuild[54760:1108449] [MT] IDERunDestination: Supported platforms for the buildables in the current scheme is empty.
2026-09-16 10:03:19.503 xcodebuild[54760:1108449] [MT] IDERunDestination: Supported platforms for the buildables in the current scheme is empty.
2026-09-16 10:03:19.602 xcodebuild[54760:1108449] [MT] IDERunDestination: Supported platforms for the buildables in the current scheme is empty.
--- xcodebuild: WARNING: Using the first of multiple matching destinations:
{ platform:iOS, arch:arm64e, id:00008140-00163D9922E0801C, name:Kelly Nezat’s iPhone }
{ platform:iOS, arch:arm64, id:00008140-00163D9922E0801C, name:Kelly Nezat’s iPhone }
2026-09-16 10:03:19.854 xcodebuild[54760:1108449] [MT] IDERunDestination: Supported platforms for the buildables in the current scheme is empty.
2026-09-16 10:03:20.081 xcodebuild[54760:1108449] [MT] IDERunDestination: Supported platforms for the buildables in the current scheme is empty.
2026-09-16 10:03:21.897840-0400 DriverUITests-Runner[5686:1265940] [Default] Running tests...
    t =      nans Interface orientation changed to Portrait
Test Suite 'Selected tests' started at 2026-09-16 10:03:22.467.
Test Suite 'DriverUITests.xctest' started at 2026-09-16 10:03:22.468.
Test Suite 'K00DriverTests' started at 2026-09-16 10:03:22.468.
Test Case '-[DriverUITests.K00DriverTests testOutputSample]' started.
    t =     0.00s Start Test at 2026-09-16 10:03:22.469
    t =     0.02s Set Up
    t =     0.02s Open life.soullab.voicekernel.vpio02sid
    t =     0.02s     Launch life.soullab.voicekernel.vpio02sid
    t =     0.11s         Setting up automation session
    t =     0.19s         Wait for life.soullab.voicekernel.vpio02sid to idle
2026-09-16 10:03:22.682 xcodebuild[54760:1108449] [MT] IDERunDestination: Supported platforms for the buildables in the current scheme is empty.
    t =     1.29s Wait for life.soullab.voicekernel.vpio02sid to become Running Foreground
    t =     1.29s Waiting 10.0s for "Enter conversation" Button to exist
    t =     2.30s     Checking `Expect predicate `existsNoRetry == 1` for object "Enter conversation" Button`
    t =     2.30s         Checking existence of `"Enter conversation" Button`
    t =     2.40s Checking existence of `"Voice processing: ON (default)" Button`
    t =     2.42s Checking existence of `"Voice processing: OFF (control run)" Button`
    t =     2.75s Waiting 3.0s for "Voice processing: ON (default)" Button to exist
    t =     3.76s     Checking `Expect predicate `existsNoRetry == 1` for object "Voice processing: ON (default)" Button`
    t =     3.76s         Checking existence of `"Voice processing: ON (default)" Button`
    t =     3.83s Waiting 5.0s for "Enter conversation" Button to exist
    t =     4.84s     Checking `Expect predicate `existsNoRetry == 1` for object "Enter conversation" Button`
    t =     4.84s         Checking existence of `"Enter conversation" Button`
    t =     4.90s Tap "Enter conversation" Button
    t =     4.90s     Wait for life.soullab.voicekernel.vpio02sid to idle
    t =     4.91s     Find the "Enter conversation" Button
    t =     4.94s     Check for interrupting elements affecting "Enter conversation" Button
    t =     4.99s     Synthesize event
    t =     5.28s     Wait for life.soullab.voicekernel.vpio02sid to idle
    t =     5.29s Waiting 5.0s for "Play 3 s tone" Button to exist
    t =     6.32s     Checking `Expect predicate `existsNoRetry == 1` for object "Play 3 s tone" Button`
    t =     6.32s         Checking existence of `"Play 3 s tone" Button`
    t =     6.36s         Capturing element debug description
    t =     7.29s     Checking `Expect predicate `existsNoRetry == 1` for object "Play 3 s tone" Button`
    t =     7.29s         Checking existence of `"Play 3 s tone" Button`
    t =     7.34s         Capturing element debug description
    t =     8.36s     Checking `Expect predicate `existsNoRetry == 1` for object "Play 3 s tone" Button`
    t =     8.37s         Checking existence of `"Play 3 s tone" Button`
    t =     8.42s         Capturing element debug description
    t =     9.33s     Checking `Expect predicate `existsNoRetry == 1` for object "Play 3 s tone" Button`
    t =     9.34s         Checking existence of `"Play 3 s tone" Button`
    t =     9.38s         Capturing element debug description
    t =    10.29s     Checking `Expect predicate `existsNoRetry == 1` for object "Play 3 s tone" Button`
    t =    10.29s         Checking existence of `"Play 3 s tone" Button`
    t =    10.34s         Capturing element debug description
    t =    10.35s     Checking existence of `"Play 3 s tone" Button`
    t =    10.39s Collecting debug information to assist test failure triage
    t =    10.39s     Requesting snapshot of accessibility hierarchy for app with pid 5687
    t =    10.47s Swipe up Application 'life.soullab.voicekernel.vpio02sid'
    t =    10.47s     Wait for life.soullab.voicekernel.vpio02sid to idle
    t =    10.47s     Find the Application 'life.soullab.voicekernel.vpio02sid'
    t =    10.49s     Check for interrupting elements affecting "VoiceKernel VPIO-02-SID" Application
    t =    10.51s     Synthesize event
    t =    10.95s     Wait for life.soullab.voicekernel.vpio02sid to idle
    t =    13.50s Checking existence of `"Play 3 s tone" Button`
2026-09-16 10:03:36.024701-0400 DriverUITests-Runner[5686:1265940] K00-OUTPUT: reveal swipe 1/4 — 'Play 3 s tone' exists: true
    t =    13.56s Checking existence of `"Play 3 s tone" Button`
    t =    13.59s Find the "Play 3 s tone" Button
    t =    15.63s Tap "Play 3 s tone" Button
    t =    15.63s     Wait for life.soullab.voicekernel.vpio02sid to idle
    t =    15.64s     Find the "Play 3 s tone" Button
    t =    15.70s     Check for interrupting elements affecting "Play 3 s tone" Button
    t =    15.75s     Synthesize event
    t =    16.07s     Wait for life.soullab.voicekernel.vpio02sid to idle
2026-09-16 10:03:38.542896-0400 DriverUITests-Runner[5686:1265940] K00-OUTPUT: Play 1 tapped
    t =    17.08s Checking existence of `"Cancel active" Button`
    t =    17.14s Find the "Cancel active" Button
    t =    17.17s Tap "Cancel active" Button
    t =    17.17s     Wait for life.soullab.voicekernel.vpio02sid to idle
    t =    17.18s     Find the "Cancel active" Button
    t =    17.21s     Check for interrupting elements affecting "Cancel active" Button
    t =    17.25s     Synthesize event
    t =    17.54s     Wait for life.soullab.voicekernel.vpio02sid to idle
2026-09-16 10:03:40.012815-0400 DriverUITests-Runner[5686:1265940] K00-OUTPUT: Cancel active tapped at ≈1000 ms after Play 1
    t =    18.55s Checking existence of `"Play 3 s tone" Button`
    t =    18.60s Find the "Play 3 s tone" Button
    t =    18.64s Tap "Play 3 s tone" Button
    t =    18.64s     Wait for life.soullab.voicekernel.vpio02sid to idle
    t =    18.64s     Find the "Play 3 s tone" Button
    t =    18.67s     Check for interrupting elements affecting "Play 3 s tone" Button
    t =    18.71s     Synthesize event
    t =    19.13s     Wait for life.soullab.voicekernel.vpio02sid to idle
2026-09-16 10:03:41.606448-0400 DriverUITests-Runner[5686:1265940] K00-OUTPUT: Play 2 tapped (left to complete)
    t =    23.64s Waiting 5.0s for "Export journal" Button to exist
    t =    24.67s     Checking `Expect predicate `existsNoRetry == 1` for object "Export journal" Button`
    t =    24.67s         Checking existence of `"Export journal" Button`
    t =    24.72s Tap "Export journal" Button
    t =    24.72s     Wait for life.soullab.voicekernel.vpio02sid to idle
    t =    24.73s     Find the "Export journal" Button
    t =    24.76s     Check for interrupting elements affecting "Export journal" Button
    t =    24.80s     Synthesize event
    t =    25.10s     Wait for life.soullab.voicekernel.vpio02sid to idle
    t =    27.31s Terminate life.soullab.voicekernel.vpio02sid:5687
    t =    28.35s Wait for life.soullab.voicekernel.vpio02sid to become Not Running
    t =    28.35s Tear Down
Test Case '-[DriverUITests.K00DriverTests testOutputSample]' passed (28.429 seconds).
Test Suite 'K00DriverTests' passed at 2026-09-16 10:03:50.899.
	 Executed 1 test, with 0 failures (0 unexpected) in 28.429 (28.431) seconds
Test Suite 'DriverUITests.xctest' passed at 2026-09-16 10:03:50.901.
	 Executed 1 test, with 0 failures (0 unexpected) in 28.429 (28.433) seconds
Test Suite 'Selected tests' passed at 2026-09-16 10:03:50.902.
	 Executed 1 test, with 0 failures (0 unexpected) in 28.429 (28.435) seconds
2026-09-16 10:03:51.012 xcodebuild[54760:1108449] [MT] IDERunDestination: Supported platforms for the buildables in the current scheme is empty.
2026-09-16 10:03:51.248 xcodebuild[54760:1108449] [MT] IDETestOperationsObserverDebug: 31.393 elapsed -- Testing started completed.
2026-09-16 10:03:51.249 xcodebuild[54760:1108449] [MT] IDETestOperationsObserverDebug: 0.000 sec, +0.000 sec -- start
2026-09-16 10:03:51.249 xcodebuild[54760:1108449] [MT] IDETestOperationsObserverDebug: 31.393 sec, +31.393 sec -- end

Test session results, code coverage, and logs:
	/Users/soullab/Library/Developer/Xcode/DerivedData/VoiceKernelDriver-galfbuoxjohtmhgbrrupkvbfrxlz/Logs/Test/Test-DriverUITests-2026.09.16_10-03-19--0400.xcresult

** TEST EXECUTE SUCCEEDED **

Testing started
