Command line invocation:
    /Applications/Xcode.app/Contents/Developer/usr/bin/xcodebuild test-without-building -xctestrun /private/tmp/voice-driver-01/ios/VoiceKernelDriver/.derived/Build/Products/DriverUITests_iphoneos26.2-arm64.xctestrun -destination id=00008140-00163D9922E0801C -collect-test-diagnostics never "-only-testing:DriverUITests/K00DriverTests/testOneSample"

2026-09-12 14:35:37.066 xcodebuild[47012:26194839] [MT] IDERunDestination: Supported platforms for the buildables in the current scheme is empty.
2026-09-12 14:35:37.069 xcodebuild[47012:26194839] [MT] IDERunDestination: Supported platforms for the buildables in the current scheme is empty.
2026-09-12 14:35:37.167 xcodebuild[47012:26194839] [MT] IDERunDestination: Supported platforms for the buildables in the current scheme is empty.
--- xcodebuild: WARNING: Using the first of multiple matching destinations:
{ platform:iOS, arch:arm64e, id:00008140-00163D9922E0801C, name:Kelly Nezat’s iPhone }
{ platform:iOS, arch:arm64, id:00008140-00163D9922E0801C, name:Kelly Nezat’s iPhone }
2026-09-12 14:35:37.336 xcodebuild[47012:26194839] [MT] IDERunDestination: Supported platforms for the buildables in the current scheme is empty.
2026-09-12 14:35:37.532 xcodebuild[47012:26194839] [MT] IDERunDestination: Supported platforms for the buildables in the current scheme is empty.
2026-09-12 14:35:39.795095-0400 DriverUITests-Runner[55252:12590071] [Default] Running tests...
    t =      nans Interface orientation changed to Portrait
Test Suite 'Selected tests' started at 2026-09-12 14:35:40.396.
Test Suite 'DriverUITests.xctest' started at 2026-09-12 14:35:40.396.
Test Suite 'K00DriverTests' started at 2026-09-12 14:35:40.396.
Test Case '-[DriverUITests.K00DriverTests testOneSample]' started.
    t =     0.00s Start Test at 2026-09-12 14:35:40.397
    t =     0.02s Set Up
    t =     0.02s Open life.soullab.voicekernel.k00
    t =     0.02s     Launch life.soullab.voicekernel.k00
    t =     0.15s         Setting up automation session
2026-09-12 14:35:40.548 xcodebuild[47012:26194839] [MT] IDERunDestination: Supported platforms for the buildables in the current scheme is empty.
    t =     0.32s         Wait for life.soullab.voicekernel.k00 to idle
    t =     1.62s Wait for life.soullab.voicekernel.k00 to become Running Foreground
    t =     1.62s Waiting 10.0s for "Enter conversation" Button to exist
    t =     2.66s     Checking `Expect predicate `existsNoRetry == 1` for object "Enter conversation" Button`
    t =     2.66s         Checking existence of `"Enter conversation" Button`
    t =     2.76s Checking existence of `"Voice processing: ON (default)" Button`
    t =     2.79s Checking existence of `"Voice processing: OFF (control run)" Button`
    t =     3.11s Waiting 3.0s for "Voice processing: ON (default)" Button to exist
    t =     4.15s     Checking `Expect predicate `existsNoRetry == 1` for object "Voice processing: ON (default)" Button`
    t =     4.15s         Checking existence of `"Voice processing: ON (default)" Button`
    t =     4.21s Waiting 5.0s for "Enter conversation" Button to exist
    t =     5.22s     Checking `Expect predicate `existsNoRetry == 1` for object "Enter conversation" Button`
    t =     5.22s         Checking existence of `"Enter conversation" Button`
    t =     5.29s Tap "Enter conversation" Button
    t =     5.29s     Wait for life.soullab.voicekernel.k00 to idle
    t =     5.29s     Find the "Enter conversation" Button
    t =     5.33s     Check for interrupting elements affecting "Enter conversation" Button
    t =     5.38s     Synthesize event
    t =     5.68s     Wait for life.soullab.voicekernel.k00 to idle
    t =    20.69s Waiting 5.0s for "Export journal" Button to exist
    t =    21.73s     Checking `Expect predicate `existsNoRetry == 1` for object "Export journal" Button`
    t =    21.73s         Checking existence of `"Export journal" Button`
    t =    21.79s Tap "Export journal" Button
    t =    21.80s     Wait for life.soullab.voicekernel.k00 to idle
    t =    21.81s     Find the "Export journal" Button
    t =    21.84s     Check for interrupting elements affecting "Export journal" Button
    t =    21.89s     Synthesize event
    t =    22.19s     Wait for life.soullab.voicekernel.k00 to idle
    t =    24.40s Terminate life.soullab.voicekernel.k00:55253
    t =    25.42s Wait for life.soullab.voicekernel.k00 to become Not Running
    t =    25.42s Tear Down
Test Case '-[DriverUITests.K00DriverTests testOneSample]' passed (25.499 seconds).
Test Suite 'K00DriverTests' passed at 2026-09-12 14:36:05.896.
	 Executed 1 test, with 0 failures (0 unexpected) in 25.499 (25.500) seconds
Test Suite 'DriverUITests.xctest' passed at 2026-09-12 14:36:05.898.
	 Executed 1 test, with 0 failures (0 unexpected) in 25.499 (25.502) seconds
Test Suite 'Selected tests' passed at 2026-09-12 14:36:05.900.
	 Executed 1 test, with 0 failures (0 unexpected) in 25.499 (25.504) seconds
2026-09-12 14:36:06.008 xcodebuild[47012:26194839] [MT] IDERunDestination: Supported platforms for the buildables in the current scheme is empty.
2026-09-12 14:36:06.202 xcodebuild[47012:26194839] [MT] IDETestOperationsObserverDebug: 28.864 elapsed -- Testing started completed.
2026-09-12 14:36:06.202 xcodebuild[47012:26194839] [MT] IDETestOperationsObserverDebug: 0.000 sec, +0.000 sec -- start
2026-09-12 14:36:06.202 xcodebuild[47012:26194839] [MT] IDETestOperationsObserverDebug: 28.864 sec, +28.864 sec -- end

Test session results, code coverage, and logs:
	/Users/soullab/Library/Developer/Xcode/DerivedData/VoiceKernelDriver-eucplarncqwfbyalbxvlaurnboue/Logs/Test/Test-DriverUITests-2026.09.12_14-35-37--0400.xcresult

** TEST EXECUTE SUCCEEDED **

Testing started
