Command line invocation:
    /Applications/Xcode.app/Contents/Developer/usr/bin/xcodebuild test-without-building -xctestrun /private/tmp/voice-driver-01/ios/VoiceKernelDriver/.derived/Build/Products/DriverUITests_iphoneos26.2-arm64.xctestrun -destination id=00008140-00163D9922E0801C -collect-test-diagnostics never "-only-testing:DriverUITests/K00DriverTests/testOneSample"

2026-09-12 14:36:07.954 xcodebuild[47069:26195993] [MT] IDERunDestination: Supported platforms for the buildables in the current scheme is empty.
2026-09-12 14:36:07.957 xcodebuild[47069:26195993] [MT] IDERunDestination: Supported platforms for the buildables in the current scheme is empty.
--- xcodebuild: WARNING: Using the first of multiple matching destinations:
{ platform:iOS, arch:arm64e, id:00008140-00163D9922E0801C, name:Kelly Nezat’s iPhone }
{ platform:iOS, arch:arm64, id:00008140-00163D9922E0801C, name:Kelly Nezat’s iPhone }
2026-09-12 14:36:08.213 xcodebuild[47069:26195993] [MT] IDERunDestination: Supported platforms for the buildables in the current scheme is empty.
2026-09-12 14:36:08.399 xcodebuild[47069:26195993] [MT] IDERunDestination: Supported platforms for the buildables in the current scheme is empty.
2026-09-12 14:36:10.033066-0400 DriverUITests-Runner[55255:12591449] [Default] Running tests...
    t =      nans Interface orientation changed to Portrait
Test Suite 'Selected tests' started at 2026-09-12 14:36:10.506.
Test Suite 'DriverUITests.xctest' started at 2026-09-12 14:36:10.507.
Test Suite 'K00DriverTests' started at 2026-09-12 14:36:10.507.
Test Case '-[DriverUITests.K00DriverTests testOneSample]' started.
    t =     0.00s Start Test at 2026-09-12 14:36:10.508
    t =     0.02s Set Up
    t =     0.03s Open life.soullab.voicekernel.k00
    t =     0.03s     Launch life.soullab.voicekernel.k00
    t =     0.11s         Setting up automation session
2026-09-12 14:36:10.680 xcodebuild[47069:26195993] [MT] IDERunDestination: Supported platforms for the buildables in the current scheme is empty.
    t =     0.19s         Wait for life.soullab.voicekernel.k00 to idle
    t =     1.30s Wait for life.soullab.voicekernel.k00 to become Running Foreground
    t =     1.30s Waiting 10.0s for "Enter conversation" Button to exist
    t =     2.31s     Checking `Expect predicate `existsNoRetry == 1` for object "Enter conversation" Button`
    t =     2.31s         Checking existence of `"Enter conversation" Button`
    t =     2.41s Checking existence of `"Voice processing: ON (default)" Button`
    t =     2.44s Checking existence of `"Voice processing: OFF (control run)" Button`
    t =     2.76s Waiting 3.0s for "Voice processing: ON (default)" Button to exist
    t =     3.78s     Checking `Expect predicate `existsNoRetry == 1` for object "Voice processing: ON (default)" Button`
    t =     3.78s         Checking existence of `"Voice processing: ON (default)" Button`
    t =     3.84s Waiting 5.0s for "Enter conversation" Button to exist
    t =     4.86s     Checking `Expect predicate `existsNoRetry == 1` for object "Enter conversation" Button`
    t =     4.86s         Checking existence of `"Enter conversation" Button`
    t =     4.93s Tap "Enter conversation" Button
    t =     4.93s     Wait for life.soullab.voicekernel.k00 to idle
    t =     4.93s     Find the "Enter conversation" Button
    t =     4.97s     Check for interrupting elements affecting "Enter conversation" Button
    t =     5.01s     Synthesize event
    t =     5.31s     Wait for life.soullab.voicekernel.k00 to idle
    t =    20.33s Waiting 5.0s for "Export journal" Button to exist
    t =    21.36s     Checking `Expect predicate `existsNoRetry == 1` for object "Export journal" Button`
    t =    21.36s         Checking existence of `"Export journal" Button`
    t =    21.41s Tap "Export journal" Button
    t =    21.41s     Wait for life.soullab.voicekernel.k00 to idle
    t =    21.42s     Find the "Export journal" Button
    t =    21.46s     Check for interrupting elements affecting "Export journal" Button
    t =    21.51s     Synthesize event
    t =    21.80s     Wait for life.soullab.voicekernel.k00 to idle
    t =    24.02s Terminate life.soullab.voicekernel.k00:55256
    t =    25.08s Wait for life.soullab.voicekernel.k00 to become Not Running
    t =    25.08s Tear Down
Test Case '-[DriverUITests.K00DriverTests testOneSample]' passed (25.149 seconds).
Test Suite 'K00DriverTests' passed at 2026-09-12 14:36:35.668.
	 Executed 1 test, with 0 failures (0 unexpected) in 25.149 (25.161) seconds
Test Suite 'DriverUITests.xctest' passed at 2026-09-12 14:36:35.669.
	 Executed 1 test, with 0 failures (0 unexpected) in 25.149 (25.162) seconds
Test Suite 'Selected tests' passed at 2026-09-12 14:36:35.670.
	 Executed 1 test, with 0 failures (0 unexpected) in 25.149 (25.164) seconds
2026-09-12 14:36:35.746 xcodebuild[47069:26195993] [MT] IDERunDestination: Supported platforms for the buildables in the current scheme is empty.
2026-09-12 14:36:35.982 xcodebuild[47069:26195993] [MT] IDETestOperationsObserverDebug: 27.768 elapsed -- Testing started completed.
2026-09-12 14:36:35.982 xcodebuild[47069:26195993] [MT] IDETestOperationsObserverDebug: 0.000 sec, +0.000 sec -- start
2026-09-12 14:36:35.982 xcodebuild[47069:26195993] [MT] IDETestOperationsObserverDebug: 27.768 sec, +27.768 sec -- end

Test session results, code coverage, and logs:
	/Users/soullab/Library/Developer/Xcode/DerivedData/VoiceKernelDriver-gjtqleebqlaaergtoietuzydxamd/Logs/Test/Test-DriverUITests-2026.09.12_14-36-08--0400.xcresult

** TEST EXECUTE SUCCEEDED **

Testing started
