LEDGER_DIR=docs/programme/VOICE-2026/driver-ledger/K00-0506-S2-20260915T184128Z
AFPLAY_PROCESSES_AFTER=0
total 40
drwxr-xr-x   7 soullab  wheel   224 Sep 15 14:41 .
drwxr-xr-x  41 soullab  wheel  1312 Sep 15 14:47 ..
-rw-r--r--   1 soullab  wheel    82 Sep 15 14:41 afplay.sha256
-rw-r--r--   1 soullab  wheel  3376 Sep 15 14:41 audio-output.json
-rw-r--r--   1 soullab  wheel    91 Sep 15 14:41 stimulus-wave-metadata.txt
-rw-r--r--   1 soullab  wheel   157 Sep 15 14:41 stimulus.sha256
-rw-r--r--   1 soullab  wheel    82 Sep 15 14:41 volume.txt
1a505b3d38a97b75cb935f85bd33deb889628322e558f74af9a5f05afbfbd00e  /private/tmp/k0506-s2pop2-b198e2e37/scripts/witness/fixtures/k00-s2-nearend-997hz-180s.wav
88f3b577790877524edc79a20de8838a019c0ca723a0eaa4a8612a860317cabb  /usr/bin/afplay
channels=1 sampleRate=48000 sampleWidthBytes=2 frames=8640000 seconds=180.000
format=EXACT
output volume:69, input volume:missing value, alert volume:59, output muted:false
== docs/programme/VOICE-2026/driver-ledger/K00-0506-S2-20260915T184128Z/stimulus-sample-1.tsv
sample	1
pid	30133
startEpoch	1789497696
preRunState	1789497697	alive
postRunState	1789497739	alive
waitExitStatus	143
stopEpoch	1789497739
custody	VALID
== docs/programme/VOICE-2026/driver-ledger/K00-0506-S2-20260915T184128Z/stimulus-sample-10.tsv
sample	10
pid	33803
startEpoch	1789498044
preRunState	1789498045	alive
postRunState	1789498077	alive
waitExitStatus	143
stopEpoch	1789498077
custody	VALID
== docs/programme/VOICE-2026/driver-ledger/K00-0506-S2-20260915T184128Z/stimulus-sample-2.tsv
sample	2
pid	30583
startEpoch	1789497741
preRunState	1789497742	alive
postRunState	1789497774	alive
waitExitStatus	143
stopEpoch	1789497774
custody	VALID
== docs/programme/VOICE-2026/driver-ledger/K00-0506-S2-20260915T184128Z/stimulus-sample-3.tsv
sample	3
pid	30995
startEpoch	1789497777
preRunState	1789497778	alive
postRunState	1789497817	alive
waitExitStatus	143
stopEpoch	1789497817
custody	VALID
== docs/programme/VOICE-2026/driver-ledger/K00-0506-S2-20260915T184128Z/stimulus-sample-4.tsv
sample	4
pid	31467
startEpoch	1789497820
preRunState	1789497821	alive
postRunState	1789497853	alive
waitExitStatus	143
stopEpoch	1789497853
custody	VALID
== docs/programme/VOICE-2026/driver-ledger/K00-0506-S2-20260915T184128Z/stimulus-sample-5.tsv
sample	5
pid	31819
startEpoch	1789497856
preRunState	1789497857	alive
postRunState	1789497889	alive
waitExitStatus	143
stopEpoch	1789497889
custody	VALID
== docs/programme/VOICE-2026/driver-ledger/K00-0506-S2-20260915T184128Z/stimulus-sample-6.tsv
sample	6
pid	32222
startEpoch	1789497893
preRunState	1789497894	alive
postRunState	1789497926	alive
waitExitStatus	143
stopEpoch	1789497926
custody	VALID
== docs/programme/VOICE-2026/driver-ledger/K00-0506-S2-20260915T184128Z/stimulus-sample-7.tsv
sample	7
pid	32632
startEpoch	1789497930
preRunState	1789497931	alive
postRunState	1789497963	alive
waitExitStatus	143
stopEpoch	1789497963
custody	VALID
== docs/programme/VOICE-2026/driver-ledger/K00-0506-S2-20260915T184128Z/stimulus-sample-8.tsv
sample	8
pid	32986
startEpoch	1789497967
preRunState	1789497968	alive
postRunState	1789498000	alive
waitExitStatus	143
stopEpoch	1789498000
custody	VALID
== docs/programme/VOICE-2026/driver-ledger/K00-0506-S2-20260915T184128Z/stimulus-sample-9.tsv
sample	9
pid	33430
startEpoch	1789498005
preRunState	1789498006	alive
postRunState	1789498039	alive
waitExitStatus	143
stopEpoch	1789498039
custody	VALID
docs/programme/VOICE-2026/driver-ledger/K00-0506-S2-20260915T184128Z/stimulus-sample-1.tsv:1
docs/programme/VOICE-2026/driver-ledger/K00-0506-S2-20260915T184128Z/stimulus-sample-10.tsv:1
docs/programme/VOICE-2026/driver-ledger/K00-0506-S2-20260915T184128Z/stimulus-sample-2.tsv:1
docs/programme/VOICE-2026/driver-ledger/K00-0506-S2-20260915T184128Z/stimulus-sample-3.tsv:1
docs/programme/VOICE-2026/driver-ledger/K00-0506-S2-20260915T184128Z/stimulus-sample-4.tsv:1
docs/programme/VOICE-2026/driver-ledger/K00-0506-S2-20260915T184128Z/stimulus-sample-5.tsv:1
docs/programme/VOICE-2026/driver-ledger/K00-0506-S2-20260915T184128Z/stimulus-sample-6.tsv:1
docs/programme/VOICE-2026/driver-ledger/K00-0506-S2-20260915T184128Z/stimulus-sample-7.tsv:1
docs/programme/VOICE-2026/driver-ledger/K00-0506-S2-20260915T184128Z/stimulus-sample-8.tsv:1
docs/programme/VOICE-2026/driver-ledger/K00-0506-S2-20260915T184128Z/stimulus-sample-9.tsv:1
1	1789497697	1789497739
2	1789497742	1789497774
3	1789497778	1789497817
4	1789497821	1789497853
5	1789497857	1789497889
6	1789497894	1789497926
7	1789497931	1789497963
8	1789497968	1789498000
9	1789498006	1789498039
10	1789498045	1789498077
[18:41:35] stimulus preflight PASS: fixture 1a505b3d38a97b75cb935f85bd33deb889628322e558f74af9a5f05afbfbd00e · afplay 88f3b577790877524edc79a20de8838a019c0ca723a0eaa4a8612a860317cabb · default output Mac Studio Speakers (coreaudio_device_type_builtin) · volume 69 · muted false
[18:42:19] sample 1 stimulus custody VALID (pid 30133 alive through the governed interval; stopped by the batch, wait rc=143)
[18:42:20] sample 1 ledgered: kernel00-K00-8d09e590-1789497735.jsonl
[18:42:54] sample 2 stimulus custody VALID (pid 30583 alive through the governed interval; stopped by the batch, wait rc=143)
[18:42:56] sample 2 ledgered: kernel00-K00-48b857c6-1789497770.jsonl
[18:43:37] sample 3 stimulus custody VALID (pid 30995 alive through the governed interval; stopped by the batch, wait rc=143)
[18:43:39] sample 3 ledgered: kernel00-K00-ea4d3805-1789497813.jsonl
[18:44:13] sample 4 stimulus custody VALID (pid 31467 alive through the governed interval; stopped by the batch, wait rc=143)
[18:44:16] sample 4 ledgered: kernel00-K00-4989dad6-1789497849.jsonl
[18:44:49] sample 5 stimulus custody VALID (pid 31819 alive through the governed interval; stopped by the batch, wait rc=143)
[18:44:52] sample 5 ledgered: kernel00-K00-bbd4ec34-1789497885.jsonl
[18:45:26] sample 6 stimulus custody VALID (pid 32222 alive through the governed interval; stopped by the batch, wait rc=143)
[18:45:29] sample 6 ledgered: kernel00-K00-46d00487-1789497922.jsonl
[18:46:03] sample 7 stimulus custody VALID (pid 32632 alive through the governed interval; stopped by the batch, wait rc=143)
[18:46:07] sample 7 ledgered: kernel00-K00-923c4e4b-1789497959.jsonl
[18:46:40] sample 8 stimulus custody VALID (pid 32986 alive through the governed interval; stopped by the batch, wait rc=143)
[18:46:44] sample 8 ledgered: kernel00-K00-388b3ac9-1789497996.jsonl
[18:47:19] sample 9 stimulus custody VALID (pid 33430 alive through the governed interval; stopped by the batch, wait rc=143)
[18:47:23] sample 9 ledgered: kernel00-K00-e5e6f9bb-1789498035.jsonl
[18:47:57] sample 10 stimulus custody VALID (pid 33803 alive through the governed interval; stopped by the batch, wait rc=143)
[18:48:02] sample 10 ledgered: kernel00-K00-08e81fa8-1789498073.jsonl
[18:48:02] batch complete — /private/tmp/k0506-s2pop2-b198e2e37/docs/programme/VOICE-2026/driver-ledger/K00-0506-S2-20260915T184128Z/ledger.md
10
10
      80 SHA256SUMS.population
0d5c273915f86ef38cd5ba24c9e37249b314fb5d48fe421fb4f122ccb78f1e60  transcript.txt
1bc550dfb2e71adf9585f3206c59e7fd86041ff4972f0933d98fd5c07e406133  stimulus-sample-1.tsv
9cefcec55b126a97b500da067ef29d5e4d264299a956452c45e7f89e5ce28660  stimulus-sample-10.tsv
84f4dad25e5f770bfd53428969e74f403887d4491a1312eaea24c07266447550  stimulus-sample-2.tsv
e312f9fff981d72f8a6038e971b60452ff156c8d36b7b2efd6eee9a789b1bb7f  stimulus-sample-3.tsv
356945993f8108771affd6bf073212890e1228a83168006029de1177cc9a6b5f  stimulus-sample-4.tsv
6151fbbd0332f33ff5e0a83eaccd947937c36a682f243fff691cf9c4b1f8d417  stimulus-sample-5.tsv
6e8490bad1e21b0840893c9d28394406e860b54992d5c0fa8c6f47ff456f289e  stimulus-sample-6.tsv
699ab379e695dc4d5dc3e287aed8f78242b65679028ca4108c188b2498482944  stimulus-sample-7.tsv
da32bffa219c2b13308f4a09fd9abf629e13f62c4d6dafb773c2a6da62985954  stimulus-sample-8.tsv
b11b99b855a8bef36a74118b69672d61b37636f40aea445ad07d7231e9f64e6d  stimulus-sample-9.tsv
e3b0c44298fc1c149afbf4c8996fb92427ae41e4649b934ca495991b7852b855  stimulus-sample-1-afplay.log
e3b0c44298fc1c149afbf4c8996fb92427ae41e4649b934ca495991b7852b855  stimulus-sample-10-afplay.log
e3b0c44298fc1c149afbf4c8996fb92427ae41e4649b934ca495991b7852b855  stimulus-sample-2-afplay.log
e3b0c44298fc1c149afbf4c8996fb92427ae41e4649b934ca495991b7852b855  stimulus-sample-3-afplay.log
e3b0c44298fc1c149afbf4c8996fb92427ae41e4649b934ca495991b7852b855  stimulus-sample-4-afplay.log
e3b0c44298fc1c149afbf4c8996fb92427ae41e4649b934ca495991b7852b855  stimulus-sample-5-afplay.log
e3b0c44298fc1c149afbf4c8996fb92427ae41e4649b934ca495991b7852b855  stimulus-sample-6-afplay.log
e3b0c44298fc1c149afbf4c8996fb92427ae41e4649b934ca495991b7852b855  stimulus-sample-7-afplay.log
e3b0c44298fc1c149afbf4c8996fb92427ae41e4649b934ca495991b7852b855  stimulus-sample-8-afplay.log
e3b0c44298fc1c149afbf4c8996fb92427ae41e4649b934ca495991b7852b855  stimulus-sample-9-afplay.log
febdc9ae73e8db2870d79893f50427e9e2cc2ccf086fa031ceb0a36d0c4e027b  stimulus-preflight/afplay.sha256
5b7be6acc176b5d1c3053df94f920a5aa2a9b44144930ff9cdb2d427ee09fdf4  stimulus-preflight/audio-output.json
b4b77a9378f1972b2143b1326ebcc5969daaff056c9f1d598d86608e9812e2b4  stimulus-preflight/stimulus-wave-metadata.txt
5531ea3ae1405af41f4a5e0d35ff895004b2d7789a1be52727ffea59a2360a02  stimulus-preflight/stimulus.sha256
e0d2120ea15c1532d45a13cf3792b937dfdadb5751e739bcb2fa6815e39fc1fd  stimulus-preflight/volume.txt
e1dabace57803f179f4567f301cdffdec19bc838d3feafd672ca878a50c8fd74  journals/kernel00-K00-08e81fa8-1789498073.jsonl
2f559b21902efb374b72ece1d726f700bda68da9ff5750e02802ce5171943b6d  journals/kernel00-K00-388b3ac9-1789497996.jsonl
3d7e527c6685e8a0d5046d332822826cd5556583b2e475c8ee6900f515059f1f  journals/kernel00-K00-46d00487-1789497922.jsonl
a211dd1ca43655f254b2ce402cf317c6689eff5961fdcdd5e5053c1b8f42d95a  journals/kernel00-K00-48b857c6-1789497770.jsonl
95f4659d315e85a7f0294c9a2eb42c7792cdbe815c67eee4544863ae696b6d34  journals/kernel00-K00-4989dad6-1789497849.jsonl
fe1bab344b026f4bd69481d15b5a0f502a90a739e65c0166ed4408307ce0675b  journals/kernel00-K00-8d09e590-1789497735.jsonl
52c0ae03581131cda9dbd3b4ed79d0615da4a093823d968099876a36cd5c9fd8  journals/kernel00-K00-923c4e4b-1789497959.jsonl
05d578b5352decea93ebd5f72532529a0173b2892671ad0e9263c5d47bc61669  journals/kernel00-K00-bbd4ec34-1789497885.jsonl
359626de3bf3c272a91902c1394c6a8027813dc849e3822fec34b23693d14e13  journals/kernel00-K00-e5e6f9bb-1789498035.jsonl
f0baf0e8c6ce4c0404ce530b79f2b8333f078d05c51e78a076ab06d7c568241a  journals/kernel00-K00-ea4d3805-1789497813.jsonl
599ef27e4b908b33eaa2d89e3e465fa11dcc903ef049e93d3670a90801a7229e  ledger.md
acdf4cbed7067b9aaf03e9d0b5393bb52f5747aa65c07d4df4cf1e82f1c3591d  output-ledger.md
900b3945342181704e25aea17ceedad4ac55288faa861f3f0493558d32fd7c1e  batch.log
aab0b0d7d5a2c3e55662599f2bd23f7dff584caca3cc1574ca7c9db0932eac30  sample-timing.tsv
590d71a4380a0a23f3e00b4ce4dd28af714eb429d46fe9a8377d9f8e5fbd1283  daemons/sample-1-after.json
5e25632e66ba08755bf6489d1091652428f14a42fbbaf8fb9dd447d3435e829c  daemons/sample-1-after.txt
3d49c9cddd3d43c88ec45b75348aedd116bde070bc06262f535fca8453bd5f3d  daemons/sample-1-before.json
89c5ca5273698092bf8fac5b359c6bb349b9ea55c9b5608271cb27f28a0bf5a8  daemons/sample-1-before.txt
ac702ae364771bca10f676c3d5d1ba50529b60211cf50697c16b41b96539e026  daemons/sample-10-after.json
88020f7e7c7e994d718477f2d5d133b2be7e9354cc83e520f6fbe463c452b2ba  daemons/sample-10-after.txt
3bb2d2ac8b00672e0567012b5bcc22bcd939a929ffb986055699ddd7f4e9fbfc  daemons/sample-10-before.json
7c25ec43bf5274929dd79245e8203b6989b73ed2b888d57e25fca9e9566d7c97  daemons/sample-10-before.txt
fd2b89eb1b3aca86d17c53bec1625eeadd2a6fae64846bd47f839a481bdc60f4  daemons/sample-2-after.json
24c00117f203fda5f083c159081b16ce6c4eee7c370e01df446bfa882d82ab5b  daemons/sample-2-after.txt
c80e2734c58f9f0212c42dd2122d863c14a63659b2f3ec08c943c3f5df38c059  daemons/sample-2-before.json
45dd8e8142532287efbc3559272bf13ee0626f2b9c2e477e21bf3acb9f5dcc48  daemons/sample-2-before.txt
829577fe50321a7053108f889bcc8b0bf9c3dbfe5a6c7925c8c8f77c335034d3  daemons/sample-3-after.json
c78ce591ee61a9bfebf6d79ce4d37f95324bccfffcabfedfe9287d959032acc4  daemons/sample-3-after.txt
a67a11e23d085a47aa04a3bb9d5f63dd2be5dca1e1c822b39502818a5604a34f  daemons/sample-3-before.json
37305fe5192908a148d71d423fd5315d8d62f47ee0263ff9d59416acdebb06ae  daemons/sample-3-before.txt
0ad019b8a274378437833121b7eb53b55b00e7fa927ef324703f16d4fff72a70  daemons/sample-4-after.json
2260d5214af222951b789da26e42209d255b0ca9b493eaf9591022daf5f766ef  daemons/sample-4-after.txt
e2329664feb833efa2b9f3e8ac51173777da64c991cd56e6d1a9e9ed609dee96  daemons/sample-4-before.json
4684dbfbcacfac9284d4e2f08872c7a029c249c443459e3939a35b9f899a7c28  daemons/sample-4-before.txt
0f36d5665546ba2f8ba8bbb261ff91d77a3b0f7da0a192d0118743f4f40bdb69  daemons/sample-5-after.json
0547d71160f018ae1f73bd966f7673b8295d45e6511408a591b1b383963af0eb  daemons/sample-5-after.txt
ad2ead50ef593f71ea027e7800a9b111bbd0e0c0ec331f481f22527f5967164a  daemons/sample-5-before.json
8ec2d1f2e954278ddcd0c89cd055a7c9911a0d79dcd1a6fd9bada7f11b9db564  daemons/sample-5-before.txt
fd8eb4d249e6542c637ab34e7c9e62e2762185f99cf689489d2dee24d1801409  daemons/sample-6-after.json
0f14aecee7ee167a1fe337536e4e3752832d29504ccabde931d68dd489df2b9c  daemons/sample-6-after.txt
5914247776fdaad10f4d64a3a72b1c833a3f81dd1bbfba8d76c48aa235e8ee94  daemons/sample-6-before.json
e29c883ff249fd78b711971ba12b251ca58fcc3232870e384d4b8e1e9c906cde  daemons/sample-6-before.txt
67d1972773d4ec4b10d38fe319b37ca2286995d994a45395d796877341346d89  daemons/sample-7-after.json
4c174e72b78fd1abd39608c61fe58423e62cd806742c5e75423da8ac89806ef3  daemons/sample-7-after.txt
1527847a199003dff2343da7b0c80b884b0ea6679cc5abf59c3a48ef20f2a1f7  daemons/sample-7-before.json
10789044275134fe6dbf187953f4c62bed30598dccf830da6c4a153b5482a137  daemons/sample-7-before.txt
6de6b65776b2bccbd713934a7f46ed40e801ac44df9dd6ade37aa8b6f75d8fa8  daemons/sample-8-after.json
455e80234da1b9a936b8d81eb2464e5655fb9fc504ea1c153af6134bc86d6f43  daemons/sample-8-after.txt
0323be89de0792e6ba5b552e1deb516e6452b71a7bf02bef96cf511e38a74124  daemons/sample-8-before.json
6065407997f071a9611a83d8d5d05c7b85a42e5f3b96300cd44ad9e0686d122d  daemons/sample-8-before.txt
ab7a5c8798aed35dc0f229516100f199816110094230a10bd9b080bb0a843bd1  daemons/sample-9-after.json
35471469cf695d4e8fabe5411a49771661b72e38796086e27ac0d7065216b136  daemons/sample-9-after.txt
b3ad2a3136045ff4584b9d67483528d8e65f50fb259d6a2d607d500544508ca7  daemons/sample-9-before.json
da463cee15d4a40c830be4bc82fd30dfb5985b2e238d149dc1eb157e7f157a2c  daemons/sample-9-before.txt
rc=
