Command line invocation:
    /Applications/Xcode.app/Contents/Developer/usr/bin/xcodebuild test-without-building -xctestrun /private/tmp/sid-entry-01-3035c02353b3cc0dab0b0ce1823116d6712b8eb1/ios/VoiceKernelDriver/.derived/Build/Products/DriverUITests_iphoneos26.2-arm64.xctestrun -destination id=00008140-00163D9922E0801C -collect-test-diagnostics never "-only-testing:DriverUITests/K00DriverTests/testOneSample"

2026-09-15 22:14:48.877 xcodebuild[32496:32381289] [MT] IDERunDestination: Supported platforms for the buildables in the current scheme is empty.
2026-09-15 22:14:48.880 xcodebuild[32496:32381289] [MT] IDERunDestination: Supported platforms for the buildables in the current scheme is empty.
2026-09-15 22:14:48.979 xcodebuild[32496:32381289] [MT] IDERunDestination: Supported platforms for the buildables in the current scheme is empty.
2026-09-15 22:14:49.092 xcodebuild[32496:32381289] [MT] IDERunDestination: Supported platforms for the buildables in the current scheme is empty.
--- xcodebuild: WARNING: Using the first of multiple matching destinations:
{ platform:iOS, arch:arm64e, id:00008140-00163D9922E0801C, name:Kelly Nezat’s iPhone }
{ platform:iOS, arch:arm64, id:00008140-00163D9922E0801C, name:Kelly Nezat’s iPhone }
2026-09-15 22:14:49.303 xcodebuild[32496:32381289] [MT] IDERunDestination: Supported platforms for the buildables in the current scheme is empty.
2026-09-15 22:14:50.994146-0400 DriverUITests-Runner[3932:794542] [Default] Running tests...
    t =      nans Interface orientation changed to Portrait
Test Suite 'Selected tests' started at 2026-09-15 22:14:51.457.
Test Suite 'DriverUITests.xctest' started at 2026-09-15 22:14:51.458.
Test Suite 'K00DriverTests' started at 2026-09-15 22:14:51.458.
Test Case '-[DriverUITests.K00DriverTests testOneSample]' started.
    t =     0.00s Start Test at 2026-09-15 22:14:51.458
    t =     0.02s Set Up
    t =     0.02s Open life.soullab.voicekernel.vpio02sid
    t =     0.02s     Launch life.soullab.voicekernel.vpio02sid
    t =     0.10s         Setting up automation session
    t =     0.17s         Wait for life.soullab.voicekernel.vpio02sid to idle
2026-09-15 22:14:51.609 xcodebuild[32496:32381289] [MT] IDERunDestination: Supported platforms for the buildables in the current scheme is empty.
    t =     1.28s Wait for life.soullab.voicekernel.vpio02sid to become Running Foreground
    t =     1.28s Waiting 10.0s for "Enter conversation" Button to exist
    t =     2.34s     Checking `Expect predicate `existsNoRetry == 1` for object "Enter conversation" Button`
    t =     2.34s         Checking existence of `"Enter conversation" Button`
    t =     2.43s Checking existence of `"Voice processing: ON (default)" Button`
    t =     2.47s Checking existence of `"Voice processing: OFF (control run)" Button`
    t =     2.79s Waiting 3.0s for "Voice processing: ON (default)" Button to exist
    t =     3.81s     Checking `Expect predicate `existsNoRetry == 1` for object "Voice processing: ON (default)" Button`
    t =     3.82s         Checking existence of `"Voice processing: ON (default)" Button`
    t =     3.88s Waiting 5.0s for "Enter conversation" Button to exist
    t =     4.88s     Checking `Expect predicate `existsNoRetry == 1` for object "Enter conversation" Button`
    t =     4.88s         Checking existence of `"Enter conversation" Button`
    t =     4.94s Tap "Enter conversation" Button
    t =     4.94s     Wait for life.soullab.voicekernel.vpio02sid to idle
    t =     4.95s     Find the "Enter conversation" Button
    t =     4.99s     Check for interrupting elements affecting "Enter conversation" Button
    t =     5.03s     Synthesize event
    t =     5.32s     Wait for life.soullab.voicekernel.vpio02sid to idle
2026-09-15 22:15:00.129 xcodebuild[32496:32381289] [MT] IDERunDestination: Supported platforms for the buildables in the current scheme is empty.
    t =    20.34s Waiting 5.0s for "Export journal" Button to exist
    t =    21.37s     Checking `Expect predicate `existsNoRetry == 1` for object "Export journal" Button`
    t =    21.37s         Checking existence of `"Export journal" Button`
    t =    21.43s Tap "Export journal" Button
    t =    21.43s     Wait for life.soullab.voicekernel.vpio02sid to idle
    t =    21.44s     Find the "Export journal" Button
    t =    21.48s     Check for interrupting elements affecting "Export journal" Button
    t =    21.52s     Synthesize event
    t =    21.83s     Wait for life.soullab.voicekernel.vpio02sid to idle
    t =    24.03s Terminate life.soullab.voicekernel.vpio02sid:3933
    t =    25.06s Wait for life.soullab.voicekernel.vpio02sid to become Not Running
    t =    25.06s Tear Down
Test Case '-[DriverUITests.K00DriverTests testOneSample]' passed (25.135 seconds).
Test Suite 'K00DriverTests' passed at 2026-09-15 22:15:16.601.
	 Executed 1 test, with 0 failures (0 unexpected) in 25.135 (25.144) seconds
Test Suite 'DriverUITests.xctest' passed at 2026-09-15 22:15:16.603.
	 Executed 1 test, with 0 failures (0 unexpected) in 25.135 (25.145) seconds
Test Suite 'Selected tests' passed at 2026-09-15 22:15:16.604.
	 Executed 1 test, with 0 failures (0 unexpected) in 25.135 (25.147) seconds
2026-09-15 22:15:16.678 xcodebuild[32496:32381289] [MT] IDERunDestination: Supported platforms for the buildables in the current scheme is empty.
2026-09-15 22:15:16.882 xcodebuild[32496:32381289] [MT] IDETestOperationsObserverDebug: 27.577 elapsed -- Testing started completed.
2026-09-15 22:15:16.882 xcodebuild[32496:32381289] [MT] IDETestOperationsObserverDebug: 0.000 sec, +0.000 sec -- start
2026-09-15 22:15:16.882 xcodebuild[32496:32381289] [MT] IDETestOperationsObserverDebug: 27.577 sec, +27.577 sec -- end

Test session results, code coverage, and logs:
	/Users/soullab/Library/Developer/Xcode/DerivedData/VoiceKernelDriver-eokyftmizjlayjhhevbrecitgluu/Logs/Test/Test-DriverUITests-2026.09.15_22-14-49--0400.xcresult

** TEST EXECUTE SUCCEEDED **

Testing started
