Command line invocation:
    /Applications/Xcode.app/Contents/Developer/usr/bin/xcodebuild test-without-building -xctestrun /private/tmp/sid-entry-01-3035c02353b3cc0dab0b0ce1823116d6712b8eb1/ios/VoiceKernelDriver/.derived/Build/Products/DriverUITests_iphoneos26.2-arm64.xctestrun -destination id=00008140-00163D9922E0801C -collect-test-diagnostics never "-only-testing:DriverUITests/K00DriverTests/testOneSample"

2026-09-15 22:11:28.001 xcodebuild[29947:32368712] [MT] IDERunDestination: Supported platforms for the buildables in the current scheme is empty.
2026-09-15 22:11:28.005 xcodebuild[29947:32368712] [MT] IDERunDestination: Supported platforms for the buildables in the current scheme is empty.
2026-09-15 22:11:28.102 xcodebuild[29947:32368712] [MT] IDERunDestination: Supported platforms for the buildables in the current scheme is empty.
2026-09-15 22:11:28.221 xcodebuild[29947:32368712] [MT] IDERunDestination: Supported platforms for the buildables in the current scheme is empty.
--- xcodebuild: WARNING: Using the first of multiple matching destinations:
{ platform:iOS, arch:arm64e, id:00008140-00163D9922E0801C, name:Kelly Nezat’s iPhone }
{ platform:iOS, arch:arm64, id:00008140-00163D9922E0801C, name:Kelly Nezat’s iPhone }
2026-09-15 22:11:28.446 xcodebuild[29947:32368712] [MT] IDERunDestination: Supported platforms for the buildables in the current scheme is empty.
2026-09-15 22:11:28.663 xcodebuild[29947:32368712] [MT] IDERunDestination: Supported platforms for the buildables in the current scheme is empty.
2026-09-15 22:11:29.992535-0400 DriverUITests-Runner[3916:786631] [Default] Running tests...
    t =      nans Interface orientation changed to Portrait
Test Suite 'Selected tests' started at 2026-09-15 22:11:30.443.
Test Suite 'DriverUITests.xctest' started at 2026-09-15 22:11:30.444.
Test Suite 'K00DriverTests' started at 2026-09-15 22:11:30.444.
Test Case '-[DriverUITests.K00DriverTests testOneSample]' started.
    t =     0.00s Start Test at 2026-09-15 22:11:30.444
    t =     0.01s Set Up
    t =     0.02s Open life.soullab.voicekernel.vpio02sid
    t =     0.02s     Launch life.soullab.voicekernel.vpio02sid
    t =     0.10s         Setting up automation session
    t =     0.17s         Wait for life.soullab.voicekernel.vpio02sid to idle
2026-09-15 22:11:30.579 xcodebuild[29947:32368712] [MT] IDERunDestination: Supported platforms for the buildables in the current scheme is empty.
    t =     1.28s Wait for life.soullab.voicekernel.vpio02sid to become Running Foreground
    t =     1.28s Waiting 10.0s for "Enter conversation" Button to exist
    t =     2.30s     Checking `Expect predicate `existsNoRetry == 1` for object "Enter conversation" Button`
    t =     2.30s         Checking existence of `"Enter conversation" Button`
    t =     2.39s Checking existence of `"Voice processing: ON (default)" Button`
    t =     2.43s Checking existence of `"Voice processing: OFF (control run)" Button`
    t =     2.75s Waiting 3.0s for "Voice processing: ON (default)" Button to exist
    t =     3.79s     Checking `Expect predicate `existsNoRetry == 1` for object "Voice processing: ON (default)" Button`
    t =     3.79s         Checking existence of `"Voice processing: ON (default)" Button`
    t =     3.85s Waiting 5.0s for "Enter conversation" Button to exist
    t =     4.86s     Checking `Expect predicate `existsNoRetry == 1` for object "Enter conversation" Button`
    t =     4.87s         Checking existence of `"Enter conversation" Button`
    t =     4.93s Tap "Enter conversation" Button
    t =     4.93s     Wait for life.soullab.voicekernel.vpio02sid to idle
    t =     4.93s     Find the "Enter conversation" Button
    t =     4.97s     Check for interrupting elements affecting "Enter conversation" Button
    t =     5.01s     Synthesize event
    t =     5.31s     Wait for life.soullab.voicekernel.vpio02sid to idle
    t =    20.33s Waiting 5.0s for "Export journal" Button to exist
    t =    21.36s     Checking `Expect predicate `existsNoRetry == 1` for object "Export journal" Button`
    t =    21.37s         Checking existence of `"Export journal" Button`
    t =    21.43s Tap "Export journal" Button
    t =    21.43s     Wait for life.soullab.voicekernel.vpio02sid to idle
    t =    21.43s     Find the "Export journal" Button
    t =    21.47s     Check for interrupting elements affecting "Export journal" Button
    t =    21.51s     Synthesize event
    t =    21.93s     Wait for life.soullab.voicekernel.vpio02sid to idle
    t =    24.13s Terminate life.soullab.voicekernel.vpio02sid:3917
    t =    25.19s Wait for life.soullab.voicekernel.vpio02sid to become Not Running
    t =    25.19s Tear Down
Test Case '-[DriverUITests.K00DriverTests testOneSample]' passed (25.255 seconds).
Test Suite 'K00DriverTests' passed at 2026-09-15 22:11:55.700.
	 Executed 1 test, with 0 failures (0 unexpected) in 25.255 (25.256) seconds
Test Suite 'DriverUITests.xctest' passed at 2026-09-15 22:11:55.703.
	 Executed 1 test, with 0 failures (0 unexpected) in 25.255 (25.259) seconds
Test Suite 'Selected tests' passed at 2026-09-15 22:11:55.709.
	 Executed 1 test, with 0 failures (0 unexpected) in 25.255 (25.266) seconds
2026-09-15 22:11:55.770 xcodebuild[29947:32368712] [MT] IDERunDestination: Supported platforms for the buildables in the current scheme is empty.
2026-09-15 22:11:55.941 xcodebuild[29947:32368712] [MT] IDETestOperationsObserverDebug: 27.494 elapsed -- Testing started completed.
2026-09-15 22:11:55.941 xcodebuild[29947:32368712] [MT] IDETestOperationsObserverDebug: 0.000 sec, +0.000 sec -- start
2026-09-15 22:11:55.941 xcodebuild[29947:32368712] [MT] IDETestOperationsObserverDebug: 27.494 sec, +27.494 sec -- end

Test session results, code coverage, and logs:
	/Users/soullab/Library/Developer/Xcode/DerivedData/VoiceKernelDriver-gzslkzupsivpqwesrroxqnykpdnq/Logs/Test/Test-DriverUITests-2026.09.15_22-11-28--0400.xcresult

** TEST EXECUTE SUCCEEDED **

Testing started
