Command line invocation:
    /Applications/Xcode.app/Contents/Developer/usr/bin/xcodebuild test-without-building -xctestrun /private/tmp/sid-entry-01-3035c02353b3cc0dab0b0ce1823116d6712b8eb1/ios/VoiceKernelDriver/.derived/Build/Products/DriverUITests_iphoneos26.2-arm64.xctestrun -destination id=00008140-00163D9922E0801C -collect-test-diagnostics never "-only-testing:DriverUITests/K00DriverTests/testOneSample"

2026-09-15 22:04:09.761 xcodebuild[21524:32335720] [MT] IDERunDestination: Supported platforms for the buildables in the current scheme is empty.
2026-09-15 22:04:09.764 xcodebuild[21524:32335720] [MT] IDERunDestination: Supported platforms for the buildables in the current scheme is empty.
2026-09-15 22:04:09.863 xcodebuild[21524:32335720] [MT] IDERunDestination: Supported platforms for the buildables in the current scheme is empty.
2026-09-15 22:04:09.974 xcodebuild[21524:32335720] [MT] IDERunDestination: Supported platforms for the buildables in the current scheme is empty.
--- xcodebuild: WARNING: Using the first of multiple matching destinations:
{ platform:iOS, arch:arm64e, id:00008140-00163D9922E0801C, name:Kelly Nezat’s iPhone }
{ platform:iOS, arch:arm64, id:00008140-00163D9922E0801C, name:Kelly Nezat’s iPhone }
2026-09-15 22:04:10.188 xcodebuild[21524:32335720] [MT] IDERunDestination: Supported platforms for the buildables in the current scheme is empty.
2026-09-15 22:04:10.404 xcodebuild[21524:32335720] [MT] IDERunDestination: Supported platforms for the buildables in the current scheme is empty.
2026-09-15 22:04:11.768786-0400 DriverUITests-Runner[3867:767884] [Default] Running tests...
    t =      nans Interface orientation changed to Portrait
Test Suite 'Selected tests' started at 2026-09-15 22:04:12.216.
Test Suite 'DriverUITests.xctest' started at 2026-09-15 22:04:12.217.
Test Suite 'K00DriverTests' started at 2026-09-15 22:04:12.217.
Test Case '-[DriverUITests.K00DriverTests testOneSample]' started.
    t =     0.00s Start Test at 2026-09-15 22:04:12.218
    t =     0.02s Set Up
    t =     0.02s Open life.soullab.voicekernel.vpio02sid
    t =     0.02s     Launch life.soullab.voicekernel.vpio02sid
    t =     0.10s         Setting up automation session
    t =     0.17s         Wait for life.soullab.voicekernel.vpio02sid to idle
2026-09-15 22:04:12.352 xcodebuild[21524:32335720] [MT] IDERunDestination: Supported platforms for the buildables in the current scheme is empty.
    t =     1.27s Wait for life.soullab.voicekernel.vpio02sid to become Running Foreground
    t =     1.27s Waiting 10.0s for "Enter conversation" Button to exist
    t =     2.28s     Checking `Expect predicate `existsNoRetry == 1` for object "Enter conversation" Button`
    t =     2.28s         Checking existence of `"Enter conversation" Button`
    t =     2.37s Checking existence of `"Voice processing: ON (default)" Button`
    t =     2.40s Checking existence of `"Voice processing: OFF (control run)" Button`
    t =     2.73s Waiting 3.0s for "Voice processing: ON (default)" Button to exist
    t =     3.73s     Checking `Expect predicate `existsNoRetry == 1` for object "Voice processing: ON (default)" Button`
    t =     3.73s         Checking existence of `"Voice processing: ON (default)" Button`
    t =     3.79s Waiting 5.0s for "Enter conversation" Button to exist
    t =     4.80s     Checking `Expect predicate `existsNoRetry == 1` for object "Enter conversation" Button`
    t =     4.81s         Checking existence of `"Enter conversation" Button`
    t =     4.87s Tap "Enter conversation" Button
    t =     4.87s     Wait for life.soullab.voicekernel.vpio02sid to idle
    t =     4.87s     Find the "Enter conversation" Button
    t =     4.91s     Check for interrupting elements affecting "Enter conversation" Button
    t =     4.95s     Synthesize event
    t =     5.25s     Wait for life.soullab.voicekernel.vpio02sid to idle
    t =    20.28s Waiting 5.0s for "Export journal" Button to exist
    t =    21.31s     Checking `Expect predicate `existsNoRetry == 1` for object "Export journal" Button`
    t =    21.31s         Checking existence of `"Export journal" Button`
    t =    21.37s Tap "Export journal" Button
    t =    21.37s     Wait for life.soullab.voicekernel.vpio02sid to idle
    t =    21.38s     Find the "Export journal" Button
    t =    21.52s     Check for interrupting elements affecting "Export journal" Button
    t =    21.59s     Synthesize event
    t =    21.91s     Wait for life.soullab.voicekernel.vpio02sid to idle
    t =    24.11s Terminate life.soullab.voicekernel.vpio02sid:3869
    t =    25.13s Wait for life.soullab.voicekernel.vpio02sid to become Not Running
    t =    25.13s Tear Down
Test Case '-[DriverUITests.K00DriverTests testOneSample]' passed (25.206 seconds).
Test Suite 'K00DriverTests' passed at 2026-09-15 22:04:37.428.
	 Executed 1 test, with 0 failures (0 unexpected) in 25.206 (25.211) seconds
Test Suite 'DriverUITests.xctest' passed at 2026-09-15 22:04:37.436.
	 Executed 1 test, with 0 failures (0 unexpected) in 25.206 (25.219) seconds
Test Suite 'Selected tests' passed at 2026-09-15 22:04:37.439.
	 Executed 1 test, with 0 failures (0 unexpected) in 25.206 (25.223) seconds
2026-09-15 22:04:37.488 xcodebuild[21524:32335720] [MT] IDERunDestination: Supported platforms for the buildables in the current scheme is empty.
2026-09-15 22:04:37.708 xcodebuild[21524:32335720] [MT] IDETestOperationsObserverDebug: 27.519 elapsed -- Testing started completed.
2026-09-15 22:04:37.708 xcodebuild[21524:32335720] [MT] IDETestOperationsObserverDebug: 0.000 sec, +0.000 sec -- start
2026-09-15 22:04:37.708 xcodebuild[21524:32335720] [MT] IDETestOperationsObserverDebug: 27.519 sec, +27.519 sec -- end

Test session results, code coverage, and logs:
	/Users/soullab/Library/Developer/Xcode/DerivedData/VoiceKernelDriver-gutytuhjjupstgedgiwplyjtopca/Logs/Test/Test-DriverUITests-2026.09.15_22-04-10--0400.xcresult

** TEST EXECUTE SUCCEEDED **

Testing started
