Command line invocation:
    /Applications/Xcode.app/Contents/Developer/usr/bin/xcodebuild test-without-building -xctestrun /private/tmp/sid-entry-01-3035c02353b3cc0dab0b0ce1823116d6712b8eb1/ios/VoiceKernelDriver/.derived/Build/Products/DriverUITests_iphoneos26.2-arm64.xctestrun -destination id=00008140-00163D9922E0801C -collect-test-diagnostics never "-only-testing:DriverUITests/K00DriverTests/testOneSample"

2026-09-15 22:14:07.730 xcodebuild[31944:32378215] [MT] IDERunDestination: Supported platforms for the buildables in the current scheme is empty.
2026-09-15 22:14:07.733 xcodebuild[31944:32378215] [MT] IDERunDestination: Supported platforms for the buildables in the current scheme is empty.
2026-09-15 22:14:07.833 xcodebuild[31944:32378215] [MT] IDERunDestination: Supported platforms for the buildables in the current scheme is empty.
2026-09-15 22:14:07.945 xcodebuild[31944:32378215] [MT] IDERunDestination: Supported platforms for the buildables in the current scheme is empty.
--- xcodebuild: WARNING: Using the first of multiple matching destinations:
{ platform:iOS, arch:arm64e, id:00008140-00163D9922E0801C, name:Kelly Nezat’s iPhone }
{ platform:iOS, arch:arm64, id:00008140-00163D9922E0801C, name:Kelly Nezat’s iPhone }
2026-09-15 22:14:08.156 xcodebuild[31944:32378215] [MT] IDERunDestination: Supported platforms for the buildables in the current scheme is empty.
2026-09-15 22:14:08.362 xcodebuild[31944:32378215] [MT] IDERunDestination: Supported platforms for the buildables in the current scheme is empty.
2026-09-15 22:14:09.764337-0400 DriverUITests-Runner[3929:792920] [Default] Running tests...
    t =      nans Interface orientation changed to Portrait
Test Suite 'Selected tests' started at 2026-09-15 22:14:10.225.
Test Suite 'DriverUITests.xctest' started at 2026-09-15 22:14:10.225.
Test Suite 'K00DriverTests' started at 2026-09-15 22:14:10.225.
Test Case '-[DriverUITests.K00DriverTests testOneSample]' started.
    t =     0.00s Start Test at 2026-09-15 22:14:10.226
    t =     0.02s Set Up
    t =     0.03s Open life.soullab.voicekernel.vpio02sid
    t =     0.03s     Launch life.soullab.voicekernel.vpio02sid
    t =     0.10s         Setting up automation session
    t =     0.17s         Wait for life.soullab.voicekernel.vpio02sid to idle
2026-09-15 22:14:10.366 xcodebuild[31944:32378215] [MT] IDERunDestination: Supported platforms for the buildables in the current scheme is empty.
    t =     1.27s Wait for life.soullab.voicekernel.vpio02sid to become Running Foreground
    t =     1.27s Waiting 10.0s for "Enter conversation" Button to exist
    t =     2.33s     Checking `Expect predicate `existsNoRetry == 1` for object "Enter conversation" Button`
    t =     2.34s         Checking existence of `"Enter conversation" Button`
    t =     2.43s Checking existence of `"Voice processing: ON (default)" Button`
    t =     2.46s Checking existence of `"Voice processing: OFF (control run)" Button`
    t =     2.79s Waiting 3.0s for "Voice processing: ON (default)" Button to exist
    t =     3.80s     Checking `Expect predicate `existsNoRetry == 1` for object "Voice processing: ON (default)" Button`
    t =     3.80s         Checking existence of `"Voice processing: ON (default)" Button`
    t =     3.86s Waiting 5.0s for "Enter conversation" Button to exist
    t =     4.89s     Checking `Expect predicate `existsNoRetry == 1` for object "Enter conversation" Button`
    t =     4.90s         Checking existence of `"Enter conversation" Button`
    t =     4.96s Tap "Enter conversation" Button
    t =     4.96s     Wait for life.soullab.voicekernel.vpio02sid to idle
    t =     4.96s     Find the "Enter conversation" Button
    t =     5.00s     Check for interrupting elements affecting "Enter conversation" Button
    t =     5.04s     Synthesize event
    t =     5.34s     Wait for life.soullab.voicekernel.vpio02sid to idle
    t =    20.36s Waiting 5.0s for "Export journal" Button to exist
    t =    21.39s     Checking `Expect predicate `existsNoRetry == 1` for object "Export journal" Button`
    t =    21.40s         Checking existence of `"Export journal" Button`
    t =    21.45s Tap "Export journal" Button
    t =    21.45s     Wait for life.soullab.voicekernel.vpio02sid to idle
    t =    21.46s     Find the "Export journal" Button
    t =    21.49s     Check for interrupting elements affecting "Export journal" Button
    t =    21.54s     Synthesize event
    t =    21.94s     Wait for life.soullab.voicekernel.vpio02sid to idle
    t =    24.18s Terminate life.soullab.voicekernel.vpio02sid:3930
    t =    25.28s Wait for life.soullab.voicekernel.vpio02sid to become Not Running
    t =    25.28s Tear Down
Test Case '-[DriverUITests.K00DriverTests testOneSample]' passed (25.356 seconds).
Test Suite 'K00DriverTests' passed at 2026-09-15 22:14:35.583.
	 Executed 1 test, with 0 failures (0 unexpected) in 25.356 (25.358) seconds
Test Suite 'DriverUITests.xctest' passed at 2026-09-15 22:14:35.586.
	 Executed 1 test, with 0 failures (0 unexpected) in 25.356 (25.360) seconds
Test Suite 'Selected tests' passed at 2026-09-15 22:14:35.590.
	 Executed 1 test, with 0 failures (0 unexpected) in 25.356 (25.366) seconds
2026-09-15 22:14:35.662 xcodebuild[31944:32378215] [MT] IDERunDestination: Supported platforms for the buildables in the current scheme is empty.
2026-09-15 22:14:35.862 xcodebuild[31944:32378215] [MT] IDETestOperationsObserverDebug: 27.705 elapsed -- Testing started completed.
2026-09-15 22:14:35.863 xcodebuild[31944:32378215] [MT] IDETestOperationsObserverDebug: 0.000 sec, +0.000 sec -- start
2026-09-15 22:14:35.863 xcodebuild[31944:32378215] [MT] IDETestOperationsObserverDebug: 27.705 sec, +27.705 sec -- end

Test session results, code coverage, and logs:
	/Users/soullab/Library/Developer/Xcode/DerivedData/VoiceKernelDriver-bjatvwdldtyuvobqcngltnbaxjmp/Logs/Test/Test-DriverUITests-2026.09.15_22-14-07--0400.xcresult

** TEST EXECUTE SUCCEEDED **

Testing started
