Command line invocation:
    /Applications/Xcode.app/Contents/Developer/usr/bin/xcodebuild test-without-building -xctestrun /private/tmp/sid-entry-01-3035c02353b3cc0dab0b0ce1823116d6712b8eb1/ios/VoiceKernelDriver/.derived/Build/Products/DriverUITests_iphoneos26.2-arm64.xctestrun -destination id=00008140-00163D9922E0801C -collect-test-diagnostics never "-only-testing:DriverUITests/K00DriverTests/testOneSample"

2026-09-15 22:01:49.709 xcodebuild[19379:32327869] [MT] IDERunDestination: Supported platforms for the buildables in the current scheme is empty.
2026-09-15 22:01:49.713 xcodebuild[19379:32327869] [MT] IDERunDestination: Supported platforms for the buildables in the current scheme is empty.
2026-09-15 22:01:49.812 xcodebuild[19379:32327869] [MT] IDERunDestination: Supported platforms for the buildables in the current scheme is empty.
2026-09-15 22:01:49.924 xcodebuild[19379:32327869] [MT] IDERunDestination: Supported platforms for the buildables in the current scheme is empty.
--- xcodebuild: WARNING: Using the first of multiple matching destinations:
{ platform:iOS, arch:arm64e, id:00008140-00163D9922E0801C, name:Kelly Nezat’s iPhone }
{ platform:iOS, arch:arm64, id:00008140-00163D9922E0801C, name:Kelly Nezat’s iPhone }
2026-09-15 22:01:51.133 xcodebuild[19379:32327869] [MT] IDERunDestination: Supported platforms for the buildables in the current scheme is empty.
2026-09-15 22:01:51.367 xcodebuild[19379:32327869] [MT] IDERunDestination: Supported platforms for the buildables in the current scheme is empty.
2026-09-15 22:01:53.707161-0400 DriverUITests-Runner[3845:761642] [Default] Running tests...
    t =      nans Interface orientation changed to Portrait
Test Suite 'Selected tests' started at 2026-09-15 22:01:58.413.
Test Suite 'DriverUITests.xctest' started at 2026-09-15 22:01:58.413.
Test Suite 'K00DriverTests' started at 2026-09-15 22:01:58.413.
Test Case '-[DriverUITests.K00DriverTests testOneSample]' started.
    t =     0.00s Start Test at 2026-09-15 22:01:58.414
    t =     0.02s Set Up
    t =     0.02s Open life.soullab.voicekernel.vpio02sid
    t =     0.02s     Launch life.soullab.voicekernel.vpio02sid
2026-09-15 22:01:58.558 xcodebuild[19379:32327869] [MT] IDERunDestination: Supported platforms for the buildables in the current scheme is empty.
    t =     0.21s         Setting up automation session
    t =     0.26s         Wait for life.soullab.voicekernel.vpio02sid to idle
    t =     1.45s Wait for life.soullab.voicekernel.vpio02sid to become Running Foreground
    t =     1.45s Waiting 10.0s for "Enter conversation" Button to exist
2026-09-15 22:02:00.140 xcodebuild[19379:32327869] [MT] IDERunDestination: Supported platforms for the buildables in the current scheme is empty.
    t =     2.51s     Checking `Expect predicate `existsNoRetry == 1` for object "Enter conversation" Button`
    t =     2.51s         Checking existence of `"Enter conversation" Button`
    t =     2.61s Checking existence of `"Voice processing: ON (default)" Button`
    t =     2.64s Checking existence of `"Voice processing: OFF (control run)" Button`
    t =     2.96s Waiting 3.0s for "Voice processing: ON (default)" Button to exist
    t =     4.00s     Checking `Expect predicate `existsNoRetry == 1` for object "Voice processing: ON (default)" Button`
    t =     4.00s         Checking existence of `"Voice processing: ON (default)" Button`
    t =     4.07s Waiting 5.0s for "Enter conversation" Button to exist
    t =     5.09s     Checking `Expect predicate `existsNoRetry == 1` for object "Enter conversation" Button`
    t =     5.09s         Checking existence of `"Enter conversation" Button`
    t =     5.15s Tap "Enter conversation" Button
    t =     5.15s     Wait for life.soullab.voicekernel.vpio02sid to idle
    t =     5.16s     Find the "Enter conversation" Button
    t =     5.20s     Check for interrupting elements affecting "Enter conversation" Button
    t =     5.24s     Synthesize event
    t =     5.54s     Wait for life.soullab.voicekernel.vpio02sid to idle
    t =    20.57s Waiting 5.0s for "Export journal" Button to exist
    t =    21.60s     Checking `Expect predicate `existsNoRetry == 1` for object "Export journal" Button`
    t =    21.61s         Checking existence of `"Export journal" Button`
    t =    21.67s Tap "Export journal" Button
    t =    21.67s     Wait for life.soullab.voicekernel.vpio02sid to idle
    t =    21.68s     Find the "Export journal" Button
    t =    21.71s     Check for interrupting elements affecting "Export journal" Button
    t =    21.73s         Wait for com.apple.springboard to idle
    t =    21.81s Ignoring failure to get hierarchy for remote element in process 2664 (Error getting main window kAXErrorServerNotFound)
    t =    21.81s Ignoring failure to get hierarchy for remote element in process 2664 (Error getting main window kAXErrorServerNotFound)
    t =    21.85s     Found 1 interrupting element:
    t =    21.85s         Find the "“VoiceKernel VPIO-02-SID” would like to access the Microphone." Alert
    t =    21.88s Ignoring failure to get hierarchy for remote element in process 2664 (Error getting main window kAXErrorServerNotFound)
    t =    21.89s Ignoring failure to get hierarchy for remote element in process 2664 (Error getting main window kAXErrorServerNotFound)
    t =    21.90s "“VoiceKernel VPIO-02-SID” would like to access the Microphone." Alert from Application 'com.apple.springboard'
    t =    21.90s     Invoking UI interruption monitors for "“VoiceKernel VPIO-02-SID” would like to access the Microphone." Alert from Application 'com.apple.springboard'
    t =    21.90s         Find the "“VoiceKernel VPIO-02-SID” would like to access the Microphone." Alert
    t =    21.93s Ignoring failure to get hierarchy for remote element in process 2664 (Error getting main window kAXErrorServerNotFound)
    t =    21.93s Ignoring failure to get hierarchy for remote element in process 2664 (Error getting main window kAXErrorServerNotFound)
    t =    21.94s         Checking existence of `Button (Elements matching predicate 'userTestingAttributes CONTAINS "cancel-button"')`
    t =    21.97s Ignoring failure to get hierarchy for remote element in process 2664 (Error getting main window kAXErrorServerNotFound)
    t =    21.97s Ignoring failure to get hierarchy for remote element in process 2664 (Error getting main window kAXErrorServerNotFound)
    t =    21.98s         Get all elements bound by accessibility element for: Elements matching predicate 'userTestingAttributes CONTAINS "default-button"'
    t =    22.01s Ignoring failure to get hierarchy for remote element in process 2664 (Error getting main window kAXErrorServerNotFound)
    t =    22.01s Ignoring failure to get hierarchy for remote element in process 2664 (Error getting main window kAXErrorServerNotFound)
    t =    22.02s         Checking existence of `"Allow" Button`
    t =    22.04s Ignoring failure to get hierarchy for remote element in process 2664 (Error getting main window kAXErrorServerNotFound)
    t =    22.05s Ignoring failure to get hierarchy for remote element in process 2664 (Error getting main window kAXErrorServerNotFound)
    t =    22.05s Default interruption handler attempting to dismiss alert by tapping "Allow" Button.
    t =    22.05s         Tap "Allow" Button
    t =    22.05s             Wait for com.apple.springboard to idle
    t =    22.06s             Find the "Allow" Button
    t =    22.08s Ignoring failure to get hierarchy for remote element in process 2664 (Error getting main window kAXErrorServerNotFound)
    t =    22.09s Ignoring failure to get hierarchy for remote element in process 2664 (Error getting main window kAXErrorServerNotFound)
    t =    22.20s             Check for interrupting elements affecting "Allow" Button
    t =    22.26s Ignoring failure to get hierarchy for remote element in process 2664 (Error getting main window kAXErrorServerNotFound)
    t =    22.26s Ignoring failure to get hierarchy for remote element in process 2664 (Error getting main window kAXErrorServerNotFound)
    t =    22.29s             Synthesize event
    t =    22.58s             Wait for com.apple.springboard to idle
    t =    22.94s         Waiting 1.0s for Alert to not exist
    t =    23.95s             Checking `Expect predicate `existsNoRetry == 0` for object Alert`
    t =    23.95s                 Checking existence of `Alert`
    t =    24.01s Ignoring failure to get hierarchy for remote element in process 2664 (Error getting main window kAXErrorServerNotFound)
    t =    24.01s Ignoring failure to get hierarchy for remote element in process 2664 (Error getting main window kAXErrorServerNotFound)
    t =    24.02s             Checking existence of `Alert`
    t =    24.05s Ignoring failure to get hierarchy for remote element in process 2664 (Error getting main window kAXErrorServerNotFound)
    t =    24.06s Ignoring failure to get hierarchy for remote element in process 2664 (Error getting main window kAXErrorServerNotFound)
    t =    24.06s         Verifying handling...
    t =    24.12s Confirmed successful handling of interrupting element
    t =    24.13s     Synthesize event
    t =    24.44s     Wait for life.soullab.voicekernel.vpio02sid to idle
    t =    26.64s Terminate life.soullab.voicekernel.vpio02sid:3855
    t =    27.73s Wait for life.soullab.voicekernel.vpio02sid to become Not Running
    t =    27.73s Tear Down
Test Case '-[DriverUITests.K00DriverTests testOneSample]' passed (27.807 seconds).
Test Suite 'K00DriverTests' passed at 2026-09-15 22:02:26.223.
	 Executed 1 test, with 0 failures (0 unexpected) in 27.807 (27.810) seconds
Test Suite 'DriverUITests.xctest' passed at 2026-09-15 22:02:26.228.
	 Executed 1 test, with 0 failures (0 unexpected) in 27.807 (27.815) seconds
Test Suite 'Selected tests' passed at 2026-09-15 22:02:26.231.
	 Executed 1 test, with 0 failures (0 unexpected) in 27.807 (27.819) seconds
2026-09-15 22:02:26.312 xcodebuild[19379:32327869] [MT] IDERunDestination: Supported platforms for the buildables in the current scheme is empty.
2026-09-15 22:02:26.513 xcodebuild[19379:32327869] [MT] IDETestOperationsObserverDebug: 35.378 elapsed -- Testing started completed.
2026-09-15 22:02:26.513 xcodebuild[19379:32327869] [MT] IDETestOperationsObserverDebug: 0.000 sec, +0.000 sec -- start
2026-09-15 22:02:26.513 xcodebuild[19379:32327869] [MT] IDETestOperationsObserverDebug: 35.378 sec, +35.378 sec -- end

Test session results, code coverage, and logs:
	/Users/soullab/Library/Developer/Xcode/DerivedData/VoiceKernelDriver-bxptplystoifmvhdekaymvlrkhke/Logs/Test/Test-DriverUITests-2026.09.15_22-01-49--0400.xcresult

** TEST EXECUTE SUCCEEDED **

Testing started
