Command line invocation:
    /Applications/Xcode.app/Contents/Developer/usr/bin/xcodebuild test-without-building -xctestrun /private/tmp/sid-entry-01-3035c02353b3cc0dab0b0ce1823116d6712b8eb1/ios/VoiceKernelDriver/.derived/Build/Products/DriverUITests_iphoneos26.2-arm64.xctestrun -destination id=00008140-00163D9922E0801C -collect-test-diagnostics never "-only-testing:DriverUITests/K00DriverTests/testOneSample"

2026-09-15 22:12:07.523 xcodebuild[30536:32371704] [MT] IDERunDestination: Supported platforms for the buildables in the current scheme is empty.
2026-09-15 22:12:07.526 xcodebuild[30536:32371704] [MT] IDERunDestination: Supported platforms for the buildables in the current scheme is empty.
2026-09-15 22:12:07.625 xcodebuild[30536:32371704] [MT] IDERunDestination: Supported platforms for the buildables in the current scheme is empty.
2026-09-15 22:12:07.742 xcodebuild[30536:32371704] [MT] IDERunDestination: Supported platforms for the buildables in the current scheme is empty.
--- xcodebuild: WARNING: Using the first of multiple matching destinations:
{ platform:iOS, arch:arm64e, id:00008140-00163D9922E0801C, name:Kelly Nezat’s iPhone }
{ platform:iOS, arch:arm64, id:00008140-00163D9922E0801C, name:Kelly Nezat’s iPhone }
2026-09-15 22:12:08.035 xcodebuild[30536:32371704] [MT] IDERunDestination: Supported platforms for the buildables in the current scheme is empty.
2026-09-15 22:12:08.280 xcodebuild[30536:32371704] [MT] IDERunDestination: Supported platforms for the buildables in the current scheme is empty.
2026-09-15 22:12:09.653045-0400 DriverUITests-Runner[3919:788251] [Default] Running tests...
    t =      nans Interface orientation changed to Portrait
Test Suite 'Selected tests' started at 2026-09-15 22:12:10.110.
Test Suite 'DriverUITests.xctest' started at 2026-09-15 22:12:10.111.
Test Suite 'K00DriverTests' started at 2026-09-15 22:12:10.111.
Test Case '-[DriverUITests.K00DriverTests testOneSample]' started.
    t =     0.00s Start Test at 2026-09-15 22:12:10.112
    t =     0.02s Set Up
    t =     0.03s Open life.soullab.voicekernel.vpio02sid
    t =     0.03s     Launch life.soullab.voicekernel.vpio02sid
    t =     0.10s         Setting up automation session
    t =     0.18s         Wait for life.soullab.voicekernel.vpio02sid to idle
2026-09-15 22:12:10.256 xcodebuild[30536:32371704] [MT] IDERunDestination: Supported platforms for the buildables in the current scheme is empty.
    t =     1.27s Wait for life.soullab.voicekernel.vpio02sid to become Running Foreground
    t =     1.27s Waiting 10.0s for "Enter conversation" Button to exist
    t =     2.29s     Checking `Expect predicate `existsNoRetry == 1` for object "Enter conversation" Button`
    t =     2.29s         Checking existence of `"Enter conversation" Button`
    t =     2.39s Checking existence of `"Voice processing: ON (default)" Button`
    t =     2.42s Checking existence of `"Voice processing: OFF (control run)" Button`
    t =     2.74s Waiting 3.0s for "Voice processing: ON (default)" Button to exist
    t =     3.75s     Checking `Expect predicate `existsNoRetry == 1` for object "Voice processing: ON (default)" Button`
    t =     3.76s         Checking existence of `"Voice processing: ON (default)" Button`
    t =     3.82s Waiting 5.0s for "Enter conversation" Button to exist
    t =     4.83s     Checking `Expect predicate `existsNoRetry == 1` for object "Enter conversation" Button`
    t =     4.83s         Checking existence of `"Enter conversation" Button`
    t =     4.89s Tap "Enter conversation" Button
    t =     4.90s     Wait for life.soullab.voicekernel.vpio02sid to idle
    t =     4.90s     Find the "Enter conversation" Button
    t =     4.94s     Check for interrupting elements affecting "Enter conversation" Button
    t =     4.98s     Synthesize event
    t =     5.29s     Wait for life.soullab.voicekernel.vpio02sid to idle
    t =    20.31s Waiting 5.0s for "Export journal" Button to exist
    t =    21.34s     Checking `Expect predicate `existsNoRetry == 1` for object "Export journal" Button`
    t =    21.34s         Checking existence of `"Export journal" Button`
    t =    21.39s Tap "Export journal" Button
    t =    21.40s     Wait for life.soullab.voicekernel.vpio02sid to idle
    t =    21.40s     Find the "Export journal" Button
    t =    21.43s     Check for interrupting elements affecting "Export journal" Button
    t =    21.48s     Synthesize event
    t =    21.78s     Wait for life.soullab.voicekernel.vpio02sid to idle
    t =    24.01s Terminate life.soullab.voicekernel.vpio02sid:3920
    t =    25.03s Wait for life.soullab.voicekernel.vpio02sid to become Not Running
    t =    25.03s Tear Down
Test Case '-[DriverUITests.K00DriverTests testOneSample]' passed (25.086 seconds).
Test Suite 'K00DriverTests' passed at 2026-09-15 22:12:35.199.
	 Executed 1 test, with 0 failures (0 unexpected) in 25.086 (25.088) seconds
Test Suite 'DriverUITests.xctest' passed at 2026-09-15 22:12:35.199.
	 Executed 1 test, with 0 failures (0 unexpected) in 25.086 (25.088) seconds
Test Suite 'Selected tests' passed at 2026-09-15 22:12:35.200.
	 Executed 1 test, with 0 failures (0 unexpected) in 25.086 (25.089) seconds
2026-09-15 22:12:35.281 xcodebuild[30536:32371704] [MT] IDERunDestination: Supported platforms for the buildables in the current scheme is empty.
2026-09-15 22:12:35.440 xcodebuild[30536:32371704] [MT] IDETestOperationsObserverDebug: 27.403 elapsed -- Testing started completed.
2026-09-15 22:12:35.440 xcodebuild[30536:32371704] [MT] IDETestOperationsObserverDebug: 0.000 sec, +0.000 sec -- start
2026-09-15 22:12:35.440 xcodebuild[30536:32371704] [MT] IDETestOperationsObserverDebug: 27.403 sec, +27.403 sec -- end

Test session results, code coverage, and logs:
	/Users/soullab/Library/Developer/Xcode/DerivedData/VoiceKernelDriver-daprshneacbgduflfiaswpwxouwi/Logs/Test/Test-DriverUITests-2026.09.15_22-12-07--0400.xcresult

** TEST EXECUTE SUCCEEDED **

Testing started
