Command line invocation:
    /Applications/Xcode.app/Contents/Developer/usr/bin/xcodebuild test-without-building -xctestrun /private/tmp/sid-entry-01-3035c02353b3cc0dab0b0ce1823116d6712b8eb1/ios/VoiceKernelDriver/.derived/Build/Products/DriverUITests_iphoneos26.2-arm64.xctestrun -destination id=00008140-00163D9922E0801C -collect-test-diagnostics never "-only-testing:DriverUITests/K00DriverTests/testOneSample"

2026-09-15 22:16:13.330 xcodebuild[33431:32386054] [MT] IDERunDestination: Supported platforms for the buildables in the current scheme is empty.
2026-09-15 22:16:13.333 xcodebuild[33431:32386054] [MT] IDERunDestination: Supported platforms for the buildables in the current scheme is empty.
2026-09-15 22:16:13.431 xcodebuild[33431:32386054] [MT] IDERunDestination: Supported platforms for the buildables in the current scheme is empty.
2026-09-15 22:16:13.547 xcodebuild[33431:32386054] [MT] IDERunDestination: Supported platforms for the buildables in the current scheme is empty.
--- xcodebuild: WARNING: Using the first of multiple matching destinations:
{ platform:iOS, arch:arm64e, id:00008140-00163D9922E0801C, name:Kelly Nezat’s iPhone }
{ platform:iOS, arch:arm64, id:00008140-00163D9922E0801C, name:Kelly Nezat’s iPhone }
2026-09-15 22:16:13.769 xcodebuild[33431:32386054] [MT] IDERunDestination: Supported platforms for the buildables in the current scheme is empty.
2026-09-15 22:16:13.990 xcodebuild[33431:32386054] [MT] IDERunDestination: Supported platforms for the buildables in the current scheme is empty.
2026-09-15 22:16:15.370213-0400 DriverUITests-Runner[3940:797773] [Default] Running tests...
    t =      nans Interface orientation changed to Portrait
Test Suite 'Selected tests' started at 2026-09-15 22:16:15.827.
Test Suite 'DriverUITests.xctest' started at 2026-09-15 22:16:15.828.
Test Suite 'K00DriverTests' started at 2026-09-15 22:16:15.828.
Test Case '-[DriverUITests.K00DriverTests testOneSample]' started.
    t =     0.00s Start Test at 2026-09-15 22:16:15.829
    t =     0.02s Set Up
    t =     0.02s Open life.soullab.voicekernel.vpio02sid
    t =     0.03s     Launch life.soullab.voicekernel.vpio02sid
    t =     0.10s         Setting up automation session
    t =     0.18s         Wait for life.soullab.voicekernel.vpio02sid to idle
2026-09-15 22:16:15.969 xcodebuild[33431:32386054] [MT] IDERunDestination: Supported platforms for the buildables in the current scheme is empty.
    t =     1.28s Wait for life.soullab.voicekernel.vpio02sid to become Running Foreground
    t =     1.28s Waiting 10.0s for "Enter conversation" Button to exist
    t =     2.33s     Checking `Expect predicate `existsNoRetry == 1` for object "Enter conversation" Button`
    t =     2.34s         Checking existence of `"Enter conversation" Button`
    t =     2.43s Checking existence of `"Voice processing: ON (default)" Button`
    t =     2.46s Checking existence of `"Voice processing: OFF (control run)" Button`
    t =     2.78s Waiting 3.0s for "Voice processing: ON (default)" Button to exist
    t =     3.80s     Checking `Expect predicate `existsNoRetry == 1` for object "Voice processing: ON (default)" Button`
    t =     3.80s         Checking existence of `"Voice processing: ON (default)" Button`
    t =     3.86s Waiting 5.0s for "Enter conversation" Button to exist
    t =     4.89s     Checking `Expect predicate `existsNoRetry == 1` for object "Enter conversation" Button`
    t =     4.90s         Checking existence of `"Enter conversation" Button`
    t =     4.96s Tap "Enter conversation" Button
    t =     4.96s     Wait for life.soullab.voicekernel.vpio02sid to idle
    t =     4.97s     Find the "Enter conversation" Button
    t =     5.01s     Check for interrupting elements affecting "Enter conversation" Button
    t =     5.05s     Synthesize event
    t =     5.46s     Wait for life.soullab.voicekernel.vpio02sid to idle
    t =    20.48s Waiting 5.0s for "Export journal" Button to exist
    t =    21.50s     Checking `Expect predicate `existsNoRetry == 1` for object "Export journal" Button`
    t =    21.50s         Checking existence of `"Export journal" Button`
    t =    21.56s Tap "Export journal" Button
    t =    21.56s     Wait for life.soullab.voicekernel.vpio02sid to idle
    t =    21.57s     Find the "Export journal" Button
    t =    21.60s     Check for interrupting elements affecting "Export journal" Button
    t =    21.64s     Synthesize event
    t =    21.95s     Wait for life.soullab.voicekernel.vpio02sid to idle
    t =    24.15s Terminate life.soullab.voicekernel.vpio02sid:3941
    t =    25.17s Wait for life.soullab.voicekernel.vpio02sid to become Not Running
    t =    25.17s Tear Down
Test Case '-[DriverUITests.K00DriverTests testOneSample]' passed (25.265 seconds).
Test Suite 'K00DriverTests' passed at 2026-09-15 22:16:41.095.
	 Executed 1 test, with 0 failures (0 unexpected) in 25.265 (25.267) seconds
Test Suite 'DriverUITests.xctest' passed at 2026-09-15 22:16:41.097.
	 Executed 1 test, with 0 failures (0 unexpected) in 25.265 (25.269) seconds
Test Suite 'Selected tests' passed at 2026-09-15 22:16:41.099.
	 Executed 1 test, with 0 failures (0 unexpected) in 25.265 (25.271) seconds
2026-09-15 22:16:41.146 xcodebuild[33431:32386054] [MT] IDERunDestination: Supported platforms for the buildables in the current scheme is empty.
2026-09-15 22:16:41.370 xcodebuild[33431:32386054] [MT] IDETestOperationsObserverDebug: 27.600 elapsed -- Testing started completed.
2026-09-15 22:16:41.370 xcodebuild[33431:32386054] [MT] IDETestOperationsObserverDebug: 0.000 sec, +0.000 sec -- start
2026-09-15 22:16:41.370 xcodebuild[33431:32386054] [MT] IDETestOperationsObserverDebug: 27.600 sec, +27.600 sec -- end

Test session results, code coverage, and logs:
	/Users/soullab/Library/Developer/Xcode/DerivedData/VoiceKernelDriver-blnsvlvtifoqoeemykwesljbmcin/Logs/Test/Test-DriverUITests-2026.09.15_22-16-13--0400.xcresult

** TEST EXECUTE SUCCEEDED **

Testing started
