Command line invocation:
    /Applications/Xcode.app/Contents/Developer/usr/bin/xcodebuild test-without-building -xctestrun /private/tmp/sid-entry-01-3035c02353b3cc0dab0b0ce1823116d6712b8eb1/ios/VoiceKernelDriver/.derived/Build/Products/DriverUITests_iphoneos26.2-arm64.xctestrun -destination id=00008140-00163D9922E0801C -collect-test-diagnostics never "-only-testing:DriverUITests/K00DriverTests/testOneSample"

2026-09-15 22:18:23.581 xcodebuild[34552:32391977] [MT] IDERunDestination: Supported platforms for the buildables in the current scheme is empty.
2026-09-15 22:18:23.585 xcodebuild[34552:32391977] [MT] IDERunDestination: Supported platforms for the buildables in the current scheme is empty.
2026-09-15 22:18:23.684 xcodebuild[34552:32391977] [MT] IDERunDestination: Supported platforms for the buildables in the current scheme is empty.
2026-09-15 22:18:23.799 xcodebuild[34552:32391977] [MT] IDERunDestination: Supported platforms for the buildables in the current scheme is empty.
--- xcodebuild: WARNING: Using the first of multiple matching destinations:
{ platform:iOS, arch:arm64e, id:00008140-00163D9922E0801C, name:Kelly Nezat’s iPhone }
{ platform:iOS, arch:arm64, id:00008140-00163D9922E0801C, name:Kelly Nezat’s iPhone }
2026-09-15 22:18:24.015 xcodebuild[34552:32391977] [MT] IDERunDestination: Supported platforms for the buildables in the current scheme is empty.
2026-09-15 22:18:24.226 xcodebuild[34552:32391977] [MT] IDERunDestination: Supported platforms for the buildables in the current scheme is empty.
2026-09-15 22:18:25.644304-0400 DriverUITests-Runner[3949:802676] [Default] Running tests...
    t =      nans Interface orientation changed to Portrait
Test Suite 'Selected tests' started at 2026-09-15 22:18:26.112.
Test Suite 'DriverUITests.xctest' started at 2026-09-15 22:18:26.113.
Test Suite 'K00DriverTests' started at 2026-09-15 22:18:26.113.
Test Case '-[DriverUITests.K00DriverTests testOneSample]' started.
    t =     0.00s Start Test at 2026-09-15 22:18:26.114
    t =     0.02s Set Up
    t =     0.02s Open life.soullab.voicekernel.vpio02sid
    t =     0.03s     Launch life.soullab.voicekernel.vpio02sid
    t =     0.09s         Setting up automation session
    t =     0.18s         Wait for life.soullab.voicekernel.vpio02sid to idle
2026-09-15 22:18:26.274 xcodebuild[34552:32391977] [MT] IDERunDestination: Supported platforms for the buildables in the current scheme is empty.
    t =     1.27s Wait for life.soullab.voicekernel.vpio02sid to become Running Foreground
    t =     1.27s Waiting 10.0s for "Enter conversation" Button to exist
    t =     2.32s     Checking `Expect predicate `existsNoRetry == 1` for object "Enter conversation" Button`
    t =     2.32s         Checking existence of `"Enter conversation" Button`
    t =     2.42s Checking existence of `"Voice processing: ON (default)" Button`
    t =     2.45s Checking existence of `"Voice processing: OFF (control run)" Button`
    t =     2.77s Waiting 3.0s for "Voice processing: ON (default)" Button to exist
    t =     3.78s     Checking `Expect predicate `existsNoRetry == 1` for object "Voice processing: ON (default)" Button`
    t =     3.78s         Checking existence of `"Voice processing: ON (default)" Button`
    t =     3.84s Waiting 5.0s for "Enter conversation" Button to exist
    t =     4.85s     Checking `Expect predicate `existsNoRetry == 1` for object "Enter conversation" Button`
    t =     4.85s         Checking existence of `"Enter conversation" Button`
    t =     4.91s Tap "Enter conversation" Button
    t =     4.91s     Wait for life.soullab.voicekernel.vpio02sid to idle
    t =     4.92s     Find the "Enter conversation" Button
    t =     4.96s     Check for interrupting elements affecting "Enter conversation" Button
    t =     5.00s     Synthesize event
    t =     5.29s     Wait for life.soullab.voicekernel.vpio02sid to idle
    t =    20.31s Waiting 5.0s for "Export journal" Button to exist
    t =    21.33s     Checking `Expect predicate `existsNoRetry == 1` for object "Export journal" Button`
    t =    21.33s         Checking existence of `"Export journal" Button`
    t =    21.39s Tap "Export journal" Button
    t =    21.39s     Wait for life.soullab.voicekernel.vpio02sid to idle
    t =    21.40s     Find the "Export journal" Button
    t =    21.53s     Check for interrupting elements affecting "Export journal" Button
    t =    21.61s     Synthesize event
    t =    21.90s     Wait for life.soullab.voicekernel.vpio02sid to idle
    t =    24.13s Terminate life.soullab.voicekernel.vpio02sid:3950
    t =    25.20s Wait for life.soullab.voicekernel.vpio02sid to become Not Running
    t =    25.20s Tear Down
Test Case '-[DriverUITests.K00DriverTests testOneSample]' passed (25.308 seconds).
Test Suite 'K00DriverTests' passed at 2026-09-15 22:18:51.422.
	 Executed 1 test, with 0 failures (0 unexpected) in 25.308 (25.309) seconds
Test Suite 'DriverUITests.xctest' passed at 2026-09-15 22:18:51.423.
	 Executed 1 test, with 0 failures (0 unexpected) in 25.308 (25.311) seconds
Test Suite 'Selected tests' passed at 2026-09-15 22:18:51.425.
	 Executed 1 test, with 0 failures (0 unexpected) in 25.308 (25.313) seconds
2026-09-15 22:18:51.460 xcodebuild[34552:32391977] [MT] IDERunDestination: Supported platforms for the buildables in the current scheme is empty.
2026-09-15 22:18:51.659 xcodebuild[34552:32391977] [MT] IDETestOperationsObserverDebug: 27.642 elapsed -- Testing started completed.
2026-09-15 22:18:51.659 xcodebuild[34552:32391977] [MT] IDETestOperationsObserverDebug: 0.000 sec, +0.000 sec -- start
2026-09-15 22:18:51.659 xcodebuild[34552:32391977] [MT] IDETestOperationsObserverDebug: 27.642 sec, +27.642 sec -- end

Test session results, code coverage, and logs:
	/Users/soullab/Library/Developer/Xcode/DerivedData/VoiceKernelDriver-drjehjflrsfwqlambpqpsmmtvzpd/Logs/Test/Test-DriverUITests-2026.09.15_22-18-23--0400.xcresult

** TEST EXECUTE SUCCEEDED **

Testing started
