Command line invocation:
    /Applications/Xcode.app/Contents/Developer/usr/bin/xcodebuild test-without-building -xctestrun /private/tmp/sid-entry-01-3035c02353b3cc0dab0b0ce1823116d6712b8eb1/ios/VoiceKernelDriver/.derived/Build/Products/DriverUITests_iphoneos26.2-arm64.xctestrun -destination id=00008140-00163D9922E0801C -collect-test-diagnostics never "-only-testing:DriverUITests/K00DriverTests/testOneSample"

2026-09-15 22:05:52.052 xcodebuild[24092:32342547] [MT] IDERunDestination: Supported platforms for the buildables in the current scheme is empty.
2026-09-15 22:05:52.055 xcodebuild[24092:32342547] [MT] IDERunDestination: Supported platforms for the buildables in the current scheme is empty.
2026-09-15 22:05:52.154 xcodebuild[24092:32342547] [MT] IDERunDestination: Supported platforms for the buildables in the current scheme is empty.
2026-09-15 22:05:52.262 xcodebuild[24092:32342547] [MT] IDERunDestination: Supported platforms for the buildables in the current scheme is empty.
--- xcodebuild: WARNING: Using the first of multiple matching destinations:
{ platform:iOS, arch:arm64e, id:00008140-00163D9922E0801C, name:Kelly Nezat’s iPhone }
{ platform:iOS, arch:arm64, id:00008140-00163D9922E0801C, name:Kelly Nezat’s iPhone }
2026-09-15 22:05:52.462 xcodebuild[24092:32342547] [MT] IDERunDestination: Supported platforms for the buildables in the current scheme is empty.
2026-09-15 22:05:54.284932-0400 DriverUITests-Runner[3880:772467] [Default] Running tests...
    t =      nans Interface orientation changed to Portrait
Test Suite 'Selected tests' started at 2026-09-15 22:05:54.747.
Test Suite 'DriverUITests.xctest' started at 2026-09-15 22:05:54.748.
Test Suite 'K00DriverTests' started at 2026-09-15 22:05:54.748.
Test Case '-[DriverUITests.K00DriverTests testOneSample]' started.
    t =     0.00s Start Test at 2026-09-15 22:05:54.750
    t =     0.02s Set Up
    t =     0.03s Open life.soullab.voicekernel.vpio02sid
    t =     0.03s     Launch life.soullab.voicekernel.vpio02sid
    t =     0.10s         Setting up automation session
    t =     0.18s         Wait for life.soullab.voicekernel.vpio02sid to idle
2026-09-15 22:05:54.902 xcodebuild[24092:32342547] [MT] IDERunDestination: Supported platforms for the buildables in the current scheme is empty.
    t =     1.28s Wait for life.soullab.voicekernel.vpio02sid to become Running Foreground
    t =     1.28s Waiting 10.0s for "Enter conversation" Button to exist
    t =     2.33s     Checking `Expect predicate `existsNoRetry == 1` for object "Enter conversation" Button`
    t =     2.33s         Checking existence of `"Enter conversation" Button`
    t =     2.41s Checking existence of `"Voice processing: ON (default)" Button`
    t =     2.44s Checking existence of `"Voice processing: OFF (control run)" Button`
    t =     2.76s Waiting 3.0s for "Voice processing: ON (default)" Button to exist
    t =     3.78s     Checking `Expect predicate `existsNoRetry == 1` for object "Voice processing: ON (default)" Button`
    t =     3.78s         Checking existence of `"Voice processing: ON (default)" Button`
    t =     3.84s Waiting 5.0s for "Enter conversation" Button to exist
    t =     4.85s     Checking `Expect predicate `existsNoRetry == 1` for object "Enter conversation" Button`
    t =     4.86s         Checking existence of `"Enter conversation" Button`
    t =     4.92s Tap "Enter conversation" Button
    t =     4.92s     Wait for life.soullab.voicekernel.vpio02sid to idle
    t =     4.92s     Find the "Enter conversation" Button
    t =     4.96s     Check for interrupting elements affecting "Enter conversation" Button
    t =     5.00s     Synthesize event
    t =     5.30s     Wait for life.soullab.voicekernel.vpio02sid to idle
2026-09-15 22:06:00.136 xcodebuild[24092:32342547] [MT] IDERunDestination: Supported platforms for the buildables in the current scheme is empty.
    t =    20.33s Waiting 5.0s for "Export journal" Button to exist
    t =    21.36s     Checking `Expect predicate `existsNoRetry == 1` for object "Export journal" Button`
    t =    21.36s         Checking existence of `"Export journal" Button`
    t =    21.42s Tap "Export journal" Button
    t =    21.42s     Wait for life.soullab.voicekernel.vpio02sid to idle
    t =    21.42s     Find the "Export journal" Button
    t =    21.47s     Check for interrupting elements affecting "Export journal" Button
    t =    21.51s     Synthesize event
    t =    21.91s     Wait for life.soullab.voicekernel.vpio02sid to idle
    t =    24.14s Terminate life.soullab.voicekernel.vpio02sid:3881
    t =    25.16s Wait for life.soullab.voicekernel.vpio02sid to become Not Running
    t =    25.16s Tear Down
Test Case '-[DriverUITests.K00DriverTests testOneSample]' passed (25.227 seconds).
Test Suite 'K00DriverTests' passed at 2026-09-15 22:06:19.977.
	 Executed 1 test, with 0 failures (0 unexpected) in 25.227 (25.229) seconds
Test Suite 'DriverUITests.xctest' passed at 2026-09-15 22:06:19.979.
	 Executed 1 test, with 0 failures (0 unexpected) in 25.227 (25.231) seconds
Test Suite 'Selected tests' passed at 2026-09-15 22:06:19.980.
	 Executed 1 test, with 0 failures (0 unexpected) in 25.227 (25.233) seconds
2026-09-15 22:06:20.056 xcodebuild[24092:32342547] [MT] IDERunDestination: Supported platforms for the buildables in the current scheme is empty.
2026-09-15 22:06:20.261 xcodebuild[24092:32342547] [MT] IDETestOperationsObserverDebug: 27.797 elapsed -- Testing started completed.
2026-09-15 22:06:20.261 xcodebuild[24092:32342547] [MT] IDETestOperationsObserverDebug: 0.000 sec, +0.000 sec -- start
2026-09-15 22:06:20.261 xcodebuild[24092:32342547] [MT] IDETestOperationsObserverDebug: 27.797 sec, +27.797 sec -- end

Test session results, code coverage, and logs:
	/Users/soullab/Library/Developer/Xcode/DerivedData/VoiceKernelDriver-flavxgykevatiwfjlpvxbkmathhd/Logs/Test/Test-DriverUITests-2026.09.15_22-05-52--0400.xcresult

** TEST EXECUTE SUCCEEDED **

Testing started
