Command line invocation:
    /Applications/Xcode.app/Contents/Developer/usr/bin/xcodebuild test-without-building -xctestrun /private/tmp/sid-entry-01-3035c02353b3cc0dab0b0ce1823116d6712b8eb1/ios/VoiceKernelDriver/.derived/Build/Products/DriverUITests_iphoneos26.2-arm64.xctestrun -destination id=00008140-00163D9922E0801C -collect-test-diagnostics never "-only-testing:DriverUITests/K00DriverTests/testOneSample"

2026-09-15 22:10:09.309 xcodebuild[28129:32361809] [MT] IDERunDestination: Supported platforms for the buildables in the current scheme is empty.
2026-09-15 22:10:09.313 xcodebuild[28129:32361809] [MT] IDERunDestination: Supported platforms for the buildables in the current scheme is empty.
2026-09-15 22:10:09.410 xcodebuild[28129:32361809] [MT] IDERunDestination: Supported platforms for the buildables in the current scheme is empty.
2026-09-15 22:10:09.527 xcodebuild[28129:32361809] [MT] IDERunDestination: Supported platforms for the buildables in the current scheme is empty.
--- xcodebuild: WARNING: Using the first of multiple matching destinations:
{ platform:iOS, arch:arm64e, id:00008140-00163D9922E0801C, name:Kelly Nezat’s iPhone }
{ platform:iOS, arch:arm64, id:00008140-00163D9922E0801C, name:Kelly Nezat’s iPhone }
2026-09-15 22:10:09.735 xcodebuild[28129:32361809] [MT] IDERunDestination: Supported platforms for the buildables in the current scheme is empty.
2026-09-15 22:10:09.947 xcodebuild[28129:32361809] [MT] IDERunDestination: Supported platforms for the buildables in the current scheme is empty.
2026-09-15 22:10:11.376621-0400 DriverUITests-Runner[3909:783474] [Default] Running tests...
    t =      nans Interface orientation changed to Portrait
Test Suite 'Selected tests' started at 2026-09-15 22:10:11.840.
Test Suite 'DriverUITests.xctest' started at 2026-09-15 22:10:11.841.
Test Suite 'K00DriverTests' started at 2026-09-15 22:10:11.841.
Test Case '-[DriverUITests.K00DriverTests testOneSample]' started.
    t =     0.00s Start Test at 2026-09-15 22:10:11.842
    t =     0.02s Set Up
    t =     0.02s Open life.soullab.voicekernel.vpio02sid
    t =     0.03s     Launch life.soullab.voicekernel.vpio02sid
    t =     0.10s         Setting up automation session
    t =     0.17s         Wait for life.soullab.voicekernel.vpio02sid to idle
2026-09-15 22:10:11.976 xcodebuild[28129:32361809] [MT] IDERunDestination: Supported platforms for the buildables in the current scheme is empty.
    t =     1.26s Wait for life.soullab.voicekernel.vpio02sid to become Running Foreground
    t =     1.27s Waiting 10.0s for "Enter conversation" Button to exist
    t =     2.33s     Checking `Expect predicate `existsNoRetry == 1` for object "Enter conversation" Button`
    t =     2.33s         Checking existence of `"Enter conversation" Button`
    t =     2.42s Checking existence of `"Voice processing: ON (default)" Button`
    t =     2.45s Checking existence of `"Voice processing: OFF (control run)" Button`
    t =     2.78s Waiting 3.0s for "Voice processing: ON (default)" Button to exist
    t =     3.78s     Checking `Expect predicate `existsNoRetry == 1` for object "Voice processing: ON (default)" Button`
    t =     3.79s         Checking existence of `"Voice processing: ON (default)" Button`
    t =     3.85s Waiting 5.0s for "Enter conversation" Button to exist
    t =     4.87s     Checking `Expect predicate `existsNoRetry == 1` for object "Enter conversation" Button`
    t =     4.87s         Checking existence of `"Enter conversation" Button`
    t =     4.93s Tap "Enter conversation" Button
    t =     4.93s     Wait for life.soullab.voicekernel.vpio02sid to idle
    t =     4.94s     Find the "Enter conversation" Button
    t =     4.98s     Check for interrupting elements affecting "Enter conversation" Button
    t =     5.02s     Synthesize event
    t =     5.33s     Wait for life.soullab.voicekernel.vpio02sid to idle
    t =    20.35s Waiting 5.0s for "Export journal" Button to exist
    t =    21.38s     Checking `Expect predicate `existsNoRetry == 1` for object "Export journal" Button`
    t =    21.39s         Checking existence of `"Export journal" Button`
    t =    21.44s Tap "Export journal" Button
    t =    21.44s     Wait for life.soullab.voicekernel.vpio02sid to idle
    t =    21.45s     Find the "Export journal" Button
    t =    21.48s     Check for interrupting elements affecting "Export journal" Button
    t =    21.51s     Synthesize event
    t =    21.92s     Wait for life.soullab.voicekernel.vpio02sid to idle
    t =    24.13s Terminate life.soullab.voicekernel.vpio02sid:3910
    t =    25.20s Wait for life.soullab.voicekernel.vpio02sid to become Not Running
    t =    25.20s Tear Down
Test Case '-[DriverUITests.K00DriverTests testOneSample]' passed (25.282 seconds).
Test Suite 'K00DriverTests' passed at 2026-09-15 22:10:37.129.
	 Executed 1 test, with 0 failures (0 unexpected) in 25.282 (25.288) seconds
Test Suite 'DriverUITests.xctest' passed at 2026-09-15 22:10:37.131.
	 Executed 1 test, with 0 failures (0 unexpected) in 25.282 (25.290) seconds
Test Suite 'Selected tests' passed at 2026-09-15 22:10:37.134.
	 Executed 1 test, with 0 failures (0 unexpected) in 25.282 (25.293) seconds
2026-09-15 22:10:37.183 xcodebuild[28129:32361809] [MT] IDERunDestination: Supported platforms for the buildables in the current scheme is empty.
2026-09-15 22:10:37.364 xcodebuild[28129:32361809] [MT] IDETestOperationsObserverDebug: 27.628 elapsed -- Testing started completed.
2026-09-15 22:10:37.364 xcodebuild[28129:32361809] [MT] IDETestOperationsObserverDebug: 0.000 sec, +0.000 sec -- start
2026-09-15 22:10:37.364 xcodebuild[28129:32361809] [MT] IDETestOperationsObserverDebug: 27.628 sec, +27.628 sec -- end

Test session results, code coverage, and logs:
	/Users/soullab/Library/Developer/Xcode/DerivedData/VoiceKernelDriver-akyxnhwdaladnbbdaghpoiifmdyn/Logs/Test/Test-DriverUITests-2026.09.15_22-10-09--0400.xcresult

** TEST EXECUTE SUCCEEDED **

Testing started
