Command line invocation:
    /Applications/Xcode.app/Contents/Developer/usr/bin/xcodebuild test-without-building -xctestrun /private/tmp/sid-entry-01-3035c02353b3cc0dab0b0ce1823116d6712b8eb1/ios/VoiceKernelDriver/.derived/Build/Products/DriverUITests_iphoneos26.2-arm64.xctestrun -destination id=00008140-00163D9922E0801C -collect-test-diagnostics never "-only-testing:DriverUITests/K00DriverTests/testOneSample"

2026-09-15 22:15:30.556 xcodebuild[32836:32382694] [MT] IDERunDestination: Supported platforms for the buildables in the current scheme is empty.
2026-09-15 22:15:30.559 xcodebuild[32836:32382694] [MT] IDERunDestination: Supported platforms for the buildables in the current scheme is empty.
2026-09-15 22:15:30.657 xcodebuild[32836:32382694] [MT] IDERunDestination: Supported platforms for the buildables in the current scheme is empty.
2026-09-15 22:15:30.773 xcodebuild[32836:32382694] [MT] IDERunDestination: Supported platforms for the buildables in the current scheme is empty.
--- xcodebuild: WARNING: Using the first of multiple matching destinations:
{ platform:iOS, arch:arm64e, id:00008140-00163D9922E0801C, name:Kelly Nezat’s iPhone }
{ platform:iOS, arch:arm64, id:00008140-00163D9922E0801C, name:Kelly Nezat’s iPhone }
2026-09-15 22:15:30.984 xcodebuild[32836:32382694] [MT] IDERunDestination: Supported platforms for the buildables in the current scheme is empty.
2026-09-15 22:15:31.200 xcodebuild[32836:32382694] [MT] IDERunDestination: Supported platforms for the buildables in the current scheme is empty.
2026-09-15 22:15:32.758989-0400 DriverUITests-Runner[3936:796109] [Default] Running tests...
    t =      nans Interface orientation changed to Portrait
Test Suite 'Selected tests' started at 2026-09-15 22:15:33.229.
Test Suite 'DriverUITests.xctest' started at 2026-09-15 22:15:33.230.
Test Suite 'K00DriverTests' started at 2026-09-15 22:15:33.230.
Test Case '-[DriverUITests.K00DriverTests testOneSample]' started.
    t =     0.00s Start Test at 2026-09-15 22:15:33.231
    t =     0.02s Set Up
    t =     0.02s Open life.soullab.voicekernel.vpio02sid
    t =     0.02s     Launch life.soullab.voicekernel.vpio02sid
    t =     0.10s         Setting up automation session
    t =     0.17s         Wait for life.soullab.voicekernel.vpio02sid to idle
2026-09-15 22:15:33.391 xcodebuild[32836:32382694] [MT] IDERunDestination: Supported platforms for the buildables in the current scheme is empty.
    t =     1.26s Wait for life.soullab.voicekernel.vpio02sid to become Running Foreground
    t =     1.27s Waiting 10.0s for "Enter conversation" Button to exist
    t =     2.29s     Checking `Expect predicate `existsNoRetry == 1` for object "Enter conversation" Button`
    t =     2.29s         Checking existence of `"Enter conversation" Button`
    t =     2.39s Checking existence of `"Voice processing: ON (default)" Button`
    t =     2.41s Checking existence of `"Voice processing: OFF (control run)" Button`
    t =     2.74s Waiting 3.0s for "Voice processing: ON (default)" Button to exist
    t =     3.74s     Checking `Expect predicate `existsNoRetry == 1` for object "Voice processing: ON (default)" Button`
    t =     3.74s         Checking existence of `"Voice processing: ON (default)" Button`
    t =     3.80s Waiting 5.0s for "Enter conversation" Button to exist
    t =     4.81s     Checking `Expect predicate `existsNoRetry == 1` for object "Enter conversation" Button`
    t =     4.81s         Checking existence of `"Enter conversation" Button`
    t =     4.87s Tap "Enter conversation" Button
    t =     4.87s     Wait for life.soullab.voicekernel.vpio02sid to idle
    t =     4.88s     Find the "Enter conversation" Button
    t =     4.92s     Check for interrupting elements affecting "Enter conversation" Button
    t =     4.96s     Synthesize event
    t =     5.36s     Wait for life.soullab.voicekernel.vpio02sid to idle
    t =    20.37s Waiting 5.0s for "Export journal" Button to exist
    t =    21.40s     Checking `Expect predicate `existsNoRetry == 1` for object "Export journal" Button`
    t =    21.40s         Checking existence of `"Export journal" Button`
    t =    21.46s Tap "Export journal" Button
    t =    21.46s     Wait for life.soullab.voicekernel.vpio02sid to idle
    t =    21.47s     Find the "Export journal" Button
    t =    21.61s     Check for interrupting elements affecting "Export journal" Button
    t =    21.68s     Synthesize event
    t =    21.99s     Wait for life.soullab.voicekernel.vpio02sid to idle
    t =    24.22s Terminate life.soullab.voicekernel.vpio02sid:3937
    t =    25.31s Wait for life.soullab.voicekernel.vpio02sid to become Not Running
    t =    25.31s Tear Down
Test Case '-[DriverUITests.K00DriverTests testOneSample]' passed (25.373 seconds).
Test Suite 'K00DriverTests' passed at 2026-09-15 22:15:58.606.
	 Executed 1 test, with 0 failures (0 unexpected) in 25.373 (25.376) seconds
Test Suite 'DriverUITests.xctest' passed at 2026-09-15 22:15:58.609.
	 Executed 1 test, with 0 failures (0 unexpected) in 25.373 (25.380) seconds
Test Suite 'Selected tests' passed at 2026-09-15 22:15:58.613.
	 Executed 1 test, with 0 failures (0 unexpected) in 25.373 (25.384) seconds
2026-09-15 22:15:58.687 xcodebuild[32836:32382694] [MT] IDERunDestination: Supported platforms for the buildables in the current scheme is empty.
2026-09-15 22:15:58.844 xcodebuild[32836:32382694] [MT] IDETestOperationsObserverDebug: 27.859 elapsed -- Testing started completed.
2026-09-15 22:15:58.844 xcodebuild[32836:32382694] [MT] IDETestOperationsObserverDebug: 0.000 sec, +0.000 sec -- start
2026-09-15 22:15:58.844 xcodebuild[32836:32382694] [MT] IDETestOperationsObserverDebug: 27.859 sec, +27.859 sec -- end

Test session results, code coverage, and logs:
	/Users/soullab/Library/Developer/Xcode/DerivedData/VoiceKernelDriver-euayxgwhltgvmoakjncmskmhfodp/Logs/Test/Test-DriverUITests-2026.09.15_22-15-30--0400.xcresult

** TEST EXECUTE SUCCEEDED **

Testing started
