Command line invocation:
    /Applications/Xcode.app/Contents/Developer/usr/bin/xcodebuild test-without-building -xctestrun /private/tmp/sid-entry-01-3035c02353b3cc0dab0b0ce1823116d6712b8eb1/ios/VoiceKernelDriver/.derived/Build/Products/DriverUITests_iphoneos26.2-arm64.xctestrun -destination id=00008140-00163D9922E0801C -collect-test-diagnostics never "-only-testing:DriverUITests/K00DriverTests/testOneSample"

2026-09-15 22:05:17.475 xcodebuild[23020:32340349] [MT] IDERunDestination: Supported platforms for the buildables in the current scheme is empty.
2026-09-15 22:05:17.478 xcodebuild[23020:32340349] [MT] IDERunDestination: Supported platforms for the buildables in the current scheme is empty.
2026-09-15 22:05:17.577 xcodebuild[23020:32340349] [MT] IDERunDestination: Supported platforms for the buildables in the current scheme is empty.
2026-09-15 22:05:17.687 xcodebuild[23020:32340349] [MT] IDERunDestination: Supported platforms for the buildables in the current scheme is empty.
--- xcodebuild: WARNING: Using the first of multiple matching destinations:
{ platform:iOS, arch:arm64e, id:00008140-00163D9922E0801C, name:Kelly Nezat’s iPhone }
{ platform:iOS, arch:arm64, id:00008140-00163D9922E0801C, name:Kelly Nezat’s iPhone }
2026-09-15 22:05:17.885 xcodebuild[23020:32340349] [MT] IDERunDestination: Supported platforms for the buildables in the current scheme is empty.
2026-09-15 22:05:18.084 xcodebuild[23020:32340349] [MT] IDERunDestination: Supported platforms for the buildables in the current scheme is empty.
2026-09-15 22:05:19.490189-0400 DriverUITests-Runner[3874:770875] [Default] Running tests...
    t =      nans Interface orientation changed to Portrait
Test Suite 'Selected tests' started at 2026-09-15 22:05:19.964.
Test Suite 'DriverUITests.xctest' started at 2026-09-15 22:05:19.965.
Test Suite 'K00DriverTests' started at 2026-09-15 22:05:19.966.
Test Case '-[DriverUITests.K00DriverTests testOneSample]' started.
    t =     0.00s Start Test at 2026-09-15 22:05:19.967
    t =     0.02s Set Up
    t =     0.03s Open life.soullab.voicekernel.vpio02sid
    t =     0.03s     Launch life.soullab.voicekernel.vpio02sid
    t =     0.10s         Setting up automation session
    t =     0.17s         Wait for life.soullab.voicekernel.vpio02sid to idle
2026-09-15 22:05:20.131 xcodebuild[23020:32340349] [MT] IDERunDestination: Supported platforms for the buildables in the current scheme is empty.
    t =     1.26s Wait for life.soullab.voicekernel.vpio02sid to become Running Foreground
    t =     1.27s Waiting 10.0s for "Enter conversation" Button to exist
    t =     2.29s     Checking `Expect predicate `existsNoRetry == 1` for object "Enter conversation" Button`
    t =     2.29s         Checking existence of `"Enter conversation" Button`
    t =     2.38s Checking existence of `"Voice processing: ON (default)" Button`
    t =     2.41s Checking existence of `"Voice processing: OFF (control run)" Button`
    t =     2.73s Waiting 3.0s for "Voice processing: ON (default)" Button to exist
    t =     3.73s     Checking `Expect predicate `existsNoRetry == 1` for object "Voice processing: ON (default)" Button`
    t =     3.74s         Checking existence of `"Voice processing: ON (default)" Button`
    t =     3.80s Waiting 5.0s for "Enter conversation" Button to exist
    t =     4.80s     Checking `Expect predicate `existsNoRetry == 1` for object "Enter conversation" Button`
    t =     4.81s         Checking existence of `"Enter conversation" Button`
    t =     4.87s Tap "Enter conversation" Button
    t =     4.87s     Wait for life.soullab.voicekernel.vpio02sid to idle
    t =     4.87s     Find the "Enter conversation" Button
    t =     4.91s     Check for interrupting elements affecting "Enter conversation" Button
    t =     4.95s     Synthesize event
    t =     5.25s     Wait for life.soullab.voicekernel.vpio02sid to idle
    t =    20.27s Waiting 5.0s for "Export journal" Button to exist
    t =    21.31s     Checking `Expect predicate `existsNoRetry == 1` for object "Export journal" Button`
    t =    21.31s         Checking existence of `"Export journal" Button`
    t =    21.36s Tap "Export journal" Button
    t =    21.36s     Wait for life.soullab.voicekernel.vpio02sid to idle
    t =    21.37s     Find the "Export journal" Button
    t =    21.51s     Check for interrupting elements affecting "Export journal" Button
    t =    21.58s     Synthesize event
    t =    21.90s     Wait for life.soullab.voicekernel.vpio02sid to idle
    t =    24.10s Terminate life.soullab.voicekernel.vpio02sid:3875
    t =    25.12s Wait for life.soullab.voicekernel.vpio02sid to become Not Running
    t =    25.12s Tear Down
Test Case '-[DriverUITests.K00DriverTests testOneSample]' passed (25.195 seconds).
Test Suite 'K00DriverTests' passed at 2026-09-15 22:05:45.163.
	 Executed 1 test, with 0 failures (0 unexpected) in 25.195 (25.197) seconds
Test Suite 'DriverUITests.xctest' passed at 2026-09-15 22:05:45.180.
	 Executed 1 test, with 0 failures (0 unexpected) in 25.195 (25.214) seconds
Test Suite 'Selected tests' passed at 2026-09-15 22:05:45.182.
	 Executed 1 test, with 0 failures (0 unexpected) in 25.195 (25.217) seconds
2026-09-15 22:05:45.233 xcodebuild[23020:32340349] [MT] IDERunDestination: Supported platforms for the buildables in the current scheme is empty.
2026-09-15 22:05:45.432 xcodebuild[23020:32340349] [MT] IDETestOperationsObserverDebug: 27.546 elapsed -- Testing started completed.
2026-09-15 22:05:45.433 xcodebuild[23020:32340349] [MT] IDETestOperationsObserverDebug: 0.000 sec, +0.000 sec -- start
2026-09-15 22:05:45.433 xcodebuild[23020:32340349] [MT] IDETestOperationsObserverDebug: 27.546 sec, +27.546 sec -- end

Test session results, code coverage, and logs:
	/Users/soullab/Library/Developer/Xcode/DerivedData/VoiceKernelDriver-gtdmjnxcgkpmihcsciaywhhbixyv/Logs/Test/Test-DriverUITests-2026.09.15_22-05-17--0400.xcresult

** TEST EXECUTE SUCCEEDED **

Testing started
