Command line invocation:
    /Applications/Xcode.app/Contents/Developer/usr/bin/xcodebuild test-without-building -xctestrun /private/tmp/sid-entry-01-3035c02353b3cc0dab0b0ce1823116d6712b8eb1/ios/VoiceKernelDriver/.derived/Build/Products/DriverUITests_iphoneos26.2-arm64.xctestrun -destination id=00008140-00163D9922E0801C -collect-test-diagnostics never "-only-testing:DriverUITests/K00DriverTests/testOneSample"

2026-09-15 22:07:02.807 xcodebuild[25300:32347852] [MT] IDERunDestination: Supported platforms for the buildables in the current scheme is empty.
2026-09-15 22:07:02.810 xcodebuild[25300:32347852] [MT] IDERunDestination: Supported platforms for the buildables in the current scheme is empty.
2026-09-15 22:07:02.908 xcodebuild[25300:32347852] [MT] IDERunDestination: Supported platforms for the buildables in the current scheme is empty.
2026-09-15 22:07:03.089 xcodebuild[25300:32347852] [MT] IDERunDestination: Supported platforms for the buildables in the current scheme is empty.
--- xcodebuild: WARNING: Using the first of multiple matching destinations:
{ platform:iOS, arch:arm64e, id:00008140-00163D9922E0801C, name:Kelly Nezat’s iPhone }
{ platform:iOS, arch:arm64, id:00008140-00163D9922E0801C, name:Kelly Nezat’s iPhone }
2026-09-15 22:07:03.281 xcodebuild[25300:32347852] [MT] IDERunDestination: Supported platforms for the buildables in the current scheme is empty.
2026-09-15 22:07:03.496 xcodebuild[25300:32347852] [MT] IDERunDestination: Supported platforms for the buildables in the current scheme is empty.
2026-09-15 22:07:05.026889-0400 DriverUITests-Runner[3886:775534] [Default] Running tests...
    t =      nans Interface orientation changed to Portrait
Test Suite 'Selected tests' started at 2026-09-15 22:07:05.495.
Test Suite 'DriverUITests.xctest' started at 2026-09-15 22:07:05.495.
Test Suite 'K00DriverTests' started at 2026-09-15 22:07:05.495.
Test Case '-[DriverUITests.K00DriverTests testOneSample]' started.
    t =     0.00s Start Test at 2026-09-15 22:07:05.496
    t =     0.02s Set Up
    t =     0.03s Open life.soullab.voicekernel.vpio02sid
    t =     0.03s     Launch life.soullab.voicekernel.vpio02sid
    t =     0.11s         Setting up automation session
    t =     0.18s         Wait for life.soullab.voicekernel.vpio02sid to idle
2026-09-15 22:07:05.653 xcodebuild[25300:32347852] [MT] IDERunDestination: Supported platforms for the buildables in the current scheme is empty.
    t =     1.28s Wait for life.soullab.voicekernel.vpio02sid to become Running Foreground
    t =     1.28s Waiting 10.0s for "Enter conversation" Button to exist
    t =     2.34s     Checking `Expect predicate `existsNoRetry == 1` for object "Enter conversation" Button`
    t =     2.35s         Checking existence of `"Enter conversation" Button`
    t =     2.44s Checking existence of `"Voice processing: ON (default)" Button`
    t =     2.46s Checking existence of `"Voice processing: OFF (control run)" Button`
    t =     2.79s Waiting 3.0s for "Voice processing: ON (default)" Button to exist
    t =     3.81s     Checking `Expect predicate `existsNoRetry == 1` for object "Voice processing: ON (default)" Button`
    t =     3.82s         Checking existence of `"Voice processing: ON (default)" Button`
    t =     3.88s Waiting 5.0s for "Enter conversation" Button to exist
    t =     4.90s     Checking `Expect predicate `existsNoRetry == 1` for object "Enter conversation" Button`
    t =     4.90s         Checking existence of `"Enter conversation" Button`
    t =     4.96s Tap "Enter conversation" Button
    t =     4.96s     Wait for life.soullab.voicekernel.vpio02sid to idle
    t =     4.97s     Find the "Enter conversation" Button
    t =     5.01s     Check for interrupting elements affecting "Enter conversation" Button
    t =     5.05s     Synthesize event
    t =     5.35s     Wait for life.soullab.voicekernel.vpio02sid to idle
    t =    20.36s Waiting 5.0s for "Export journal" Button to exist
    t =    21.40s     Checking `Expect predicate `existsNoRetry == 1` for object "Export journal" Button`
    t =    21.40s         Checking existence of `"Export journal" Button`
    t =    21.45s Tap "Export journal" Button
    t =    21.45s     Wait for life.soullab.voicekernel.vpio02sid to idle
    t =    21.46s     Find the "Export journal" Button
    t =    21.49s     Check for interrupting elements affecting "Export journal" Button
    t =    21.53s     Synthesize event
    t =    21.84s     Wait for life.soullab.voicekernel.vpio02sid to idle
    t =    24.04s Terminate life.soullab.voicekernel.vpio02sid:3887
    t =    25.05s Wait for life.soullab.voicekernel.vpio02sid to become Not Running
    t =    25.06s Tear Down
Test Case '-[DriverUITests.K00DriverTests testOneSample]' passed (25.157 seconds).
Test Suite 'K00DriverTests' passed at 2026-09-15 22:07:30.654.
	 Executed 1 test, with 0 failures (0 unexpected) in 25.157 (25.158) seconds
Test Suite 'DriverUITests.xctest' passed at 2026-09-15 22:07:30.656.
	 Executed 1 test, with 0 failures (0 unexpected) in 25.157 (25.161) seconds
Test Suite 'Selected tests' passed at 2026-09-15 22:07:30.658.
	 Executed 1 test, with 0 failures (0 unexpected) in 25.157 (25.163) seconds
2026-09-15 22:07:30.690 xcodebuild[25300:32347852] [MT] IDERunDestination: Supported platforms for the buildables in the current scheme is empty.
2026-09-15 22:07:30.895 xcodebuild[25300:32347852] [MT] IDETestOperationsObserverDebug: 27.612 elapsed -- Testing started completed.
2026-09-15 22:07:30.895 xcodebuild[25300:32347852] [MT] IDETestOperationsObserverDebug: 0.000 sec, +0.000 sec -- start
2026-09-15 22:07:30.895 xcodebuild[25300:32347852] [MT] IDETestOperationsObserverDebug: 27.612 sec, +27.612 sec -- end

Test session results, code coverage, and logs:
	/Users/soullab/Library/Developer/Xcode/DerivedData/VoiceKernelDriver-fusplxbxkhycweawwuxkesbcuhwg/Logs/Test/Test-DriverUITests-2026.09.15_22-07-03--0400.xcresult

** TEST EXECUTE SUCCEEDED **

Testing started
