Command line invocation:
    /Applications/Xcode.app/Contents/Developer/usr/bin/xcodebuild test-without-building -xctestrun /private/tmp/sid-entry-01-3035c02353b3cc0dab0b0ce1823116d6712b8eb1/ios/VoiceKernelDriver/.derived/Build/Products/DriverUITests_iphoneos26.2-arm64.xctestrun -destination id=00008140-00163D9922E0801C -collect-test-diagnostics never "-only-testing:DriverUITests/K00DriverTests/testOneSample"

2026-09-15 22:06:27.280 xcodebuild[24947:32345923] [MT] IDERunDestination: Supported platforms for the buildables in the current scheme is empty.
2026-09-15 22:06:27.283 xcodebuild[24947:32345923] [MT] IDERunDestination: Supported platforms for the buildables in the current scheme is empty.
2026-09-15 22:06:27.382 xcodebuild[24947:32345923] [MT] IDERunDestination: Supported platforms for the buildables in the current scheme is empty.
2026-09-15 22:06:27.492 xcodebuild[24947:32345923] [MT] IDERunDestination: Supported platforms for the buildables in the current scheme is empty.
--- xcodebuild: WARNING: Using the first of multiple matching destinations:
{ platform:iOS, arch:arm64e, id:00008140-00163D9922E0801C, name:Kelly Nezat’s iPhone }
{ platform:iOS, arch:arm64, id:00008140-00163D9922E0801C, name:Kelly Nezat’s iPhone }
2026-09-15 22:06:27.694 xcodebuild[24947:32345923] [MT] IDERunDestination: Supported platforms for the buildables in the current scheme is empty.
2026-09-15 22:06:29.306170-0400 DriverUITests-Runner[3883:773946] [Default] Running tests...
    t =      nans Interface orientation changed to Portrait
Test Suite 'Selected tests' started at 2026-09-15 22:06:29.778.
Test Suite 'DriverUITests.xctest' started at 2026-09-15 22:06:29.779.
Test Suite 'K00DriverTests' started at 2026-09-15 22:06:29.779.
Test Case '-[DriverUITests.K00DriverTests testOneSample]' started.
    t =     0.00s Start Test at 2026-09-15 22:06:29.780
    t =     0.02s Set Up
    t =     0.02s Open life.soullab.voicekernel.vpio02sid
    t =     0.03s     Launch life.soullab.voicekernel.vpio02sid
    t =     0.10s         Setting up automation session
    t =     0.18s         Wait for life.soullab.voicekernel.vpio02sid to idle
2026-09-15 22:06:29.937 xcodebuild[24947:32345923] [MT] IDERunDestination: Supported platforms for the buildables in the current scheme is empty.
    t =     1.28s Wait for life.soullab.voicekernel.vpio02sid to become Running Foreground
    t =     1.28s Waiting 10.0s for "Enter conversation" Button to exist
    t =     2.32s     Checking `Expect predicate `existsNoRetry == 1` for object "Enter conversation" Button`
    t =     2.32s         Checking existence of `"Enter conversation" Button`
    t =     2.42s Checking existence of `"Voice processing: ON (default)" Button`
    t =     2.45s Checking existence of `"Voice processing: OFF (control run)" Button`
    t =     2.77s Waiting 3.0s for "Voice processing: ON (default)" Button to exist
    t =     3.79s     Checking `Expect predicate `existsNoRetry == 1` for object "Voice processing: ON (default)" Button`
    t =     3.79s         Checking existence of `"Voice processing: ON (default)" Button`
    t =     3.86s Waiting 5.0s for "Enter conversation" Button to exist
    t =     4.88s     Checking `Expect predicate `existsNoRetry == 1` for object "Enter conversation" Button`
    t =     4.88s         Checking existence of `"Enter conversation" Button`
    t =     4.94s Tap "Enter conversation" Button
    t =     4.94s     Wait for life.soullab.voicekernel.vpio02sid to idle
    t =     4.95s     Find the "Enter conversation" Button
    t =     4.99s     Check for interrupting elements affecting "Enter conversation" Button
    t =     5.03s     Synthesize event
    t =     5.33s     Wait for life.soullab.voicekernel.vpio02sid to idle
    t =    20.35s Waiting 5.0s for "Export journal" Button to exist
    t =    21.39s     Checking `Expect predicate `existsNoRetry == 1` for object "Export journal" Button`
    t =    21.39s         Checking existence of `"Export journal" Button`
    t =    21.44s Tap "Export journal" Button
    t =    21.44s     Wait for life.soullab.voicekernel.vpio02sid to idle
    t =    21.45s     Find the "Export journal" Button
    t =    21.48s     Check for interrupting elements affecting "Export journal" Button
    t =    21.52s     Synthesize event
    t =    21.83s     Wait for life.soullab.voicekernel.vpio02sid to idle
    t =    24.04s Terminate life.soullab.voicekernel.vpio02sid:3884
    t =    25.13s Wait for life.soullab.voicekernel.vpio02sid to become Not Running
    t =    25.13s Tear Down
Test Case '-[DriverUITests.K00DriverTests testOneSample]' passed (25.209 seconds).
Test Suite 'K00DriverTests' passed at 2026-09-15 22:06:54.993.
	 Executed 1 test, with 0 failures (0 unexpected) in 25.209 (25.214) seconds
Test Suite 'DriverUITests.xctest' passed at 2026-09-15 22:06:54.999.
	 Executed 1 test, with 0 failures (0 unexpected) in 25.209 (25.220) seconds
Test Suite 'Selected tests' passed at 2026-09-15 22:06:55.005.
	 Executed 1 test, with 0 failures (0 unexpected) in 25.209 (25.227) seconds
2026-09-15 22:06:55.059 xcodebuild[24947:32345923] [MT] IDERunDestination: Supported platforms for the buildables in the current scheme is empty.
2026-09-15 22:06:55.246 xcodebuild[24947:32345923] [MT] IDETestOperationsObserverDebug: 27.551 elapsed -- Testing started completed.
2026-09-15 22:06:55.246 xcodebuild[24947:32345923] [MT] IDETestOperationsObserverDebug: 0.000 sec, +0.000 sec -- start
2026-09-15 22:06:55.246 xcodebuild[24947:32345923] [MT] IDETestOperationsObserverDebug: 27.551 sec, +27.551 sec -- end

Test session results, code coverage, and logs:
	/Users/soullab/Library/Developer/Xcode/DerivedData/VoiceKernelDriver-gglypeynzrtfvlfqrsmahsmkhoyg/Logs/Test/Test-DriverUITests-2026.09.15_22-06-27--0400.xcresult

** TEST EXECUTE SUCCEEDED **

Testing started
