Command line invocation:
    /Applications/Xcode.app/Contents/Developer/usr/bin/xcodebuild test-without-building -xctestrun /private/tmp/sid-entry-01-3035c02353b3cc0dab0b0ce1823116d6712b8eb1/ios/VoiceKernelDriver/.derived/Build/Products/DriverUITests_iphoneos26.2-arm64.xctestrun -destination id=00008140-00163D9922E0801C -collect-test-diagnostics never "-only-testing:DriverUITests/K00DriverTests/testOneSample"

2026-09-15 22:10:47.654 xcodebuild[28661:32364857] [MT] IDERunDestination: Supported platforms for the buildables in the current scheme is empty.
2026-09-15 22:10:47.657 xcodebuild[28661:32364857] [MT] IDERunDestination: Supported platforms for the buildables in the current scheme is empty.
2026-09-15 22:10:47.757 xcodebuild[28661:32364857] [MT] IDERunDestination: Supported platforms for the buildables in the current scheme is empty.
2026-09-15 22:10:47.871 xcodebuild[28661:32364857] [MT] IDERunDestination: Supported platforms for the buildables in the current scheme is empty.
--- xcodebuild: WARNING: Using the first of multiple matching destinations:
{ platform:iOS, arch:arm64e, id:00008140-00163D9922E0801C, name:Kelly Nezat’s iPhone }
{ platform:iOS, arch:arm64, id:00008140-00163D9922E0801C, name:Kelly Nezat’s iPhone }
2026-09-15 22:10:48.085 xcodebuild[28661:32364857] [MT] IDERunDestination: Supported platforms for the buildables in the current scheme is empty.
2026-09-15 22:10:48.298 xcodebuild[28661:32364857] [MT] IDERunDestination: Supported platforms for the buildables in the current scheme is empty.
2026-09-15 22:10:49.680662-0400 DriverUITests-Runner[3913:784992] [Default] Running tests...
    t =      nans Interface orientation changed to Portrait
Test Suite 'Selected tests' started at 2026-09-15 22:10:50.154.
Test Suite 'DriverUITests.xctest' started at 2026-09-15 22:10:50.155.
Test Suite 'K00DriverTests' started at 2026-09-15 22:10:50.155.
Test Case '-[DriverUITests.K00DriverTests testOneSample]' started.
    t =     0.00s Start Test at 2026-09-15 22:10:50.156
    t =     0.02s Set Up
    t =     0.02s Open life.soullab.voicekernel.vpio02sid
    t =     0.02s     Launch life.soullab.voicekernel.vpio02sid
    t =     0.10s         Setting up automation session
    t =     0.17s         Wait for life.soullab.voicekernel.vpio02sid to idle
2026-09-15 22:10:50.299 xcodebuild[28661:32364857] [MT] IDERunDestination: Supported platforms for the buildables in the current scheme is empty.
    t =     1.26s Wait for life.soullab.voicekernel.vpio02sid to become Running Foreground
    t =     1.27s Waiting 10.0s for "Enter conversation" Button to exist
    t =     2.30s     Checking `Expect predicate `existsNoRetry == 1` for object "Enter conversation" Button`
    t =     2.30s         Checking existence of `"Enter conversation" Button`
    t =     2.40s Checking existence of `"Voice processing: ON (default)" Button`
    t =     2.42s Checking existence of `"Voice processing: OFF (control run)" Button`
    t =     2.75s Waiting 3.0s for "Voice processing: ON (default)" Button to exist
    t =     3.75s     Checking `Expect predicate `existsNoRetry == 1` for object "Voice processing: ON (default)" Button`
    t =     3.75s         Checking existence of `"Voice processing: ON (default)" Button`
    t =     3.82s Waiting 5.0s for "Enter conversation" Button to exist
    t =     4.82s     Checking `Expect predicate `existsNoRetry == 1` for object "Enter conversation" Button`
    t =     4.82s         Checking existence of `"Enter conversation" Button`
    t =     4.88s Tap "Enter conversation" Button
    t =     4.88s     Wait for life.soullab.voicekernel.vpio02sid to idle
    t =     4.89s     Find the "Enter conversation" Button
    t =     5.03s     Check for interrupting elements affecting "Enter conversation" Button
    t =     5.10s     Synthesize event
    t =     5.40s     Wait for life.soullab.voicekernel.vpio02sid to idle
    t =    20.42s Waiting 5.0s for "Export journal" Button to exist
    t =    21.45s     Checking `Expect predicate `existsNoRetry == 1` for object "Export journal" Button`
    t =    21.46s         Checking existence of `"Export journal" Button`
    t =    21.51s Tap "Export journal" Button
    t =    21.51s     Wait for life.soullab.voicekernel.vpio02sid to idle
    t =    21.52s     Find the "Export journal" Button
    t =    21.56s     Check for interrupting elements affecting "Export journal" Button
    t =    21.60s     Synthesize event
    t =    21.90s     Wait for life.soullab.voicekernel.vpio02sid to idle
    t =    24.10s Terminate life.soullab.voicekernel.vpio02sid:3914
    t =    25.20s Wait for life.soullab.voicekernel.vpio02sid to become Not Running
    t =    25.20s Tear Down
Test Case '-[DriverUITests.K00DriverTests testOneSample]' passed (25.284 seconds).
Test Suite 'K00DriverTests' passed at 2026-09-15 22:11:15.448.
	 Executed 1 test, with 0 failures (0 unexpected) in 25.284 (25.293) seconds
Test Suite 'DriverUITests.xctest' passed at 2026-09-15 22:11:15.450.
	 Executed 1 test, with 0 failures (0 unexpected) in 25.284 (25.295) seconds
Test Suite 'Selected tests' passed at 2026-09-15 22:11:15.451.
	 Executed 1 test, with 0 failures (0 unexpected) in 25.284 (25.297) seconds
2026-09-15 22:11:15.500 xcodebuild[28661:32364857] [MT] IDERunDestination: Supported platforms for the buildables in the current scheme is empty.
2026-09-15 22:11:15.708 xcodebuild[28661:32364857] [MT] IDETestOperationsObserverDebug: 27.621 elapsed -- Testing started completed.
2026-09-15 22:11:15.708 xcodebuild[28661:32364857] [MT] IDETestOperationsObserverDebug: 0.000 sec, +0.000 sec -- start
2026-09-15 22:11:15.708 xcodebuild[28661:32364857] [MT] IDETestOperationsObserverDebug: 27.621 sec, +27.621 sec -- end

Test session results, code coverage, and logs:
	/Users/soullab/Library/Developer/Xcode/DerivedData/VoiceKernelDriver-eevidyysanybxthjacjgawmzodje/Logs/Test/Test-DriverUITests-2026.09.15_22-10-47--0400.xcresult

** TEST EXECUTE SUCCEEDED **

Testing started
