Command line invocation:
    /Applications/Xcode.app/Contents/Developer/usr/bin/xcodebuild test-without-building -xctestrun /private/tmp/sid-entry-01-3035c02353b3cc0dab0b0ce1823116d6712b8eb1/ios/VoiceKernelDriver/.derived/Build/Products/DriverUITests_iphoneos26.2-arm64.xctestrun -destination id=00008140-00163D9922E0801C -collect-test-diagnostics never "-only-testing:DriverUITests/K00DriverTests/testOneSample"

2026-09-15 22:02:30.544 xcodebuild[20809:32332225] [MT] IDERunDestination: Supported platforms for the buildables in the current scheme is empty.
2026-09-15 22:02:30.548 xcodebuild[20809:32332225] [MT] IDERunDestination: Supported platforms for the buildables in the current scheme is empty.
2026-09-15 22:02:30.646 xcodebuild[20809:32332225] [MT] IDERunDestination: Supported platforms for the buildables in the current scheme is empty.
2026-09-15 22:02:30.756 xcodebuild[20809:32332225] [MT] IDERunDestination: Supported platforms for the buildables in the current scheme is empty.
--- xcodebuild: WARNING: Using the first of multiple matching destinations:
{ platform:iOS, arch:arm64e, id:00008140-00163D9922E0801C, name:Kelly Nezat’s iPhone }
{ platform:iOS, arch:arm64, id:00008140-00163D9922E0801C, name:Kelly Nezat’s iPhone }
2026-09-15 22:02:30.952 xcodebuild[20809:32332225] [MT] IDERunDestination: Supported platforms for the buildables in the current scheme is empty.
2026-09-15 22:02:32.758184-0400 DriverUITests-Runner[3858:763296] [Default] Running tests...
    t =      nans Interface orientation changed to Portrait
Test Suite 'Selected tests' started at 2026-09-15 22:02:33.225.
Test Suite 'DriverUITests.xctest' started at 2026-09-15 22:02:33.226.
Test Suite 'K00DriverTests' started at 2026-09-15 22:02:33.226.
Test Case '-[DriverUITests.K00DriverTests testOneSample]' started.
    t =     0.00s Start Test at 2026-09-15 22:02:33.227
    t =     0.02s Set Up
    t =     0.03s Open life.soullab.voicekernel.vpio02sid
    t =     0.03s     Launch life.soullab.voicekernel.vpio02sid
    t =     0.09s         Setting up automation session
    t =     0.18s         Wait for life.soullab.voicekernel.vpio02sid to idle
2026-09-15 22:02:33.385 xcodebuild[20809:32332225] [MT] IDERunDestination: Supported platforms for the buildables in the current scheme is empty.
    t =     1.27s Wait for life.soullab.voicekernel.vpio02sid to become Running Foreground
    t =     1.28s Waiting 10.0s for "Enter conversation" Button to exist
    t =     2.29s     Checking `Expect predicate `existsNoRetry == 1` for object "Enter conversation" Button`
    t =     2.29s         Checking existence of `"Enter conversation" Button`
    t =     2.38s Checking existence of `"Voice processing: ON (default)" Button`
    t =     2.41s Checking existence of `"Voice processing: OFF (control run)" Button`
    t =     2.74s Waiting 3.0s for "Voice processing: ON (default)" Button to exist
    t =     3.74s     Checking `Expect predicate `existsNoRetry == 1` for object "Voice processing: ON (default)" Button`
    t =     3.74s         Checking existence of `"Voice processing: ON (default)" Button`
    t =     3.81s Waiting 5.0s for "Enter conversation" Button to exist
    t =     4.82s     Checking `Expect predicate `existsNoRetry == 1` for object "Enter conversation" Button`
    t =     4.82s         Checking existence of `"Enter conversation" Button`
    t =     4.88s Tap "Enter conversation" Button
    t =     4.88s     Wait for life.soullab.voicekernel.vpio02sid to idle
    t =     4.89s     Find the "Enter conversation" Button
    t =     4.93s     Check for interrupting elements affecting "Enter conversation" Button
    t =     4.97s     Synthesize event
    t =     5.27s     Wait for life.soullab.voicekernel.vpio02sid to idle
    t =    20.27s Waiting 5.0s for "Export journal" Button to exist
    t =    21.31s     Checking `Expect predicate `existsNoRetry == 1` for object "Export journal" Button`
    t =    21.31s         Checking existence of `"Export journal" Button`
    t =    21.37s Tap "Export journal" Button
    t =    21.37s     Wait for life.soullab.voicekernel.vpio02sid to idle
    t =    21.38s     Find the "Export journal" Button
    t =    21.41s     Check for interrupting elements affecting "Export journal" Button
    t =    21.45s     Synthesize event
    t =    21.75s     Wait for life.soullab.voicekernel.vpio02sid to idle
    t =    23.96s Terminate life.soullab.voicekernel.vpio02sid:3859
    t =    25.01s Wait for life.soullab.voicekernel.vpio02sid to become Not Running
    t =    25.02s Tear Down
Test Case '-[DriverUITests.K00DriverTests testOneSample]' passed (25.082 seconds).
Test Suite 'K00DriverTests' passed at 2026-09-15 22:02:58.316.
	 Executed 1 test, with 0 failures (0 unexpected) in 25.082 (25.090) seconds
Test Suite 'DriverUITests.xctest' passed at 2026-09-15 22:02:58.323.
	 Executed 1 test, with 0 failures (0 unexpected) in 25.082 (25.098) seconds
Test Suite 'Selected tests' passed at 2026-09-15 22:02:58.324.
	 Executed 1 test, with 0 failures (0 unexpected) in 25.082 (25.099) seconds
2026-09-15 22:02:58.404 xcodebuild[20809:32332225] [MT] IDERunDestination: Supported platforms for the buildables in the current scheme is empty.
2026-09-15 22:02:58.602 xcodebuild[20809:32332225] [MT] IDETestOperationsObserverDebug: 27.648 elapsed -- Testing started completed.
2026-09-15 22:02:58.602 xcodebuild[20809:32332225] [MT] IDETestOperationsObserverDebug: 0.000 sec, +0.000 sec -- start
2026-09-15 22:02:58.602 xcodebuild[20809:32332225] [MT] IDETestOperationsObserverDebug: 27.648 sec, +27.648 sec -- end

Test session results, code coverage, and logs:
	/Users/soullab/Library/Developer/Xcode/DerivedData/VoiceKernelDriver-bqdkacrcnxxpnlfrnwvvaqemoyux/Logs/Test/Test-DriverUITests-2026.09.15_22-02-30--0400.xcresult

** TEST EXECUTE SUCCEEDED **

Testing started
