Command line invocation:
    /Applications/Xcode.app/Contents/Developer/usr/bin/xcodebuild test-without-building -xctestrun /private/tmp/sid-entry-01-3035c02353b3cc0dab0b0ce1823116d6712b8eb1/ios/VoiceKernelDriver/.derived/Build/Products/DriverUITests_iphoneos26.2-arm64.xctestrun -destination id=00008140-00163D9922E0801C -collect-test-diagnostics never "-only-testing:DriverUITests/K00DriverTests/testOneSample"

2026-09-15 22:20:39.165 xcodebuild[38814:32403683] [MT] IDERunDestination: Supported platforms for the buildables in the current scheme is empty.
2026-09-15 22:20:39.168 xcodebuild[38814:32403683] [MT] IDERunDestination: Supported platforms for the buildables in the current scheme is empty.
2026-09-15 22:20:39.267 xcodebuild[38814:32403683] [MT] IDERunDestination: Supported platforms for the buildables in the current scheme is empty.
2026-09-15 22:20:39.380 xcodebuild[38814:32403683] [MT] IDERunDestination: Supported platforms for the buildables in the current scheme is empty.
--- xcodebuild: WARNING: Using the first of multiple matching destinations:
{ platform:iOS, arch:arm64e, id:00008140-00163D9922E0801C, name:Kelly Nezat’s iPhone }
{ platform:iOS, arch:arm64, id:00008140-00163D9922E0801C, name:Kelly Nezat’s iPhone }
2026-09-15 22:20:39.588 xcodebuild[38814:32403683] [MT] IDERunDestination: Supported platforms for the buildables in the current scheme is empty.
2026-09-15 22:20:39.796 xcodebuild[38814:32403683] [MT] IDERunDestination: Supported platforms for the buildables in the current scheme is empty.
2026-09-15 22:20:41.213691-0400 DriverUITests-Runner[3959:807583] [Default] Running tests...
    t =      nans Interface orientation changed to Portrait
Test Suite 'Selected tests' started at 2026-09-15 22:20:41.687.
Test Suite 'DriverUITests.xctest' started at 2026-09-15 22:20:41.688.
Test Suite 'K00DriverTests' started at 2026-09-15 22:20:41.688.
Test Case '-[DriverUITests.K00DriverTests testOneSample]' started.
    t =     0.00s Start Test at 2026-09-15 22:20:41.689
    t =     0.02s Set Up
    t =     0.02s Open life.soullab.voicekernel.vpio02sid
    t =     0.03s     Launch life.soullab.voicekernel.vpio02sid
    t =     0.10s         Setting up automation session
    t =     0.17s         Wait for life.soullab.voicekernel.vpio02sid to idle
2026-09-15 22:20:41.850 xcodebuild[38814:32403683] [MT] IDERunDestination: Supported platforms for the buildables in the current scheme is empty.
    t =     1.26s Wait for life.soullab.voicekernel.vpio02sid to become Running Foreground
    t =     1.27s Waiting 10.0s for "Enter conversation" Button to exist
    t =     2.32s     Checking `Expect predicate `existsNoRetry == 1` for object "Enter conversation" Button`
    t =     2.32s         Checking existence of `"Enter conversation" Button`
    t =     2.41s Checking existence of `"Voice processing: ON (default)" Button`
    t =     2.44s Checking existence of `"Voice processing: OFF (control run)" Button`
    t =     2.76s Waiting 3.0s for "Voice processing: ON (default)" Button to exist
    t =     3.80s     Checking `Expect predicate `existsNoRetry == 1` for object "Voice processing: ON (default)" Button`
    t =     3.80s         Checking existence of `"Voice processing: ON (default)" Button`
    t =     3.87s Waiting 5.0s for "Enter conversation" Button to exist
    t =     4.88s     Checking `Expect predicate `existsNoRetry == 1` for object "Enter conversation" Button`
    t =     4.89s         Checking existence of `"Enter conversation" Button`
    t =     4.95s Tap "Enter conversation" Button
    t =     4.95s     Wait for life.soullab.voicekernel.vpio02sid to idle
    t =     4.95s     Find the "Enter conversation" Button
    t =     4.99s     Check for interrupting elements affecting "Enter conversation" Button
    t =     5.03s     Synthesize event
    t =     5.33s     Wait for life.soullab.voicekernel.vpio02sid to idle
    t =    20.35s Waiting 5.0s for "Export journal" Button to exist
    t =    21.38s     Checking `Expect predicate `existsNoRetry == 1` for object "Export journal" Button`
    t =    21.39s         Checking existence of `"Export journal" Button`
    t =    21.44s Tap "Export journal" Button
    t =    21.44s     Wait for life.soullab.voicekernel.vpio02sid to idle
    t =    21.45s     Find the "Export journal" Button
    t =    21.49s     Check for interrupting elements affecting "Export journal" Button
    t =    21.53s     Synthesize event
    t =    21.83s     Wait for life.soullab.voicekernel.vpio02sid to idle
    t =    24.04s Terminate life.soullab.voicekernel.vpio02sid:3960
    t =    25.06s Wait for life.soullab.voicekernel.vpio02sid to become Not Running
    t =    25.06s Tear Down
Test Case '-[DriverUITests.K00DriverTests testOneSample]' passed (25.132 seconds).
Test Suite 'K00DriverTests' passed at 2026-09-15 22:21:06.823.
	 Executed 1 test, with 0 failures (0 unexpected) in 25.132 (25.135) seconds
Test Suite 'DriverUITests.xctest' passed at 2026-09-15 22:21:06.823.
	 Executed 1 test, with 0 failures (0 unexpected) in 25.132 (25.135) seconds
Test Suite 'Selected tests' passed at 2026-09-15 22:21:06.824.
	 Executed 1 test, with 0 failures (0 unexpected) in 25.132 (25.137) seconds
2026-09-15 22:21:06.900 xcodebuild[38814:32403683] [MT] IDERunDestination: Supported platforms for the buildables in the current scheme is empty.
2026-09-15 22:21:07.078 xcodebuild[38814:32403683] [MT] IDETestOperationsObserverDebug: 27.489 elapsed -- Testing started completed.
2026-09-15 22:21:07.078 xcodebuild[38814:32403683] [MT] IDETestOperationsObserverDebug: 0.000 sec, +0.000 sec -- start
2026-09-15 22:21:07.079 xcodebuild[38814:32403683] [MT] IDETestOperationsObserverDebug: 27.489 sec, +27.489 sec -- end

Test session results, code coverage, and logs:
	/Users/soullab/Library/Developer/Xcode/DerivedData/VoiceKernelDriver-cpsbdyjutvgxnegxsdsgkasvuqit/Logs/Test/Test-DriverUITests-2026.09.15_22-20-39--0400.xcresult

** TEST EXECUTE SUCCEEDED **

Testing started
