Command line invocation:
    /Applications/Xcode.app/Contents/Developer/usr/bin/xcodebuild test-without-building -xctestrun /private/tmp/sid-entry-01-3035c02353b3cc0dab0b0ce1823116d6712b8eb1/ios/VoiceKernelDriver/.derived/Build/Products/DriverUITests_iphoneos26.2-arm64.xctestrun -destination id=00008140-00163D9922E0801C -collect-test-diagnostics never "-only-testing:DriverUITests/K00DriverTests/testOneSample"

2026-09-15 22:08:53.720 xcodebuild[26189:32353818] [MT] IDERunDestination: Supported platforms for the buildables in the current scheme is empty.
2026-09-15 22:08:53.724 xcodebuild[26189:32353818] [MT] IDERunDestination: Supported platforms for the buildables in the current scheme is empty.
2026-09-15 22:08:53.823 xcodebuild[26189:32353818] [MT] IDERunDestination: Supported platforms for the buildables in the current scheme is empty.
2026-09-15 22:08:53.933 xcodebuild[26189:32353818] [MT] IDERunDestination: Supported platforms for the buildables in the current scheme is empty.
--- xcodebuild: WARNING: Using the first of multiple matching destinations:
{ platform:iOS, arch:arm64e, id:00008140-00163D9922E0801C, name:Kelly Nezat’s iPhone }
{ platform:iOS, arch:arm64, id:00008140-00163D9922E0801C, name:Kelly Nezat’s iPhone }
2026-09-15 22:08:54.135 xcodebuild[26189:32353818] [MT] IDERunDestination: Supported platforms for the buildables in the current scheme is empty.
2026-09-15 22:08:54.347 xcodebuild[26189:32353818] [MT] IDERunDestination: Supported platforms for the buildables in the current scheme is empty.
2026-09-15 22:08:55.835978-0400 DriverUITests-Runner[3895:780285] [Default] Running tests...
    t =      nans Interface orientation changed to Portrait
Test Suite 'Selected tests' started at 2026-09-15 22:08:56.312.
Test Suite 'DriverUITests.xctest' started at 2026-09-15 22:08:56.313.
Test Suite 'K00DriverTests' started at 2026-09-15 22:08:56.314.
Test Case '-[DriverUITests.K00DriverTests testOneSample]' started.
    t =     0.00s Start Test at 2026-09-15 22:08:56.314
    t =     0.02s Set Up
    t =     0.02s Open life.soullab.voicekernel.vpio02sid
    t =     0.02s     Launch life.soullab.voicekernel.vpio02sid
    t =     0.09s         Setting up automation session
    t =     0.17s         Wait for life.soullab.voicekernel.vpio02sid to idle
2026-09-15 22:08:56.464 xcodebuild[26189:32353818] [MT] IDERunDestination: Supported platforms for the buildables in the current scheme is empty.
    t =     1.27s Wait for life.soullab.voicekernel.vpio02sid to become Running Foreground
    t =     1.27s Waiting 10.0s for "Enter conversation" Button to exist
    t =     2.33s     Checking `Expect predicate `existsNoRetry == 1` for object "Enter conversation" Button`
    t =     2.33s         Checking existence of `"Enter conversation" Button`
    t =     2.42s Checking existence of `"Voice processing: ON (default)" Button`
    t =     2.45s Checking existence of `"Voice processing: OFF (control run)" Button`
    t =     2.78s Waiting 3.0s for "Voice processing: ON (default)" Button to exist
    t =     3.79s     Checking `Expect predicate `existsNoRetry == 1` for object "Voice processing: ON (default)" Button`
    t =     3.79s         Checking existence of `"Voice processing: ON (default)" Button`
    t =     3.85s Waiting 5.0s for "Enter conversation" Button to exist
2026-09-15 22:09:00.135 xcodebuild[26189:32353818] [MT] IDERunDestination: Supported platforms for the buildables in the current scheme is empty.
    t =     4.85s     Checking `Expect predicate `existsNoRetry == 1` for object "Enter conversation" Button`
    t =     4.85s         Checking existence of `"Enter conversation" Button`
    t =     4.92s Tap "Enter conversation" Button
    t =     4.92s     Wait for life.soullab.voicekernel.vpio02sid to idle
    t =     4.93s     Find the "Enter conversation" Button
    t =     5.07s     Check for interrupting elements affecting "Enter conversation" Button
    t =     5.14s     Synthesize event
    t =     5.44s     Wait for life.soullab.voicekernel.vpio02sid to idle
    t =    20.46s Waiting 5.0s for "Export journal" Button to exist
    t =    21.49s     Checking `Expect predicate `existsNoRetry == 1` for object "Export journal" Button`
    t =    21.50s         Checking existence of `"Export journal" Button`
    t =    21.55s Tap "Export journal" Button
    t =    21.55s     Wait for life.soullab.voicekernel.vpio02sid to idle
    t =    21.56s     Find the "Export journal" Button
    t =    21.60s     Check for interrupting elements affecting "Export journal" Button
    t =    21.64s     Synthesize event
    t =    22.06s     Wait for life.soullab.voicekernel.vpio02sid to idle
    t =    24.27s Terminate life.soullab.voicekernel.vpio02sid:3896
    t =    25.36s Wait for life.soullab.voicekernel.vpio02sid to become Not Running
    t =    25.36s Tear Down
Test Case '-[DriverUITests.K00DriverTests testOneSample]' passed (25.432 seconds).
Test Suite 'K00DriverTests' passed at 2026-09-15 22:09:21.749.
	 Executed 1 test, with 0 failures (0 unexpected) in 25.432 (25.435) seconds
Test Suite 'DriverUITests.xctest' passed at 2026-09-15 22:09:21.751.
	 Executed 1 test, with 0 failures (0 unexpected) in 25.432 (25.438) seconds
Test Suite 'Selected tests' passed at 2026-09-15 22:09:21.755.
	 Executed 1 test, with 0 failures (0 unexpected) in 25.432 (25.442) seconds
2026-09-15 22:09:21.818 xcodebuild[26189:32353818] [MT] IDERunDestination: Supported platforms for the buildables in the current scheme is empty.
2026-09-15 22:09:21.987 xcodebuild[26189:32353818] [MT] IDETestOperationsObserverDebug: 27.851 elapsed -- Testing started completed.
2026-09-15 22:09:21.987 xcodebuild[26189:32353818] [MT] IDETestOperationsObserverDebug: 0.000 sec, +0.000 sec -- start
2026-09-15 22:09:21.987 xcodebuild[26189:32353818] [MT] IDETestOperationsObserverDebug: 27.851 sec, +27.851 sec -- end

Test session results, code coverage, and logs:
	/Users/soullab/Library/Developer/Xcode/DerivedData/VoiceKernelDriver-dvwcfzqincpypqenkddqpyfpstpr/Logs/Test/Test-DriverUITests-2026.09.15_22-08-53--0400.xcresult

** TEST EXECUTE SUCCEEDED **

Testing started
