Command line invocation:
    /Applications/Xcode.app/Contents/Developer/usr/bin/xcodebuild test-without-building -xctestrun /private/tmp/sid-entry-01-3035c02353b3cc0dab0b0ce1823116d6712b8eb1/ios/VoiceKernelDriver/.derived/Build/Products/DriverUITests_iphoneos26.2-arm64.xctestrun -destination id=00008140-00163D9922E0801C -collect-test-diagnostics never "-only-testing:DriverUITests/K00DriverTests/testOneSample"

2026-09-15 22:17:39.604 xcodebuild[34156:32389403] [MT] IDERunDestination: Supported platforms for the buildables in the current scheme is empty.
2026-09-15 22:17:39.608 xcodebuild[34156:32389403] [MT] IDERunDestination: Supported platforms for the buildables in the current scheme is empty.
2026-09-15 22:17:39.707 xcodebuild[34156:32389403] [MT] IDERunDestination: Supported platforms for the buildables in the current scheme is empty.
2026-09-15 22:17:39.822 xcodebuild[34156:32389403] [MT] IDERunDestination: Supported platforms for the buildables in the current scheme is empty.
--- xcodebuild: WARNING: Using the first of multiple matching destinations:
{ platform:iOS, arch:arm64e, id:00008140-00163D9922E0801C, name:Kelly Nezat’s iPhone }
{ platform:iOS, arch:arm64, id:00008140-00163D9922E0801C, name:Kelly Nezat’s iPhone }
2026-09-15 22:17:40.035 xcodebuild[34156:32389403] [MT] IDERunDestination: Supported platforms for the buildables in the current scheme is empty.
2026-09-15 22:17:40.252 xcodebuild[34156:32389403] [MT] IDERunDestination: Supported platforms for the buildables in the current scheme is empty.
2026-09-15 22:17:41.639891-0400 DriverUITests-Runner[3946:801076] [Default] Running tests...
    t =      nans Interface orientation changed to Portrait
Test Suite 'Selected tests' started at 2026-09-15 22:17:42.098.
Test Suite 'DriverUITests.xctest' started at 2026-09-15 22:17:42.099.
Test Suite 'K00DriverTests' started at 2026-09-15 22:17:42.099.
Test Case '-[DriverUITests.K00DriverTests testOneSample]' started.
    t =     0.00s Start Test at 2026-09-15 22:17:42.100
    t =     0.02s Set Up
    t =     0.03s Open life.soullab.voicekernel.vpio02sid
    t =     0.03s     Launch life.soullab.voicekernel.vpio02sid
    t =     0.10s         Setting up automation session
    t =     0.18s         Wait for life.soullab.voicekernel.vpio02sid to idle
2026-09-15 22:17:42.271 xcodebuild[34156:32389403] [MT] IDERunDestination: Supported platforms for the buildables in the current scheme is empty.
    t =     1.28s Wait for life.soullab.voicekernel.vpio02sid to become Running Foreground
    t =     1.29s Waiting 10.0s for "Enter conversation" Button to exist
    t =     2.35s     Checking `Expect predicate `existsNoRetry == 1` for object "Enter conversation" Button`
    t =     2.35s         Checking existence of `"Enter conversation" Button`
    t =     2.44s Checking existence of `"Voice processing: ON (default)" Button`
    t =     2.47s Checking existence of `"Voice processing: OFF (control run)" Button`
    t =     2.80s Waiting 3.0s for "Voice processing: ON (default)" Button to exist
    t =     3.81s     Checking `Expect predicate `existsNoRetry == 1` for object "Voice processing: ON (default)" Button`
    t =     3.81s         Checking existence of `"Voice processing: ON (default)" Button`
    t =     3.87s Waiting 5.0s for "Enter conversation" Button to exist
    t =     4.87s     Checking `Expect predicate `existsNoRetry == 1` for object "Enter conversation" Button`
    t =     4.87s         Checking existence of `"Enter conversation" Button`
    t =     4.94s Tap "Enter conversation" Button
    t =     4.94s     Wait for life.soullab.voicekernel.vpio02sid to idle
    t =     4.94s     Find the "Enter conversation" Button
    t =     4.98s     Check for interrupting elements affecting "Enter conversation" Button
    t =     5.02s     Synthesize event
    t =     5.31s     Wait for life.soullab.voicekernel.vpio02sid to idle
    t =    20.33s Waiting 5.0s for "Export journal" Button to exist
    t =    21.37s     Checking `Expect predicate `existsNoRetry == 1` for object "Export journal" Button`
    t =    21.38s         Checking existence of `"Export journal" Button`
    t =    21.43s Tap "Export journal" Button
    t =    21.43s     Wait for life.soullab.voicekernel.vpio02sid to idle
    t =    21.44s     Find the "Export journal" Button
    t =    21.47s     Check for interrupting elements affecting "Export journal" Button
    t =    21.51s     Synthesize event
    t =    21.82s     Wait for life.soullab.voicekernel.vpio02sid to idle
    t =    24.02s Terminate life.soullab.voicekernel.vpio02sid:3947
    t =    25.12s Wait for life.soullab.voicekernel.vpio02sid to become Not Running
    t =    25.12s Tear Down
Test Case '-[DriverUITests.K00DriverTests testOneSample]' passed (25.184 seconds).
Test Suite 'K00DriverTests' passed at 2026-09-15 22:18:07.285.
	 Executed 1 test, with 0 failures (0 unexpected) in 25.184 (25.186) seconds
Test Suite 'DriverUITests.xctest' passed at 2026-09-15 22:18:07.289.
	 Executed 1 test, with 0 failures (0 unexpected) in 25.184 (25.191) seconds
Test Suite 'Selected tests' passed at 2026-09-15 22:18:07.300.
	 Executed 1 test, with 0 failures (0 unexpected) in 25.184 (25.202) seconds
2026-09-15 22:18:07.380 xcodebuild[34156:32389403] [MT] IDERunDestination: Supported platforms for the buildables in the current scheme is empty.
2026-09-15 22:18:07.562 xcodebuild[34156:32389403] [MT] IDETestOperationsObserverDebug: 27.526 elapsed -- Testing started completed.
2026-09-15 22:18:07.563 xcodebuild[34156:32389403] [MT] IDETestOperationsObserverDebug: 0.000 sec, +0.000 sec -- start
2026-09-15 22:18:07.563 xcodebuild[34156:32389403] [MT] IDETestOperationsObserverDebug: 27.526 sec, +27.526 sec -- end

Test session results, code coverage, and logs:
	/Users/soullab/Library/Developer/Xcode/DerivedData/VoiceKernelDriver-fvufesmbskutiohadysgdlzducdv/Logs/Test/Test-DriverUITests-2026.09.15_22-17-39--0400.xcresult

** TEST EXECUTE SUCCEEDED **

Testing started
