Command line invocation:
    /Applications/Xcode.app/Contents/Developer/usr/bin/xcodebuild test-without-building -xctestrun /private/tmp/sid-entry-01-3035c02353b3cc0dab0b0ce1823116d6712b8eb1/ios/VoiceKernelDriver/.derived/Build/Products/DriverUITests_iphoneos26.2-arm64.xctestrun -destination id=00008140-00163D9922E0801C -collect-test-diagnostics never "-only-testing:DriverUITests/K00DriverTests/testOneSample"

2026-09-15 22:03:03.035 xcodebuild[21034:32333261] [MT] IDERunDestination: Supported platforms for the buildables in the current scheme is empty.
2026-09-15 22:03:03.039 xcodebuild[21034:32333261] [MT] IDERunDestination: Supported platforms for the buildables in the current scheme is empty.
2026-09-15 22:03:03.138 xcodebuild[21034:32333261] [MT] IDERunDestination: Supported platforms for the buildables in the current scheme is empty.
2026-09-15 22:03:03.245 xcodebuild[21034:32333261] [MT] IDERunDestination: Supported platforms for the buildables in the current scheme is empty.
--- xcodebuild: WARNING: Using the first of multiple matching destinations:
{ platform:iOS, arch:arm64e, id:00008140-00163D9922E0801C, name:Kelly Nezat’s iPhone }
{ platform:iOS, arch:arm64, id:00008140-00163D9922E0801C, name:Kelly Nezat’s iPhone }
2026-09-15 22:03:03.436 xcodebuild[21034:32333261] [MT] IDERunDestination: Supported platforms for the buildables in the current scheme is empty.
2026-09-15 22:03:03.636 xcodebuild[21034:32333261] [MT] IDERunDestination: Supported platforms for the buildables in the current scheme is empty.
2026-09-15 22:03:05.422531-0400 DriverUITests-Runner[3861:764837] [Default] Running tests...
    t =      nans Interface orientation changed to Portrait
Test Suite 'Selected tests' started at 2026-09-15 22:03:05.907.
Test Suite 'DriverUITests.xctest' started at 2026-09-15 22:03:05.907.
Test Suite 'K00DriverTests' started at 2026-09-15 22:03:05.907.
Test Case '-[DriverUITests.K00DriverTests testOneSample]' started.
    t =     0.00s Start Test at 2026-09-15 22:03:05.908
    t =     0.02s Set Up
    t =     0.03s Open life.soullab.voicekernel.vpio02sid
    t =     0.03s     Launch life.soullab.voicekernel.vpio02sid
    t =     0.10s         Setting up automation session
    t =     0.18s         Wait for life.soullab.voicekernel.vpio02sid to idle
2026-09-15 22:03:06.045 xcodebuild[21034:32333261] [MT] IDERunDestination: Supported platforms for the buildables in the current scheme is empty.
    t =     1.27s Wait for life.soullab.voicekernel.vpio02sid to become Running Foreground
    t =     1.28s Waiting 10.0s for "Enter conversation" Button to exist
    t =     2.33s     Checking `Expect predicate `existsNoRetry == 1` for object "Enter conversation" Button`
    t =     2.34s         Checking existence of `"Enter conversation" Button`
    t =     2.43s Checking existence of `"Voice processing: ON (default)" Button`
    t =     2.45s Checking existence of `"Voice processing: OFF (control run)" Button`
    t =     2.78s Waiting 3.0s for "Voice processing: ON (default)" Button to exist
    t =     3.78s     Checking `Expect predicate `existsNoRetry == 1` for object "Voice processing: ON (default)" Button`
    t =     3.78s         Checking existence of `"Voice processing: ON (default)" Button`
    t =     3.84s Waiting 5.0s for "Enter conversation" Button to exist
    t =     4.86s     Checking `Expect predicate `existsNoRetry == 1` for object "Enter conversation" Button`
    t =     4.86s         Checking existence of `"Enter conversation" Button`
    t =     4.92s Tap "Enter conversation" Button
    t =     4.93s     Wait for life.soullab.voicekernel.vpio02sid to idle
    t =     4.93s     Find the "Enter conversation" Button
    t =     4.97s     Check for interrupting elements affecting "Enter conversation" Button
    t =     5.01s     Synthesize event
    t =     5.31s     Wait for life.soullab.voicekernel.vpio02sid to idle
    t =    20.32s Waiting 5.0s for "Export journal" Button to exist
    t =    21.35s     Checking `Expect predicate `existsNoRetry == 1` for object "Export journal" Button`
    t =    21.35s         Checking existence of `"Export journal" Button`
    t =    21.41s Tap "Export journal" Button
    t =    21.41s     Wait for life.soullab.voicekernel.vpio02sid to idle
    t =    21.43s     Find the "Export journal" Button
    t =    21.46s     Check for interrupting elements affecting "Export journal" Button
    t =    21.50s     Synthesize event
    t =    21.81s     Wait for life.soullab.voicekernel.vpio02sid to idle
    t =    24.01s Terminate life.soullab.voicekernel.vpio02sid:3862
    t =    25.07s Wait for life.soullab.voicekernel.vpio02sid to become Not Running
    t =    25.07s Tear Down
Test Case '-[DriverUITests.K00DriverTests testOneSample]' passed (25.142 seconds).
Test Suite 'K00DriverTests' passed at 2026-09-15 22:03:31.051.
	 Executed 1 test, with 0 failures (0 unexpected) in 25.142 (25.144) seconds
Test Suite 'DriverUITests.xctest' passed at 2026-09-15 22:03:31.052.
	 Executed 1 test, with 0 failures (0 unexpected) in 25.142 (25.145) seconds
Test Suite 'Selected tests' passed at 2026-09-15 22:03:31.054.
	 Executed 1 test, with 0 failures (0 unexpected) in 25.142 (25.148) seconds
2026-09-15 22:03:31.121 xcodebuild[21034:32333261] [MT] IDERunDestination: Supported platforms for the buildables in the current scheme is empty.
2026-09-15 22:03:31.294 xcodebuild[21034:32333261] [MT] IDETestOperationsObserverDebug: 27.857 elapsed -- Testing started completed.
2026-09-15 22:03:31.294 xcodebuild[21034:32333261] [MT] IDETestOperationsObserverDebug: 0.000 sec, +0.000 sec -- start
2026-09-15 22:03:31.294 xcodebuild[21034:32333261] [MT] IDETestOperationsObserverDebug: 27.857 sec, +27.857 sec -- end

Test session results, code coverage, and logs:
	/Users/soullab/Library/Developer/Xcode/DerivedData/VoiceKernelDriver-bexqmteuoqcdpvblpxgwvilgzkes/Logs/Test/Test-DriverUITests-2026.09.15_22-03-03--0400.xcresult

** TEST EXECUTE SUCCEEDED **

Testing started
