Command line invocation:
    /Applications/Xcode.app/Contents/Developer/usr/bin/xcodebuild test-without-building -xctestrun /private/tmp/k0506-s2pop2-b198e2e37/ios/VoiceKernelDriver/.derived/Build/Products/DriverUITests_iphoneos26.2-arm64.xctestrun -destination id=00008140-00163D9922E0801C -collect-test-diagnostics never "-only-testing:DriverUITests/K00DriverTests/testOutputSample"

2026-09-15 14:42:58.825 xcodebuild[31013:31551669] [MT] IDERunDestination: Supported platforms for the buildables in the current scheme is empty.
2026-09-15 14:42:58.828 xcodebuild[31013:31551669] [MT] IDERunDestination: Supported platforms for the buildables in the current scheme is empty.
2026-09-15 14:42:58.928 xcodebuild[31013:31551669] [MT] IDERunDestination: Supported platforms for the buildables in the current scheme is empty.
2026-09-15 14:42:59.034 xcodebuild[31013:31551669] [MT] IDERunDestination: Supported platforms for the buildables in the current scheme is empty.
--- xcodebuild: WARNING: Using the first of multiple matching destinations:
{ platform:iOS, arch:arm64e, id:00008140-00163D9922E0801C, name:Kelly Nezat’s iPhone }
{ platform:iOS, arch:arm64, id:00008140-00163D9922E0801C, name:Kelly Nezat’s iPhone }
2026-09-15 14:42:59.226 xcodebuild[31013:31551669] [MT] IDERunDestination: Supported platforms for the buildables in the current scheme is empty.
2026-09-15 14:42:59.437 xcodebuild[31013:31551669] [MT] IDERunDestination: Supported platforms for the buildables in the current scheme is empty.
2026-09-15 14:43:00.896028-0400 DriverUITests-Runner[2531:406523] [Default] Running tests...
    t =      nans Interface orientation changed to Portrait
Test Suite 'Selected tests' started at 2026-09-15 14:43:01.358.
Test Suite 'DriverUITests.xctest' started at 2026-09-15 14:43:01.359.
Test Suite 'K00DriverTests' started at 2026-09-15 14:43:01.359.
Test Case '-[DriverUITests.K00DriverTests testOutputSample]' started.
    t =     0.00s Start Test at 2026-09-15 14:43:01.360
    t =     0.02s Set Up
    t =     0.02s Open life.soullab.voicekernel.vpio02
    t =     0.02s     Launch life.soullab.voicekernel.vpio02
    t =     0.10s         Setting up automation session
    t =     0.19s         Wait for life.soullab.voicekernel.vpio02 to idle
2026-09-15 14:43:01.560 xcodebuild[31013:31551669] [MT] IDERunDestination: Supported platforms for the buildables in the current scheme is empty.
    t =     1.28s Wait for life.soullab.voicekernel.vpio02 to become Running Foreground
    t =     1.29s Waiting 10.0s for "Enter conversation" Button to exist
    t =     2.30s     Checking `Expect predicate `existsNoRetry == 1` for object "Enter conversation" Button`
    t =     2.30s         Checking existence of `"Enter conversation" Button`
    t =     2.40s Checking existence of `"Voice processing: ON (default)" Button`
    t =     2.43s Checking existence of `"Voice processing: OFF (control run)" Button`
    t =     2.76s Waiting 3.0s for "Voice processing: ON (default)" Button to exist
    t =     3.77s     Checking `Expect predicate `existsNoRetry == 1` for object "Voice processing: ON (default)" Button`
    t =     3.77s         Checking existence of `"Voice processing: ON (default)" Button`
    t =     3.83s Waiting 5.0s for "Enter conversation" Button to exist
    t =     4.84s     Checking `Expect predicate `existsNoRetry == 1` for object "Enter conversation" Button`
    t =     4.84s         Checking existence of `"Enter conversation" Button`
    t =     4.90s Tap "Enter conversation" Button
    t =     4.90s     Wait for life.soullab.voicekernel.vpio02 to idle
    t =     4.91s     Find the "Enter conversation" Button
    t =     4.94s     Check for interrupting elements affecting "Enter conversation" Button
    t =     4.99s     Synthesize event
    t =     5.28s     Wait for life.soullab.voicekernel.vpio02 to idle
    t =     5.29s Waiting 5.0s for "Play 3 s tone" Button to exist
    t =     6.33s     Checking `Expect predicate `existsNoRetry == 1` for object "Play 3 s tone" Button`
    t =     6.33s         Checking existence of `"Play 3 s tone" Button`
    t =     6.38s         Capturing element debug description
    t =     7.31s     Checking `Expect predicate `existsNoRetry == 1` for object "Play 3 s tone" Button`
    t =     7.31s         Checking existence of `"Play 3 s tone" Button`
    t =     7.36s         Capturing element debug description
    t =     8.38s     Checking `Expect predicate `existsNoRetry == 1` for object "Play 3 s tone" Button`
    t =     8.38s         Checking existence of `"Play 3 s tone" Button`
    t =     8.42s         Capturing element debug description
    t =     9.35s     Checking `Expect predicate `existsNoRetry == 1` for object "Play 3 s tone" Button`
    t =     9.35s         Checking existence of `"Play 3 s tone" Button`
    t =     9.40s         Capturing element debug description
    t =    10.29s     Checking `Expect predicate `existsNoRetry == 1` for object "Play 3 s tone" Button`
    t =    10.30s         Checking existence of `"Play 3 s tone" Button`
    t =    10.35s         Capturing element debug description
    t =    10.35s     Checking existence of `"Play 3 s tone" Button`
    t =    10.38s Collecting debug information to assist test failure triage
    t =    10.39s     Requesting snapshot of accessibility hierarchy for app with pid 2532
    t =    10.48s Swipe up Application 'life.soullab.voicekernel.vpio02'
    t =    10.48s     Wait for life.soullab.voicekernel.vpio02 to idle
    t =    10.48s     Find the Application 'life.soullab.voicekernel.vpio02'
    t =    10.60s     Check for interrupting elements affecting "VoiceKernel VPIO-02" Application
    t =    10.65s         Wait for com.apple.springboard to idle
    t =    10.80s     Found 1 interrupting element:
    t =    10.80s         Find the "NotificationShortLookView" BannerNotification
    t =    10.84s "NotificationShortLookView" BannerNotification from Application 'com.apple.springboard'
    t =    10.84s     Invoking UI interruption monitors for "NotificationShortLookView" BannerNotification from Application 'com.apple.springboard'
    t =    10.85s         Find the "NotificationShortLookView" BannerNotification
    t =    10.87s Default interruption handler ignoring non-alert type element "NotificationShortLookView" BannerNotification.
    t =    10.87s         Find the "NotificationShortLookView" BannerNotification
    t =    10.90s         Default interruption handler waiting for banner notification to expire/automatically dismiss
    t =    10.91s             Waiting 15.0s for "NotificationShortLookView" BannerNotification to not exist
    t =    11.93s                 Checking `Expect predicate `existsNoRetry == 0` for object "NotificationShortLookView" BannerNotification`
    t =    11.93s                     Checking existence of `"NotificationShortLookView" BannerNotification`
    t =    11.98s                     Capturing element debug description
    t =    11.99s                         Requesting snapshot of accessibility hierarchy for app with pid 37
    t =    12.09s                         Find: Descendants matching type BannerNotification
    t =    12.09s                         Find: Identity Binding
    t =    12.09s                         Requesting snapshot of accessibility hierarchy for app with pid 37
    t =    12.16s                         Find: Descendants matching type BannerNotification
    t =    12.17s                         Requesting snapshot of accessibility hierarchy for app with pid 37
    t =    12.96s                 Checking `Expect predicate `existsNoRetry == 0` for object "NotificationShortLookView" BannerNotification`
    t =    12.96s                     Checking existence of `"NotificationShortLookView" BannerNotification`
    t =    13.02s                     Capturing element debug description
    t =    13.02s                         Requesting snapshot of accessibility hierarchy for app with pid 37
    t =    13.11s                         Find: Descendants matching type BannerNotification
    t =    13.12s                         Find: Identity Binding
    t =    13.12s                         Requesting snapshot of accessibility hierarchy for app with pid 37
    t =    13.20s                         Find: Descendants matching type BannerNotification
    t =    13.21s                         Requesting snapshot of accessibility hierarchy for app with pid 37
    t =    13.91s                 Checking `Expect predicate `existsNoRetry == 0` for object "NotificationShortLookView" BannerNotification`
    t =    13.91s                     Checking existence of `"NotificationShortLookView" BannerNotification`
    t =    13.96s                     Capturing element debug description
    t =    13.96s                         Requesting snapshot of accessibility hierarchy for app with pid 37
    t =    14.06s                         Find: Descendants matching type BannerNotification
    t =    14.06s                         Find: Identity Binding
    t =    14.06s                         Requesting snapshot of accessibility hierarchy for app with pid 37
    t =    14.15s                         Find: Descendants matching type BannerNotification
    t =    14.15s                         Requesting snapshot of accessibility hierarchy for app with pid 37
    t =    14.96s                 Checking `Expect predicate `existsNoRetry == 0` for object "NotificationShortLookView" BannerNotification`
    t =    14.96s                     Checking existence of `"NotificationShortLookView" BannerNotification`
    t =    15.02s                     Capturing element debug description
    t =    15.02s                         Requesting snapshot of accessibility hierarchy for app with pid 37
    t =    15.10s                         Find: Descendants matching type BannerNotification
    t =    15.11s                         Find: Identity Binding
    t =    15.11s                         Requesting snapshot of accessibility hierarchy for app with pid 37
    t =    15.18s                         Find: Descendants matching type BannerNotification
    t =    15.19s                         Requesting snapshot of accessibility hierarchy for app with pid 37
    t =    15.98s                 Checking `Expect predicate `existsNoRetry == 0` for object "NotificationShortLookView" BannerNotification`
    t =    15.98s                     Checking existence of `"NotificationShortLookView" BannerNotification`
    t =    16.03s                     Capturing element debug description
    t =    16.04s                         Requesting snapshot of accessibility hierarchy for app with pid 37
    t =    16.12s                         Find: Descendants matching type BannerNotification
    t =    16.12s                         Find: Identity Binding
    t =    16.13s                         Requesting snapshot of accessibility hierarchy for app with pid 37
    t =    16.21s                         Find: Descendants matching type BannerNotification
    t =    16.22s                         Requesting snapshot of accessibility hierarchy for app with pid 37
    t =    16.93s                 Checking `Expect predicate `existsNoRetry == 0` for object "NotificationShortLookView" BannerNotification`
    t =    16.93s                     Checking existence of `"NotificationShortLookView" BannerNotification`
    t =    16.99s                     Capturing element debug description
    t =    16.99s                         Requesting snapshot of accessibility hierarchy for app with pid 37
    t =    17.07s                         Find: Descendants matching type BannerNotification
    t =    17.08s                         Find: Identity Binding
    t =    17.09s                         Requesting snapshot of accessibility hierarchy for app with pid 37
    t =    17.17s                         Find: Descendants matching type BannerNotification
    t =    17.18s                         Requesting snapshot of accessibility hierarchy for app with pid 37
    t =    17.98s                 Checking `Expect predicate `existsNoRetry == 0` for object "NotificationShortLookView" BannerNotification`
    t =    17.98s                     Checking existence of `"NotificationShortLookView" BannerNotification`
    t =    18.04s         Verifying handling...
    t =    18.09s Confirmed successful handling of interrupting element
    t =    18.09s     Synthesize event
    t =    18.53s     Wait for life.soullab.voicekernel.vpio02 to idle
    t =    21.08s Checking existence of `"Play 3 s tone" Button`
2026-09-15 14:43:22.489955-0400 DriverUITests-Runner[2531:406523] K00-OUTPUT: reveal swipe 1/4 — 'Play 3 s tone' exists: true
    t =    21.13s Checking existence of `"Play 3 s tone" Button`
    t =    21.16s Find the "Play 3 s tone" Button
    t =    23.21s Tap "Play 3 s tone" Button
    t =    23.21s     Wait for life.soullab.voicekernel.vpio02 to idle
    t =    23.23s     Find the "Play 3 s tone" Button
    t =    23.28s     Check for interrupting elements affecting "Play 3 s tone" Button
    t =    23.34s     Synthesize event
    t =    23.65s     Wait for life.soullab.voicekernel.vpio02 to idle
2026-09-15 14:43:25.014527-0400 DriverUITests-Runner[2531:406523] K00-OUTPUT: Play 1 tapped
    t =    24.66s Checking existence of `"Cancel active" Button`
    t =    24.71s Find the "Cancel active" Button
    t =    24.75s Tap "Cancel active" Button
    t =    24.75s     Wait for life.soullab.voicekernel.vpio02 to idle
    t =    24.76s     Find the "Cancel active" Button
    t =    24.79s     Check for interrupting elements affecting "Cancel active" Button
    t =    24.83s     Synthesize event
    t =    25.12s     Wait for life.soullab.voicekernel.vpio02 to idle
2026-09-15 14:43:26.484888-0400 DriverUITests-Runner[2531:406523] K00-OUTPUT: Cancel active tapped at ≈1000 ms after Play 1
    t =    26.13s Checking existence of `"Play 3 s tone" Button`
    t =    26.18s Find the "Play 3 s tone" Button
    t =    26.22s Tap "Play 3 s tone" Button
    t =    26.22s     Wait for life.soullab.voicekernel.vpio02 to idle
    t =    26.22s     Find the "Play 3 s tone" Button
    t =    26.26s     Check for interrupting elements affecting "Play 3 s tone" Button
    t =    26.30s     Synthesize event
    t =    26.60s     Wait for life.soullab.voicekernel.vpio02 to idle
2026-09-15 14:43:27.967794-0400 DriverUITests-Runner[2531:406523] K00-OUTPUT: Play 2 tapped (left to complete)
    t =    31.12s Waiting 5.0s for "Export journal" Button to exist
    t =    32.15s     Checking `Expect predicate `existsNoRetry == 1` for object "Export journal" Button`
    t =    32.15s         Checking existence of `"Export journal" Button`
    t =    32.21s Tap "Export journal" Button
    t =    32.21s     Wait for life.soullab.voicekernel.vpio02 to idle
    t =    32.21s     Find the "Export journal" Button
    t =    32.25s     Check for interrupting elements affecting "Export journal" Button
    t =    32.29s     Synthesize event
    t =    32.60s     Wait for life.soullab.voicekernel.vpio02 to idle
    t =    34.81s Terminate life.soullab.voicekernel.vpio02:2532
    t =    35.88s Wait for life.soullab.voicekernel.vpio02 to become Not Running
    t =    35.88s Tear Down
Test Case '-[DriverUITests.K00DriverTests testOutputSample]' passed (35.992 seconds).
Test Suite 'K00DriverTests' passed at 2026-09-15 14:43:37.356.
	 Executed 1 test, with 0 failures (0 unexpected) in 35.992 (35.997) seconds
Test Suite 'DriverUITests.xctest' passed at 2026-09-15 14:43:37.359.
	 Executed 1 test, with 0 failures (0 unexpected) in 35.992 (36.000) seconds
Test Suite 'Selected tests' passed at 2026-09-15 14:43:37.365.
	 Executed 1 test, with 0 failures (0 unexpected) in 35.992 (36.007) seconds
2026-09-15 14:43:37.440 xcodebuild[31013:31551669] [MT] IDERunDestination: Supported platforms for the buildables in the current scheme is empty.
2026-09-15 14:43:37.694 xcodebuild[31013:31551669] [MT] IDETestOperationsObserverDebug: 38.467 elapsed -- Testing started completed.
2026-09-15 14:43:37.694 xcodebuild[31013:31551669] [MT] IDETestOperationsObserverDebug: 0.000 sec, +0.000 sec -- start
2026-09-15 14:43:37.694 xcodebuild[31013:31551669] [MT] IDETestOperationsObserverDebug: 38.467 sec, +38.467 sec -- end

Test session results, code coverage, and logs:
	/Users/soullab/Library/Developer/Xcode/DerivedData/VoiceKernelDriver-ebpnvekjmyhkitfazwyvnuzheqtp/Logs/Test/Test-DriverUITests-2026.09.15_14-42-59--0400.xcresult

** TEST EXECUTE SUCCEEDED **

Testing started
