Command line invocation:
    /Applications/Xcode.app/Contents/Developer/usr/bin/xcodebuild test-without-building -xctestrun /private/tmp/k0506-s2pop2-b198e2e37/ios/VoiceKernelDriver/.derived/Build/Products/DriverUITests_iphoneos26.2-arm64.xctestrun -destination id=00008140-00163D9922E0801C -collect-test-diagnostics never "-only-testing:DriverUITests/K00DriverTests/testOutputSample"

2026-09-15 14:47:25.677 xcodebuild[33820:31561634] [MT] IDERunDestination: Supported platforms for the buildables in the current scheme is empty.
2026-09-15 14:47:25.680 xcodebuild[33820:31561634] [MT] IDERunDestination: Supported platforms for the buildables in the current scheme is empty.
2026-09-15 14:47:25.783 xcodebuild[33820:31561634] [MT] IDERunDestination: Supported platforms for the buildables in the current scheme is empty.
2026-09-15 14:47:25.895 xcodebuild[33820:31561634] [MT] IDERunDestination: Supported platforms for the buildables in the current scheme is empty.
--- xcodebuild: WARNING: Using the first of multiple matching destinations:
{ platform:iOS, arch:arm64e, id:00008140-00163D9922E0801C, name:Kelly Nezat’s iPhone }
{ platform:iOS, arch:arm64, id:00008140-00163D9922E0801C, name:Kelly Nezat’s iPhone }
2026-09-15 14:47:26.091 xcodebuild[33820:31561634] [MT] IDERunDestination: Supported platforms for the buildables in the current scheme is empty.
2026-09-15 14:47:26.299 xcodebuild[33820:31561634] [MT] IDERunDestination: Supported platforms for the buildables in the current scheme is empty.
2026-09-15 14:47:28.000455-0400 DriverUITests-Runner[2578:418639] [Default] Running tests...
    t =      nans Interface orientation changed to Portrait
Test Suite 'Selected tests' started at 2026-09-15 14:47:28.476.
Test Suite 'DriverUITests.xctest' started at 2026-09-15 14:47:28.477.
Test Suite 'K00DriverTests' started at 2026-09-15 14:47:28.478.
Test Case '-[DriverUITests.K00DriverTests testOutputSample]' started.
    t =     0.00s Start Test at 2026-09-15 14:47:28.478
    t =     0.02s Set Up
    t =     0.03s Open life.soullab.voicekernel.vpio02
    t =     0.03s     Launch life.soullab.voicekernel.vpio02
    t =     0.11s         Setting up automation session
    t =     0.18s         Wait for life.soullab.voicekernel.vpio02 to idle
2026-09-15 14:47:28.667 xcodebuild[33820:31561634] [MT] IDERunDestination: Supported platforms for the buildables in the current scheme is empty.
    t =     1.27s Wait for life.soullab.voicekernel.vpio02 to become Running Foreground
    t =     1.28s Waiting 10.0s for "Enter conversation" Button to exist
    t =     2.34s     Checking `Expect predicate `existsNoRetry == 1` for object "Enter conversation" Button`
    t =     2.35s         Checking existence of `"Enter conversation" Button`
    t =     2.44s Checking existence of `"Voice processing: ON (default)" Button`
    t =     2.47s Checking existence of `"Voice processing: OFF (control run)" Button`
    t =     2.80s Waiting 3.0s for "Voice processing: ON (default)" Button to exist
    t =     3.83s     Checking `Expect predicate `existsNoRetry == 1` for object "Voice processing: ON (default)" Button`
    t =     3.83s         Checking existence of `"Voice processing: ON (default)" Button`
    t =     3.89s Waiting 5.0s for "Enter conversation" Button to exist
    t =     4.90s     Checking `Expect predicate `existsNoRetry == 1` for object "Enter conversation" Button`
    t =     4.90s         Checking existence of `"Enter conversation" Button`
    t =     4.97s Tap "Enter conversation" Button
    t =     4.97s     Wait for life.soullab.voicekernel.vpio02 to idle
    t =     4.97s     Find the "Enter conversation" Button
    t =     5.01s     Check for interrupting elements affecting "Enter conversation" Button
    t =     5.06s     Synthesize event
    t =     5.36s     Wait for life.soullab.voicekernel.vpio02 to idle
    t =     5.38s Waiting 5.0s for "Play 3 s tone" Button to exist
    t =     6.42s     Checking `Expect predicate `existsNoRetry == 1` for object "Play 3 s tone" Button`
    t =     6.42s         Checking existence of `"Play 3 s tone" Button`
    t =     6.47s         Capturing element debug description
    t =     7.41s     Checking `Expect predicate `existsNoRetry == 1` for object "Play 3 s tone" Button`
    t =     7.41s         Checking existence of `"Play 3 s tone" Button`
    t =     7.47s         Capturing element debug description
    t =     8.39s     Checking `Expect predicate `existsNoRetry == 1` for object "Play 3 s tone" Button`
    t =     8.40s         Checking existence of `"Play 3 s tone" Button`
    t =     8.44s         Capturing element debug description
    t =     9.38s     Checking `Expect predicate `existsNoRetry == 1` for object "Play 3 s tone" Button`
    t =     9.38s         Checking existence of `"Play 3 s tone" Button`
    t =     9.43s         Capturing element debug description
    t =    10.38s     Checking `Expect predicate `existsNoRetry == 1` for object "Play 3 s tone" Button`
    t =    10.38s         Checking existence of `"Play 3 s tone" Button`
    t =    10.44s         Capturing element debug description
    t =    10.44s     Checking existence of `"Play 3 s tone" Button`
    t =    10.47s Collecting debug information to assist test failure triage
    t =    10.47s     Requesting snapshot of accessibility hierarchy for app with pid 2579
    t =    10.56s Swipe up Application 'life.soullab.voicekernel.vpio02'
    t =    10.56s     Wait for life.soullab.voicekernel.vpio02 to idle
    t =    10.56s     Find the Application 'life.soullab.voicekernel.vpio02'
    t =    10.58s     Check for interrupting elements affecting "VoiceKernel VPIO-02" Application
    t =    10.60s     Synthesize event
    t =    11.03s     Wait for life.soullab.voicekernel.vpio02 to idle
    t =    13.58s Checking existence of `"Play 3 s tone" Button`
2026-09-15 14:47:42.116304-0400 DriverUITests-Runner[2578:418639] K00-OUTPUT: reveal swipe 1/4 — 'Play 3 s tone' exists: true
    t =    13.64s Checking existence of `"Play 3 s tone" Button`
    t =    13.67s Find the "Play 3 s tone" Button
    t =    15.71s Tap "Play 3 s tone" Button
    t =    15.71s     Wait for life.soullab.voicekernel.vpio02 to idle
    t =    15.72s     Find the "Play 3 s tone" Button
    t =    15.77s     Check for interrupting elements affecting "Play 3 s tone" Button
    t =    15.84s     Synthesize event
    t =    16.27s     Wait for life.soullab.voicekernel.vpio02 to idle
2026-09-15 14:47:44.755249-0400 DriverUITests-Runner[2578:418639] K00-OUTPUT: Play 1 tapped
    t =    17.29s Checking existence of `"Cancel active" Button`
    t =    17.34s Find the "Cancel active" Button
    t =    17.38s Tap "Cancel active" Button
    t =    17.38s     Wait for life.soullab.voicekernel.vpio02 to idle
    t =    17.39s     Find the "Cancel active" Button
    t =    17.42s     Check for interrupting elements affecting "Cancel active" Button
    t =    17.46s     Synthesize event
    t =    17.77s     Wait for life.soullab.voicekernel.vpio02 to idle
2026-09-15 14:47:46.264032-0400 DriverUITests-Runner[2578:418639] K00-OUTPUT: Cancel active tapped at ≈1000 ms after Play 1
    t =    18.79s Checking existence of `"Play 3 s tone" Button`
    t =    18.85s Find the "Play 3 s tone" Button
    t =    18.89s Tap "Play 3 s tone" Button
    t =    18.89s     Wait for life.soullab.voicekernel.vpio02 to idle
    t =    18.89s     Find the "Play 3 s tone" Button
    t =    19.02s     Check for interrupting elements affecting "Play 3 s tone" Button
    t =    19.08s     Synthesize event
    t =    19.40s     Wait for life.soullab.voicekernel.vpio02 to idle
2026-09-15 14:47:47.885357-0400 DriverUITests-Runner[2578:418639] K00-OUTPUT: Play 2 tapped (left to complete)
    t =    23.92s Waiting 5.0s for "Export journal" Button to exist
    t =    24.94s     Checking `Expect predicate `existsNoRetry == 1` for object "Export journal" Button`
    t =    24.94s         Checking existence of `"Export journal" Button`
    t =    25.00s Tap "Export journal" Button
    t =    25.01s     Wait for life.soullab.voicekernel.vpio02 to idle
    t =    25.01s     Find the "Export journal" Button
    t =    25.05s     Check for interrupting elements affecting "Export journal" Button
    t =    25.09s     Synthesize event
    t =    25.40s     Wait for life.soullab.voicekernel.vpio02 to idle
    t =    27.61s Terminate life.soullab.voicekernel.vpio02:2579
    t =    28.72s Wait for life.soullab.voicekernel.vpio02 to become Not Running
    t =    28.73s Tear Down
Test Case '-[DriverUITests.K00DriverTests testOutputSample]' passed (28.783 seconds).
Test Suite 'K00DriverTests' passed at 2026-09-15 14:47:57.263.
	 Executed 1 test, with 0 failures (0 unexpected) in 28.783 (28.785) seconds
Test Suite 'DriverUITests.xctest' passed at 2026-09-15 14:47:57.264.
	 Executed 1 test, with 0 failures (0 unexpected) in 28.783 (28.787) seconds
Test Suite 'Selected tests' passed at 2026-09-15 14:47:57.265.
	 Executed 1 test, with 0 failures (0 unexpected) in 28.783 (28.789) seconds
2026-09-15 14:47:57.370 xcodebuild[33820:31561634] [MT] IDERunDestination: Supported platforms for the buildables in the current scheme is empty.
2026-09-15 14:47:57.545 xcodebuild[33820:31561634] [MT] IDETestOperationsObserverDebug: 31.452 elapsed -- Testing started completed.
2026-09-15 14:47:57.545 xcodebuild[33820:31561634] [MT] IDETestOperationsObserverDebug: 0.000 sec, +0.000 sec -- start
2026-09-15 14:47:57.545 xcodebuild[33820:31561634] [MT] IDETestOperationsObserverDebug: 31.452 sec, +31.452 sec -- end

Test session results, code coverage, and logs:
	/Users/soullab/Library/Developer/Xcode/DerivedData/VoiceKernelDriver-bajqrzbqlyuqgbftcbhikhbwodnv/Logs/Test/Test-DriverUITests-2026.09.15_14-47-25--0400.xcresult

** TEST EXECUTE SUCCEEDED **

Testing started
