Command line invocation:
    /Applications/Xcode.app/Contents/Developer/usr/bin/xcodebuild test-without-building -xctestrun /private/tmp/k0506-s2pop2-b198e2e37/ios/VoiceKernelDriver/.derived/Build/Products/DriverUITests_iphoneos26.2-arm64.xctestrun -destination id=00008140-00163D9922E0801C -collect-test-diagnostics never "-only-testing:DriverUITests/K00DriverTests/testOutputSample"

2026-09-15 14:44:18.291 xcodebuild[31835:31554670] [MT] IDERunDestination: Supported platforms for the buildables in the current scheme is empty.
2026-09-15 14:44:18.295 xcodebuild[31835:31554670] [MT] IDERunDestination: Supported platforms for the buildables in the current scheme is empty.
2026-09-15 14:44:18.395 xcodebuild[31835:31554670] [MT] IDERunDestination: Supported platforms for the buildables in the current scheme is empty.
2026-09-15 14:44:18.501 xcodebuild[31835:31554670] [MT] IDERunDestination: Supported platforms for the buildables in the current scheme is empty.
--- xcodebuild: WARNING: Using the first of multiple matching destinations:
{ platform:iOS, arch:arm64e, id:00008140-00163D9922E0801C, name:Kelly Nezat’s iPhone }
{ platform:iOS, arch:arm64, id:00008140-00163D9922E0801C, name:Kelly Nezat’s iPhone }
2026-09-15 14:44:18.682 xcodebuild[31835:31554670] [MT] IDERunDestination: Supported platforms for the buildables in the current scheme is empty.
2026-09-15 14:44:18.882 xcodebuild[31835:31554670] [MT] IDERunDestination: Supported platforms for the buildables in the current scheme is empty.
2026-09-15 14:44:20.180801-0400 DriverUITests-Runner[2549:410218] [Default] Running tests...
    t =      nans Interface orientation changed to Portrait
Test Suite 'Selected tests' started at 2026-09-15 14:44:20.640.
Test Suite 'DriverUITests.xctest' started at 2026-09-15 14:44:20.641.
Test Suite 'K00DriverTests' started at 2026-09-15 14:44:20.641.
Test Case '-[DriverUITests.K00DriverTests testOutputSample]' started.
    t =     0.00s Start Test at 2026-09-15 14:44:20.642
    t =     0.01s Set Up
    t =     0.02s Open life.soullab.voicekernel.vpio02
    t =     0.02s     Launch life.soullab.voicekernel.vpio02
    t =     0.10s         Setting up automation session
    t =     0.18s         Wait for life.soullab.voicekernel.vpio02 to idle
2026-09-15 14:44:20.848 xcodebuild[31835:31554670] [MT] IDERunDestination: Supported platforms for the buildables in the current scheme is empty.
    t =     1.27s Wait for life.soullab.voicekernel.vpio02 to become Running Foreground
    t =     1.28s Waiting 10.0s for "Enter conversation" Button to exist
    t =     2.29s     Checking `Expect predicate `existsNoRetry == 1` for object "Enter conversation" Button`
    t =     2.29s         Checking existence of `"Enter conversation" Button`
    t =     2.38s Checking existence of `"Voice processing: ON (default)" Button`
    t =     2.41s Checking existence of `"Voice processing: OFF (control run)" Button`
    t =     2.74s Waiting 3.0s for "Voice processing: ON (default)" Button to exist
    t =     3.76s     Checking `Expect predicate `existsNoRetry == 1` for object "Voice processing: ON (default)" Button`
    t =     3.76s         Checking existence of `"Voice processing: ON (default)" Button`
    t =     3.83s Waiting 5.0s for "Enter conversation" Button to exist
    t =     4.84s     Checking `Expect predicate `existsNoRetry == 1` for object "Enter conversation" Button`
    t =     4.84s         Checking existence of `"Enter conversation" Button`
    t =     4.90s Tap "Enter conversation" Button
    t =     4.90s     Wait for life.soullab.voicekernel.vpio02 to idle
    t =     4.91s     Find the "Enter conversation" Button
    t =     4.95s     Check for interrupting elements affecting "Enter conversation" Button
    t =     4.99s     Synthesize event
    t =     5.29s     Wait for life.soullab.voicekernel.vpio02 to idle
    t =     5.31s Waiting 5.0s for "Play 3 s tone" Button to exist
    t =     6.33s     Checking `Expect predicate `existsNoRetry == 1` for object "Play 3 s tone" Button`
    t =     6.34s         Checking existence of `"Play 3 s tone" Button`
    t =     6.39s         Capturing element debug description
    t =     7.32s     Checking `Expect predicate `existsNoRetry == 1` for object "Play 3 s tone" Button`
    t =     7.32s         Checking existence of `"Play 3 s tone" Button`
    t =     7.36s         Capturing element debug description
    t =     8.39s     Checking `Expect predicate `existsNoRetry == 1` for object "Play 3 s tone" Button`
    t =     8.39s         Checking existence of `"Play 3 s tone" Button`
    t =     8.44s         Capturing element debug description
    t =     9.37s     Checking `Expect predicate `existsNoRetry == 1` for object "Play 3 s tone" Button`
    t =     9.37s         Checking existence of `"Play 3 s tone" Button`
    t =     9.41s         Capturing element debug description
    t =    10.31s     Checking `Expect predicate `existsNoRetry == 1` for object "Play 3 s tone" Button`
    t =    10.31s         Checking existence of `"Play 3 s tone" Button`
    t =    10.36s         Capturing element debug description
    t =    10.36s     Checking existence of `"Play 3 s tone" Button`
    t =    10.39s Collecting debug information to assist test failure triage
    t =    10.39s     Requesting snapshot of accessibility hierarchy for app with pid 2550
    t =    10.48s Swipe up Application 'life.soullab.voicekernel.vpio02'
    t =    10.49s     Wait for life.soullab.voicekernel.vpio02 to idle
    t =    10.49s     Find the Application 'life.soullab.voicekernel.vpio02'
    t =    10.51s     Check for interrupting elements affecting "VoiceKernel VPIO-02" Application
    t =    10.54s     Synthesize event
    t =    11.08s     Wait for life.soullab.voicekernel.vpio02 to idle
    t =    13.61s Checking existence of `"Play 3 s tone" Button`
2026-09-15 14:44:34.303758-0400 DriverUITests-Runner[2549:410218] K00-OUTPUT: reveal swipe 1/4 — 'Play 3 s tone' exists: true
    t =    13.66s Checking existence of `"Play 3 s tone" Button`
    t =    13.69s Find the "Play 3 s tone" Button
    t =    15.72s Tap "Play 3 s tone" Button
    t =    15.72s     Wait for life.soullab.voicekernel.vpio02 to idle
    t =    15.73s     Find the "Play 3 s tone" Button
    t =    15.79s     Check for interrupting elements affecting "Play 3 s tone" Button
    t =    15.84s     Synthesize event
    t =    16.15s     Wait for life.soullab.voicekernel.vpio02 to idle
2026-09-15 14:44:36.801378-0400 DriverUITests-Runner[2549:410218] K00-OUTPUT: Play 1 tapped
    t =    17.17s Checking existence of `"Cancel active" Button`
    t =    17.22s Find the "Cancel active" Button
    t =    17.26s Tap "Cancel active" Button
    t =    17.26s     Wait for life.soullab.voicekernel.vpio02 to idle
    t =    17.27s     Find the "Cancel active" Button
    t =    17.41s     Check for interrupting elements affecting "Cancel active" Button
    t =    17.46s     Synthesize event
    t =    17.78s     Wait for life.soullab.voicekernel.vpio02 to idle
2026-09-15 14:44:38.433713-0400 DriverUITests-Runner[2549:410218] K00-OUTPUT: Cancel active tapped at ≈1000 ms after Play 1
    t =    18.80s Checking existence of `"Play 3 s tone" Button`
    t =    18.86s Find the "Play 3 s tone" Button
    t =    18.89s Tap "Play 3 s tone" Button
    t =    18.89s     Wait for life.soullab.voicekernel.vpio02 to idle
    t =    18.90s     Find the "Play 3 s tone" Button
    t =    18.93s     Check for interrupting elements affecting "Play 3 s tone" Button
    t =    18.97s     Synthesize event
    t =    19.27s     Wait for life.soullab.voicekernel.vpio02 to idle
2026-09-15 14:44:39.925138-0400 DriverUITests-Runner[2549:410218] K00-OUTPUT: Play 2 tapped (left to complete)
    t =    23.79s Waiting 5.0s for "Export journal" Button to exist
    t =    24.82s     Checking `Expect predicate `existsNoRetry == 1` for object "Export journal" Button`
    t =    24.82s         Checking existence of `"Export journal" Button`
    t =    24.88s Tap "Export journal" Button
    t =    24.88s     Wait for life.soullab.voicekernel.vpio02 to idle
    t =    24.88s     Find the "Export journal" Button
    t =    24.93s     Check for interrupting elements affecting "Export journal" Button
    t =    24.98s     Synthesize event
    t =    25.30s     Wait for life.soullab.voicekernel.vpio02 to idle
    t =    27.50s Terminate life.soullab.voicekernel.vpio02:2550
    t =    28.51s Wait for life.soullab.voicekernel.vpio02 to become Not Running
    t =    28.52s Tear Down
Test Case '-[DriverUITests.K00DriverTests testOutputSample]' passed (28.580 seconds).
Test Suite 'K00DriverTests' passed at 2026-09-15 14:44:49.225.
	 Executed 1 test, with 0 failures (0 unexpected) in 28.580 (28.584) seconds
Test Suite 'DriverUITests.xctest' passed at 2026-09-15 14:44:49.234.
	 Executed 1 test, with 0 failures (0 unexpected) in 28.580 (28.593) seconds
Test Suite 'Selected tests' passed at 2026-09-15 14:44:49.235.
	 Executed 1 test, with 0 failures (0 unexpected) in 28.580 (28.595) seconds
2026-09-15 14:44:49.369 xcodebuild[31835:31554670] [MT] IDERunDestination: Supported platforms for the buildables in the current scheme is empty.
2026-09-15 14:44:49.571 xcodebuild[31835:31554670] [MT] IDETestOperationsObserverDebug: 30.888 elapsed -- Testing started completed.
2026-09-15 14:44:49.571 xcodebuild[31835:31554670] [MT] IDETestOperationsObserverDebug: 0.000 sec, +0.000 sec -- start
2026-09-15 14:44:49.571 xcodebuild[31835:31554670] [MT] IDETestOperationsObserverDebug: 30.888 sec, +30.888 sec -- end

Test session results, code coverage, and logs:
	/Users/soullab/Library/Developer/Xcode/DerivedData/VoiceKernelDriver-fpyfopkilfssjoacdzcvebvlnawc/Logs/Test/Test-DriverUITests-2026.09.15_14-44-18--0400.xcresult

** TEST EXECUTE SUCCEEDED **

Testing started
