Command line invocation:
    /Applications/Xcode.app/Contents/Developer/usr/bin/xcodebuild test-without-building -xctestrun /private/tmp/k0506-s2pop2-b198e2e37/ios/VoiceKernelDriver/.derived/Build/Products/DriverUITests_iphoneos26.2-arm64.xctestrun -destination id=00008140-00163D9922E0801C -collect-test-diagnostics never "-only-testing:DriverUITests/K00DriverTests/testOutputSample"

2026-09-15 14:45:31.679 xcodebuild[32648:31557202] [MT] IDERunDestination: Supported platforms for the buildables in the current scheme is empty.
2026-09-15 14:45:31.683 xcodebuild[32648:31557202] [MT] IDERunDestination: Supported platforms for the buildables in the current scheme is empty.
2026-09-15 14:45:31.782 xcodebuild[32648:31557202] [MT] IDERunDestination: Supported platforms for the buildables in the current scheme is empty.
2026-09-15 14:45:31.888 xcodebuild[32648:31557202] [MT] IDERunDestination: Supported platforms for the buildables in the current scheme is empty.
--- xcodebuild: WARNING: Using the first of multiple matching destinations:
{ platform:iOS, arch:arm64e, id:00008140-00163D9922E0801C, name:Kelly Nezat’s iPhone }
{ platform:iOS, arch:arm64, id:00008140-00163D9922E0801C, name:Kelly Nezat’s iPhone }
2026-09-15 14:45:32.070 xcodebuild[32648:31557202] [MT] IDERunDestination: Supported platforms for the buildables in the current scheme is empty.
2026-09-15 14:45:33.634320-0400 DriverUITests-Runner[2556:413412] [Default] Running tests...
    t =      nans Interface orientation changed to Portrait
Test Suite 'Selected tests' started at 2026-09-15 14:45:34.104.
Test Suite 'DriverUITests.xctest' started at 2026-09-15 14:45:34.105.
Test Suite 'K00DriverTests' started at 2026-09-15 14:45:34.105.
Test Case '-[DriverUITests.K00DriverTests testOutputSample]' started.
    t =     0.00s Start Test at 2026-09-15 14:45:34.106
    t =     0.02s Set Up
    t =     0.02s Open life.soullab.voicekernel.vpio02
    t =     0.02s     Launch life.soullab.voicekernel.vpio02
    t =     0.10s         Setting up automation session
    t =     0.18s         Wait for life.soullab.voicekernel.vpio02 to idle
2026-09-15 14:45:34.313 xcodebuild[32648:31557202] [MT] IDERunDestination: Supported platforms for the buildables in the current scheme is empty.
    t =     1.28s Wait for life.soullab.voicekernel.vpio02 to become Running Foreground
    t =     1.28s Waiting 10.0s for "Enter conversation" Button to exist
    t =     2.28s     Checking `Expect predicate `existsNoRetry == 1` for object "Enter conversation" Button`
    t =     2.28s         Checking existence of `"Enter conversation" Button`
    t =     2.38s Checking existence of `"Voice processing: ON (default)" Button`
    t =     2.41s Checking existence of `"Voice processing: OFF (control run)" Button`
    t =     2.73s Waiting 3.0s for "Voice processing: ON (default)" Button to exist
    t =     3.75s     Checking `Expect predicate `existsNoRetry == 1` for object "Voice processing: ON (default)" Button`
    t =     3.75s         Checking existence of `"Voice processing: ON (default)" Button`
    t =     3.80s Waiting 5.0s for "Enter conversation" Button to exist
    t =     4.81s     Checking `Expect predicate `existsNoRetry == 1` for object "Enter conversation" Button`
    t =     4.82s         Checking existence of `"Enter conversation" Button`
    t =     4.88s Tap "Enter conversation" Button
    t =     4.88s     Wait for life.soullab.voicekernel.vpio02 to idle
    t =     4.88s     Find the "Enter conversation" Button
    t =     4.92s     Check for interrupting elements affecting "Enter conversation" Button
    t =     4.96s     Synthesize event
    t =     5.26s     Wait for life.soullab.voicekernel.vpio02 to idle
    t =     5.28s Waiting 5.0s for "Play 3 s tone" Button to exist
    t =     6.31s     Checking `Expect predicate `existsNoRetry == 1` for object "Play 3 s tone" Button`
    t =     6.31s         Checking existence of `"Play 3 s tone" Button`
    t =     6.35s         Capturing element debug description
    t =     7.28s     Checking `Expect predicate `existsNoRetry == 1` for object "Play 3 s tone" Button`
    t =     7.29s         Checking existence of `"Play 3 s tone" Button`
    t =     7.34s         Capturing element debug description
    t =     8.37s     Checking `Expect predicate `existsNoRetry == 1` for object "Play 3 s tone" Button`
    t =     8.38s         Checking existence of `"Play 3 s tone" Button`
    t =     8.43s         Capturing element debug description
    t =     9.36s     Checking `Expect predicate `existsNoRetry == 1` for object "Play 3 s tone" Button`
    t =     9.36s         Checking existence of `"Play 3 s tone" Button`
    t =     9.41s         Capturing element debug description
    t =    10.28s     Checking `Expect predicate `existsNoRetry == 1` for object "Play 3 s tone" Button`
    t =    10.28s         Checking existence of `"Play 3 s tone" Button`
    t =    10.33s         Capturing element debug description
    t =    10.34s     Checking existence of `"Play 3 s tone" Button`
    t =    10.37s Collecting debug information to assist test failure triage
    t =    10.37s     Requesting snapshot of accessibility hierarchy for app with pid 2557
    t =    10.47s Swipe up Application 'life.soullab.voicekernel.vpio02'
    t =    10.47s     Wait for life.soullab.voicekernel.vpio02 to idle
    t =    10.47s     Find the Application 'life.soullab.voicekernel.vpio02'
    t =    10.49s     Check for interrupting elements affecting "VoiceKernel VPIO-02" Application
    t =    10.52s     Synthesize event
    t =    10.95s     Wait for life.soullab.voicekernel.vpio02 to idle
    t =    13.47s Checking existence of `"Play 3 s tone" Button`
2026-09-15 14:45:47.632119-0400 DriverUITests-Runner[2556:413412] K00-OUTPUT: reveal swipe 1/4 — 'Play 3 s tone' exists: true
    t =    13.53s Checking existence of `"Play 3 s tone" Button`
    t =    13.56s Find the "Play 3 s tone" Button
    t =    15.60s Tap "Play 3 s tone" Button
    t =    15.60s     Wait for life.soullab.voicekernel.vpio02 to idle
    t =    15.61s     Find the "Play 3 s tone" Button
    t =    15.67s     Check for interrupting elements affecting "Play 3 s tone" Button
    t =    15.74s     Synthesize event
    t =    16.06s     Wait for life.soullab.voicekernel.vpio02 to idle
2026-09-15 14:45:50.185465-0400 DriverUITests-Runner[2556:413412] K00-OUTPUT: Play 1 tapped
    t =    17.09s Checking existence of `"Cancel active" Button`
    t =    17.15s Find the "Cancel active" Button
    t =    17.18s Tap "Cancel active" Button
    t =    17.18s     Wait for life.soullab.voicekernel.vpio02 to idle
    t =    17.19s     Find the "Cancel active" Button
    t =    17.22s     Check for interrupting elements affecting "Cancel active" Button
    t =    17.26s     Synthesize event
    t =    17.68s     Wait for life.soullab.voicekernel.vpio02 to idle
2026-09-15 14:45:51.790797-0400 DriverUITests-Runner[2556:413412] K00-OUTPUT: Cancel active tapped at ≈1000 ms after Play 1
    t =    18.69s Checking existence of `"Play 3 s tone" Button`
    t =    18.74s Find the "Play 3 s tone" Button
    t =    18.88s Tap "Play 3 s tone" Button
    t =    18.88s     Wait for life.soullab.voicekernel.vpio02 to idle
    t =    18.89s     Find the "Play 3 s tone" Button
    t =    18.94s     Check for interrupting elements affecting "Play 3 s tone" Button
    t =    18.99s     Synthesize event
    t =    19.31s     Wait for life.soullab.voicekernel.vpio02 to idle
2026-09-15 14:45:53.433689-0400 DriverUITests-Runner[2556:413412] K00-OUTPUT: Play 2 tapped (left to complete)
    t =    23.83s Waiting 5.0s for "Export journal" Button to exist
    t =    24.86s     Checking `Expect predicate `existsNoRetry == 1` for object "Export journal" Button`
    t =    24.86s         Checking existence of `"Export journal" Button`
    t =    24.92s Tap "Export journal" Button
    t =    24.92s     Wait for life.soullab.voicekernel.vpio02 to idle
    t =    24.93s     Find the "Export journal" Button
    t =    24.97s     Check for interrupting elements affecting "Export journal" Button
    t =    25.01s     Synthesize event
    t =    25.43s     Wait for life.soullab.voicekernel.vpio02 to idle
    t =    27.64s Terminate life.soullab.voicekernel.vpio02:2557
    t =    28.72s Wait for life.soullab.voicekernel.vpio02 to become Not Running
    t =    28.72s Tear Down
Test Case '-[DriverUITests.K00DriverTests testOutputSample]' passed (28.804 seconds).
Test Suite 'K00DriverTests' passed at 2026-09-15 14:46:02.913.
	 Executed 1 test, with 0 failures (0 unexpected) in 28.804 (28.808) seconds
Test Suite 'DriverUITests.xctest' passed at 2026-09-15 14:46:02.916.
	 Executed 1 test, with 0 failures (0 unexpected) in 28.804 (28.811) seconds
Test Suite 'Selected tests' passed at 2026-09-15 14:46:02.916.
	 Executed 1 test, with 0 failures (0 unexpected) in 28.804 (28.812) seconds
2026-09-15 14:46:03.046 xcodebuild[32648:31557202] [MT] IDERunDestination: Supported platforms for the buildables in the current scheme is empty.
2026-09-15 14:46:03.239 xcodebuild[32648:31557202] [MT] IDETestOperationsObserverDebug: 31.168 elapsed -- Testing started completed.
2026-09-15 14:46:03.239 xcodebuild[32648:31557202] [MT] IDETestOperationsObserverDebug: 0.000 sec, +0.000 sec -- start
2026-09-15 14:46:03.239 xcodebuild[32648:31557202] [MT] IDETestOperationsObserverDebug: 31.168 sec, +31.168 sec -- end

Test session results, code coverage, and logs:
	/Users/soullab/Library/Developer/Xcode/DerivedData/VoiceKernelDriver-acaczvjagnsehgeskyuprvssqqsk/Logs/Test/Test-DriverUITests-2026.09.15_14-45-31--0400.xcresult

** TEST EXECUTE SUCCEEDED **

Testing started
