Command line invocation:
    /Applications/Xcode.app/Contents/Developer/usr/bin/xcodebuild test-without-building -xctestrun /private/tmp/k0506-s2pop2-b198e2e37/ios/VoiceKernelDriver/.derived/Build/Products/DriverUITests_iphoneos26.2-arm64.xctestrun -destination id=00008140-00163D9922E0801C -collect-test-diagnostics never "-only-testing:DriverUITests/K00DriverTests/testOutputSample"

2026-09-15 14:43:41.932 xcodebuild[31483:31553328] [MT] IDERunDestination: Supported platforms for the buildables in the current scheme is empty.
2026-09-15 14:43:41.935 xcodebuild[31483:31553328] [MT] IDERunDestination: Supported platforms for the buildables in the current scheme is empty.
2026-09-15 14:43:42.034 xcodebuild[31483:31553328] [MT] IDERunDestination: Supported platforms for the buildables in the current scheme is empty.
2026-09-15 14:43:42.138 xcodebuild[31483:31553328] [MT] IDERunDestination: Supported platforms for the buildables in the current scheme is empty.
--- xcodebuild: WARNING: Using the first of multiple matching destinations:
{ platform:iOS, arch:arm64e, id:00008140-00163D9922E0801C, name:Kelly Nezat’s iPhone }
{ platform:iOS, arch:arm64, id:00008140-00163D9922E0801C, name:Kelly Nezat’s iPhone }
2026-09-15 14:43:42.324 xcodebuild[31483:31553328] [MT] IDERunDestination: Supported platforms for the buildables in the current scheme is empty.
2026-09-15 14:43:43.951402-0400 DriverUITests-Runner[2546:408591] [Default] Running tests...
    t =      nans Interface orientation changed to Portrait
Test Suite 'Selected tests' started at 2026-09-15 14:43:44.421.
Test Suite 'DriverUITests.xctest' started at 2026-09-15 14:43:44.422.
Test Suite 'K00DriverTests' started at 2026-09-15 14:43:44.422.
Test Case '-[DriverUITests.K00DriverTests testOutputSample]' started.
    t =     0.00s Start Test at 2026-09-15 14:43:44.423
    t =     0.02s Set Up
    t =     0.03s Open life.soullab.voicekernel.vpio02
    t =     0.03s     Launch life.soullab.voicekernel.vpio02
    t =     0.10s         Setting up automation session
    t =     0.18s         Wait for life.soullab.voicekernel.vpio02 to idle
2026-09-15 14:43:44.639 xcodebuild[31483:31553328] [MT] IDERunDestination: Supported platforms for the buildables in the current scheme is empty.
    t =     1.29s Wait for life.soullab.voicekernel.vpio02 to become Running Foreground
    t =     1.30s Waiting 10.0s for "Enter conversation" Button to exist
    t =     2.34s     Checking `Expect predicate `existsNoRetry == 1` for object "Enter conversation" Button`
    t =     2.34s         Checking existence of `"Enter conversation" Button`
    t =     2.44s Checking existence of `"Voice processing: ON (default)" Button`
    t =     2.47s Checking existence of `"Voice processing: OFF (control run)" Button`
    t =     2.79s Waiting 3.0s for "Voice processing: ON (default)" Button to exist
    t =     3.83s     Checking `Expect predicate `existsNoRetry == 1` for object "Voice processing: ON (default)" Button`
    t =     3.83s         Checking existence of `"Voice processing: ON (default)" Button`
    t =     3.89s Waiting 5.0s for "Enter conversation" Button to exist
    t =     4.91s     Checking `Expect predicate `existsNoRetry == 1` for object "Enter conversation" Button`
    t =     4.91s         Checking existence of `"Enter conversation" Button`
    t =     4.97s Tap "Enter conversation" Button
    t =     4.97s     Wait for life.soullab.voicekernel.vpio02 to idle
    t =     4.98s     Find the "Enter conversation" Button
    t =     5.02s     Check for interrupting elements affecting "Enter conversation" Button
    t =     5.06s     Synthesize event
    t =     5.36s     Wait for life.soullab.voicekernel.vpio02 to idle
    t =     5.37s Waiting 5.0s for "Play 3 s tone" Button to exist
    t =     6.40s     Checking `Expect predicate `existsNoRetry == 1` for object "Play 3 s tone" Button`
    t =     6.40s         Checking existence of `"Play 3 s tone" Button`
    t =     6.45s         Capturing element debug description
    t =     7.38s     Checking `Expect predicate `existsNoRetry == 1` for object "Play 3 s tone" Button`
    t =     7.39s         Checking existence of `"Play 3 s tone" Button`
    t =     7.43s         Capturing element debug description
    t =     8.47s     Checking `Expect predicate `existsNoRetry == 1` for object "Play 3 s tone" Button`
    t =     8.47s         Checking existence of `"Play 3 s tone" Button`
    t =     8.51s         Capturing element debug description
    t =     9.43s     Checking `Expect predicate `existsNoRetry == 1` for object "Play 3 s tone" Button`
    t =     9.44s         Checking existence of `"Play 3 s tone" Button`
    t =     9.48s         Capturing element debug description
    t =    10.38s     Checking `Expect predicate `existsNoRetry == 1` for object "Play 3 s tone" Button`
    t =    10.38s         Checking existence of `"Play 3 s tone" Button`
    t =    10.43s         Capturing element debug description
    t =    10.43s     Checking existence of `"Play 3 s tone" Button`
    t =    10.47s Collecting debug information to assist test failure triage
    t =    10.47s     Requesting snapshot of accessibility hierarchy for app with pid 2547
    t =    10.56s Swipe up Application 'life.soullab.voicekernel.vpio02'
    t =    10.56s     Wait for life.soullab.voicekernel.vpio02 to idle
    t =    10.56s     Find the Application 'life.soullab.voicekernel.vpio02'
    t =    10.69s     Check for interrupting elements affecting "VoiceKernel VPIO-02" Application
    t =    10.73s     Synthesize event
    t =    11.17s     Wait for life.soullab.voicekernel.vpio02 to idle
    t =    13.72s Checking existence of `"Play 3 s tone" Button`
2026-09-15 14:43:58.197103-0400 DriverUITests-Runner[2546:408591] K00-OUTPUT: reveal swipe 1/4 — 'Play 3 s tone' exists: true
    t =    13.78s Checking existence of `"Play 3 s tone" Button`
    t =    13.81s Find the "Play 3 s tone" Button
    t =    15.84s Tap "Play 3 s tone" Button
    t =    15.84s     Wait for life.soullab.voicekernel.vpio02 to idle
    t =    15.86s     Find the "Play 3 s tone" Button
    t =    15.93s     Check for interrupting elements affecting "Play 3 s tone" Button
    t =    15.98s     Synthesize event
    t =    16.29s     Wait for life.soullab.voicekernel.vpio02 to idle
2026-09-15 14:44:00.727035-0400 DriverUITests-Runner[2546:408591] K00-OUTPUT: Play 1 tapped
    t =    17.31s Checking existence of `"Cancel active" Button`
    t =    17.37s Find the "Cancel active" Button
    t =    17.41s Tap "Cancel active" Button
    t =    17.41s     Wait for life.soullab.voicekernel.vpio02 to idle
    t =    17.41s     Find the "Cancel active" Button
    t =    17.54s     Check for interrupting elements affecting "Cancel active" Button
    t =    17.61s     Synthesize event
    t =    17.91s     Wait for life.soullab.voicekernel.vpio02 to idle
2026-09-15 14:44:02.351624-0400 DriverUITests-Runner[2546:408591] K00-OUTPUT: Cancel active tapped at ≈1000 ms after Play 1
    t =    18.94s Checking existence of `"Play 3 s tone" Button`
    t =    18.99s Find the "Play 3 s tone" Button
    t =    19.03s Tap "Play 3 s tone" Button
    t =    19.03s     Wait for life.soullab.voicekernel.vpio02 to idle
    t =    19.04s     Find the "Play 3 s tone" Button
    t =    19.07s     Check for interrupting elements affecting "Play 3 s tone" Button
    t =    19.12s     Synthesize event
    t =    19.42s     Wait for life.soullab.voicekernel.vpio02 to idle
2026-09-15 14:44:03.860562-0400 DriverUITests-Runner[2546:408591] K00-OUTPUT: Play 2 tapped (left to complete)
    t =    23.94s Waiting 5.0s for "Export journal" Button to exist
    t =    24.97s     Checking `Expect predicate `existsNoRetry == 1` for object "Export journal" Button`
    t =    24.97s         Checking existence of `"Export journal" Button`
    t =    25.03s Tap "Export journal" Button
    t =    25.03s     Wait for life.soullab.voicekernel.vpio02 to idle
    t =    25.04s     Find the "Export journal" Button
    t =    25.07s     Check for interrupting elements affecting "Export journal" Button
    t =    25.11s     Synthesize event
    t =    25.43s     Wait for life.soullab.voicekernel.vpio02 to idle
    t =    27.63s Terminate life.soullab.voicekernel.vpio02:2547
    t =    28.72s Wait for life.soullab.voicekernel.vpio02 to become Not Running
    t =    28.73s Tear Down
Test Case '-[DriverUITests.K00DriverTests testOutputSample]' passed (28.795 seconds).
Test Suite 'K00DriverTests' passed at 2026-09-15 14:44:13.220.
	 Executed 1 test, with 0 failures (0 unexpected) in 28.795 (28.798) seconds
Test Suite 'DriverUITests.xctest' passed at 2026-09-15 14:44:13.221.
	 Executed 1 test, with 0 failures (0 unexpected) in 28.795 (28.800) seconds
Test Suite 'Selected tests' passed at 2026-09-15 14:44:13.222.
	 Executed 1 test, with 0 failures (0 unexpected) in 28.795 (28.801) seconds
2026-09-15 14:44:13.357 xcodebuild[31483:31553328] [MT] IDERunDestination: Supported platforms for the buildables in the current scheme is empty.
2026-09-15 14:44:13.556 xcodebuild[31483:31553328] [MT] IDETestOperationsObserverDebug: 31.231 elapsed -- Testing started completed.
2026-09-15 14:44:13.556 xcodebuild[31483:31553328] [MT] IDETestOperationsObserverDebug: 0.000 sec, +0.000 sec -- start
2026-09-15 14:44:13.556 xcodebuild[31483:31553328] [MT] IDETestOperationsObserverDebug: 31.231 sec, +31.231 sec -- end

Test session results, code coverage, and logs:
	/Users/soullab/Library/Developer/Xcode/DerivedData/VoiceKernelDriver-ejmtbfwccaffaufsofjljniaymzl/Logs/Test/Test-DriverUITests-2026.09.15_14-43-42--0400.xcresult

** TEST EXECUTE SUCCEEDED **

Testing started
