Command line invocation:
    /Applications/Xcode.app/Contents/Developer/usr/bin/xcodebuild test-without-building -xctestrun /private/tmp/k0506-s2pop2-b198e2e37/ios/VoiceKernelDriver/.derived/Build/Products/DriverUITests_iphoneos26.2-arm64.xctestrun -destination id=00008140-00163D9922E0801C -collect-test-diagnostics never "-only-testing:DriverUITests/K00DriverTests/testOutputSample"

2026-09-15 14:46:47.151 xcodebuild[33447:31560253] [MT] IDERunDestination: Supported platforms for the buildables in the current scheme is empty.
2026-09-15 14:46:47.154 xcodebuild[33447:31560253] [MT] IDERunDestination: Supported platforms for the buildables in the current scheme is empty.
2026-09-15 14:46:47.258 xcodebuild[33447:31560253] [MT] IDERunDestination: Supported platforms for the buildables in the current scheme is empty.
--- xcodebuild: WARNING: Using the first of multiple matching destinations:
{ platform:iOS, arch:arm64e, id:00008140-00163D9922E0801C, name:Kelly Nezat’s iPhone }
{ platform:iOS, arch:arm64, id:00008140-00163D9922E0801C, name:Kelly Nezat’s iPhone }
2026-09-15 14:46:47.556 xcodebuild[33447:31560253] [MT] IDERunDestination: Supported platforms for the buildables in the current scheme is empty.
2026-09-15 14:46:47.761 xcodebuild[33447:31560253] [MT] IDERunDestination: Supported platforms for the buildables in the current scheme is empty.
2026-09-15 14:46:49.573827-0400 DriverUITests-Runner[2566:416823] [Default] Running tests...
    t =      nans Interface orientation changed to Portrait
Test Suite 'Selected tests' started at 2026-09-15 14:46:50.060.
Test Suite 'DriverUITests.xctest' started at 2026-09-15 14:46:50.060.
Test Suite 'K00DriverTests' started at 2026-09-15 14:46:50.060.
Test Case '-[DriverUITests.K00DriverTests testOutputSample]' started.
    t =     0.00s Start Test at 2026-09-15 14:46:50.061
    t =     0.02s Set Up
    t =     0.02s Open life.soullab.voicekernel.vpio02
    t =     0.03s     Launch life.soullab.voicekernel.vpio02
    t =     0.10s         Setting up automation session
    t =     0.17s         Wait for life.soullab.voicekernel.vpio02 to idle
2026-09-15 14:46:50.237 xcodebuild[33447:31560253] [MT] IDERunDestination: Supported platforms for the buildables in the current scheme is empty.
    t =     1.26s Wait for life.soullab.voicekernel.vpio02 to become Running Foreground
    t =     1.27s Waiting 10.0s for "Enter conversation" Button to exist
    t =     2.33s     Checking `Expect predicate `existsNoRetry == 1` for object "Enter conversation" Button`
    t =     2.33s         Checking existence of `"Enter conversation" Button`
    t =     2.42s Checking existence of `"Voice processing: ON (default)" Button`
    t =     2.46s Checking existence of `"Voice processing: OFF (control run)" Button`
    t =     2.78s Waiting 3.0s for "Voice processing: ON (default)" Button to exist
    t =     3.82s     Checking `Expect predicate `existsNoRetry == 1` for object "Voice processing: ON (default)" Button`
    t =     3.82s         Checking existence of `"Voice processing: ON (default)" Button`
    t =     3.88s Waiting 5.0s for "Enter conversation" Button to exist
    t =     4.91s     Checking `Expect predicate `existsNoRetry == 1` for object "Enter conversation" Button`
    t =     4.91s         Checking existence of `"Enter conversation" Button`
    t =     4.97s Tap "Enter conversation" Button
    t =     4.97s     Wait for life.soullab.voicekernel.vpio02 to idle
    t =     4.98s     Find the "Enter conversation" Button
    t =     5.01s     Check for interrupting elements affecting "Enter conversation" Button
    t =     5.06s     Synthesize event
    t =     5.35s     Wait for life.soullab.voicekernel.vpio02 to idle
    t =     5.37s Waiting 5.0s for "Play 3 s tone" Button to exist
    t =     6.41s     Checking `Expect predicate `existsNoRetry == 1` for object "Play 3 s tone" Button`
    t =     6.41s         Checking existence of `"Play 3 s tone" Button`
    t =     6.46s         Capturing element debug description
    t =     7.38s     Checking `Expect predicate `existsNoRetry == 1` for object "Play 3 s tone" Button`
    t =     7.38s         Checking existence of `"Play 3 s tone" Button`
    t =     7.41s         Capturing element debug description
    t =     8.44s     Checking `Expect predicate `existsNoRetry == 1` for object "Play 3 s tone" Button`
    t =     8.44s         Checking existence of `"Play 3 s tone" Button`
    t =     8.49s         Capturing element debug description
    t =     9.43s     Checking `Expect predicate `existsNoRetry == 1` for object "Play 3 s tone" Button`
    t =     9.43s         Checking existence of `"Play 3 s tone" Button`
    t =     9.48s         Capturing element debug description
    t =    10.38s     Checking `Expect predicate `existsNoRetry == 1` for object "Play 3 s tone" Button`
    t =    10.38s         Checking existence of `"Play 3 s tone" Button`
    t =    10.43s         Capturing element debug description
    t =    10.43s     Checking existence of `"Play 3 s tone" Button`
    t =    10.46s Collecting debug information to assist test failure triage
    t =    10.47s     Requesting snapshot of accessibility hierarchy for app with pid 2567
    t =    10.55s Swipe up Application 'life.soullab.voicekernel.vpio02'
    t =    10.55s     Wait for life.soullab.voicekernel.vpio02 to idle
    t =    10.56s     Find the Application 'life.soullab.voicekernel.vpio02'
    t =    10.58s     Check for interrupting elements affecting "VoiceKernel VPIO-02" Application
    t =    10.60s     Synthesize event
    t =    11.03s     Wait for life.soullab.voicekernel.vpio02 to idle
    t =    13.56s Checking existence of `"Play 3 s tone" Button`
2026-09-15 14:47:03.686751-0400 DriverUITests-Runner[2566:416823] K00-OUTPUT: reveal swipe 1/4 — 'Play 3 s tone' exists: true
    t =    13.63s Checking existence of `"Play 3 s tone" Button`
    t =    13.66s Find the "Play 3 s tone" Button
    t =    15.71s Tap "Play 3 s tone" Button
    t =    15.71s     Wait for life.soullab.voicekernel.vpio02 to idle
    t =    15.72s     Find the "Play 3 s tone" Button
    t =    15.77s     Check for interrupting elements affecting "Play 3 s tone" Button
    t =    15.83s     Synthesize event
    t =    16.14s     Wait for life.soullab.voicekernel.vpio02 to idle
2026-09-15 14:47:06.212926-0400 DriverUITests-Runner[2566:416823] K00-OUTPUT: Play 1 tapped
    t =    17.16s Checking existence of `"Cancel active" Button`
    t =    17.21s Find the "Cancel active" Button
    t =    17.25s Tap "Cancel active" Button
    t =    17.25s     Wait for life.soullab.voicekernel.vpio02 to idle
    t =    17.25s     Find the "Cancel active" Button
    t =    17.29s     Check for interrupting elements affecting "Cancel active" Button
    t =    17.33s     Synthesize event
    t =    17.63s     Wait for life.soullab.voicekernel.vpio02 to idle
2026-09-15 14:47:07.707862-0400 DriverUITests-Runner[2566:416823] K00-OUTPUT: Cancel active tapped at ≈1000 ms after Play 1
    t =    18.65s Checking existence of `"Play 3 s tone" Button`
    t =    18.70s Find the "Play 3 s tone" Button
    t =    18.74s Tap "Play 3 s tone" Button
    t =    18.74s     Wait for life.soullab.voicekernel.vpio02 to idle
    t =    18.74s     Find the "Play 3 s tone" Button
    t =    18.78s     Check for interrupting elements affecting "Play 3 s tone" Button
    t =    18.82s     Synthesize event
    t =    19.25s     Wait for life.soullab.voicekernel.vpio02 to idle
2026-09-15 14:47:09.313543-0400 DriverUITests-Runner[2566:416823] K00-OUTPUT: Play 2 tapped (left to complete)
    t =    23.76s Waiting 5.0s for "Export journal" Button to exist
    t =    24.81s     Checking `Expect predicate `existsNoRetry == 1` for object "Export journal" Button`
    t =    24.81s         Checking existence of `"Export journal" Button`
    t =    24.86s Tap "Export journal" Button
    t =    24.86s     Wait for life.soullab.voicekernel.vpio02 to idle
    t =    24.87s     Find the "Export journal" Button
    t =    24.91s     Check for interrupting elements affecting "Export journal" Button
    t =    24.96s     Synthesize event
    t =    25.27s     Wait for life.soullab.voicekernel.vpio02 to idle
    t =    27.48s Terminate life.soullab.voicekernel.vpio02:2567
    t =    28.55s Wait for life.soullab.voicekernel.vpio02 to become Not Running
    t =    28.55s Tear Down
Test Case '-[DriverUITests.K00DriverTests testOutputSample]' passed (28.650 seconds).
Test Suite 'K00DriverTests' passed at 2026-09-15 14:47:18.711.
	 Executed 1 test, with 0 failures (0 unexpected) in 28.650 (28.651) seconds
Test Suite 'DriverUITests.xctest' passed at 2026-09-15 14:47:18.712.
	 Executed 1 test, with 0 failures (0 unexpected) in 28.650 (28.652) seconds
Test Suite 'Selected tests' passed at 2026-09-15 14:47:18.713.
	 Executed 1 test, with 0 failures (0 unexpected) in 28.650 (28.653) seconds
2026-09-15 14:47:18.771 xcodebuild[33447:31560253] [MT] IDERunDestination: Supported platforms for the buildables in the current scheme is empty.
2026-09-15 14:47:18.994 xcodebuild[33447:31560253] [MT] IDETestOperationsObserverDebug: 31.437 elapsed -- Testing started completed.
2026-09-15 14:47:18.994 xcodebuild[33447:31560253] [MT] IDETestOperationsObserverDebug: 0.000 sec, +0.000 sec -- start
2026-09-15 14:47:18.994 xcodebuild[33447:31560253] [MT] IDETestOperationsObserverDebug: 31.437 sec, +31.437 sec -- end

Test session results, code coverage, and logs:
	/Users/soullab/Library/Developer/Xcode/DerivedData/VoiceKernelDriver-dknqhmxxtzrxzhgfcvbptvqynmmm/Logs/Test/Test-DriverUITests-2026.09.15_14-46-47--0400.xcresult

** TEST EXECUTE SUCCEEDED **

Testing started
