Command line invocation:
    /Applications/Xcode.app/Contents/Developer/usr/bin/xcodebuild test-without-building -xctestrun /private/tmp/k0506-s2pop2-b198e2e37/ios/VoiceKernelDriver/.derived/Build/Products/DriverUITests_iphoneos26.2-arm64.xctestrun -destination id=00008140-00163D9922E0801C -collect-test-diagnostics never "-only-testing:DriverUITests/K00DriverTests/testOutputSample"

2026-09-15 14:44:54.731 xcodebuild[32240:31555963] [MT] IDERunDestination: Supported platforms for the buildables in the current scheme is empty.
2026-09-15 14:44:54.734 xcodebuild[32240:31555963] [MT] IDERunDestination: Supported platforms for the buildables in the current scheme is empty.
2026-09-15 14:44:54.834 xcodebuild[32240:31555963] [MT] IDERunDestination: Supported platforms for the buildables in the current scheme is empty.
2026-09-15 14:44:54.939 xcodebuild[32240:31555963] [MT] IDERunDestination: Supported platforms for the buildables in the current scheme is empty.
--- xcodebuild: WARNING: Using the first of multiple matching destinations:
{ platform:iOS, arch:arm64e, id:00008140-00163D9922E0801C, name:Kelly Nezat’s iPhone }
{ platform:iOS, arch:arm64, id:00008140-00163D9922E0801C, name:Kelly Nezat’s iPhone }
2026-09-15 14:44:55.128 xcodebuild[32240:31555963] [MT] IDERunDestination: Supported platforms for the buildables in the current scheme is empty.
2026-09-15 14:44:56.879207-0400 DriverUITests-Runner[2552:411810] [Default] Running tests...
    t =      nans Interface orientation changed to Portrait
Test Suite 'Selected tests' started at 2026-09-15 14:44:57.348.
Test Suite 'DriverUITests.xctest' started at 2026-09-15 14:44:57.349.
Test Suite 'K00DriverTests' started at 2026-09-15 14:44:57.349.
Test Case '-[DriverUITests.K00DriverTests testOutputSample]' started.
    t =     0.00s Start Test at 2026-09-15 14:44:57.350
    t =     0.02s Set Up
    t =     0.03s Open life.soullab.voicekernel.vpio02
    t =     0.03s     Launch life.soullab.voicekernel.vpio02
    t =     0.10s         Setting up automation session
    t =     0.17s         Wait for life.soullab.voicekernel.vpio02 to idle
2026-09-15 14:44:57.563 xcodebuild[32240:31555963] [MT] IDERunDestination: Supported platforms for the buildables in the current scheme is empty.
    t =     1.27s Wait for life.soullab.voicekernel.vpio02 to become Running Foreground
    t =     1.27s Waiting 10.0s for "Enter conversation" Button to exist
    t =     2.30s     Checking `Expect predicate `existsNoRetry == 1` for object "Enter conversation" Button`
    t =     2.30s         Checking existence of `"Enter conversation" Button`
    t =     2.40s Checking existence of `"Voice processing: ON (default)" Button`
    t =     2.43s Checking existence of `"Voice processing: OFF (control run)" Button`
    t =     2.75s Waiting 3.0s for "Voice processing: ON (default)" Button to exist
2026-09-15 14:45:00.137 xcodebuild[32240:31555963] [MT] IDERunDestination: Supported platforms for the buildables in the current scheme is empty.
    t =     3.77s     Checking `Expect predicate `existsNoRetry == 1` for object "Voice processing: ON (default)" Button`
    t =     3.77s         Checking existence of `"Voice processing: ON (default)" Button`
    t =     3.84s Waiting 5.0s for "Enter conversation" Button to exist
    t =     4.85s     Checking `Expect predicate `existsNoRetry == 1` for object "Enter conversation" Button`
    t =     4.85s         Checking existence of `"Enter conversation" Button`
    t =     4.92s Tap "Enter conversation" Button
    t =     4.92s     Wait for life.soullab.voicekernel.vpio02 to idle
    t =     4.92s     Find the "Enter conversation" Button
    t =     4.96s     Check for interrupting elements affecting "Enter conversation" Button
    t =     5.00s     Synthesize event
    t =     5.30s     Wait for life.soullab.voicekernel.vpio02 to idle
    t =     5.31s Waiting 5.0s for "Play 3 s tone" Button to exist
    t =     6.33s     Checking `Expect predicate `existsNoRetry == 1` for object "Play 3 s tone" Button`
    t =     6.33s         Checking existence of `"Play 3 s tone" Button`
    t =     6.38s         Capturing element debug description
    t =     7.31s     Checking `Expect predicate `existsNoRetry == 1` for object "Play 3 s tone" Button`
    t =     7.31s         Checking existence of `"Play 3 s tone" Button`
    t =     7.37s         Capturing element debug description
    t =     8.39s     Checking `Expect predicate `existsNoRetry == 1` for object "Play 3 s tone" Button`
    t =     8.40s         Checking existence of `"Play 3 s tone" Button`
    t =     8.44s         Capturing element debug description
    t =     9.37s     Checking `Expect predicate `existsNoRetry == 1` for object "Play 3 s tone" Button`
    t =     9.37s         Checking existence of `"Play 3 s tone" Button`
    t =     9.42s         Capturing element debug description
    t =    10.31s     Checking `Expect predicate `existsNoRetry == 1` for object "Play 3 s tone" Button`
    t =    10.31s         Checking existence of `"Play 3 s tone" Button`
    t =    10.36s         Capturing element debug description
    t =    10.36s     Checking existence of `"Play 3 s tone" Button`
    t =    10.41s Collecting debug information to assist test failure triage
    t =    10.41s     Requesting snapshot of accessibility hierarchy for app with pid 2553
    t =    10.50s Swipe up Application 'life.soullab.voicekernel.vpio02'
    t =    10.50s     Wait for life.soullab.voicekernel.vpio02 to idle
    t =    10.50s     Find the Application 'life.soullab.voicekernel.vpio02'
    t =    10.52s     Check for interrupting elements affecting "VoiceKernel VPIO-02" Application
    t =    10.55s     Synthesize event
    t =    10.98s     Wait for life.soullab.voicekernel.vpio02 to idle
    t =    13.52s Checking existence of `"Play 3 s tone" Button`
2026-09-15 14:45:10.918087-0400 DriverUITests-Runner[2552:411810] K00-OUTPUT: reveal swipe 1/4 — 'Play 3 s tone' exists: true
    t =    13.57s Checking existence of `"Play 3 s tone" Button`
    t =    13.60s Find the "Play 3 s tone" Button
    t =    15.64s Tap "Play 3 s tone" Button
    t =    15.64s     Wait for life.soullab.voicekernel.vpio02 to idle
    t =    15.65s     Find the "Play 3 s tone" Button
    t =    15.72s     Check for interrupting elements affecting "Play 3 s tone" Button
    t =    15.78s     Synthesize event
    t =    16.09s     Wait for life.soullab.voicekernel.vpio02 to idle
2026-09-15 14:45:13.447232-0400 DriverUITests-Runner[2552:411810] K00-OUTPUT: Play 1 tapped
    t =    17.10s Checking existence of `"Cancel active" Button`
    t =    17.16s Find the "Cancel active" Button
    t =    17.21s Tap "Cancel active" Button
    t =    17.21s     Wait for life.soullab.voicekernel.vpio02 to idle
    t =    17.22s     Find the "Cancel active" Button
    t =    17.25s     Check for interrupting elements affecting "Cancel active" Button
    t =    17.29s     Synthesize event
    t =    17.60s     Wait for life.soullab.voicekernel.vpio02 to idle
2026-09-15 14:45:14.959620-0400 DriverUITests-Runner[2552:411810] K00-OUTPUT: Cancel active tapped at ≈1000 ms after Play 1
    t =    18.61s Checking existence of `"Play 3 s tone" Button`
    t =    18.67s Find the "Play 3 s tone" Button
    t =    18.71s Tap "Play 3 s tone" Button
    t =    18.71s     Wait for life.soullab.voicekernel.vpio02 to idle
    t =    18.72s     Find the "Play 3 s tone" Button
    t =    18.75s     Check for interrupting elements affecting "Play 3 s tone" Button
    t =    18.79s     Synthesize event
    t =    19.10s     Wait for life.soullab.voicekernel.vpio02 to idle
2026-09-15 14:45:16.460195-0400 DriverUITests-Runner[2552:411810] K00-OUTPUT: Play 2 tapped (left to complete)
    t =    23.62s Waiting 5.0s for "Export journal" Button to exist
    t =    24.64s     Checking `Expect predicate `existsNoRetry == 1` for object "Export journal" Button`
    t =    24.64s         Checking existence of `"Export journal" Button`
    t =    24.69s Tap "Export journal" Button
    t =    24.69s     Wait for life.soullab.voicekernel.vpio02 to idle
    t =    24.69s     Find the "Export journal" Button
    t =    24.74s     Check for interrupting elements affecting "Export journal" Button
    t =    24.79s     Synthesize event
    t =    25.08s     Wait for life.soullab.voicekernel.vpio02 to idle
    t =    27.30s Terminate life.soullab.voicekernel.vpio02:2553
    t =    28.38s Wait for life.soullab.voicekernel.vpio02 to become Not Running
    t =    28.39s Tear Down
Test Case '-[DriverUITests.K00DriverTests testOutputSample]' passed (28.481 seconds).
Test Suite 'K00DriverTests' passed at 2026-09-15 14:45:25.832.
	 Executed 1 test, with 0 failures (0 unexpected) in 28.481 (28.483) seconds
Test Suite 'DriverUITests.xctest' passed at 2026-09-15 14:45:25.833.
	 Executed 1 test, with 0 failures (0 unexpected) in 28.481 (28.484) seconds
Test Suite 'Selected tests' passed at 2026-09-15 14:45:25.835.
	 Executed 1 test, with 0 failures (0 unexpected) in 28.481 (28.487) seconds
2026-09-15 14:45:25.938 xcodebuild[32240:31555963] [MT] IDERunDestination: Supported platforms for the buildables in the current scheme is empty.
2026-09-15 14:45:26.167 xcodebuild[32240:31555963] [MT] IDETestOperationsObserverDebug: 31.037 elapsed -- Testing started completed.
2026-09-15 14:45:26.167 xcodebuild[32240:31555963] [MT] IDETestOperationsObserverDebug: 0.000 sec, +0.000 sec -- start
2026-09-15 14:45:26.167 xcodebuild[32240:31555963] [MT] IDETestOperationsObserverDebug: 31.037 sec, +31.037 sec -- end

Test session results, code coverage, and logs:
	/Users/soullab/Library/Developer/Xcode/DerivedData/VoiceKernelDriver-hdutbyayjontfybsycvigchqickp/Logs/Test/Test-DriverUITests-2026.09.15_14-44-54--0400.xcresult

** TEST EXECUTE SUCCEEDED **

Testing started
