Command line invocation:
    /Applications/Xcode.app/Contents/Developer/usr/bin/xcodebuild test-without-building -xctestrun /private/tmp/voice-driver-01/ios/VoiceKernelDriver/.derived/Build/Products/DriverUITests_iphoneos26.2-arm64.xctestrun -destination id=00008140-00163D9922E0801C -collect-test-diagnostics never "-only-testing:DriverUITests/K00DriverTests/testOneSample"

2026-09-13 10:52:46.817 xcodebuild[25614:27163003] [MT] IDERunDestination: Supported platforms for the buildables in the current scheme is empty.
2026-09-13 10:52:46.821 xcodebuild[25614:27163003] [MT] IDERunDestination: Supported platforms for the buildables in the current scheme is empty.
2026-09-13 10:52:46.920 xcodebuild[25614:27163003] [MT] IDERunDestination: Supported platforms for the buildables in the current scheme is empty.
--- xcodebuild: WARNING: Using the first of multiple matching destinations:
{ platform:iOS, arch:arm64e, id:00008140-00163D9922E0801C, name:Kelly Nezat’s iPhone }
{ platform:iOS, arch:arm64, id:00008140-00163D9922E0801C, name:Kelly Nezat’s iPhone }
2026-09-13 10:52:47.124 xcodebuild[25614:27163003] [MT] IDERunDestination: Supported platforms for the buildables in the current scheme is empty.
2026-09-13 10:52:47.310 xcodebuild[25614:27163003] [MT] IDERunDestination: Supported platforms for the buildables in the current scheme is empty.
2026-09-13 10:52:48.960 xcodebuild[25614:27163003] [MT] IDERunDestination: Supported platforms for the buildables in the current scheme is empty.
2026-09-13 10:52:53.769291-0400 DriverUITests-Runner[59347:13327971] [Default] Running tests...
    t =      nans Interface orientation changed to Portrait
Test Suite 'Selected tests' started at 2026-09-13 10:52:54.353.
Test Suite 'DriverUITests.xctest' started at 2026-09-13 10:52:54.353.
Test Suite 'K00DriverTests' started at 2026-09-13 10:52:54.353.
Test Case '-[DriverUITests.K00DriverTests testOneSample]' started.
    t =     0.00s Start Test at 2026-09-13 10:52:54.353
    t =     0.03s Set Up
    t =     0.03s Open life.soullab.voicekernel.k00
    t =     0.03s     Launch life.soullab.voicekernel.k00
    t =     0.19s         Setting up automation session
2026-09-13 10:52:54.615 xcodebuild[25614:27163003] [MT] IDERunDestination: Supported platforms for the buildables in the current scheme is empty.
    t =     0.35s         Wait for life.soullab.voicekernel.k00 to idle
    t =     1.54s Wait for life.soullab.voicekernel.k00 to become Running Foreground
    t =     1.55s Waiting 10.0s for "Enter conversation" Button to exist
    t =     2.07s     Device orientation changed to Face Up
2026-09-13 10:52:56.557 xcodebuild[25614:27163003] [MT] IDERunDestination: Supported platforms for the buildables in the current scheme is empty.
    t =     2.59s     Checking `Expect predicate `existsNoRetry == 1` for object "Enter conversation" Button`
    t =     2.59s         Checking existence of `"Enter conversation" Button`
    t =     2.69s Checking existence of `"Voice processing: ON (default)" Button`
    t =     2.72s Checking existence of `"Voice processing: OFF (control run)" Button`
    t =     3.05s Waiting 3.0s for "Voice processing: ON (default)" Button to exist
    t =     4.14s     Checking `Expect predicate `existsNoRetry == 1` for object "Voice processing: ON (default)" Button`
    t =     4.14s         Checking existence of `"Voice processing: ON (default)" Button`
    t =     4.21s Waiting 5.0s for "Enter conversation" Button to exist
    t =     5.31s     Checking `Expect predicate `existsNoRetry == 1` for object "Enter conversation" Button`
    t =     5.31s         Checking existence of `"Enter conversation" Button`
    t =     5.38s Tap "Enter conversation" Button
    t =     5.39s     Wait for life.soullab.voicekernel.k00 to idle
    t =     5.39s     Find the "Enter conversation" Button
    t =     5.53s     Check for interrupting elements affecting "Enter conversation" Button
    t =     5.62s     Synthesize event
2026-09-13 10:53:00.124 xcodebuild[25614:27163003] [MT] IDERunDestination: Supported platforms for the buildables in the current scheme is empty.
    t =     6.05s     Wait for life.soullab.voicekernel.k00 to idle
    t =    21.06s Waiting 5.0s for "Export journal" Button to exist
    t =    22.09s     Checking `Expect predicate `existsNoRetry == 1` for object "Export journal" Button`
    t =    22.09s         Checking existence of `"Export journal" Button`
    t =    22.16s Tap "Export journal" Button
    t =    22.16s     Wait for life.soullab.voicekernel.k00 to idle
    t =    22.17s     Find the "Export journal" Button
    t =    22.20s     Check for interrupting elements affecting "Export journal" Button
    t =    22.25s     Synthesize event
    t =    22.56s     Wait for life.soullab.voicekernel.k00 to idle
    t =    24.78s Terminate life.soullab.voicekernel.k00:59361
    t =    25.87s Wait for life.soullab.voicekernel.k00 to become Not Running
    t =    25.87s Tear Down
Test Case '-[DriverUITests.K00DriverTests testOneSample]' passed (25.922 seconds).
Test Suite 'K00DriverTests' passed at 2026-09-13 10:53:20.276.
	 Executed 1 test, with 0 failures (0 unexpected) in 25.922 (25.923) seconds
Test Suite 'DriverUITests.xctest' passed at 2026-09-13 10:53:20.277.
	 Executed 1 test, with 0 failures (0 unexpected) in 25.922 (25.924) seconds
Test Suite 'Selected tests' passed at 2026-09-13 10:53:20.278.
	 Executed 1 test, with 0 failures (0 unexpected) in 25.922 (25.926) seconds
2026-09-13 10:53:20.471 xcodebuild[25614:27163003] [MT] IDERunDestination: Supported platforms for the buildables in the current scheme is empty.
2026-09-13 10:53:20.647 xcodebuild[25614:27163003] [MT] IDETestOperationsObserverDebug: 33.522 elapsed -- Testing started completed.
2026-09-13 10:53:20.647 xcodebuild[25614:27163003] [MT] IDETestOperationsObserverDebug: 0.000 sec, +0.000 sec -- start
2026-09-13 10:53:20.647 xcodebuild[25614:27163003] [MT] IDETestOperationsObserverDebug: 33.522 sec, +33.522 sec -- end

Test session results, code coverage, and logs:
	/Users/soullab/Library/Developer/Xcode/DerivedData/VoiceKernelDriver-dygqktvtyhkpeqcftwenezgpsnbm/Logs/Test/Test-DriverUITests-2026.09.13_10-52-46--0400.xcresult

** TEST EXECUTE SUCCEEDED **

Testing started
