Command line invocation:
    /Applications/Xcode.app/Contents/Developer/usr/bin/xcodebuild test-without-building -xctestrun /private/tmp/voice-driver-01/ios/VoiceKernelDriver/.derived/Build/Products/DriverUITests_iphoneos26.2-arm64.xctestrun -destination id=00008140-00163D9922E0801C -collect-test-diagnostics never "-only-testing:DriverUITests/K00DriverTests/testOneSample"

2026-09-13 11:01:01.608 xcodebuild[26717:27195093] [MT] IDERunDestination: Supported platforms for the buildables in the current scheme is empty.
2026-09-13 11:01:01.611 xcodebuild[26717:27195093] [MT] IDERunDestination: Supported platforms for the buildables in the current scheme is empty.
2026-09-13 11:01:01.709 xcodebuild[26717:27195093] [MT] IDERunDestination: Supported platforms for the buildables in the current scheme is empty.
--- xcodebuild: WARNING: Using the first of multiple matching destinations:
{ platform:iOS, arch:arm64e, id:00008140-00163D9922E0801C, name:Kelly Nezat’s iPhone }
{ platform:iOS, arch:arm64, id:00008140-00163D9922E0801C, name:Kelly Nezat’s iPhone }
2026-09-13 11:01:01.926 xcodebuild[26717:27195093] [MT] IDERunDestination: Supported platforms for the buildables in the current scheme is empty.
2026-09-13 11:01:02.125 xcodebuild[26717:27195093] [MT] IDERunDestination: Supported platforms for the buildables in the current scheme is empty.
2026-09-13 11:01:03.531830-0400 DriverUITests-Runner[59434:13346962] [Default] Running tests...
    t =      nans Interface orientation changed to Portrait
Test Suite 'Selected tests' started at 2026-09-13 11:01:04.008.
Test Suite 'DriverUITests.xctest' started at 2026-09-13 11:01:04.008.
Test Suite 'K00DriverTests' started at 2026-09-13 11:01:04.008.
Test Case '-[DriverUITests.K00DriverTests testOneSample]' started.
    t =     0.00s Start Test at 2026-09-13 11:01:04.009
    t =     0.02s Set Up
    t =     0.02s Open life.soullab.voicekernel.k00
    t =     0.02s     Launch life.soullab.voicekernel.k00
    t =     0.12s         Setting up automation session
    t =     0.19s         Wait for life.soullab.voicekernel.k00 to idle
2026-09-13 11:01:04.332 xcodebuild[26717:27195093] [MT] IDERunDestination: Supported platforms for the buildables in the current scheme is empty.
    t =     1.28s Wait for life.soullab.voicekernel.k00 to become Running Foreground
    t =     1.28s Waiting 10.0s for "Enter conversation" Button to exist
    t =     2.35s     Checking `Expect predicate `existsNoRetry == 1` for object "Enter conversation" Button`
    t =     2.35s         Checking existence of `"Enter conversation" Button`
    t =     2.44s Checking existence of `"Voice processing: ON (default)" Button`
    t =     2.47s Checking existence of `"Voice processing: OFF (control run)" Button`
    t =     2.80s Waiting 3.0s for "Voice processing: ON (default)" Button to exist
    t =     3.83s     Checking `Expect predicate `existsNoRetry == 1` for object "Voice processing: ON (default)" Button`
    t =     3.83s         Checking existence of `"Voice processing: ON (default)" Button`
    t =     3.89s Waiting 5.0s for "Enter conversation" Button to exist
    t =     4.92s     Checking `Expect predicate `existsNoRetry == 1` for object "Enter conversation" Button`
    t =     4.92s         Checking existence of `"Enter conversation" Button`
    t =     4.98s Tap "Enter conversation" Button
    t =     4.98s     Wait for life.soullab.voicekernel.k00 to idle
    t =     4.98s     Find the "Enter conversation" Button
    t =     5.02s     Check for interrupting elements affecting "Enter conversation" Button
    t =     5.07s     Synthesize event
    t =     5.38s     Wait for life.soullab.voicekernel.k00 to idle
    t =    20.39s Waiting 5.0s for "Export journal" Button to exist
    t =    21.41s     Checking `Expect predicate `existsNoRetry == 1` for object "Export journal" Button`
    t =    21.41s         Checking existence of `"Export journal" Button`
    t =    21.43s Tap "Export journal" Button
    t =    21.43s     Wait for life.soullab.voicekernel.k00 to idle
    t =    21.44s     Find the "Export journal" Button
    t =    21.47s     Check for interrupting elements affecting "Export journal" Button
    t =    21.50s     Synthesize event
    t =    21.79s     Wait for life.soullab.voicekernel.k00 to idle
    t =    24.12s Terminate life.soullab.voicekernel.k00:59435
    t =    25.22s Wait for life.soullab.voicekernel.k00 to become Not Running
    t =    25.22s Tear Down
Test Case '-[DriverUITests.K00DriverTests testOneSample]' passed (25.261 seconds).
Test Suite 'K00DriverTests' passed at 2026-09-13 11:01:29.271.
	 Executed 1 test, with 0 failures (0 unexpected) in 25.261 (25.263) seconds
Test Suite 'DriverUITests.xctest' passed at 2026-09-13 11:01:29.272.
	 Executed 1 test, with 0 failures (0 unexpected) in 25.261 (25.264) seconds
Test Suite 'Selected tests' passed at 2026-09-13 11:01:29.275.
	 Executed 1 test, with 0 failures (0 unexpected) in 25.261 (25.267) seconds
2026-09-13 11:01:29.546 xcodebuild[26717:27195093] [MT] IDERunDestination: Supported platforms for the buildables in the current scheme is empty.
2026-09-13 11:01:29.721 xcodebuild[26717:27195093] [MT] IDETestOperationsObserverDebug: 27.794 elapsed -- Testing started completed.
2026-09-13 11:01:29.721 xcodebuild[26717:27195093] [MT] IDETestOperationsObserverDebug: 0.000 sec, +0.000 sec -- start
2026-09-13 11:01:29.721 xcodebuild[26717:27195093] [MT] IDETestOperationsObserverDebug: 27.794 sec, +27.794 sec -- end

Test session results, code coverage, and logs:
	/Users/soullab/Library/Developer/Xcode/DerivedData/VoiceKernelDriver-fxrsrwsgqwzrqodqrryzggmdhfmx/Logs/Test/Test-DriverUITests-2026.09.13_11-01-01--0400.xcresult

** TEST EXECUTE SUCCEEDED **

Testing started
