Command line invocation:
    /Applications/Xcode.app/Contents/Developer/usr/bin/xcodebuild test-without-building -xctestrun /private/tmp/voice-driver-01/ios/VoiceKernelDriver/.derived/Build/Products/DriverUITests_iphoneos26.2-arm64.xctestrun -destination id=00008140-00163D9922E0801C -collect-test-diagnostics never "-only-testing:DriverUITests/K00DriverTests/testOneSample"

2026-09-13 11:07:44.900 xcodebuild[27486:27219469] [MT] IDERunDestination: Supported platforms for the buildables in the current scheme is empty.
2026-09-13 11:07:44.903 xcodebuild[27486:27219469] [MT] IDERunDestination: Supported platforms for the buildables in the current scheme is empty.
2026-09-13 11:07:45.002 xcodebuild[27486:27219469] [MT] IDERunDestination: Supported platforms for the buildables in the current scheme is empty.
--- xcodebuild: WARNING: Using the first of multiple matching destinations:
{ platform:iOS, arch:arm64e, id:00008140-00163D9922E0801C, name:Kelly Nezat’s iPhone }
{ platform:iOS, arch:arm64, id:00008140-00163D9922E0801C, name:Kelly Nezat’s iPhone }
2026-09-13 11:07:45.238 xcodebuild[27486:27219469] [MT] IDERunDestination: Supported platforms for the buildables in the current scheme is empty.
2026-09-13 11:07:45.447 xcodebuild[27486:27219469] [MT] IDERunDestination: Supported platforms for the buildables in the current scheme is empty.
2026-09-13 11:07:46.843600-0400 DriverUITests-Runner[59489:13361649] [Default] Running tests...
    t =      nans Interface orientation changed to Portrait
Test Suite 'Selected tests' started at 2026-09-13 11:07:47.320.
Test Suite 'DriverUITests.xctest' started at 2026-09-13 11:07:47.321.
Test Suite 'K00DriverTests' started at 2026-09-13 11:07:47.321.
Test Case '-[DriverUITests.K00DriverTests testOneSample]' started.
    t =     0.00s Start Test at 2026-09-13 11:07:47.322
    t =     0.02s Set Up
    t =     0.02s Open life.soullab.voicekernel.k00
    t =     0.03s     Launch life.soullab.voicekernel.k00
    t =     0.11s         Setting up automation session
    t =     0.18s         Wait for life.soullab.voicekernel.k00 to idle
2026-09-13 11:07:47.654 xcodebuild[27486:27219469] [MT] IDERunDestination: Supported platforms for the buildables in the current scheme is empty.
    t =     1.26s Wait for life.soullab.voicekernel.k00 to become Running Foreground
    t =     1.26s Waiting 10.0s for "Enter conversation" Button to exist
    t =     2.29s     Checking `Expect predicate `existsNoRetry == 1` for object "Enter conversation" Button`
    t =     2.29s         Checking existence of `"Enter conversation" Button`
    t =     2.38s Checking existence of `"Voice processing: ON (default)" Button`
    t =     2.41s Checking existence of `"Voice processing: OFF (control run)" Button`
    t =     2.74s Waiting 3.0s for "Voice processing: ON (default)" Button to exist
    t =     3.76s     Checking `Expect predicate `existsNoRetry == 1` for object "Voice processing: ON (default)" Button`
    t =     3.76s         Checking existence of `"Voice processing: ON (default)" Button`
    t =     3.82s Waiting 5.0s for "Enter conversation" Button to exist
    t =     4.84s     Checking `Expect predicate `existsNoRetry == 1` for object "Enter conversation" Button`
    t =     4.84s         Checking existence of `"Enter conversation" Button`
    t =     4.90s Tap "Enter conversation" Button
    t =     4.90s     Wait for life.soullab.voicekernel.k00 to idle
    t =     4.91s     Find the "Enter conversation" Button
    t =     4.95s     Check for interrupting elements affecting "Enter conversation" Button
    t =     4.99s     Synthesize event
    t =     5.29s     Wait for life.soullab.voicekernel.k00 to idle
    t =    20.31s Waiting 5.0s for "Export journal" Button to exist
    t =    21.35s     Checking `Expect predicate `existsNoRetry == 1` for object "Export journal" Button`
    t =    21.35s         Checking existence of `"Export journal" Button`
    t =    21.41s Tap "Export journal" Button
    t =    21.41s     Wait for life.soullab.voicekernel.k00 to idle
    t =    21.42s     Find the "Export journal" Button
    t =    21.45s     Check for interrupting elements affecting "Export journal" Button
    t =    21.49s     Synthesize event
    t =    21.79s     Wait for life.soullab.voicekernel.k00 to idle
    t =    24.02s Terminate life.soullab.voicekernel.k00:59490
    t =    25.13s Wait for life.soullab.voicekernel.k00 to become Not Running
    t =    25.14s Tear Down
Test Case '-[DriverUITests.K00DriverTests testOneSample]' passed (25.215 seconds).
Test Suite 'K00DriverTests' passed at 2026-09-13 11:08:12.537.
	 Executed 1 test, with 0 failures (0 unexpected) in 25.215 (25.216) seconds
Test Suite 'DriverUITests.xctest' passed at 2026-09-13 11:08:12.538.
	 Executed 1 test, with 0 failures (0 unexpected) in 25.215 (25.218) seconds
Test Suite 'Selected tests' passed at 2026-09-13 11:08:12.543.
	 Executed 1 test, with 0 failures (0 unexpected) in 25.215 (25.223) seconds
2026-09-13 11:08:12.786 xcodebuild[27486:27219469] [MT] IDERunDestination: Supported platforms for the buildables in the current scheme is empty.
2026-09-13 11:08:13.008 xcodebuild[27486:27219469] [MT] IDETestOperationsObserverDebug: 27.769 elapsed -- Testing started completed.
2026-09-13 11:08:13.008 xcodebuild[27486:27219469] [MT] IDETestOperationsObserverDebug: 0.000 sec, +0.000 sec -- start
2026-09-13 11:08:13.008 xcodebuild[27486:27219469] [MT] IDETestOperationsObserverDebug: 27.769 sec, +27.769 sec -- end

Test session results, code coverage, and logs:
	/Users/soullab/Library/Developer/Xcode/DerivedData/VoiceKernelDriver-cyzfbagqyhawvadmvccskbjyvnkp/Logs/Test/Test-DriverUITests-2026.09.13_11-07-45--0400.xcresult

** TEST EXECUTE SUCCEEDED **

Testing started
