Command line invocation:
    /Applications/Xcode.app/Contents/Developer/usr/bin/xcodebuild test-without-building -xctestrun /private/tmp/voice-driver-01/ios/VoiceKernelDriver/.derived/Build/Products/DriverUITests_iphoneos26.2-arm64.xctestrun -destination id=00008140-00163D9922E0801C -collect-test-diagnostics never "-only-testing:DriverUITests/K00DriverTests/testOneSample"

2026-09-13 10:59:50.356 xcodebuild[26573:27190524] [MT] IDERunDestination: Supported platforms for the buildables in the current scheme is empty.
2026-09-13 10:59:50.360 xcodebuild[26573:27190524] [MT] IDERunDestination: Supported platforms for the buildables in the current scheme is empty.
2026-09-13 10:59:50.458 xcodebuild[26573:27190524] [MT] IDERunDestination: Supported platforms for the buildables in the current scheme is empty.
--- xcodebuild: WARNING: Using the first of multiple matching destinations:
{ platform:iOS, arch:arm64e, id:00008140-00163D9922E0801C, name:Kelly Nezat’s iPhone }
{ platform:iOS, arch:arm64, id:00008140-00163D9922E0801C, name:Kelly Nezat’s iPhone }
2026-09-13 10:59:51.031 xcodebuild[26573:27190524] [MT] IDERunDestination: Supported platforms for the buildables in the current scheme is empty.
2026-09-13 10:59:52.626607-0400 DriverUITests-Runner[59428:13344155] [Default] Running tests...
    t =      nans Interface orientation changed to Portrait
Test Suite 'Selected tests' started at 2026-09-13 10:59:53.091.
Test Suite 'DriverUITests.xctest' started at 2026-09-13 10:59:53.091.
Test Suite 'K00DriverTests' started at 2026-09-13 10:59:53.091.
Test Case '-[DriverUITests.K00DriverTests testOneSample]' started.
    t =     0.00s Start Test at 2026-09-13 10:59:53.092
    t =     0.02s Set Up
    t =     0.03s Open life.soullab.voicekernel.k00
    t =     0.03s     Launch life.soullab.voicekernel.k00
    t =     0.11s         Setting up automation session
    t =     0.19s         Wait for life.soullab.voicekernel.k00 to idle
2026-09-13 10:59:53.410 xcodebuild[26573:27190524] [MT] IDERunDestination: Supported platforms for the buildables in the current scheme is empty.
    t =     1.28s Wait for life.soullab.voicekernel.k00 to become Running Foreground
    t =     1.29s Waiting 10.0s for "Enter conversation" Button to exist
    t =     2.35s     Checking `Expect predicate `existsNoRetry == 1` for object "Enter conversation" Button`
    t =     2.35s         Checking existence of `"Enter conversation" Button`
    t =     2.44s Checking existence of `"Voice processing: ON (default)" Button`
    t =     2.47s Checking existence of `"Voice processing: OFF (control run)" Button`
    t =     2.80s Waiting 3.0s for "Voice processing: ON (default)" Button to exist
    t =     3.82s     Checking `Expect predicate `existsNoRetry == 1` for object "Voice processing: ON (default)" Button`
    t =     3.82s         Checking existence of `"Voice processing: ON (default)" Button`
    t =     3.88s Waiting 5.0s for "Enter conversation" Button to exist
    t =     4.91s     Checking `Expect predicate `existsNoRetry == 1` for object "Enter conversation" Button`
    t =     4.91s         Checking existence of `"Enter conversation" Button`
    t =     4.98s Tap "Enter conversation" Button
    t =     4.98s     Wait for life.soullab.voicekernel.k00 to idle
    t =     4.98s     Find the "Enter conversation" Button
    t =     5.02s     Check for interrupting elements affecting "Enter conversation" Button
    t =     5.07s     Synthesize event
    t =     5.49s     Wait for life.soullab.voicekernel.k00 to idle
    t =    20.50s Waiting 5.0s for "Export journal" Button to exist
    t =    21.53s     Checking `Expect predicate `existsNoRetry == 1` for object "Export journal" Button`
    t =    21.53s         Checking existence of `"Export journal" Button`
    t =    21.59s Tap "Export journal" Button
    t =    21.59s     Wait for life.soullab.voicekernel.k00 to idle
    t =    21.60s     Find the "Export journal" Button
    t =    21.63s     Check for interrupting elements affecting "Export journal" Button
    t =    21.68s     Synthesize event
    t =    21.97s     Wait for life.soullab.voicekernel.k00 to idle
    t =    24.19s Terminate life.soullab.voicekernel.k00:59429
    t =    25.20s Wait for life.soullab.voicekernel.k00 to become Not Running
    t =    25.20s Tear Down
Test Case '-[DriverUITests.K00DriverTests testOneSample]' passed (25.289 seconds).
Test Suite 'K00DriverTests' passed at 2026-09-13 11:00:18.381.
	 Executed 1 test, with 0 failures (0 unexpected) in 25.289 (25.290) seconds
Test Suite 'DriverUITests.xctest' passed at 2026-09-13 11:00:18.382.
	 Executed 1 test, with 0 failures (0 unexpected) in 25.289 (25.291) seconds
Test Suite 'Selected tests' passed at 2026-09-13 11:00:18.382.
	 Executed 1 test, with 0 failures (0 unexpected) in 25.289 (25.292) seconds
2026-09-13 11:00:18.581 xcodebuild[26573:27190524] [MT] IDERunDestination: Supported platforms for the buildables in the current scheme is empty.
2026-09-13 11:00:18.775 xcodebuild[26573:27190524] [MT] IDETestOperationsObserverDebug: 27.742 elapsed -- Testing started completed.
2026-09-13 11:00:18.775 xcodebuild[26573:27190524] [MT] IDETestOperationsObserverDebug: 0.000 sec, +0.000 sec -- start
2026-09-13 11:00:18.775 xcodebuild[26573:27190524] [MT] IDETestOperationsObserverDebug: 27.742 sec, +27.742 sec -- end

Test session results, code coverage, and logs:
	/Users/soullab/Library/Developer/Xcode/DerivedData/VoiceKernelDriver-apqwoesysdsrcpdywoqtpnynrvhl/Logs/Test/Test-DriverUITests-2026.09.13_10-59-50--0400.xcresult

** TEST EXECUTE SUCCEEDED **

Testing started
