Command line invocation:
    /Applications/Xcode.app/Contents/Developer/usr/bin/xcodebuild test-without-building -xctestrun /private/tmp/voice-driver-01/ios/VoiceKernelDriver/.derived/Build/Products/DriverUITests_iphoneos26.2-arm64.xctestrun -destination id=00008140-00163D9922E0801C -collect-test-diagnostics never "-only-testing:DriverUITests/K00DriverTests/testOneSample"

2026-09-13 11:08:22.512 xcodebuild[27555:27221699] [MT] IDERunDestination: Supported platforms for the buildables in the current scheme is empty.
2026-09-13 11:08:22.515 xcodebuild[27555:27221699] [MT] IDERunDestination: Supported platforms for the buildables in the current scheme is empty.
2026-09-13 11:08:22.614 xcodebuild[27555:27221699] [MT] IDERunDestination: Supported platforms for the buildables in the current scheme is empty.
--- xcodebuild: WARNING: Using the first of multiple matching destinations:
{ platform:iOS, arch:arm64e, id:00008140-00163D9922E0801C, name:Kelly Nezat’s iPhone }
{ platform:iOS, arch:arm64, id:00008140-00163D9922E0801C, name:Kelly Nezat’s iPhone }
2026-09-13 11:08:22.835 xcodebuild[27555:27221699] [MT] IDERunDestination: Supported platforms for the buildables in the current scheme is empty.
2026-09-13 11:08:23.043 xcodebuild[27555:27221699] [MT] IDERunDestination: Supported platforms for the buildables in the current scheme is empty.
2026-09-13 11:08:24.501758-0400 DriverUITests-Runner[59498:13363043] [Default] Running tests...
    t =      nans Interface orientation changed to Portrait
Test Suite 'Selected tests' started at 2026-09-13 11:08:24.982.
Test Suite 'DriverUITests.xctest' started at 2026-09-13 11:08:24.983.
Test Suite 'K00DriverTests' started at 2026-09-13 11:08:24.983.
Test Case '-[DriverUITests.K00DriverTests testOneSample]' started.
    t =     0.00s Start Test at 2026-09-13 11:08:24.985
    t =     0.02s Set Up
    t =     0.02s Open life.soullab.voicekernel.k00
    t =     0.02s     Launch life.soullab.voicekernel.k00
    t =     0.16s         Setting up automation session
2026-09-13 11:08:25.337 xcodebuild[27555:27221699] [MT] IDERunDestination: Supported platforms for the buildables in the current scheme is empty.
    t =     0.30s         Wait for life.soullab.voicekernel.k00 to idle
    t =     1.43s Wait for life.soullab.voicekernel.k00 to become Running Foreground
    t =     1.44s Waiting 10.0s for "Enter conversation" Button to exist
    t =     2.45s     Checking `Expect predicate `existsNoRetry == 1` for object "Enter conversation" Button`
    t =     2.45s         Checking existence of `"Enter conversation" Button`
    t =     2.55s Checking existence of `"Voice processing: ON (default)" Button`
    t =     2.58s Checking existence of `"Voice processing: OFF (control run)" Button`
    t =     2.91s Waiting 3.0s for "Voice processing: ON (default)" Button to exist
    t =     3.93s     Checking `Expect predicate `existsNoRetry == 1` for object "Voice processing: ON (default)" Button`
    t =     3.93s         Checking existence of `"Voice processing: ON (default)" Button`
    t =     4.00s Waiting 5.0s for "Enter conversation" Button to exist
    t =     5.03s     Checking `Expect predicate `existsNoRetry == 1` for object "Enter conversation" Button`
    t =     5.03s         Checking existence of `"Enter conversation" Button`
    t =     5.10s Tap "Enter conversation" Button
    t =     5.10s     Wait for life.soullab.voicekernel.k00 to idle
    t =     5.10s     Find the "Enter conversation" Button
    t =     5.14s     Check for interrupting elements affecting "Enter conversation" Button
    t =     5.18s     Synthesize event
    t =     5.48s     Wait for life.soullab.voicekernel.k00 to idle
    t =    20.49s Waiting 5.0s for "Export journal" Button to exist
    t =    21.53s     Checking `Expect predicate `existsNoRetry == 1` for object "Export journal" Button`
    t =    21.53s         Checking existence of `"Export journal" Button`
    t =    21.56s Tap "Export journal" Button
    t =    21.56s     Wait for life.soullab.voicekernel.k00 to idle
    t =    21.56s     Find the "Export journal" Button
    t =    21.59s     Check for interrupting elements affecting "Export journal" Button
    t =    21.62s     Synthesize event
    t =    21.92s     Wait for life.soullab.voicekernel.k00 to idle
    t =    24.14s Terminate life.soullab.voicekernel.k00:59499
    t =    25.17s Wait for life.soullab.voicekernel.k00 to become Not Running
    t =    25.17s Tear Down
Test Case '-[DriverUITests.K00DriverTests testOneSample]' passed (25.232 seconds).
Test Suite 'K00DriverTests' passed at 2026-09-13 11:08:50.217.
	 Executed 1 test, with 0 failures (0 unexpected) in 25.232 (25.233) seconds
Test Suite 'DriverUITests.xctest' passed at 2026-09-13 11:08:50.218.
	 Executed 1 test, with 0 failures (0 unexpected) in 25.232 (25.235) seconds
Test Suite 'Selected tests' passed at 2026-09-13 11:08:50.221.
	 Executed 1 test, with 0 failures (0 unexpected) in 25.232 (25.239) seconds
2026-09-13 11:08:50.493 xcodebuild[27555:27221699] [MT] IDERunDestination: Supported platforms for the buildables in the current scheme is empty.
2026-09-13 11:08:50.683 xcodebuild[27555:27221699] [MT] IDETestOperationsObserverDebug: 27.847 elapsed -- Testing started completed.
2026-09-13 11:08:50.683 xcodebuild[27555:27221699] [MT] IDETestOperationsObserverDebug: 0.000 sec, +0.000 sec -- start
2026-09-13 11:08:50.683 xcodebuild[27555:27221699] [MT] IDETestOperationsObserverDebug: 27.847 sec, +27.847 sec -- end

Test session results, code coverage, and logs:
	/Users/soullab/Library/Developer/Xcode/DerivedData/VoiceKernelDriver-fglualnoqthzmqecsoqonvifqbgi/Logs/Test/Test-DriverUITests-2026.09.13_11-08-22--0400.xcresult

** TEST EXECUTE SUCCEEDED **

Testing started
