Command line invocation:
    /Applications/Xcode.app/Contents/Developer/usr/bin/xcodebuild test-without-building -xctestrun /private/tmp/voice-driver-01/ios/VoiceKernelDriver/.derived/Build/Products/DriverUITests_iphoneos26.2-arm64.xctestrun -destination id=00008140-00163D9922E0801C -collect-test-diagnostics never "-only-testing:DriverUITests/K00DriverTests/testOneSample"

2026-09-13 11:00:26.170 xcodebuild[26642:27192938] [MT] IDERunDestination: Supported platforms for the buildables in the current scheme is empty.
2026-09-13 11:00:26.173 xcodebuild[26642:27192938] [MT] IDERunDestination: Supported platforms for the buildables in the current scheme is empty.
2026-09-13 11:00:26.273 xcodebuild[26642:27192938] [MT] IDERunDestination: Supported platforms for the buildables in the current scheme is empty.
--- xcodebuild: WARNING: Using the first of multiple matching destinations:
{ platform:iOS, arch:arm64e, id:00008140-00163D9922E0801C, name:Kelly Nezat’s iPhone }
{ platform:iOS, arch:arm64, id:00008140-00163D9922E0801C, name:Kelly Nezat’s iPhone }
2026-09-13 11:00:26.492 xcodebuild[26642:27192938] [MT] IDERunDestination: Supported platforms for the buildables in the current scheme is empty.
2026-09-13 11:00:26.687 xcodebuild[26642:27192938] [MT] IDERunDestination: Supported platforms for the buildables in the current scheme is empty.
2026-09-13 11:00:28.060933-0400 DriverUITests-Runner[59431:13345592] [Default] Running tests...
    t =      nans Interface orientation changed to Portrait
Test Suite 'Selected tests' started at 2026-09-13 11:00:28.532.
Test Suite 'DriverUITests.xctest' started at 2026-09-13 11:00:28.533.
Test Suite 'K00DriverTests' started at 2026-09-13 11:00:28.533.
Test Case '-[DriverUITests.K00DriverTests testOneSample]' started.
    t =     0.00s Start Test at 2026-09-13 11:00:28.534
    t =     0.02s Set Up
    t =     0.03s Open life.soullab.voicekernel.k00
    t =     0.03s     Launch life.soullab.voicekernel.k00
    t =     0.11s         Setting up automation session
    t =     0.18s         Wait for life.soullab.voicekernel.k00 to idle
2026-09-13 11:00:28.829 xcodebuild[26642:27192938] [MT] IDERunDestination: Supported platforms for the buildables in the current scheme is empty.
    t =     1.27s Wait for life.soullab.voicekernel.k00 to become Running Foreground
    t =     1.27s Waiting 10.0s for "Enter conversation" Button to exist
    t =     2.32s     Checking `Expect predicate `existsNoRetry == 1` for object "Enter conversation" Button`
    t =     2.32s         Checking existence of `"Enter conversation" Button`
    t =     2.41s Checking existence of `"Voice processing: ON (default)" Button`
    t =     2.44s Checking existence of `"Voice processing: OFF (control run)" Button`
    t =     2.77s Waiting 3.0s for "Voice processing: ON (default)" Button to exist
    t =     3.80s     Checking `Expect predicate `existsNoRetry == 1` for object "Voice processing: ON (default)" Button`
    t =     3.81s         Checking existence of `"Voice processing: ON (default)" Button`
    t =     3.87s Waiting 5.0s for "Enter conversation" Button to exist
    t =     4.88s     Checking `Expect predicate `existsNoRetry == 1` for object "Enter conversation" Button`
    t =     4.89s         Checking existence of `"Enter conversation" Button`
    t =     4.95s Tap "Enter conversation" Button
    t =     4.95s     Wait for life.soullab.voicekernel.k00 to idle
    t =     4.95s     Find the "Enter conversation" Button
    t =     4.99s     Check for interrupting elements affecting "Enter conversation" Button
    t =     5.04s     Synthesize event
    t =     5.34s     Wait for life.soullab.voicekernel.k00 to idle
    t =    20.36s Waiting 5.0s for "Export journal" Button to exist
    t =    21.39s     Checking `Expect predicate `existsNoRetry == 1` for object "Export journal" Button`
    t =    21.39s         Checking existence of `"Export journal" Button`
    t =    21.45s Tap "Export journal" Button
    t =    21.46s     Wait for life.soullab.voicekernel.k00 to idle
    t =    21.46s     Find the "Export journal" Button
    t =    21.50s     Check for interrupting elements affecting "Export journal" Button
    t =    21.55s     Synthesize event
    t =    21.85s     Wait for life.soullab.voicekernel.k00 to idle
    t =    24.09s Terminate life.soullab.voicekernel.k00:59432
    t =    25.19s Wait for life.soullab.voicekernel.k00 to become Not Running
    t =    25.19s Tear Down
Test Case '-[DriverUITests.K00DriverTests testOneSample]' passed (25.247 seconds).
Test Suite 'K00DriverTests' passed at 2026-09-13 11:00:53.784.
	 Executed 1 test, with 0 failures (0 unexpected) in 25.247 (25.250) seconds
Test Suite 'DriverUITests.xctest' passed at 2026-09-13 11:00:53.787.
	 Executed 1 test, with 0 failures (0 unexpected) in 25.247 (25.254) seconds
Test Suite 'Selected tests' passed at 2026-09-13 11:00:53.788.
	 Executed 1 test, with 0 failures (0 unexpected) in 25.247 (25.256) seconds
2026-09-13 11:00:54.048 xcodebuild[26642:27192938] [MT] IDERunDestination: Supported platforms for the buildables in the current scheme is empty.
2026-09-13 11:00:54.227 xcodebuild[26642:27192938] [MT] IDETestOperationsObserverDebug: 27.734 elapsed -- Testing started completed.
2026-09-13 11:00:54.227 xcodebuild[26642:27192938] [MT] IDETestOperationsObserverDebug: 0.000 sec, +0.000 sec -- start
2026-09-13 11:00:54.227 xcodebuild[26642:27192938] [MT] IDETestOperationsObserverDebug: 27.734 sec, +27.734 sec -- end

Test session results, code coverage, and logs:
	/Users/soullab/Library/Developer/Xcode/DerivedData/VoiceKernelDriver-fqqlpkzwlyejszabnncjpspgllvc/Logs/Test/Test-DriverUITests-2026.09.13_11-00-26--0400.xcresult

** TEST EXECUTE SUCCEEDED **

Testing started
