Command line invocation:
    /Applications/Xcode.app/Contents/Developer/usr/bin/xcodebuild test-without-building -xctestrun /private/tmp/voice-driver-01/ios/VoiceKernelDriver/.derived/Build/Products/DriverUITests_iphoneos26.2-arm64.xctestrun -destination id=00008140-00163D9922E0801C -collect-test-diagnostics never "-only-testing:DriverUITests/K00DriverTests/testOneSample"

2026-09-13 10:55:08.106 xcodebuild[25867:27171845] [MT] IDERunDestination: Supported platforms for the buildables in the current scheme is empty.
2026-09-13 10:55:08.109 xcodebuild[25867:27171845] [MT] IDERunDestination: Supported platforms for the buildables in the current scheme is empty.
2026-09-13 10:55:08.209 xcodebuild[25867:27171845] [MT] IDERunDestination: Supported platforms for the buildables in the current scheme is empty.
--- xcodebuild: WARNING: Using the first of multiple matching destinations:
{ platform:iOS, arch:arm64e, id:00008140-00163D9922E0801C, name:Kelly Nezat’s iPhone }
{ platform:iOS, arch:arm64, id:00008140-00163D9922E0801C, name:Kelly Nezat’s iPhone }
2026-09-13 10:55:08.433 xcodebuild[25867:27171845] [MT] IDERunDestination: Supported platforms for the buildables in the current scheme is empty.
2026-09-13 10:55:08.632 xcodebuild[25867:27171845] [MT] IDERunDestination: Supported platforms for the buildables in the current scheme is empty.
2026-09-13 10:55:10.146998-0400 DriverUITests-Runner[59377:13333397] [Default] Running tests...
    t =      nans Interface orientation changed to Portrait
Test Suite 'Selected tests' started at 2026-09-13 10:55:10.605.
Test Suite 'DriverUITests.xctest' started at 2026-09-13 10:55:10.605.
Test Suite 'K00DriverTests' started at 2026-09-13 10:55:10.606.
Test Case '-[DriverUITests.K00DriverTests testOneSample]' started.
    t =     0.00s Start Test at 2026-09-13 10:55:10.606
    t =     0.02s Set Up
    t =     0.02s Open life.soullab.voicekernel.k00
    t =     0.02s     Launch life.soullab.voicekernel.k00
    t =     0.11s         Setting up automation session
    t =     0.19s         Wait for life.soullab.voicekernel.k00 to idle
2026-09-13 10:55:10.862 xcodebuild[25867:27171845] [MT] IDERunDestination: Supported platforms for the buildables in the current scheme is empty.
    t =     1.28s Wait for life.soullab.voicekernel.k00 to become Running Foreground
    t =     1.29s Waiting 10.0s for "Enter conversation" Button to exist
    t =     2.36s     Checking `Expect predicate `existsNoRetry == 1` for object "Enter conversation" Button`
    t =     2.36s         Checking existence of `"Enter conversation" Button`
    t =     2.46s Checking existence of `"Voice processing: ON (default)" Button`
    t =     2.49s Checking existence of `"Voice processing: OFF (control run)" Button`
    t =     2.81s Waiting 3.0s for "Voice processing: ON (default)" Button to exist
    t =     3.84s     Checking `Expect predicate `existsNoRetry == 1` for object "Voice processing: ON (default)" Button`
    t =     3.85s         Checking existence of `"Voice processing: ON (default)" Button`
    t =     3.91s Waiting 5.0s for "Enter conversation" Button to exist
    t =     4.95s     Checking `Expect predicate `existsNoRetry == 1` for object "Enter conversation" Button`
    t =     4.95s         Checking existence of `"Enter conversation" Button`
    t =     5.01s Tap "Enter conversation" Button
    t =     5.01s     Wait for life.soullab.voicekernel.k00 to idle
    t =     5.02s     Find the "Enter conversation" Button
    t =     5.06s     Check for interrupting elements affecting "Enter conversation" Button
    t =     5.10s     Synthesize event
    t =     5.39s     Wait for life.soullab.voicekernel.k00 to idle
    t =    20.40s Waiting 5.0s for "Export journal" Button to exist
    t =    21.43s     Checking `Expect predicate `existsNoRetry == 1` for object "Export journal" Button`
    t =    21.43s         Checking existence of `"Export journal" Button`
    t =    21.50s Tap "Export journal" Button
    t =    21.50s     Wait for life.soullab.voicekernel.k00 to idle
    t =    21.51s     Find the "Export journal" Button
    t =    21.54s     Check for interrupting elements affecting "Export journal" Button
    t =    21.58s     Synthesize event
    t =    21.88s     Wait for life.soullab.voicekernel.k00 to idle
    t =    24.09s Terminate life.soullab.voicekernel.k00:59378
    t =    25.18s Wait for life.soullab.voicekernel.k00 to become Not Running
    t =    25.18s Tear Down
Test Case '-[DriverUITests.K00DriverTests testOneSample]' passed (25.222 seconds).
Test Suite 'K00DriverTests' passed at 2026-09-13 10:55:35.829.
	 Executed 1 test, with 0 failures (0 unexpected) in 25.222 (25.223) seconds
Test Suite 'DriverUITests.xctest' passed at 2026-09-13 10:55:35.829.
	 Executed 1 test, with 0 failures (0 unexpected) in 25.222 (25.224) seconds
Test Suite 'Selected tests' passed at 2026-09-13 10:55:35.830.
	 Executed 1 test, with 0 failures (0 unexpected) in 25.222 (25.225) seconds
2026-09-13 10:55:36.044 xcodebuild[25867:27171845] [MT] IDERunDestination: Supported platforms for the buildables in the current scheme is empty.
2026-09-13 10:55:36.210 xcodebuild[25867:27171845] [MT] IDETestOperationsObserverDebug: 27.776 elapsed -- Testing started completed.
2026-09-13 10:55:36.210 xcodebuild[25867:27171845] [MT] IDETestOperationsObserverDebug: 0.000 sec, +0.000 sec -- start
2026-09-13 10:55:36.210 xcodebuild[25867:27171845] [MT] IDETestOperationsObserverDebug: 27.776 sec, +27.776 sec -- end

Test session results, code coverage, and logs:
	/Users/soullab/Library/Developer/Xcode/DerivedData/VoiceKernelDriver-gdqzsorjaxzygxbqurjpnogjngyp/Logs/Test/Test-DriverUITests-2026.09.13_10-55-08--0400.xcresult

** TEST EXECUTE SUCCEEDED **

Testing started
