Command line invocation:
    /Applications/Xcode.app/Contents/Developer/usr/bin/xcodebuild test-without-building -xctestrun /private/tmp/voice-driver-01/ios/VoiceKernelDriver/.derived/Build/Products/DriverUITests_iphoneos26.2-arm64.xctestrun -destination id=00008140-00163D9922E0801C -collect-test-diagnostics never "-only-testing:DriverUITests/K00DriverTests/testOneSample"

2026-09-13 10:59:14.250 xcodebuild[26345:27187126] [MT] IDERunDestination: Supported platforms for the buildables in the current scheme is empty.
2026-09-13 10:59:14.253 xcodebuild[26345:27187126] [MT] IDERunDestination: Supported platforms for the buildables in the current scheme is empty.
2026-09-13 10:59:14.352 xcodebuild[26345:27187126] [MT] IDERunDestination: Supported platforms for the buildables in the current scheme is empty.
--- xcodebuild: WARNING: Using the first of multiple matching destinations:
{ platform:iOS, arch:arm64e, id:00008140-00163D9922E0801C, name:Kelly Nezat’s iPhone }
{ platform:iOS, arch:arm64, id:00008140-00163D9922E0801C, name:Kelly Nezat’s iPhone }
2026-09-13 10:59:14.564 xcodebuild[26345:27187126] [MT] IDERunDestination: Supported platforms for the buildables in the current scheme is empty.
2026-09-13 10:59:14.750 xcodebuild[26345:27187126] [MT] IDERunDestination: Supported platforms for the buildables in the current scheme is empty.
2026-09-13 10:59:16.240448-0400 DriverUITests-Runner[59425:13342824] [Default] Running tests...
    t =      nans Interface orientation changed to Portrait
Test Suite 'Selected tests' started at 2026-09-13 10:59:16.715.
Test Suite 'DriverUITests.xctest' started at 2026-09-13 10:59:16.716.
Test Suite 'K00DriverTests' started at 2026-09-13 10:59:16.716.
Test Case '-[DriverUITests.K00DriverTests testOneSample]' started.
    t =     0.00s Start Test at 2026-09-13 10:59:16.717
    t =     0.02s Set Up
    t =     0.03s Open life.soullab.voicekernel.k00
    t =     0.03s     Launch life.soullab.voicekernel.k00
    t =     0.11s         Setting up automation session
    t =     0.19s         Wait for life.soullab.voicekernel.k00 to idle
2026-09-13 10:59:17.029 xcodebuild[26345:27187126] [MT] IDERunDestination: Supported platforms for the buildables in the current scheme is empty.
    t =     1.29s Wait for life.soullab.voicekernel.k00 to become Running Foreground
    t =     1.29s Waiting 10.0s for "Enter conversation" Button to exist
    t =     2.32s     Checking `Expect predicate `existsNoRetry == 1` for object "Enter conversation" Button`
    t =     2.33s         Checking existence of `"Enter conversation" Button`
    t =     2.42s Checking existence of `"Voice processing: ON (default)" Button`
    t =     2.46s Checking existence of `"Voice processing: OFF (control run)" Button`
    t =     2.78s Waiting 3.0s for "Voice processing: ON (default)" Button to exist
    t =     3.82s     Checking `Expect predicate `existsNoRetry == 1` for object "Voice processing: ON (default)" Button`
    t =     3.82s         Checking existence of `"Voice processing: ON (default)" Button`
    t =     3.88s Waiting 5.0s for "Enter conversation" Button to exist
    t =     4.89s     Checking `Expect predicate `existsNoRetry == 1` for object "Enter conversation" Button`
    t =     4.89s         Checking existence of `"Enter conversation" Button`
    t =     4.96s Tap "Enter conversation" Button
    t =     4.96s     Wait for life.soullab.voicekernel.k00 to idle
    t =     4.96s     Find the "Enter conversation" Button
    t =     5.00s     Check for interrupting elements affecting "Enter conversation" Button
    t =     5.04s     Synthesize event
    t =     5.35s     Wait for life.soullab.voicekernel.k00 to idle
    t =    20.37s Waiting 5.0s for "Export journal" Button to exist
    t =    21.40s     Checking `Expect predicate `existsNoRetry == 1` for object "Export journal" Button`
    t =    21.40s         Checking existence of `"Export journal" Button`
    t =    21.47s Tap "Export journal" Button
    t =    21.47s     Wait for life.soullab.voicekernel.k00 to idle
    t =    21.47s     Find the "Export journal" Button
    t =    21.51s     Check for interrupting elements affecting "Export journal" Button
    t =    21.55s     Synthesize event
    t =    21.86s     Wait for life.soullab.voicekernel.k00 to idle
    t =    24.07s Terminate life.soullab.voicekernel.k00:59426
    t =    25.14s Wait for life.soullab.voicekernel.k00 to become Not Running
    t =    25.14s Tear Down
Test Case '-[DriverUITests.K00DriverTests testOneSample]' passed (25.217 seconds).
Test Suite 'K00DriverTests' passed at 2026-09-13 10:59:41.935.
	 Executed 1 test, with 0 failures (0 unexpected) in 25.217 (25.219) seconds
Test Suite 'DriverUITests.xctest' passed at 2026-09-13 10:59:41.938.
	 Executed 1 test, with 0 failures (0 unexpected) in 25.217 (25.223) seconds
Test Suite 'Selected tests' passed at 2026-09-13 10:59:41.939.
	 Executed 1 test, with 0 failures (0 unexpected) in 25.217 (25.224) seconds
2026-09-13 10:59:42.173 xcodebuild[26345:27187126] [MT] IDERunDestination: Supported platforms for the buildables in the current scheme is empty.
2026-09-13 10:59:42.377 xcodebuild[26345:27187126] [MT] IDETestOperationsObserverDebug: 27.811 elapsed -- Testing started completed.
2026-09-13 10:59:42.377 xcodebuild[26345:27187126] [MT] IDETestOperationsObserverDebug: 0.000 sec, +0.000 sec -- start
2026-09-13 10:59:42.377 xcodebuild[26345:27187126] [MT] IDETestOperationsObserverDebug: 27.811 sec, +27.811 sec -- end

Test session results, code coverage, and logs:
	/Users/soullab/Library/Developer/Xcode/DerivedData/VoiceKernelDriver-covvpsutqufykucmvmphkjosyebb/Logs/Test/Test-DriverUITests-2026.09.13_10-59-14--0400.xcresult

** TEST EXECUTE SUCCEEDED **

Testing started
