Command line invocation:
    /Applications/Xcode.app/Contents/Developer/usr/bin/xcodebuild test-without-building -xctestrun /private/tmp/voice-driver-01/ios/VoiceKernelDriver/.derived/Build/Products/DriverUITests_iphoneos26.2-arm64.xctestrun -destination id=00008140-00163D9922E0801C -collect-test-diagnostics never "-only-testing:DriverUITests/K00DriverTests/testOneSample"

2026-09-13 11:05:52.630 xcodebuild[27249:27212782] [MT] IDERunDestination: Supported platforms for the buildables in the current scheme is empty.
2026-09-13 11:05:52.633 xcodebuild[27249:27212782] [MT] IDERunDestination: Supported platforms for the buildables in the current scheme is empty.
2026-09-13 11:05:52.732 xcodebuild[27249:27212782] [MT] IDERunDestination: Supported platforms for the buildables in the current scheme is empty.
--- xcodebuild: WARNING: Using the first of multiple matching destinations:
{ platform:iOS, arch:arm64e, id:00008140-00163D9922E0801C, name:Kelly Nezat’s iPhone }
{ platform:iOS, arch:arm64, id:00008140-00163D9922E0801C, name:Kelly Nezat’s iPhone }
2026-09-13 11:05:52.956 xcodebuild[27249:27212782] [MT] IDERunDestination: Supported platforms for the buildables in the current scheme is empty.
2026-09-13 11:05:54.648497-0400 DriverUITests-Runner[59477:13357516] [Default] Running tests...
    t =      nans Interface orientation changed to Portrait
Test Suite 'Selected tests' started at 2026-09-13 11:05:55.122.
Test Suite 'DriverUITests.xctest' started at 2026-09-13 11:05:55.123.
Test Suite 'K00DriverTests' started at 2026-09-13 11:05:55.123.
Test Case '-[DriverUITests.K00DriverTests testOneSample]' started.
    t =     0.00s Start Test at 2026-09-13 11:05:55.124
    t =     0.02s Set Up
    t =     0.02s Open life.soullab.voicekernel.k00
    t =     0.03s     Launch life.soullab.voicekernel.k00
    t =     0.11s         Setting up automation session
    t =     0.19s         Wait for life.soullab.voicekernel.k00 to idle
2026-09-13 11:05:55.459 xcodebuild[27249:27212782] [MT] IDERunDestination: Supported platforms for the buildables in the current scheme is empty.
    t =     1.30s Wait for life.soullab.voicekernel.k00 to become Running Foreground
    t =     1.30s Waiting 10.0s for "Enter conversation" Button to exist
    t =     2.33s     Checking `Expect predicate `existsNoRetry == 1` for object "Enter conversation" Button`
    t =     2.33s         Checking existence of `"Enter conversation" Button`
    t =     2.43s Checking existence of `"Voice processing: ON (default)" Button`
    t =     2.46s Checking existence of `"Voice processing: OFF (control run)" Button`
    t =     2.78s Waiting 3.0s for "Voice processing: ON (default)" Button to exist
    t =     3.81s     Checking `Expect predicate `existsNoRetry == 1` for object "Voice processing: ON (default)" Button`
    t =     3.81s         Checking existence of `"Voice processing: ON (default)" Button`
    t =     3.88s Waiting 5.0s for "Enter conversation" Button to exist
2026-09-13 11:06:00.136 xcodebuild[27249:27212782] [MT] IDERunDestination: Supported platforms for the buildables in the current scheme is empty.
    t =     4.91s     Checking `Expect predicate `existsNoRetry == 1` for object "Enter conversation" Button`
    t =     4.91s         Checking existence of `"Enter conversation" Button`
    t =     4.97s Tap "Enter conversation" Button
    t =     4.98s     Wait for life.soullab.voicekernel.k00 to idle
    t =     4.99s     Find the "Enter conversation" Button
    t =     5.02s     Check for interrupting elements affecting "Enter conversation" Button
    t =     5.07s     Synthesize event
    t =     5.37s     Wait for life.soullab.voicekernel.k00 to idle
    t =    20.38s Waiting 5.0s for "Export journal" Button to exist
    t =    21.41s     Checking `Expect predicate `existsNoRetry == 1` for object "Export journal" Button`
    t =    21.42s         Checking existence of `"Export journal" Button`
    t =    21.48s Tap "Export journal" Button
    t =    21.48s     Wait for life.soullab.voicekernel.k00 to idle
    t =    21.49s     Find the "Export journal" Button
    t =    21.53s     Check for interrupting elements affecting "Export journal" Button
    t =    21.57s     Synthesize event
    t =    21.88s     Wait for life.soullab.voicekernel.k00 to idle
    t =    24.09s Terminate life.soullab.voicekernel.k00:59478
    t =    25.18s Wait for life.soullab.voicekernel.k00 to become Not Running
    t =    25.19s Tear Down
Test Case '-[DriverUITests.K00DriverTests testOneSample]' passed (25.240 seconds).
Test Suite 'K00DriverTests' passed at 2026-09-13 11:06:20.364.
	 Executed 1 test, with 0 failures (0 unexpected) in 25.240 (25.241) seconds
Test Suite 'DriverUITests.xctest' passed at 2026-09-13 11:06:20.365.
	 Executed 1 test, with 0 failures (0 unexpected) in 25.240 (25.242) seconds
Test Suite 'Selected tests' passed at 2026-09-13 11:06:20.365.
	 Executed 1 test, with 0 failures (0 unexpected) in 25.240 (25.243) seconds
2026-09-13 11:06:20.648 xcodebuild[27249:27212782] [MT] IDERunDestination: Supported platforms for the buildables in the current scheme is empty.
2026-09-13 11:06:20.822 xcodebuild[27249:27212782] [MT] IDETestOperationsObserverDebug: 27.865 elapsed -- Testing started completed.
2026-09-13 11:06:20.822 xcodebuild[27249:27212782] [MT] IDETestOperationsObserverDebug: 0.000 sec, +0.000 sec -- start
2026-09-13 11:06:20.822 xcodebuild[27249:27212782] [MT] IDETestOperationsObserverDebug: 27.865 sec, +27.865 sec -- end

Test session results, code coverage, and logs:
	/Users/soullab/Library/Developer/Xcode/DerivedData/VoiceKernelDriver-beaodmrpfiorzuhghcfqhiyroisr/Logs/Test/Test-DriverUITests-2026.09.13_11-05-52--0400.xcresult

** TEST EXECUTE SUCCEEDED **

Testing started
