Command line invocation:
    /Applications/Xcode.app/Contents/Developer/usr/bin/xcodebuild test-without-building -xctestrun /private/tmp/voice-driver-01/ios/VoiceKernelDriver/.derived/Build/Products/DriverUITests_iphoneos26.2-arm64.xctestrun -destination id=00008140-00163D9922E0801C -collect-test-diagnostics never "-only-testing:DriverUITests/K00DriverTests/testOneSample"

2026-09-13 11:02:13.320 xcodebuild[26849:27199232] [MT] IDERunDestination: Supported platforms for the buildables in the current scheme is empty.
2026-09-13 11:02:13.323 xcodebuild[26849:27199232] [MT] IDERunDestination: Supported platforms for the buildables in the current scheme is empty.
2026-09-13 11:02:13.423 xcodebuild[26849:27199232] [MT] IDERunDestination: Supported platforms for the buildables in the current scheme is empty.
--- xcodebuild: WARNING: Using the first of multiple matching destinations:
{ platform:iOS, arch:arm64e, id:00008140-00163D9922E0801C, name:Kelly Nezat’s iPhone }
{ platform:iOS, arch:arm64, id:00008140-00163D9922E0801C, name:Kelly Nezat’s iPhone }
2026-09-13 11:02:13.632 xcodebuild[26849:27199232] [MT] IDERunDestination: Supported platforms for the buildables in the current scheme is empty.
2026-09-13 11:02:13.821 xcodebuild[26849:27199232] [MT] IDERunDestination: Supported platforms for the buildables in the current scheme is empty.
2026-09-13 11:02:15.346259-0400 DriverUITests-Runner[59441:13349432] [Default] Running tests...
    t =      nans Interface orientation changed to Portrait
Test Suite 'Selected tests' started at 2026-09-13 11:02:15.815.
Test Suite 'DriverUITests.xctest' started at 2026-09-13 11:02:15.816.
Test Suite 'K00DriverTests' started at 2026-09-13 11:02:15.816.
Test Case '-[DriverUITests.K00DriverTests testOneSample]' started.
    t =     0.00s Start Test at 2026-09-13 11:02:15.816
    t =     0.01s Set Up
    t =     0.02s Open life.soullab.voicekernel.k00
    t =     0.02s     Launch life.soullab.voicekernel.k00
2026-09-13 11:02:16.129 xcodebuild[26849:27199232] [MT] IDERunDestination: Supported platforms for the buildables in the current scheme is empty.
    t =     0.24s         Setting up automation session
    t =     0.25s         Wait for life.soullab.voicekernel.k00 to idle
    t =     1.30s Wait for life.soullab.voicekernel.k00 to become Running Foreground
    t =     1.30s Waiting 10.0s for "Enter conversation" Button to exist
    t =     2.33s     Checking `Expect predicate `existsNoRetry == 1` for object "Enter conversation" Button`
    t =     2.33s         Checking existence of `"Enter conversation" Button`
    t =     2.43s Checking existence of `"Voice processing: ON (default)" Button`
    t =     2.46s Checking existence of `"Voice processing: OFF (control run)" Button`
    t =     2.78s Waiting 3.0s for "Voice processing: ON (default)" Button to exist
    t =     3.78s     Checking `Expect predicate `existsNoRetry == 1` for object "Voice processing: ON (default)" Button`
    t =     3.79s         Checking existence of `"Voice processing: ON (default)" Button`
    t =     3.85s Waiting 5.0s for "Enter conversation" Button to exist
    t =     4.85s     Checking `Expect predicate `existsNoRetry == 1` for object "Enter conversation" Button`
    t =     4.85s         Checking existence of `"Enter conversation" Button`
    t =     4.91s Tap "Enter conversation" Button
    t =     4.91s     Wait for life.soullab.voicekernel.k00 to idle
    t =     4.92s     Find the "Enter conversation" Button
    t =     4.95s     Check for interrupting elements affecting "Enter conversation" Button
    t =     4.99s     Synthesize event
    t =     5.29s     Wait for life.soullab.voicekernel.k00 to idle
    t =    20.31s Waiting 5.0s for "Export journal" Button to exist
    t =    21.35s     Checking `Expect predicate `existsNoRetry == 1` for object "Export journal" Button`
    t =    21.35s         Checking existence of `"Export journal" Button`
    t =    21.41s Tap "Export journal" Button
    t =    21.41s     Wait for life.soullab.voicekernel.k00 to idle
    t =    21.42s     Find the "Export journal" Button
    t =    21.56s     Check for interrupting elements affecting "Export journal" Button
    t =    21.64s     Synthesize event
    t =    21.94s     Wait for life.soullab.voicekernel.k00 to idle
    t =    24.16s Terminate life.soullab.voicekernel.k00:59442
    t =    25.24s Wait for life.soullab.voicekernel.k00 to become Not Running
    t =    25.24s Tear Down
Test Case '-[DriverUITests.K00DriverTests testOneSample]' passed (25.309 seconds).
Test Suite 'K00DriverTests' passed at 2026-09-13 11:02:41.140.
	 Executed 1 test, with 0 failures (0 unexpected) in 25.309 (25.324) seconds
Test Suite 'DriverUITests.xctest' passed at 2026-09-13 11:02:41.141.
	 Executed 1 test, with 0 failures (0 unexpected) in 25.309 (25.326) seconds
Test Suite 'Selected tests' passed at 2026-09-13 11:02:41.142.
	 Executed 1 test, with 0 failures (0 unexpected) in 25.309 (25.327) seconds
2026-09-13 11:02:41.384 xcodebuild[26849:27199232] [MT] IDERunDestination: Supported platforms for the buildables in the current scheme is empty.
2026-09-13 11:02:41.589 xcodebuild[26849:27199232] [MT] IDETestOperationsObserverDebug: 27.956 elapsed -- Testing started completed.
2026-09-13 11:02:41.589 xcodebuild[26849:27199232] [MT] IDETestOperationsObserverDebug: 0.000 sec, +0.000 sec -- start
2026-09-13 11:02:41.589 xcodebuild[26849:27199232] [MT] IDETestOperationsObserverDebug: 27.956 sec, +27.956 sec -- end

Test session results, code coverage, and logs:
	/Users/soullab/Library/Developer/Xcode/DerivedData/VoiceKernelDriver-ajqhjjscwtmqwaajwyvmcqukygtb/Logs/Test/Test-DriverUITests-2026.09.13_11-02-13--0400.xcresult

** TEST EXECUTE SUCCEEDED **

Testing started
