Command line invocation:
    /Applications/Xcode.app/Contents/Developer/usr/bin/xcodebuild test-without-building -xctestrun /private/tmp/voice-driver-01/ios/VoiceKernelDriver/.derived/Build/Products/DriverUITests_iphoneos26.2-arm64.xctestrun -destination id=00008140-00163D9922E0801C -collect-test-diagnostics never "-only-testing:DriverUITests/K00DriverTests/testOneSample"

2026-09-13 11:06:29.984 xcodebuild[27333:27214836] [MT] IDERunDestination: Supported platforms for the buildables in the current scheme is empty.
2026-09-13 11:06:29.988 xcodebuild[27333:27214836] [MT] IDERunDestination: Supported platforms for the buildables in the current scheme is empty.
2026-09-13 11:06:30.085 xcodebuild[27333:27214836] [MT] IDERunDestination: Supported platforms for the buildables in the current scheme is empty.
--- xcodebuild: WARNING: Using the first of multiple matching destinations:
{ platform:iOS, arch:arm64e, id:00008140-00163D9922E0801C, name:Kelly Nezat’s iPhone }
{ platform:iOS, arch:arm64, id:00008140-00163D9922E0801C, name:Kelly Nezat’s iPhone }
2026-09-13 11:06:30.320 xcodebuild[27333:27214836] [MT] IDERunDestination: Supported platforms for the buildables in the current scheme is empty.
2026-09-13 11:06:30.529 xcodebuild[27333:27214836] [MT] IDERunDestination: Supported platforms for the buildables in the current scheme is empty.
2026-09-13 11:06:31.815565-0400 DriverUITests-Runner[59483:13358883] [Default] Running tests...
    t =      nans Interface orientation changed to Portrait
Test Suite 'Selected tests' started at 2026-09-13 11:06:32.280.
Test Suite 'DriverUITests.xctest' started at 2026-09-13 11:06:32.281.
Test Suite 'K00DriverTests' started at 2026-09-13 11:06:32.281.
Test Case '-[DriverUITests.K00DriverTests testOneSample]' started.
    t =     0.00s Start Test at 2026-09-13 11:06:32.282
    t =     0.02s Set Up
    t =     0.02s Open life.soullab.voicekernel.k00
    t =     0.02s     Launch life.soullab.voicekernel.k00
    t =     0.10s         Setting up automation session
    t =     0.18s         Wait for life.soullab.voicekernel.k00 to idle
2026-09-13 11:06:32.607 xcodebuild[27333:27214836] [MT] IDERunDestination: Supported platforms for the buildables in the current scheme is empty.
    t =     1.25s Wait for life.soullab.voicekernel.k00 to become Running Foreground
    t =     1.26s Waiting 10.0s for "Enter conversation" Button to exist
    t =     2.33s     Checking `Expect predicate `existsNoRetry == 1` for object "Enter conversation" Button`
    t =     2.33s         Checking existence of `"Enter conversation" Button`
    t =     2.42s Checking existence of `"Voice processing: ON (default)" Button`
    t =     2.45s Checking existence of `"Voice processing: OFF (control run)" Button`
    t =     2.78s Waiting 3.0s for "Voice processing: ON (default)" Button to exist
    t =     3.82s     Checking `Expect predicate `existsNoRetry == 1` for object "Voice processing: ON (default)" Button`
    t =     3.82s         Checking existence of `"Voice processing: ON (default)" Button`
    t =     3.88s Waiting 5.0s for "Enter conversation" Button to exist
    t =     4.91s     Checking `Expect predicate `existsNoRetry == 1` for object "Enter conversation" Button`
    t =     4.91s         Checking existence of `"Enter conversation" Button`
    t =     4.98s Tap "Enter conversation" Button
    t =     4.98s     Wait for life.soullab.voicekernel.k00 to idle
    t =     4.99s     Find the "Enter conversation" Button
    t =     5.03s     Check for interrupting elements affecting "Enter conversation" Button
    t =     5.08s     Synthesize event
    t =     5.39s     Wait for life.soullab.voicekernel.k00 to idle
    t =    20.40s Waiting 5.0s for "Export journal" Button to exist
    t =    21.42s     Checking `Expect predicate `existsNoRetry == 1` for object "Export journal" Button`
    t =    21.42s         Checking existence of `"Export journal" Button`
    t =    21.48s Tap "Export journal" Button
    t =    21.48s     Wait for life.soullab.voicekernel.k00 to idle
    t =    21.49s     Find the "Export journal" Button
    t =    21.53s     Check for interrupting elements affecting "Export journal" Button
    t =    21.57s     Synthesize event
    t =    21.88s     Wait for life.soullab.voicekernel.k00 to idle
    t =    24.08s Terminate life.soullab.voicekernel.k00:59484
    t =    25.19s Wait for life.soullab.voicekernel.k00 to become Not Running
    t =    25.19s Tear Down
Test Case '-[DriverUITests.K00DriverTests testOneSample]' passed (25.257 seconds).
Test Suite 'K00DriverTests' passed at 2026-09-13 11:06:57.539.
	 Executed 1 test, with 0 failures (0 unexpected) in 25.257 (25.258) seconds
Test Suite 'DriverUITests.xctest' passed at 2026-09-13 11:06:57.541.
	 Executed 1 test, with 0 failures (0 unexpected) in 25.257 (25.260) seconds
Test Suite 'Selected tests' passed at 2026-09-13 11:06:57.543.
	 Executed 1 test, with 0 failures (0 unexpected) in 25.257 (25.263) seconds
2026-09-13 11:06:57.805 xcodebuild[27333:27214836] [MT] IDERunDestination: Supported platforms for the buildables in the current scheme is empty.
2026-09-13 11:06:57.997 xcodebuild[27333:27214836] [MT] IDETestOperationsObserverDebug: 27.676 elapsed -- Testing started completed.
2026-09-13 11:06:57.997 xcodebuild[27333:27214836] [MT] IDETestOperationsObserverDebug: 0.000 sec, +0.000 sec -- start
2026-09-13 11:06:57.997 xcodebuild[27333:27214836] [MT] IDETestOperationsObserverDebug: 27.676 sec, +27.676 sec -- end

Test session results, code coverage, and logs:
	/Users/soullab/Library/Developer/Xcode/DerivedData/VoiceKernelDriver-exbgghcyuhopazeksspnysgxkvdp/Logs/Test/Test-DriverUITests-2026.09.13_11-06-30--0400.xcresult

** TEST EXECUTE SUCCEEDED **

Testing started
