Command line invocation:
    /Applications/Xcode.app/Contents/Developer/usr/bin/xcodebuild test-without-building -xctestrun /private/tmp/voice-driver-01/ios/VoiceKernelDriver/.derived/Build/Products/DriverUITests_iphoneos26.2-arm64.xctestrun -destination id=00008140-00163D9922E0801C -collect-test-diagnostics never "-only-testing:DriverUITests/K00DriverTests/testOneSample"

2026-09-13 10:53:26.191 xcodebuild[25682:27165469] [MT] IDERunDestination: Supported platforms for the buildables in the current scheme is empty.
2026-09-13 10:53:26.194 xcodebuild[25682:27165469] [MT] IDERunDestination: Supported platforms for the buildables in the current scheme is empty.
2026-09-13 10:53:26.293 xcodebuild[25682:27165469] [MT] IDERunDestination: Supported platforms for the buildables in the current scheme is empty.
--- xcodebuild: WARNING: Using the first of multiple matching destinations:
{ platform:iOS, arch:arm64e, id:00008140-00163D9922E0801C, name:Kelly Nezat’s iPhone }
{ platform:iOS, arch:arm64, id:00008140-00163D9922E0801C, name:Kelly Nezat’s iPhone }
2026-09-13 10:53:26.502 xcodebuild[25682:27165469] [MT] IDERunDestination: Supported platforms for the buildables in the current scheme is empty.
2026-09-13 10:53:26.687 xcodebuild[25682:27165469] [MT] IDERunDestination: Supported platforms for the buildables in the current scheme is empty.
2026-09-13 10:53:28.184568-0400 DriverUITests-Runner[59365:13329785] [Default] Running tests...
    t =      nans Interface orientation changed to Portrait
Test Suite 'Selected tests' started at 2026-09-13 10:53:28.719.
Test Suite 'DriverUITests.xctest' started at 2026-09-13 10:53:28.720.
Test Suite 'K00DriverTests' started at 2026-09-13 10:53:28.720.
Test Case '-[DriverUITests.K00DriverTests testOneSample]' started.
    t =     0.00s Start Test at 2026-09-13 10:53:28.721
    t =     0.02s Set Up
    t =     0.02s Open life.soullab.voicekernel.k00
    t =     0.02s     Launch life.soullab.voicekernel.k00
    t =     0.10s         Setting up automation session
    t =     0.17s         Wait for life.soullab.voicekernel.k00 to idle
2026-09-13 10:53:28.980 xcodebuild[25682:27165469] [MT] IDERunDestination: Supported platforms for the buildables in the current scheme is empty.
    t =     1.27s Wait for life.soullab.voicekernel.k00 to become Running Foreground
    t =     1.28s Waiting 10.0s for "Enter conversation" Button to exist
    t =     2.28s     Checking `Expect predicate `existsNoRetry == 1` for object "Enter conversation" Button`
    t =     2.29s         Checking existence of `"Enter conversation" Button`
    t =     2.38s Checking existence of `"Voice processing: ON (default)" Button`
    t =     2.41s Checking existence of `"Voice processing: OFF (control run)" Button`
    t =     2.74s Waiting 3.0s for "Voice processing: ON (default)" Button to exist
    t =     3.77s     Checking `Expect predicate `existsNoRetry == 1` for object "Voice processing: ON (default)" Button`
    t =     3.77s         Checking existence of `"Voice processing: ON (default)" Button`
    t =     3.84s Waiting 5.0s for "Enter conversation" Button to exist
    t =     4.88s     Checking `Expect predicate `existsNoRetry == 1` for object "Enter conversation" Button`
    t =     4.88s         Checking existence of `"Enter conversation" Button`
    t =     4.94s Tap "Enter conversation" Button
    t =     4.95s     Wait for life.soullab.voicekernel.k00 to idle
    t =     4.95s     Find the "Enter conversation" Button
    t =     4.99s     Check for interrupting elements affecting "Enter conversation" Button
    t =     5.03s     Synthesize event
    t =     5.33s     Wait for life.soullab.voicekernel.k00 to idle
    t =    20.35s Waiting 5.0s for "Export journal" Button to exist
    t =    21.38s     Checking `Expect predicate `existsNoRetry == 1` for object "Export journal" Button`
    t =    21.38s         Checking existence of `"Export journal" Button`
    t =    21.44s Tap "Export journal" Button
    t =    21.44s     Wait for life.soullab.voicekernel.k00 to idle
    t =    21.45s     Find the "Export journal" Button
    t =    21.49s     Check for interrupting elements affecting "Export journal" Button
    t =    21.53s     Synthesize event
    t =    21.83s     Wait for life.soullab.voicekernel.k00 to idle
    t =    24.04s Terminate life.soullab.voicekernel.k00:59366
    t =    25.11s Wait for life.soullab.voicekernel.k00 to become Not Running
    t =    25.11s Tear Down
Test Case '-[DriverUITests.K00DriverTests testOneSample]' passed (25.162 seconds).
Test Suite 'K00DriverTests' passed at 2026-09-13 10:53:53.884.
	 Executed 1 test, with 0 failures (0 unexpected) in 25.162 (25.164) seconds
Test Suite 'DriverUITests.xctest' passed at 2026-09-13 10:53:53.885.
	 Executed 1 test, with 0 failures (0 unexpected) in 25.162 (25.165) seconds
Test Suite 'Selected tests' passed at 2026-09-13 10:53:53.886.
	 Executed 1 test, with 0 failures (0 unexpected) in 25.162 (25.166) seconds
2026-09-13 10:53:54.095 xcodebuild[25682:27165469] [MT] IDERunDestination: Supported platforms for the buildables in the current scheme is empty.
2026-09-13 10:53:54.259 xcodebuild[25682:27165469] [MT] IDETestOperationsObserverDebug: 27.756 elapsed -- Testing started completed.
2026-09-13 10:53:54.259 xcodebuild[25682:27165469] [MT] IDETestOperationsObserverDebug: 0.000 sec, +0.000 sec -- start
2026-09-13 10:53:54.259 xcodebuild[25682:27165469] [MT] IDETestOperationsObserverDebug: 27.756 sec, +27.756 sec -- end

Test session results, code coverage, and logs:
	/Users/soullab/Library/Developer/Xcode/DerivedData/VoiceKernelDriver-aipcordyventyafjidvwwredjknu/Logs/Test/Test-DriverUITests-2026.09.13_10-53-26--0400.xcresult

** TEST EXECUTE SUCCEEDED **

Testing started
