Command line invocation:
    /Applications/Xcode.app/Contents/Developer/usr/bin/xcodebuild test-without-building -xctestrun /private/tmp/voice-driver-01/ios/VoiceKernelDriver/.derived/Build/Products/DriverUITests_iphoneos26.2-arm64.xctestrun -destination id=00008140-00163D9922E0801C -collect-test-diagnostics never "-only-testing:DriverUITests/K00DriverTests/testOneSample"

2026-09-13 10:58:01.308 xcodebuild[26221:27182658] [MT] IDERunDestination: Supported platforms for the buildables in the current scheme is empty.
2026-09-13 10:58:01.312 xcodebuild[26221:27182658] [MT] IDERunDestination: Supported platforms for the buildables in the current scheme is empty.
2026-09-13 10:58:01.410 xcodebuild[26221:27182658] [MT] IDERunDestination: Supported platforms for the buildables in the current scheme is empty.
--- xcodebuild: WARNING: Using the first of multiple matching destinations:
{ platform:iOS, arch:arm64e, id:00008140-00163D9922E0801C, name:Kelly Nezat’s iPhone }
{ platform:iOS, arch:arm64, id:00008140-00163D9922E0801C, name:Kelly Nezat’s iPhone }
2026-09-13 10:58:01.615 xcodebuild[26221:27182658] [MT] IDERunDestination: Supported platforms for the buildables in the current scheme is empty.
2026-09-13 10:58:01.804 xcodebuild[26221:27182658] [MT] IDERunDestination: Supported platforms for the buildables in the current scheme is empty.
2026-09-13 10:58:03.201733-0400 DriverUITests-Runner[59419:13340421] [Default] Running tests...
    t =      nans Interface orientation changed to Portrait
Test Suite 'Selected tests' started at 2026-09-13 10:58:03.678.
Test Suite 'DriverUITests.xctest' started at 2026-09-13 10:58:03.678.
Test Suite 'K00DriverTests' started at 2026-09-13 10:58:03.678.
Test Case '-[DriverUITests.K00DriverTests testOneSample]' started.
    t =     0.00s Start Test at 2026-09-13 10:58:03.679
    t =     0.02s Set Up
    t =     0.02s Open life.soullab.voicekernel.k00
    t =     0.03s     Launch life.soullab.voicekernel.k00
    t =     0.11s         Setting up automation session
    t =     0.18s         Wait for life.soullab.voicekernel.k00 to idle
2026-09-13 10:58:04.003 xcodebuild[26221:27182658] [MT] IDERunDestination: Supported platforms for the buildables in the current scheme is empty.
    t =     1.29s Wait for life.soullab.voicekernel.k00 to become Running Foreground
    t =     1.29s Waiting 10.0s for "Enter conversation" Button to exist
    t =     2.34s     Checking `Expect predicate `existsNoRetry == 1` for object "Enter conversation" Button`
    t =     2.34s         Checking existence of `"Enter conversation" Button`
    t =     2.43s Checking existence of `"Voice processing: ON (default)" Button`
    t =     2.46s Checking existence of `"Voice processing: OFF (control run)" Button`
    t =     2.79s Waiting 3.0s for "Voice processing: ON (default)" Button to exist
    t =     3.80s     Checking `Expect predicate `existsNoRetry == 1` for object "Voice processing: ON (default)" Button`
    t =     3.80s         Checking existence of `"Voice processing: ON (default)" Button`
    t =     3.86s Waiting 5.0s for "Enter conversation" Button to exist
    t =     4.88s     Checking `Expect predicate `existsNoRetry == 1` for object "Enter conversation" Button`
    t =     4.89s         Checking existence of `"Enter conversation" Button`
    t =     4.95s Tap "Enter conversation" Button
    t =     4.95s     Wait for life.soullab.voicekernel.k00 to idle
    t =     4.96s     Find the "Enter conversation" Button
    t =     5.00s     Check for interrupting elements affecting "Enter conversation" Button
    t =     5.04s     Synthesize event
    t =     5.34s     Wait for life.soullab.voicekernel.k00 to idle
    t =    20.35s Waiting 5.0s for "Export journal" Button to exist
    t =    21.37s     Checking `Expect predicate `existsNoRetry == 1` for object "Export journal" Button`
    t =    21.37s         Checking existence of `"Export journal" Button`
    t =    21.44s Tap "Export journal" Button
    t =    21.44s     Wait for life.soullab.voicekernel.k00 to idle
    t =    21.45s     Find the "Export journal" Button
    t =    21.49s     Check for interrupting elements affecting "Export journal" Button
    t =    21.53s     Synthesize event
    t =    21.83s     Wait for life.soullab.voicekernel.k00 to idle
    t =    24.05s Terminate life.soullab.voicekernel.k00:59420
    t =    25.22s Wait for life.soullab.voicekernel.k00 to become Not Running
    t =    25.22s Tear Down
Test Case '-[DriverUITests.K00DriverTests testOneSample]' passed (25.277 seconds).
Test Suite 'K00DriverTests' passed at 2026-09-13 10:58:28.957.
	 Executed 1 test, with 0 failures (0 unexpected) in 25.277 (25.278) seconds
Test Suite 'DriverUITests.xctest' passed at 2026-09-13 10:58:28.958.
	 Executed 1 test, with 0 failures (0 unexpected) in 25.277 (25.280) seconds
Test Suite 'Selected tests' passed at 2026-09-13 10:58:28.959.
	 Executed 1 test, with 0 failures (0 unexpected) in 25.277 (25.281) seconds
2026-09-13 10:58:29.174 xcodebuild[26221:27182658] [MT] IDERunDestination: Supported platforms for the buildables in the current scheme is empty.
2026-09-13 10:58:29.349 xcodebuild[26221:27182658] [MT] IDETestOperationsObserverDebug: 27.732 elapsed -- Testing started completed.
2026-09-13 10:58:29.349 xcodebuild[26221:27182658] [MT] IDETestOperationsObserverDebug: 0.000 sec, +0.000 sec -- start
2026-09-13 10:58:29.349 xcodebuild[26221:27182658] [MT] IDETestOperationsObserverDebug: 27.732 sec, +27.732 sec -- end

Test session results, code coverage, and logs:
	/Users/soullab/Library/Developer/Xcode/DerivedData/VoiceKernelDriver-bfzxinqekxkzbnfiekqtzolzzwgw/Logs/Test/Test-DriverUITests-2026.09.13_10-58-01--0400.xcresult

** TEST EXECUTE SUCCEEDED **

Testing started
