Command line invocation:
    /Applications/Xcode.app/Contents/Developer/usr/bin/xcodebuild test-without-building -xctestrun /private/tmp/voice-driver-01/ios/VoiceKernelDriver/.derived/Build/Products/DriverUITests_iphoneos26.2-arm64.xctestrun -destination id=00008140-00163D9922E0801C -collect-test-diagnostics never "-only-testing:DriverUITests/K00DriverTests/testOneSample"

2026-09-13 11:04:02.499 xcodebuild[27042:27205965] [MT] IDERunDestination: Supported platforms for the buildables in the current scheme is empty.
2026-09-13 11:04:02.503 xcodebuild[27042:27205965] [MT] IDERunDestination: Supported platforms for the buildables in the current scheme is empty.
2026-09-13 11:04:02.601 xcodebuild[27042:27205965] [MT] IDERunDestination: Supported platforms for the buildables in the current scheme is empty.
--- xcodebuild: WARNING: Using the first of multiple matching destinations:
{ platform:iOS, arch:arm64e, id:00008140-00163D9922E0801C, name:Kelly Nezat’s iPhone }
{ platform:iOS, arch:arm64, id:00008140-00163D9922E0801C, name:Kelly Nezat’s iPhone }
2026-09-13 11:04:02.831 xcodebuild[27042:27205965] [MT] IDERunDestination: Supported platforms for the buildables in the current scheme is empty.
2026-09-13 11:04:04.302648-0400 DriverUITests-Runner[59461:13353489] [Default] Running tests...
    t =      nans Interface orientation changed to Portrait
Test Suite 'Selected tests' started at 2026-09-13 11:04:04.762.
Test Suite 'DriverUITests.xctest' started at 2026-09-13 11:04:04.763.
Test Suite 'K00DriverTests' started at 2026-09-13 11:04:04.763.
Test Case '-[DriverUITests.K00DriverTests testOneSample]' started.
    t =     0.00s Start Test at 2026-09-13 11:04:04.764
    t =     0.02s Set Up
    t =     0.03s Open life.soullab.voicekernel.k00
    t =     0.03s     Launch life.soullab.voicekernel.k00
    t =     0.12s         Setting up automation session
    t =     0.18s         Wait for life.soullab.voicekernel.k00 to idle
2026-09-13 11:04:05.085 xcodebuild[27042:27205965] [MT] IDERunDestination: Supported platforms for the buildables in the current scheme is empty.
    t =     1.28s Wait for life.soullab.voicekernel.k00 to become Running Foreground
    t =     1.29s Waiting 10.0s for "Enter conversation" Button to exist
    t =     2.33s     Checking `Expect predicate `existsNoRetry == 1` for object "Enter conversation" Button`
    t =     2.33s         Checking existence of `"Enter conversation" Button`
    t =     2.42s Checking existence of `"Voice processing: ON (default)" Button`
    t =     2.45s Checking existence of `"Voice processing: OFF (control run)" Button`
    t =     2.78s Waiting 3.0s for "Voice processing: ON (default)" Button to exist
    t =     3.78s     Checking `Expect predicate `existsNoRetry == 1` for object "Voice processing: ON (default)" Button`
    t =     3.78s         Checking existence of `"Voice processing: ON (default)" Button`
    t =     3.84s Waiting 5.0s for "Enter conversation" Button to exist
    t =     4.84s     Checking `Expect predicate `existsNoRetry == 1` for object "Enter conversation" Button`
    t =     4.85s         Checking existence of `"Enter conversation" Button`
    t =     4.91s Tap "Enter conversation" Button
    t =     4.91s     Wait for life.soullab.voicekernel.k00 to idle
    t =     4.91s     Find the "Enter conversation" Button
    t =     5.06s     Check for interrupting elements affecting "Enter conversation" Button
    t =     5.13s     Synthesize event
    t =     5.43s     Wait for life.soullab.voicekernel.k00 to idle
    t =    20.45s Waiting 5.0s for "Export journal" Button to exist
    t =    21.47s     Checking `Expect predicate `existsNoRetry == 1` for object "Export journal" Button`
    t =    21.47s         Checking existence of `"Export journal" Button`
    t =    21.54s Tap "Export journal" Button
    t =    21.54s     Wait for life.soullab.voicekernel.k00 to idle
    t =    21.54s     Find the "Export journal" Button
    t =    21.58s     Check for interrupting elements affecting "Export journal" Button
    t =    21.63s     Synthesize event
    t =    21.93s     Wait for life.soullab.voicekernel.k00 to idle
    t =    24.14s Terminate life.soullab.voicekernel.k00:59462
    t =    25.23s Wait for life.soullab.voicekernel.k00 to become Not Running
    t =    25.24s Tear Down
Test Case '-[DriverUITests.K00DriverTests testOneSample]' passed (25.301 seconds).
Test Suite 'K00DriverTests' passed at 2026-09-13 11:04:30.066.
	 Executed 1 test, with 0 failures (0 unexpected) in 25.301 (25.303) seconds
Test Suite 'DriverUITests.xctest' passed at 2026-09-13 11:04:30.074.
	 Executed 1 test, with 0 failures (0 unexpected) in 25.301 (25.311) seconds
Test Suite 'Selected tests' passed at 2026-09-13 11:04:30.076.
	 Executed 1 test, with 0 failures (0 unexpected) in 25.301 (25.313) seconds
2026-09-13 11:04:30.335 xcodebuild[27042:27205965] [MT] IDERunDestination: Supported platforms for the buildables in the current scheme is empty.
2026-09-13 11:04:30.536 xcodebuild[27042:27205965] [MT] IDETestOperationsObserverDebug: 27.704 elapsed -- Testing started completed.
2026-09-13 11:04:30.536 xcodebuild[27042:27205965] [MT] IDETestOperationsObserverDebug: 0.000 sec, +0.000 sec -- start
2026-09-13 11:04:30.537 xcodebuild[27042:27205965] [MT] IDETestOperationsObserverDebug: 27.704 sec, +27.704 sec -- end

Test session results, code coverage, and logs:
	/Users/soullab/Library/Developer/Xcode/DerivedData/VoiceKernelDriver-cmqrycweqyfdndgzffxslupanhmb/Logs/Test/Test-DriverUITests-2026.09.13_11-04-02--0400.xcresult

** TEST EXECUTE SUCCEEDED **

Testing started
