Command line invocation:
    /Applications/Xcode.app/Contents/Developer/usr/bin/xcodebuild test-without-building -xctestrun /private/tmp/voice-driver-01/ios/VoiceKernelDriver/.derived/Build/Products/DriverUITests_iphoneos26.2-arm64.xctestrun -destination id=00008140-00163D9922E0801C -collect-test-diagnostics never "-only-testing:DriverUITests/K00DriverTests/testOneSample"

2026-09-13 10:51:43.061 xcodebuild[25535:27159016] [MT] IDERunDestination: Supported platforms for the buildables in the current scheme is empty.
2026-09-13 10:51:43.064 xcodebuild[25535:27159016] [MT] IDERunDestination: Supported platforms for the buildables in the current scheme is empty.
2026-09-13 10:51:43.163 xcodebuild[25535:27159016] [MT] IDERunDestination: Supported platforms for the buildables in the current scheme is empty.
--- xcodebuild: WARNING: Using the first of multiple matching destinations:
{ platform:iOS, arch:arm64e, id:00008140-00163D9922E0801C, name:Kelly Nezat’s iPhone }
{ platform:iOS, arch:arm64, id:00008140-00163D9922E0801C, name:Kelly Nezat’s iPhone }
2026-09-13 10:51:43.377 xcodebuild[25535:27159016] [MT] IDERunDestination: Supported platforms for the buildables in the current scheme is empty.
2026-09-13 10:51:43.584 xcodebuild[25535:27159016] [MT] IDERunDestination: Supported platforms for the buildables in the current scheme is empty.
2026-09-13 10:51:45.198430-0400 DriverUITests-Runner[59333:13326715] [Default] Running tests...
2026-09-13 10:52:45.457497-0400 DriverUITests-Runner[59333:13326715] [Default] Failed to initialize for UI testing: Error Domain=com.apple.dt.XCTest.XCTFuture Code=1000 "Timed out while enabling automation mode." UserInfo={NSLocalizedDescription=Timed out while enabling automation mode.}


*** If you believe this error represents a bug, please attach the result bundle at /Users/soullab/Library/Developer/Xcode/DerivedData/VoiceKernelDriver-feehhqbhshrygpaqujtjzayfoxdx/Logs/Test/Test-DriverUITests-2026.09.13_10-51-43--0400.xcresult

2026-09-13 10:52:45.785 xcodebuild[25535:27159016] [MT] IDETestOperationsObserverDebug: 62.407 elapsed -- Testing started completed.
2026-09-13 10:52:45.785 xcodebuild[25535:27159016] [MT] IDETestOperationsObserverDebug: 0.000 sec, +0.000 sec -- start
2026-09-13 10:52:45.785 xcodebuild[25535:27159016] [MT] IDETestOperationsObserverDebug: 62.407 sec, +62.407 sec -- end

Test session results, code coverage, and logs:
	/Users/soullab/Library/Developer/Xcode/DerivedData/VoiceKernelDriver-feehhqbhshrygpaqujtjzayfoxdx/Logs/Test/Test-DriverUITests-2026.09.13_10-51-43--0400.xcresult

Testing failed:
	DriverUITests-Runner (59333) encountered an error (The test runner failed to initialize for UI testing. (Underlying Error: Timed out while enabling automation mode.))

** TEST EXECUTE FAILED **

Testing started
