Command line invocation:
    /Applications/Xcode.app/Contents/Developer/usr/bin/xcodebuild test-without-building -xctestrun /private/tmp/voice-driver-01/ios/VoiceKernelDriver/.derived/Build/Products/DriverUITests_iphoneos26.2-arm64.xctestrun -destination id=00008140-00163D9922E0801C -collect-test-diagnostics never "-only-testing:DriverUITests/K00DriverTests/testOneSample"

2026-09-13 11:03:25.883 xcodebuild[26981:27203819] [MT] IDERunDestination: Supported platforms for the buildables in the current scheme is empty.
2026-09-13 11:03:25.886 xcodebuild[26981:27203819] [MT] IDERunDestination: Supported platforms for the buildables in the current scheme is empty.
2026-09-13 11:03:25.986 xcodebuild[26981:27203819] [MT] IDERunDestination: Supported platforms for the buildables in the current scheme is empty.
--- xcodebuild: WARNING: Using the first of multiple matching destinations:
{ platform:iOS, arch:arm64e, id:00008140-00163D9922E0801C, name:Kelly Nezat’s iPhone }
{ platform:iOS, arch:arm64, id:00008140-00163D9922E0801C, name:Kelly Nezat’s iPhone }
2026-09-13 11:03:26.202 xcodebuild[26981:27203819] [MT] IDERunDestination: Supported platforms for the buildables in the current scheme is empty.
2026-09-13 11:03:27.829925-0400 DriverUITests-Runner[59458:13352218] [Default] Running tests...
    t =      nans Interface orientation changed to Portrait
Test Suite 'Selected tests' started at 2026-09-13 11:03:28.302.
Test Suite 'DriverUITests.xctest' started at 2026-09-13 11:03:28.302.
Test Suite 'K00DriverTests' started at 2026-09-13 11:03:28.302.
Test Case '-[DriverUITests.K00DriverTests testOneSample]' started.
    t =     0.00s Start Test at 2026-09-13 11:03:28.303
    t =     0.02s Set Up
    t =     0.02s Open life.soullab.voicekernel.k00
    t =     0.02s     Launch life.soullab.voicekernel.k00
    t =     0.11s         Setting up automation session
    t =     0.17s         Wait for life.soullab.voicekernel.k00 to idle
2026-09-13 11:03:28.631 xcodebuild[26981:27203819] [MT] IDERunDestination: Supported platforms for the buildables in the current scheme is empty.
    t =     1.26s Wait for life.soullab.voicekernel.k00 to become Running Foreground
    t =     1.26s Waiting 10.0s for "Enter conversation" Button to exist
    t =     2.30s     Checking `Expect predicate `existsNoRetry == 1` for object "Enter conversation" Button`
    t =     2.30s         Checking existence of `"Enter conversation" Button`
    t =     2.40s Checking existence of `"Voice processing: ON (default)" Button`
    t =     2.43s Checking existence of `"Voice processing: OFF (control run)" Button`
    t =     2.75s Waiting 3.0s for "Voice processing: ON (default)" Button to exist
    t =     3.79s     Checking `Expect predicate `existsNoRetry == 1` for object "Voice processing: ON (default)" Button`
    t =     3.79s         Checking existence of `"Voice processing: ON (default)" Button`
    t =     3.85s Waiting 5.0s for "Enter conversation" Button to exist
    t =     4.87s     Checking `Expect predicate `existsNoRetry == 1` for object "Enter conversation" Button`
    t =     4.87s         Checking existence of `"Enter conversation" Button`
    t =     4.93s Tap "Enter conversation" Button
    t =     4.93s     Wait for life.soullab.voicekernel.k00 to idle
    t =     4.94s     Find the "Enter conversation" Button
    t =     5.08s     Check for interrupting elements affecting "Enter conversation" Button
    t =     5.15s     Synthesize event
    t =     5.46s     Wait for life.soullab.voicekernel.k00 to idle
    t =    20.47s Waiting 5.0s for "Export journal" Button to exist
    t =    21.50s     Checking `Expect predicate `existsNoRetry == 1` for object "Export journal" Button`
    t =    21.51s         Checking existence of `"Export journal" Button`
    t =    21.58s Tap "Export journal" Button
    t =    21.58s     Wait for life.soullab.voicekernel.k00 to idle
    t =    21.58s     Find the "Export journal" Button
    t =    21.62s     Check for interrupting elements affecting "Export journal" Button
    t =    21.66s     Synthesize event
    t =    21.97s     Wait for life.soullab.voicekernel.k00 to idle
    t =    24.18s Terminate life.soullab.voicekernel.k00:59459
    t =    25.23s Wait for life.soullab.voicekernel.k00 to become Not Running
    t =    25.24s Tear Down
Test Case '-[DriverUITests.K00DriverTests testOneSample]' passed (25.306 seconds).
Test Suite 'K00DriverTests' passed at 2026-09-13 11:03:53.612.
	 Executed 1 test, with 0 failures (0 unexpected) in 25.306 (25.309) seconds
Test Suite 'DriverUITests.xctest' passed at 2026-09-13 11:03:53.620.
	 Executed 1 test, with 0 failures (0 unexpected) in 25.306 (25.318) seconds
Test Suite 'Selected tests' passed at 2026-09-13 11:03:53.622.
	 Executed 1 test, with 0 failures (0 unexpected) in 25.306 (25.320) seconds
2026-09-13 11:03:53.870 xcodebuild[26981:27203819] [MT] IDERunDestination: Supported platforms for the buildables in the current scheme is empty.
2026-09-13 11:03:54.076 xcodebuild[26981:27203819] [MT] IDETestOperationsObserverDebug: 27.873 elapsed -- Testing started completed.
2026-09-13 11:03:54.076 xcodebuild[26981:27203819] [MT] IDETestOperationsObserverDebug: 0.000 sec, +0.000 sec -- start
2026-09-13 11:03:54.076 xcodebuild[26981:27203819] [MT] IDETestOperationsObserverDebug: 27.873 sec, +27.873 sec -- end

Test session results, code coverage, and logs:
	/Users/soullab/Library/Developer/Xcode/DerivedData/VoiceKernelDriver-ffxqusszeildyfbvfjlmpriiayeo/Logs/Test/Test-DriverUITests-2026.09.13_11-03-26--0400.xcresult

** TEST EXECUTE SUCCEEDED **

Testing started
