Command line invocation:
    /Applications/Xcode.app/Contents/Developer/usr/bin/xcodebuild test-without-building -xctestrun /private/tmp/voice-driver-01/ios/VoiceKernelDriver/.derived/Build/Products/DriverUITests_iphoneos26.2-arm64.xctestrun -destination id=00008140-00163D9922E0801C -collect-test-diagnostics never "-only-testing:DriverUITests/K00DriverTests/testOneSample"

2026-09-13 10:57:26.600 xcodebuild[26153:27180516] [MT] IDERunDestination: Supported platforms for the buildables in the current scheme is empty.
2026-09-13 10:57:26.603 xcodebuild[26153:27180516] [MT] IDERunDestination: Supported platforms for the buildables in the current scheme is empty.
2026-09-13 10:57:26.702 xcodebuild[26153:27180516] [MT] IDERunDestination: Supported platforms for the buildables in the current scheme is empty.
--- xcodebuild: WARNING: Using the first of multiple matching destinations:
{ platform:iOS, arch:arm64e, id:00008140-00163D9922E0801C, name:Kelly Nezat’s iPhone }
{ platform:iOS, arch:arm64, id:00008140-00163D9922E0801C, name:Kelly Nezat’s iPhone }
2026-09-13 10:57:26.927 xcodebuild[26153:27180516] [MT] IDERunDestination: Supported platforms for the buildables in the current scheme is empty.
2026-09-13 10:57:27.131 xcodebuild[26153:27180516] [MT] IDERunDestination: Supported platforms for the buildables in the current scheme is empty.
2026-09-13 10:57:28.490097-0400 DriverUITests-Runner[59415:13339115] [Default] Running tests...
    t =      nans Interface orientation changed to Portrait
Test Suite 'Selected tests' started at 2026-09-13 10:57:28.959.
Test Suite 'DriverUITests.xctest' started at 2026-09-13 10:57:28.960.
Test Suite 'K00DriverTests' started at 2026-09-13 10:57:28.960.
Test Case '-[DriverUITests.K00DriverTests testOneSample]' started.
    t =     0.00s Start Test at 2026-09-13 10:57:28.961
    t =     0.02s Set Up
    t =     0.02s Open life.soullab.voicekernel.k00
    t =     0.02s     Launch life.soullab.voicekernel.k00
    t =     0.11s         Setting up automation session
2026-09-13 10:57:29.232 xcodebuild[26153:27180516] [MT] IDERunDestination: Supported platforms for the buildables in the current scheme is empty.
    t =     0.19s         Wait for life.soullab.voicekernel.k00 to idle
    t =     1.27s Wait for life.soullab.voicekernel.k00 to become Running Foreground
    t =     1.28s Waiting 10.0s for "Enter conversation" Button to exist
    t =     2.31s     Checking `Expect predicate `existsNoRetry == 1` for object "Enter conversation" Button`
    t =     2.32s         Checking existence of `"Enter conversation" Button`
    t =     2.41s Checking existence of `"Voice processing: ON (default)" Button`
    t =     2.44s Checking existence of `"Voice processing: OFF (control run)" Button`
    t =     2.77s Waiting 3.0s for "Voice processing: ON (default)" Button to exist
    t =     3.78s     Checking `Expect predicate `existsNoRetry == 1` for object "Voice processing: ON (default)" Button`
    t =     3.78s         Checking existence of `"Voice processing: ON (default)" Button`
    t =     3.84s Waiting 5.0s for "Enter conversation" Button to exist
    t =     4.88s     Checking `Expect predicate `existsNoRetry == 1` for object "Enter conversation" Button`
    t =     4.88s         Checking existence of `"Enter conversation" Button`
    t =     4.94s Tap "Enter conversation" Button
    t =     4.94s     Wait for life.soullab.voicekernel.k00 to idle
    t =     4.94s     Find the "Enter conversation" Button
    t =     4.98s     Check for interrupting elements affecting "Enter conversation" Button
    t =     5.02s     Synthesize event
    t =     5.32s     Wait for life.soullab.voicekernel.k00 to idle
    t =    20.33s Waiting 5.0s for "Export journal" Button to exist
    t =    21.37s     Checking `Expect predicate `existsNoRetry == 1` for object "Export journal" Button`
    t =    21.38s         Checking existence of `"Export journal" Button`
    t =    21.44s Tap "Export journal" Button
    t =    21.44s     Wait for life.soullab.voicekernel.k00 to idle
    t =    21.45s     Find the "Export journal" Button
    t =    21.48s     Check for interrupting elements affecting "Export journal" Button
    t =    21.53s     Synthesize event
    t =    21.83s     Wait for life.soullab.voicekernel.k00 to idle
    t =    24.04s Terminate life.soullab.voicekernel.k00:59416
    t =    25.14s Wait for life.soullab.voicekernel.k00 to become Not Running
    t =    25.15s Tear Down
Test Case '-[DriverUITests.K00DriverTests testOneSample]' passed (25.194 seconds).
Test Suite 'K00DriverTests' passed at 2026-09-13 10:57:54.155.
	 Executed 1 test, with 0 failures (0 unexpected) in 25.194 (25.196) seconds
Test Suite 'DriverUITests.xctest' passed at 2026-09-13 10:57:54.158.
	 Executed 1 test, with 0 failures (0 unexpected) in 25.194 (25.198) seconds
Test Suite 'Selected tests' passed at 2026-09-13 10:57:54.161.
	 Executed 1 test, with 0 failures (0 unexpected) in 25.194 (25.202) seconds
2026-09-13 10:57:54.391 xcodebuild[26153:27180516] [MT] IDERunDestination: Supported platforms for the buildables in the current scheme is empty.
2026-09-13 10:57:54.577 xcodebuild[26153:27180516] [MT] IDETestOperationsObserverDebug: 27.649 elapsed -- Testing started completed.
2026-09-13 10:57:54.577 xcodebuild[26153:27180516] [MT] IDETestOperationsObserverDebug: 0.000 sec, +0.000 sec -- start
2026-09-13 10:57:54.577 xcodebuild[26153:27180516] [MT] IDETestOperationsObserverDebug: 27.649 sec, +27.649 sec -- end

Test session results, code coverage, and logs:
	/Users/soullab/Library/Developer/Xcode/DerivedData/VoiceKernelDriver-eenicaqgvnnybkcoymkzkkxmmayz/Logs/Test/Test-DriverUITests-2026.09.13_10-57-26--0400.xcresult

** TEST EXECUTE SUCCEEDED **

Testing started
