Command line invocation:
    /Applications/Xcode.app/Contents/Developer/usr/bin/xcodebuild test-without-building -xctestrun /private/tmp/voice-driver-01/ios/VoiceKernelDriver/.derived/Build/Products/DriverUITests_iphoneos26.2-arm64.xctestrun -destination id=00008140-00163D9922E0801C -collect-test-diagnostics never "-only-testing:DriverUITests/K00DriverTests/testOneSample"

2026-09-13 10:56:51.577 xcodebuild[26093:27178663] [MT] IDERunDestination: Supported platforms for the buildables in the current scheme is empty.
2026-09-13 10:56:51.580 xcodebuild[26093:27178663] [MT] IDERunDestination: Supported platforms for the buildables in the current scheme is empty.
2026-09-13 10:56:51.680 xcodebuild[26093:27178663] [MT] IDERunDestination: Supported platforms for the buildables in the current scheme is empty.
--- xcodebuild: WARNING: Using the first of multiple matching destinations:
{ platform:iOS, arch:arm64e, id:00008140-00163D9922E0801C, name:Kelly Nezat’s iPhone }
{ platform:iOS, arch:arm64, id:00008140-00163D9922E0801C, name:Kelly Nezat’s iPhone }
2026-09-13 10:56:51.886 xcodebuild[26093:27178663] [MT] IDERunDestination: Supported platforms for the buildables in the current scheme is empty.
2026-09-13 10:56:52.075 xcodebuild[26093:27178663] [MT] IDERunDestination: Supported platforms for the buildables in the current scheme is empty.
2026-09-13 10:56:53.611876-0400 DriverUITests-Runner[59412:13337936] [Default] Running tests...
    t =      nans Interface orientation changed to Portrait
Test Suite 'Selected tests' started at 2026-09-13 10:56:54.081.
Test Suite 'DriverUITests.xctest' started at 2026-09-13 10:56:54.081.
Test Suite 'K00DriverTests' started at 2026-09-13 10:56:54.082.
Test Case '-[DriverUITests.K00DriverTests testOneSample]' started.
    t =     0.00s Start Test at 2026-09-13 10:56:54.083
    t =     0.02s Set Up
    t =     0.03s Open life.soullab.voicekernel.k00
    t =     0.03s     Launch life.soullab.voicekernel.k00
    t =     0.11s         Setting up automation session
    t =     0.19s         Wait for life.soullab.voicekernel.k00 to idle
2026-09-13 10:56:54.369 xcodebuild[26093:27178663] [MT] IDERunDestination: Supported platforms for the buildables in the current scheme is empty.
    t =     1.29s Wait for life.soullab.voicekernel.k00 to become Running Foreground
    t =     1.29s Waiting 10.0s for "Enter conversation" Button to exist
    t =     2.33s     Checking `Expect predicate `existsNoRetry == 1` for object "Enter conversation" Button`
    t =     2.33s         Checking existence of `"Enter conversation" Button`
    t =     2.43s Checking existence of `"Voice processing: ON (default)" Button`
    t =     2.46s Checking existence of `"Voice processing: OFF (control run)" Button`
    t =     2.78s Waiting 3.0s for "Voice processing: ON (default)" Button to exist
    t =     3.81s     Checking `Expect predicate `existsNoRetry == 1` for object "Voice processing: ON (default)" Button`
    t =     3.81s         Checking existence of `"Voice processing: ON (default)" Button`
    t =     3.87s Waiting 5.0s for "Enter conversation" Button to exist
    t =     4.88s     Checking `Expect predicate `existsNoRetry == 1` for object "Enter conversation" Button`
    t =     4.88s         Checking existence of `"Enter conversation" Button`
    t =     4.94s Tap "Enter conversation" Button
    t =     4.94s     Wait for life.soullab.voicekernel.k00 to idle
    t =     4.94s     Find the "Enter conversation" Button
    t =     4.98s     Check for interrupting elements affecting "Enter conversation" Button
    t =     5.02s     Synthesize event
    t =     5.32s     Wait for life.soullab.voicekernel.k00 to idle
    t =    20.32s Waiting 5.0s for "Export journal" Button to exist
    t =    21.33s     Checking `Expect predicate `existsNoRetry == 1` for object "Export journal" Button`
    t =    21.33s         Checking existence of `"Export journal" Button`
    t =    21.40s Tap "Export journal" Button
    t =    21.41s     Wait for life.soullab.voicekernel.k00 to idle
    t =    21.41s     Find the "Export journal" Button
    t =    21.55s     Check for interrupting elements affecting "Export journal" Button
    t =    21.62s     Synthesize event
    t =    21.93s     Wait for life.soullab.voicekernel.k00 to idle
    t =    24.15s Terminate life.soullab.voicekernel.k00:59413
    t =    25.18s Wait for life.soullab.voicekernel.k00 to become Not Running
    t =    25.18s Tear Down
Test Case '-[DriverUITests.K00DriverTests testOneSample]' passed (25.269 seconds).
Test Suite 'K00DriverTests' passed at 2026-09-13 10:57:19.353.
	 Executed 1 test, with 0 failures (0 unexpected) in 25.269 (25.271) seconds
Test Suite 'DriverUITests.xctest' passed at 2026-09-13 10:57:19.355.
	 Executed 1 test, with 0 failures (0 unexpected) in 25.269 (25.273) seconds
Test Suite 'Selected tests' passed at 2026-09-13 10:57:19.357.
	 Executed 1 test, with 0 failures (0 unexpected) in 25.269 (25.276) seconds
2026-09-13 10:57:19.531 xcodebuild[26093:27178663] [MT] IDERunDestination: Supported platforms for the buildables in the current scheme is empty.
2026-09-13 10:57:19.762 xcodebuild[26093:27178663] [MT] IDETestOperationsObserverDebug: 27.875 elapsed -- Testing started completed.
2026-09-13 10:57:19.762 xcodebuild[26093:27178663] [MT] IDETestOperationsObserverDebug: 0.000 sec, +0.000 sec -- start
2026-09-13 10:57:19.762 xcodebuild[26093:27178663] [MT] IDETestOperationsObserverDebug: 27.875 sec, +27.875 sec -- end

Test session results, code coverage, and logs:
	/Users/soullab/Library/Developer/Xcode/DerivedData/VoiceKernelDriver-fzqnhkdbcykxcccoznehszywtaxp/Logs/Test/Test-DriverUITests-2026.09.13_10-56-51--0400.xcresult

** TEST EXECUTE SUCCEEDED **

Testing started
