Command line invocation:
    /Applications/Xcode.app/Contents/Developer/usr/bin/xcodebuild test-without-building -xctestrun /private/tmp/voice-pass2-6801/ios/VoiceKernelDriver/.derived/Build/Products/DriverUITests_iphoneos26.2-arm64.xctestrun -destination id=00008140-00163D9922E0801C -collect-test-diagnostics never "-only-testing:DriverUITests/K00DriverTests/testTerminateOnly"

2026-09-14 08:43:33.339 xcodebuild[88644:28986809] [MT] IDERunDestination: Supported platforms for the buildables in the current scheme is empty.
2026-09-14 08:43:33.342 xcodebuild[88644:28986809] [MT] IDERunDestination: Supported platforms for the buildables in the current scheme is empty.
2026-09-14 08:43:33.441 xcodebuild[88644:28986809] [MT] IDERunDestination: Supported platforms for the buildables in the current scheme is empty.
--- xcodebuild: WARNING: Using the first of multiple matching destinations:
{ platform:iOS, arch:arm64e, id:00008140-00163D9922E0801C, name:Kelly Nezat’s iPhone }
{ platform:iOS, arch:arm64, id:00008140-00163D9922E0801C, name:Kelly Nezat’s iPhone }
2026-09-14 08:43:33.968 xcodebuild[88644:28986809] [MT] IDERunDestination: Supported platforms for the buildables in the current scheme is empty.
2026-09-14 08:43:34.155 xcodebuild[88644:28986809] [MT] IDERunDestination: Supported platforms for the buildables in the current scheme is empty.
2026-09-14 08:43:36.573487-0400 DriverUITests-Runner[63568:14122719] [Default] Running tests...
    t =      nans Interface orientation changed to Portrait
Test Suite 'Selected tests' started at 2026-09-14 08:43:37.132.
Test Suite 'DriverUITests.xctest' started at 2026-09-14 08:43:37.132.
Test Suite 'K00DriverTests' started at 2026-09-14 08:43:37.132.
Test Case '-[DriverUITests.K00DriverTests testTerminateOnly]' started.
    t =     0.00s Start Test at 2026-09-14 08:43:37.133
    t =     0.02s Set Up
    t =     0.02s Terminate life.soullab.voicekernel.k00:63378
2026-09-14 08:43:37.500 xcodebuild[88644:28986809] [MT] IDERunDestination: Supported platforms for the buildables in the current scheme is empty.
    t =     1.09s Wait for life.soullab.voicekernel.k00 to become Not Running
    t =     1.10s Tear Down
Test Case '-[DriverUITests.K00DriverTests testTerminateOnly]' passed (1.135 seconds).
Test Suite 'K00DriverTests' passed at 2026-09-14 08:43:38.268.
	 Executed 1 test, with 0 failures (0 unexpected) in 1.135 (1.136) seconds
Test Suite 'DriverUITests.xctest' passed at 2026-09-14 08:43:38.270.
	 Executed 1 test, with 0 failures (0 unexpected) in 1.135 (1.138) seconds
Test Suite 'Selected tests' passed at 2026-09-14 08:43:38.271.
	 Executed 1 test, with 0 failures (0 unexpected) in 1.135 (1.139) seconds
2026-09-14 08:43:38.565 xcodebuild[88644:28986809] [MT] IDERunDestination: Supported platforms for the buildables in the current scheme is empty.
2026-09-14 08:43:38.752 xcodebuild[88644:28986809] [MT] IDETestOperationsObserverDebug: 4.783 elapsed -- Testing started completed.
2026-09-14 08:43:38.752 xcodebuild[88644:28986809] [MT] IDETestOperationsObserverDebug: 0.000 sec, +0.000 sec -- start
2026-09-14 08:43:38.752 xcodebuild[88644:28986809] [MT] IDETestOperationsObserverDebug: 4.783 sec, +4.783 sec -- end

Test session results, code coverage, and logs:
	/Users/soullab/Library/Developer/Xcode/DerivedData/VoiceKernelDriver-cspbumyllxvxescqnbvpjeizcqny/Logs/Test/Test-DriverUITests-2026.09.14_08-43-33--0400.xcresult

** TEST EXECUTE SUCCEEDED **

Testing started
