Command line invocation:
    /Applications/Xcode.app/Contents/Developer/usr/bin/xcodebuild test-without-building -xctestrun /private/tmp/voice-pass2-6801/ios/VoiceKernelDriver/.derived/Build/Products/DriverUITests_iphoneos26.2-arm64.xctestrun -destination id=00008140-00163D9922E0801C -collect-test-diagnostics never "-only-testing:DriverUITests/K00DriverTests/testOneSample"

2026-09-14 08:43:40.160 xcodebuild[88662:28987259] [MT] IDERunDestination: Supported platforms for the buildables in the current scheme is empty.
2026-09-14 08:43:40.164 xcodebuild[88662:28987259] [MT] IDERunDestination: Supported platforms for the buildables in the current scheme is empty.
2026-09-14 08:43:40.263 xcodebuild[88662:28987259] [MT] IDERunDestination: Supported platforms for the buildables in the current scheme is empty.
--- xcodebuild: WARNING: Using the first of multiple matching destinations:
{ platform:iOS, arch:arm64e, id:00008140-00163D9922E0801C, name:Kelly Nezat’s iPhone }
{ platform:iOS, arch:arm64, id:00008140-00163D9922E0801C, name:Kelly Nezat’s iPhone }
2026-09-14 08:43:40.501 xcodebuild[88662:28987259] [MT] IDERunDestination: Supported platforms for the buildables in the current scheme is empty.
2026-09-14 08:43:42.167054-0400 DriverUITests-Runner[63570:14123026] [Default] Running tests...
    t =      nans Interface orientation changed to Portrait
Test Suite 'Selected tests' started at 2026-09-14 08:43:42.628.
Test Suite 'DriverUITests.xctest' started at 2026-09-14 08:43:42.628.
Test Suite 'K00DriverTests' started at 2026-09-14 08:43:42.628.
Test Case '-[DriverUITests.K00DriverTests testOneSample]' started.
    t =     0.00s Start Test at 2026-09-14 08:43:42.629
    t =     0.02s Set Up
    t =     0.03s Open life.soullab.voicekernel.k00
    t =     0.03s     Launch life.soullab.voicekernel.k00
    t =     0.10s         Setting up automation session
2026-09-14 08:43:42.973 xcodebuild[88662:28987259] [MT] IDERunDestination: Supported platforms for the buildables in the current scheme is empty.
    t =     0.24s         Wait for life.soullab.voicekernel.k00 to idle
    t =     1.43s Wait for life.soullab.voicekernel.k00 to become Running Foreground
    t =     1.44s Waiting 10.0s for "Enter conversation" Button to exist
    t =     2.48s     Checking `Expect predicate `existsNoRetry == 1` for object "Enter conversation" Button`
    t =     2.48s         Checking existence of `"Enter conversation" Button`
    t =     2.58s Checking existence of `"Voice processing: ON (default)" Button`
    t =     2.60s Checking existence of `"Voice processing: OFF (control run)" Button`
    t =     2.92s Waiting 3.0s for "Voice processing: ON (default)" Button to exist
    t =     3.96s     Checking `Expect predicate `existsNoRetry == 1` for object "Voice processing: ON (default)" Button`
    t =     3.96s         Checking existence of `"Voice processing: ON (default)" Button`
    t =     4.01s Waiting 5.0s for "Enter conversation" Button to exist
    t =     5.03s     Checking `Expect predicate `existsNoRetry == 1` for object "Enter conversation" Button`
    t =     5.03s         Checking existence of `"Enter conversation" Button`
    t =     5.08s Tap "Enter conversation" Button
    t =     5.08s     Wait for life.soullab.voicekernel.k00 to idle
    t =     5.09s     Find the "Enter conversation" Button
    t =     5.12s     Check for interrupting elements affecting "Enter conversation" Button
    t =     5.17s     Synthesize event
    t =     5.47s     Wait for life.soullab.voicekernel.k00 to idle
    t =    20.48s Waiting 5.0s for "Export journal" Button to exist
    t =    21.49s     Checking `Expect predicate `existsNoRetry == 1` for object "Export journal" Button`
    t =    21.50s         Checking existence of `"Export journal" Button`
    t =    21.67s Tap "Export journal" Button
    t =    21.67s     Wait for life.soullab.voicekernel.k00 to idle
    t =    21.68s     Find the "Export journal" Button
    t =    21.74s     Check for interrupting elements affecting "Export journal" Button
    t =    21.94s     Synthesize event
    t =    22.25s     Wait for life.soullab.voicekernel.k00 to idle
    t =    24.49s Terminate life.soullab.voicekernel.k00:63571
    t =    25.57s Wait for life.soullab.voicekernel.k00 to become Not Running
    t =    25.57s Tear Down
Test Case '-[DriverUITests.K00DriverTests testOneSample]' passed (25.633 seconds).
Test Suite 'K00DriverTests' passed at 2026-09-14 08:44:08.263.
	 Executed 1 test, with 0 failures (0 unexpected) in 25.633 (25.634) seconds
Test Suite 'DriverUITests.xctest' passed at 2026-09-14 08:44:08.264.
	 Executed 1 test, with 0 failures (0 unexpected) in 25.633 (25.636) seconds
Test Suite 'Selected tests' passed at 2026-09-14 08:44:08.265.
	 Executed 1 test, with 0 failures (0 unexpected) in 25.633 (25.638) seconds
2026-09-14 08:44:08.542 xcodebuild[88662:28987259] [MT] IDERunDestination: Supported platforms for the buildables in the current scheme is empty.
2026-09-14 08:44:08.748 xcodebuild[88662:28987259] [MT] IDETestOperationsObserverDebug: 28.246 elapsed -- Testing started completed.
2026-09-14 08:44:08.748 xcodebuild[88662:28987259] [MT] IDETestOperationsObserverDebug: 0.000 sec, +0.000 sec -- start
2026-09-14 08:44:08.748 xcodebuild[88662:28987259] [MT] IDETestOperationsObserverDebug: 28.246 sec, +28.246 sec -- end

Test session results, code coverage, and logs:
	/Users/soullab/Library/Developer/Xcode/DerivedData/VoiceKernelDriver-dwkuhudbbxbmoadshtqztwkjsgus/Logs/Test/Test-DriverUITests-2026.09.14_08-43-40--0400.xcresult

** TEST EXECUTE SUCCEEDED **

Testing started
