Command line invocation:
    /Applications/Xcode.app/Contents/Developer/usr/bin/xcodebuild test-without-building -xctestrun /private/tmp/voice-fire-8cfa/ios/VoiceKernelDriver/.derived/Build/Products/DriverUITests_iphoneos26.2-arm64.xctestrun -destination id=00008140-00163D9922E0801C -collect-test-diagnostics never "-only-testing:DriverUITests/K00DriverTests/testOneSample"

2026-09-13 13:10:45.170 xcodebuild[61859:27705744] [MT] IDERunDestination: Supported platforms for the buildables in the current scheme is empty.
2026-09-13 13:10:45.174 xcodebuild[61859:27705744] [MT] IDERunDestination: Supported platforms for the buildables in the current scheme is empty.
2026-09-13 13:10:45.272 xcodebuild[61859:27705744] [MT] IDERunDestination: Supported platforms for the buildables in the current scheme is empty.
--- xcodebuild: WARNING: Using the first of multiple matching destinations:
{ platform:iOS, arch:arm64e, id:00008140-00163D9922E0801C, name:Kelly Nezat’s iPhone }
{ platform:iOS, arch:arm64, id:00008140-00163D9922E0801C, name:Kelly Nezat’s iPhone }
2026-09-13 13:10:45.521 xcodebuild[61859:27705744] [MT] IDERunDestination: Supported platforms for the buildables in the current scheme is empty.
2026-09-13 13:10:45.723 xcodebuild[61859:27705744] [MT] IDERunDestination: Supported platforms for the buildables in the current scheme is empty.
2026-09-13 13:10:47.246225-0400 DriverUITests-Runner[60449:13483729] [Default] Running tests...
    t =      nans Interface orientation changed to Portrait
Test Suite 'Selected tests' started at 2026-09-13 13:10:47.711.
Test Suite 'DriverUITests.xctest' started at 2026-09-13 13:10:47.711.
Test Suite 'K00DriverTests' started at 2026-09-13 13:10:47.712.
Test Case '-[DriverUITests.K00DriverTests testOneSample]' started.
    t =     0.00s Start Test at 2026-09-13 13:10:47.712
    t =     0.02s Set Up
    t =     0.03s Open life.soullab.voicekernel.k00
    t =     0.03s     Launch life.soullab.voicekernel.k00
    t =     0.12s         Setting up automation session
    t =     0.18s         Wait for life.soullab.voicekernel.k00 to idle
2026-09-13 13:10:47.869 xcodebuild[61859:27705744] [MT] IDERunDestination: Supported platforms for the buildables in the current scheme is empty.
    t =     1.27s Wait for life.soullab.voicekernel.k00 to become Running Foreground
    t =     1.28s Waiting 10.0s for "Enter conversation" Button to exist
    t =     2.29s     Checking `Expect predicate `existsNoRetry == 1` for object "Enter conversation" Button`
    t =     2.30s         Checking existence of `"Enter conversation" Button`
    t =     2.39s Checking existence of `"Voice processing: ON (default)" Button`
    t =     2.42s Checking existence of `"Voice processing: OFF (control run)" Button`
    t =     2.74s Waiting 3.0s for "Voice processing: ON (default)" Button to exist
    t =     3.76s     Checking `Expect predicate `existsNoRetry == 1` for object "Voice processing: ON (default)" Button`
    t =     3.76s         Checking existence of `"Voice processing: ON (default)" Button`
    t =     3.83s Waiting 5.0s for "Enter conversation" Button to exist
    t =     4.83s     Checking `Expect predicate `existsNoRetry == 1` for object "Enter conversation" Button`
    t =     4.83s         Checking existence of `"Enter conversation" Button`
    t =     4.89s Tap "Enter conversation" Button
    t =     4.89s     Wait for life.soullab.voicekernel.k00 to idle
    t =     4.90s     Find the "Enter conversation" Button
    t =     4.94s     Check for interrupting elements affecting "Enter conversation" Button
    t =     4.98s     Synthesize event
    t =     5.27s     Wait for life.soullab.voicekernel.k00 to idle
2026-09-13 13:11:00.135 xcodebuild[61859:27705744] [MT] IDERunDestination: Supported platforms for the buildables in the current scheme is empty.
    t =    20.29s Waiting 5.0s for "Export journal" Button to exist
    t =    21.32s     Checking `Expect predicate `existsNoRetry == 1` for object "Export journal" Button`
    t =    21.32s         Checking existence of `"Export journal" Button`
    t =    21.36s Tap "Export journal" Button
    t =    21.37s     Wait for life.soullab.voicekernel.k00 to idle
    t =    21.38s     Find the "Export journal" Button
    t =    21.41s     Check for interrupting elements affecting "Export journal" Button
    t =    21.45s     Synthesize event
    t =    21.77s     Wait for life.soullab.voicekernel.k00 to idle
    t =    24.00s Terminate life.soullab.voicekernel.k00:60450
    t =    25.05s Wait for life.soullab.voicekernel.k00 to become Not Running
    t =    25.05s Tear Down
Test Case '-[DriverUITests.K00DriverTests testOneSample]' passed (25.095 seconds).
Test Suite 'K00DriverTests' passed at 2026-09-13 13:11:12.808.
	 Executed 1 test, with 0 failures (0 unexpected) in 25.095 (25.096) seconds
Test Suite 'DriverUITests.xctest' passed at 2026-09-13 13:11:12.809.
	 Executed 1 test, with 0 failures (0 unexpected) in 25.095 (25.098) seconds
Test Suite 'Selected tests' passed at 2026-09-13 13:11:12.811.
	 Executed 1 test, with 0 failures (0 unexpected) in 25.095 (25.100) seconds
2026-09-13 13:11:12.922 xcodebuild[61859:27705744] [MT] IDERunDestination: Supported platforms for the buildables in the current scheme is empty.
2026-09-13 13:11:13.090 xcodebuild[61859:27705744] [MT] IDETestOperationsObserverDebug: 27.567 elapsed -- Testing started completed.
2026-09-13 13:11:13.090 xcodebuild[61859:27705744] [MT] IDETestOperationsObserverDebug: 0.000 sec, +0.000 sec -- start
2026-09-13 13:11:13.090 xcodebuild[61859:27705744] [MT] IDETestOperationsObserverDebug: 27.567 sec, +27.567 sec -- end

Test session results, code coverage, and logs:
	/Users/soullab/Library/Developer/Xcode/DerivedData/VoiceKernelDriver-dvnvlwblzgehcjhjoqdqeunmgxay/Logs/Test/Test-DriverUITests-2026.09.13_13-10-45--0400.xcresult

** TEST EXECUTE SUCCEEDED **

Testing started
