Command line invocation:
    /Applications/Xcode.app/Contents/Developer/usr/bin/xcodebuild test-without-building -xctestrun /private/tmp/voice-fire-8cfa/ios/VoiceKernelDriver/.derived/Build/Products/DriverUITests_iphoneos26.2-arm64.xctestrun -destination id=00008140-00163D9922E0801C -collect-test-diagnostics never "-only-testing:DriverUITests/K00DriverTests/testOneSample"

2026-09-13 12:45:00.044 xcodebuild[55836:27610647] [MT] IDERunDestination: Supported platforms for the buildables in the current scheme is empty.
2026-09-13 12:45:00.048 xcodebuild[55836:27610647] [MT] IDERunDestination: Supported platforms for the buildables in the current scheme is empty.
2026-09-13 12:45:00.147 xcodebuild[55836:27610647] [MT] IDERunDestination: Supported platforms for the buildables in the current scheme is empty.
--- xcodebuild: WARNING: Using the first of multiple matching destinations:
{ platform:iOS, arch:arm64e, id:00008140-00163D9922E0801C, name:Kelly Nezat’s iPhone }
{ platform:iOS, arch:arm64, id:00008140-00163D9922E0801C, name:Kelly Nezat’s iPhone }
2026-09-13 12:45:00.365 xcodebuild[55836:27610647] [MT] IDERunDestination: Supported platforms for the buildables in the current scheme is empty.
2026-09-13 12:45:00.554 xcodebuild[55836:27610647] [MT] IDERunDestination: Supported platforms for the buildables in the current scheme is empty.
2026-09-13 12:45:02.239513-0400 DriverUITests-Runner[60159:13437306] [Default] Running tests...
    t =      nans Interface orientation changed to Portrait
Test Suite 'Selected tests' started at 2026-09-13 12:45:02.763.
Test Suite 'DriverUITests.xctest' started at 2026-09-13 12:45:02.764.
Test Suite 'K00DriverTests' started at 2026-09-13 12:45:02.764.
Test Case '-[DriverUITests.K00DriverTests testOneSample]' started.
    t =     0.00s Start Test at 2026-09-13 12:45:02.764
    t =     0.02s Set Up
    t =     0.02s Open life.soullab.voicekernel.k00
    t =     0.02s     Launch life.soullab.voicekernel.k00
    t =     0.11s         Setting up automation session
    t =     0.18s         Wait for life.soullab.voicekernel.k00 to idle
2026-09-13 12:45:02.901 xcodebuild[55836:27610647] [MT] IDERunDestination: Supported platforms for the buildables in the current scheme is empty.
    t =     1.28s Wait for life.soullab.voicekernel.k00 to become Running Foreground
    t =     1.29s Waiting 10.0s for "Enter conversation" Button to exist
    t =     2.32s     Checking `Expect predicate `existsNoRetry == 1` for object "Enter conversation" Button`
    t =     2.32s         Checking existence of `"Enter conversation" Button`
    t =     2.40s Checking existence of `"Voice processing: ON (default)" Button`
    t =     2.43s Checking existence of `"Voice processing: OFF (control run)" Button`
    t =     2.75s Waiting 3.0s for "Voice processing: ON (default)" Button to exist
    t =     3.76s     Checking `Expect predicate `existsNoRetry == 1` for object "Voice processing: ON (default)" Button`
    t =     3.77s         Checking existence of `"Voice processing: ON (default)" Button`
    t =     3.83s Waiting 5.0s for "Enter conversation" Button to exist
    t =     4.85s     Checking `Expect predicate `existsNoRetry == 1` for object "Enter conversation" Button`
    t =     4.85s         Checking existence of `"Enter conversation" Button`
    t =     4.91s Tap "Enter conversation" Button
    t =     4.91s     Wait for life.soullab.voicekernel.k00 to idle
    t =     4.91s     Find the "Enter conversation" Button
    t =     4.95s     Check for interrupting elements affecting "Enter conversation" Button
    t =     4.99s     Synthesize event
    t =     5.29s     Wait for life.soullab.voicekernel.k00 to idle
    t =    20.30s Waiting 5.0s for "Export journal" Button to exist
    t =    21.33s     Checking `Expect predicate `existsNoRetry == 1` for object "Export journal" Button`
    t =    21.33s         Checking existence of `"Export journal" Button`
    t =    21.40s Tap "Export journal" Button
    t =    21.40s     Wait for life.soullab.voicekernel.k00 to idle
    t =    21.41s     Find the "Export journal" Button
    t =    21.55s     Check for interrupting elements affecting "Export journal" Button
    t =    21.63s     Synthesize event
    t =    21.94s     Wait for life.soullab.voicekernel.k00 to idle
    t =    24.15s Terminate life.soullab.voicekernel.k00:60160
    t =    25.24s Wait for life.soullab.voicekernel.k00 to become Not Running
    t =    25.25s Tear Down
Test Case '-[DriverUITests.K00DriverTests testOneSample]' passed (25.320 seconds).
Test Suite 'K00DriverTests' passed at 2026-09-13 12:45:28.086.
	 Executed 1 test, with 0 failures (0 unexpected) in 25.320 (25.322) seconds
Test Suite 'DriverUITests.xctest' passed at 2026-09-13 12:45:28.089.
	 Executed 1 test, with 0 failures (0 unexpected) in 25.320 (25.326) seconds
Test Suite 'Selected tests' passed at 2026-09-13 12:45:28.099.
	 Executed 1 test, with 0 failures (0 unexpected) in 25.320 (25.336) seconds
2026-09-13 12:45:28.147 xcodebuild[55836:27610647] [MT] IDERunDestination: Supported platforms for the buildables in the current scheme is empty.
2026-09-13 12:45:28.346 xcodebuild[55836:27610647] [MT] IDETestOperationsObserverDebug: 27.980 elapsed -- Testing started completed.
2026-09-13 12:45:28.346 xcodebuild[55836:27610647] [MT] IDETestOperationsObserverDebug: 0.000 sec, +0.000 sec -- start
2026-09-13 12:45:28.346 xcodebuild[55836:27610647] [MT] IDETestOperationsObserverDebug: 27.980 sec, +27.980 sec -- end

Test session results, code coverage, and logs:
	/Users/soullab/Library/Developer/Xcode/DerivedData/VoiceKernelDriver-hkvporbrwnhkvjbobqdlbeetwusk/Logs/Test/Test-DriverUITests-2026.09.13_12-45-00--0400.xcresult

** TEST EXECUTE SUCCEEDED **

Testing started
