Command line invocation:
    /Applications/Xcode.app/Contents/Developer/usr/bin/xcodebuild test-without-building -xctestrun /private/tmp/voice-fire-8cfa/ios/VoiceKernelDriver/.derived/Build/Products/DriverUITests_iphoneos26.2-arm64.xctestrun -destination id=00008140-00163D9922E0801C -collect-test-diagnostics never "-only-testing:DriverUITests/K00DriverTests/testOneSample"

2026-09-13 12:45:44.880 xcodebuild[55904:27613100] [MT] IDERunDestination: Supported platforms for the buildables in the current scheme is empty.
2026-09-13 12:45:44.883 xcodebuild[55904:27613100] [MT] IDERunDestination: Supported platforms for the buildables in the current scheme is empty.
2026-09-13 12:45:44.981 xcodebuild[55904:27613100] [MT] IDERunDestination: Supported platforms for the buildables in the current scheme is empty.
--- xcodebuild: WARNING: Using the first of multiple matching destinations:
{ platform:iOS, arch:arm64e, id:00008140-00163D9922E0801C, name:Kelly Nezat’s iPhone }
{ platform:iOS, arch:arm64, id:00008140-00163D9922E0801C, name:Kelly Nezat’s iPhone }
2026-09-13 12:45:45.202 xcodebuild[55904:27613100] [MT] IDERunDestination: Supported platforms for the buildables in the current scheme is empty.
2026-09-13 12:45:45.389 xcodebuild[55904:27613100] [MT] IDERunDestination: Supported platforms for the buildables in the current scheme is empty.
2026-09-13 12:45:47.041902-0400 DriverUITests-Runner[60165:13438714] [Default] Running tests...
    t =      nans Interface orientation changed to Portrait
Test Suite 'Selected tests' started at 2026-09-13 12:45:47.515.
Test Suite 'DriverUITests.xctest' started at 2026-09-13 12:45:47.516.
Test Suite 'K00DriverTests' started at 2026-09-13 12:45:47.516.
Test Case '-[DriverUITests.K00DriverTests testOneSample]' started.
    t =     0.00s Start Test at 2026-09-13 12:45:47.517
    t =     0.02s Set Up
    t =     0.03s Open life.soullab.voicekernel.k00
    t =     0.03s     Launch life.soullab.voicekernel.k00
    t =     0.12s         Setting up automation session
    t =     0.18s         Wait for life.soullab.voicekernel.k00 to idle
2026-09-13 12:45:47.669 xcodebuild[55904:27613100] [MT] IDERunDestination: Supported platforms for the buildables in the current scheme is empty.
    t =     1.28s Wait for life.soullab.voicekernel.k00 to become Running Foreground
    t =     1.28s Waiting 10.0s for "Enter conversation" Button to exist
    t =     2.32s     Checking `Expect predicate `existsNoRetry == 1` for object "Enter conversation" Button`
    t =     2.32s         Checking existence of `"Enter conversation" Button`
    t =     2.41s Checking existence of `"Voice processing: ON (default)" Button`
    t =     2.44s Checking existence of `"Voice processing: OFF (control run)" Button`
    t =     2.77s Waiting 3.0s for "Voice processing: ON (default)" Button to exist
    t =     3.78s     Checking `Expect predicate `existsNoRetry == 1` for object "Voice processing: ON (default)" Button`
    t =     3.79s         Checking existence of `"Voice processing: ON (default)" Button`
    t =     3.85s Waiting 5.0s for "Enter conversation" Button to exist
    t =     4.88s     Checking `Expect predicate `existsNoRetry == 1` for object "Enter conversation" Button`
    t =     4.89s         Checking existence of `"Enter conversation" Button`
    t =     4.95s Tap "Enter conversation" Button
    t =     4.95s     Wait for life.soullab.voicekernel.k00 to idle
    t =     4.95s     Find the "Enter conversation" Button
    t =     4.99s     Check for interrupting elements affecting "Enter conversation" Button
    t =     5.03s     Synthesize event
    t =     5.33s     Wait for life.soullab.voicekernel.k00 to idle
2026-09-13 12:46:00.124 xcodebuild[55904:27613100] [MT] IDERunDestination: Supported platforms for the buildables in the current scheme is empty.
    t =    20.34s Waiting 5.0s for "Export journal" Button to exist
    t =    21.35s     Checking `Expect predicate `existsNoRetry == 1` for object "Export journal" Button`
    t =    21.35s         Checking existence of `"Export journal" Button`
    t =    21.42s Tap "Export journal" Button
    t =    21.42s     Wait for life.soullab.voicekernel.k00 to idle
    t =    21.43s     Find the "Export journal" Button
    t =    21.46s     Check for interrupting elements affecting "Export journal" Button
    t =    21.50s     Synthesize event
    t =    21.80s     Wait for life.soullab.voicekernel.k00 to idle
    t =    24.01s Terminate life.soullab.voicekernel.k00:60166
    t =    25.11s Wait for life.soullab.voicekernel.k00 to become Not Running
    t =    25.11s Tear Down
Test Case '-[DriverUITests.K00DriverTests testOneSample]' passed (25.171 seconds).
Test Suite 'K00DriverTests' passed at 2026-09-13 12:46:12.698.
	 Executed 1 test, with 0 failures (0 unexpected) in 25.171 (25.182) seconds
Test Suite 'DriverUITests.xctest' passed at 2026-09-13 12:46:12.699.
	 Executed 1 test, with 0 failures (0 unexpected) in 25.171 (25.183) seconds
Test Suite 'Selected tests' passed at 2026-09-13 12:46:12.699.
	 Executed 1 test, with 0 failures (0 unexpected) in 25.171 (25.184) seconds
2026-09-13 12:46:12.769 xcodebuild[55904:27613100] [MT] IDERunDestination: Supported platforms for the buildables in the current scheme is empty.
2026-09-13 12:46:12.979 xcodebuild[55904:27613100] [MT] IDETestOperationsObserverDebug: 27.776 elapsed -- Testing started completed.
2026-09-13 12:46:12.979 xcodebuild[55904:27613100] [MT] IDETestOperationsObserverDebug: 0.000 sec, +0.000 sec -- start
2026-09-13 12:46:12.979 xcodebuild[55904:27613100] [MT] IDETestOperationsObserverDebug: 27.776 sec, +27.776 sec -- end

Test session results, code coverage, and logs:
	/Users/soullab/Library/Developer/Xcode/DerivedData/VoiceKernelDriver-avibdqsaogmxpcdrnmvapotrpyzp/Logs/Test/Test-DriverUITests-2026.09.13_12-45-45--0400.xcresult

** TEST EXECUTE SUCCEEDED **

Testing started
