Command line invocation:
    /Applications/Xcode.app/Contents/Developer/usr/bin/xcodebuild test-without-building -xctestrun /private/tmp/voice-fire-8cfa/ios/VoiceKernelDriver/.derived/Build/Products/DriverUITests_iphoneos26.2-arm64.xctestrun -destination id=00008140-00163D9922E0801C -collect-test-diagnostics never "-only-testing:DriverUITests/K00DriverTests/testOneSample"

2026-09-13 12:47:59.825 xcodebuild[56136:27620509] [MT] IDERunDestination: Supported platforms for the buildables in the current scheme is empty.
2026-09-13 12:47:59.828 xcodebuild[56136:27620509] [MT] IDERunDestination: Supported platforms for the buildables in the current scheme is empty.
2026-09-13 12:47:59.928 xcodebuild[56136:27620509] [MT] IDERunDestination: Supported platforms for the buildables in the current scheme is empty.
--- xcodebuild: WARNING: Using the first of multiple matching destinations:
{ platform:iOS, arch:arm64e, id:00008140-00163D9922E0801C, name:Kelly Nezat’s iPhone }
{ platform:iOS, arch:arm64, id:00008140-00163D9922E0801C, name:Kelly Nezat’s iPhone }
2026-09-13 12:48:00.146 xcodebuild[56136:27620509] [MT] IDERunDestination: Supported platforms for the buildables in the current scheme is empty.
2026-09-13 12:48:00.333 xcodebuild[56136:27620509] [MT] IDERunDestination: Supported platforms for the buildables in the current scheme is empty.
2026-09-13 12:48:02.256885-0400 DriverUITests-Runner[60179:13442903] [Default] Running tests...
    t =      nans Interface orientation changed to Portrait
Test Suite 'Selected tests' started at 2026-09-13 12:48:02.876.
Test Suite 'DriverUITests.xctest' started at 2026-09-13 12:48:02.876.
Test Suite 'K00DriverTests' started at 2026-09-13 12:48:02.877.
Test Case '-[DriverUITests.K00DriverTests testOneSample]' started.
    t =     0.00s Start Test at 2026-09-13 12:48:02.877
    t =     0.02s Set Up
    t =     0.02s Open life.soullab.voicekernel.k00
    t =     0.02s     Launch life.soullab.voicekernel.k00
    t =     0.13s         Setting up automation session
    t =     0.20s         Wait for life.soullab.voicekernel.k00 to idle
2026-09-13 12:48:03.032 xcodebuild[56136:27620509] [MT] IDERunDestination: Supported platforms for the buildables in the current scheme is empty.
    t =     1.35s Wait for life.soullab.voicekernel.k00 to become Running Foreground
    t =     1.35s Waiting 10.0s for "Enter conversation" Button to exist
    t =     2.41s     Checking `Expect predicate `existsNoRetry == 1` for object "Enter conversation" Button`
    t =     2.41s         Checking existence of `"Enter conversation" Button`
    t =     2.50s Checking existence of `"Voice processing: ON (default)" Button`
    t =     2.53s Checking existence of `"Voice processing: OFF (control run)" Button`
    t =     2.86s Waiting 3.0s for "Voice processing: ON (default)" Button to exist
    t =     3.88s     Checking `Expect predicate `existsNoRetry == 1` for object "Voice processing: ON (default)" Button`
    t =     3.88s         Checking existence of `"Voice processing: ON (default)" Button`
    t =     3.94s Waiting 5.0s for "Enter conversation" Button to exist
    t =     4.96s     Checking `Expect predicate `existsNoRetry == 1` for object "Enter conversation" Button`
    t =     4.96s         Checking existence of `"Enter conversation" Button`
    t =     5.02s Tap "Enter conversation" Button
    t =     5.02s     Wait for life.soullab.voicekernel.k00 to idle
    t =     5.03s     Find the "Enter conversation" Button
    t =     5.07s     Check for interrupting elements affecting "Enter conversation" Button
    t =     5.11s     Synthesize event
    t =     5.42s     Wait for life.soullab.voicekernel.k00 to idle
    t =    20.43s Waiting 5.0s for "Export journal" Button to exist
    t =    21.47s     Checking `Expect predicate `existsNoRetry == 1` for object "Export journal" Button`
    t =    21.47s         Checking existence of `"Export journal" Button`
    t =    21.53s Tap "Export journal" Button
    t =    21.53s     Wait for life.soullab.voicekernel.k00 to idle
    t =    21.54s     Find the "Export journal" Button
    t =    21.67s     Check for interrupting elements affecting "Export journal" Button
    t =    21.74s     Synthesize event
    t =    22.06s     Wait for life.soullab.voicekernel.k00 to idle
    t =    24.27s Terminate life.soullab.voicekernel.k00:60181
    t =    25.35s Wait for life.soullab.voicekernel.k00 to become Not Running
    t =    25.35s Tear Down
Test Case '-[DriverUITests.K00DriverTests testOneSample]' passed (25.426 seconds).
Test Suite 'K00DriverTests' passed at 2026-09-13 12:48:28.309.
	 Executed 1 test, with 0 failures (0 unexpected) in 25.426 (25.432) seconds
Test Suite 'DriverUITests.xctest' passed at 2026-09-13 12:48:28.315.
	 Executed 1 test, with 0 failures (0 unexpected) in 25.426 (25.438) seconds
Test Suite 'Selected tests' passed at 2026-09-13 12:48:28.316.
	 Executed 1 test, with 0 failures (0 unexpected) in 25.426 (25.440) seconds
2026-09-13 12:48:28.380 xcodebuild[56136:27620509] [MT] IDERunDestination: Supported platforms for the buildables in the current scheme is empty.
2026-09-13 12:48:28.583 xcodebuild[56136:27620509] [MT] IDETestOperationsObserverDebug: 28.435 elapsed -- Testing started completed.
2026-09-13 12:48:28.583 xcodebuild[56136:27620509] [MT] IDETestOperationsObserverDebug: 0.000 sec, +0.000 sec -- start
2026-09-13 12:48:28.583 xcodebuild[56136:27620509] [MT] IDETestOperationsObserverDebug: 28.435 sec, +28.435 sec -- end

Test session results, code coverage, and logs:
	/Users/soullab/Library/Developer/Xcode/DerivedData/VoiceKernelDriver-ddqalowwgzgrmuexqlfsbdwghnit/Logs/Test/Test-DriverUITests-2026.09.13_12-47-59--0400.xcresult

** TEST EXECUTE SUCCEEDED **

Testing started
