Command line invocation:
    /Applications/Xcode.app/Contents/Developer/usr/bin/xcodebuild test-without-building -xctestrun /private/tmp/voice-fire-8cfa/ios/VoiceKernelDriver/.derived/Build/Products/DriverUITests_iphoneos26.2-arm64.xctestrun -destination id=00008140-00163D9922E0801C -collect-test-diagnostics never "-only-testing:DriverUITests/K00DriverTests/testOneSample"

2026-09-13 12:54:57.453 xcodebuild[56863:27643055] [MT] IDERunDestination: Supported platforms for the buildables in the current scheme is empty.
2026-09-13 12:54:57.456 xcodebuild[56863:27643055] [MT] IDERunDestination: Supported platforms for the buildables in the current scheme is empty.
2026-09-13 12:54:57.555 xcodebuild[56863:27643055] [MT] IDERunDestination: Supported platforms for the buildables in the current scheme is empty.
--- xcodebuild: WARNING: Using the first of multiple matching destinations:
{ platform:iOS, arch:arm64e, id:00008140-00163D9922E0801C, name:Kelly Nezat’s iPhone }
{ platform:iOS, arch:arm64, id:00008140-00163D9922E0801C, name:Kelly Nezat’s iPhone }
2026-09-13 12:54:57.783 xcodebuild[56863:27643055] [MT] IDERunDestination: Supported platforms for the buildables in the current scheme is empty.
2026-09-13 12:54:57.985 xcodebuild[56863:27643055] [MT] IDERunDestination: Supported platforms for the buildables in the current scheme is empty.
2026-09-13 12:54:59.760383-0400 DriverUITests-Runner[60229:13455442] [Default] Running tests...
    t =      nans Interface orientation changed to Portrait
Test Suite 'Selected tests' started at 2026-09-13 12:55:00.242.
Test Suite 'DriverUITests.xctest' started at 2026-09-13 12:55:00.243.
Test Suite 'K00DriverTests' started at 2026-09-13 12:55:00.243.
Test Case '-[DriverUITests.K00DriverTests testOneSample]' started.
    t =     0.00s Start Test at 2026-09-13 12:55:00.244
    t =     0.02s Set Up
    t =     0.02s Open life.soullab.voicekernel.k00
    t =     0.02s     Launch life.soullab.voicekernel.k00
    t =     0.11s         Setting up automation session
    t =     0.19s         Wait for life.soullab.voicekernel.k00 to idle
2026-09-13 12:55:00.398 xcodebuild[56863:27643055] [MT] IDERunDestination: Supported platforms for the buildables in the current scheme is empty.
    t =     1.29s Wait for life.soullab.voicekernel.k00 to become Running Foreground
    t =     1.29s Waiting 10.0s for "Enter conversation" Button to exist
    t =     2.30s     Checking `Expect predicate `existsNoRetry == 1` for object "Enter conversation" Button`
    t =     2.30s         Checking existence of `"Enter conversation" Button`
    t =     2.39s Checking existence of `"Voice processing: ON (default)" Button`
    t =     2.42s Checking existence of `"Voice processing: OFF (control run)" Button`
    t =     2.75s Waiting 3.0s for "Voice processing: ON (default)" Button to exist
    t =     3.77s     Checking `Expect predicate `existsNoRetry == 1` for object "Voice processing: ON (default)" Button`
    t =     3.77s         Checking existence of `"Voice processing: ON (default)" Button`
    t =     3.83s Waiting 5.0s for "Enter conversation" Button to exist
    t =     4.85s     Checking `Expect predicate `existsNoRetry == 1` for object "Enter conversation" Button`
    t =     4.85s         Checking existence of `"Enter conversation" Button`
    t =     4.91s Tap "Enter conversation" Button
    t =     4.91s     Wait for life.soullab.voicekernel.k00 to idle
    t =     4.92s     Find the "Enter conversation" Button
    t =     4.96s     Check for interrupting elements affecting "Enter conversation" Button
    t =     5.00s     Synthesize event
    t =     5.30s     Wait for life.soullab.voicekernel.k00 to idle
    t =    20.31s Waiting 5.0s for "Export journal" Button to exist
    t =    21.35s     Checking `Expect predicate `existsNoRetry == 1` for object "Export journal" Button`
    t =    21.35s         Checking existence of `"Export journal" Button`
    t =    21.42s Tap "Export journal" Button
    t =    21.42s     Wait for life.soullab.voicekernel.k00 to idle
    t =    21.43s     Find the "Export journal" Button
    t =    21.56s     Check for interrupting elements affecting "Export journal" Button
    t =    21.64s         Wait for com.apple.springboard to idle
    t =    21.74s Ignoring failure to get hierarchy for remote element in process 59828 (Error getting main window kAXErrorServerNotFound)
    t =    21.76s Ignoring failure to get hierarchy for remote element in process 59828 (Error getting main window kAXErrorServerNotFound)
    t =    21.78s     Found 1 interrupting element:
    t =    21.78s         Find the "NotificationShortLookView" BannerNotification
    t =    21.81s Ignoring failure to get hierarchy for remote element in process 59828 (Error getting main window kAXErrorServerNotFound)
    t =    21.82s Ignoring failure to get hierarchy for remote element in process 59828 (Error getting main window kAXErrorServerNotFound)
    t =    21.82s "NotificationShortLookView" BannerNotification from Application 'com.apple.springboard'
    t =    21.83s     Invoking UI interruption monitors for "NotificationShortLookView" BannerNotification from Application 'com.apple.springboard'
    t =    21.83s         Find the "NotificationShortLookView" BannerNotification
    t =    21.86s Ignoring failure to get hierarchy for remote element in process 59828 (Error getting main window kAXErrorServerNotFound)
    t =    21.86s Ignoring failure to get hierarchy for remote element in process 59828 (Error getting main window kAXErrorServerNotFound)
    t =    21.87s Default interruption handler ignoring non-alert type element "NotificationShortLookView" BannerNotification.
    t =    21.87s         Find the "NotificationShortLookView" BannerNotification
    t =    21.90s Ignoring failure to get hierarchy for remote element in process 59828 (Error getting main window kAXErrorServerNotFound)
    t =    21.90s Ignoring failure to get hierarchy for remote element in process 59828 (Error getting main window kAXErrorServerNotFound)
    t =    21.91s         Default interruption handler waiting for banner notification to expire/automatically dismiss
    t =    21.91s             Waiting 15.0s for "NotificationShortLookView" BannerNotification to not exist
    t =    22.94s                 Checking `Expect predicate `existsNoRetry == 0` for object "NotificationShortLookView" BannerNotification`
    t =    22.94s                     Checking existence of `"NotificationShortLookView" BannerNotification`
    t =    23.00s Ignoring failure to get hierarchy for remote element in process 59828 (Error getting main window kAXErrorServerNotFound)
    t =    23.01s Ignoring failure to get hierarchy for remote element in process 59828 (Error getting main window kAXErrorServerNotFound)
    t =    23.01s                     Capturing element debug description
    t =    23.02s                         Requesting snapshot of accessibility hierarchy for app with pid 58842
    t =    23.11s                         Find: Descendants matching type BannerNotification
    t =    23.11s                         Find: Identity Binding
    t =    23.11s                         Requesting snapshot of accessibility hierarchy for app with pid 58842
    t =    23.19s                         Find: Descendants matching type BannerNotification
    t =    23.19s                         Requesting snapshot of accessibility hierarchy for app with pid 58842
    t =    23.99s                 Checking `Expect predicate `existsNoRetry == 0` for object "NotificationShortLookView" BannerNotification`
    t =    23.99s                     Checking existence of `"NotificationShortLookView" BannerNotification`
    t =    24.05s Ignoring failure to get hierarchy for remote element in process 59828 (Error getting main window kAXErrorServerNotFound)
    t =    24.06s Ignoring failure to get hierarchy for remote element in process 59828 (Error getting main window kAXErrorServerNotFound)
    t =    24.06s                     Capturing element debug description
    t =    24.06s                         Requesting snapshot of accessibility hierarchy for app with pid 58842
    t =    24.14s                         Find: Descendants matching type BannerNotification
    t =    24.14s                         Find: Identity Binding
    t =    24.15s                         Requesting snapshot of accessibility hierarchy for app with pid 58842
    t =    24.22s                         Find: Descendants matching type BannerNotification
    t =    24.22s                         Requesting snapshot of accessibility hierarchy for app with pid 58842
    t =    24.92s                 Checking `Expect predicate `existsNoRetry == 0` for object "NotificationShortLookView" BannerNotification`
    t =    24.92s                     Checking existence of `"NotificationShortLookView" BannerNotification`
    t =    24.98s Ignoring failure to get hierarchy for remote element in process 59828 (Error getting main window kAXErrorServerNotFound)
    t =    24.99s Ignoring failure to get hierarchy for remote element in process 59828 (Error getting main window kAXErrorServerNotFound)
    t =    24.99s                     Capturing element debug description
    t =    24.99s                         Requesting snapshot of accessibility hierarchy for app with pid 58842
    t =    25.08s                         Find: Descendants matching type BannerNotification
    t =    25.08s                         Find: Identity Binding
    t =    25.08s                         Requesting snapshot of accessibility hierarchy for app with pid 58842
    t =    25.16s                         Find: Descendants matching type BannerNotification
    t =    25.17s                         Requesting snapshot of accessibility hierarchy for app with pid 58842
    t =    25.96s                 Checking `Expect predicate `existsNoRetry == 0` for object "NotificationShortLookView" BannerNotification`
    t =    25.96s                     Checking existence of `"NotificationShortLookView" BannerNotification`
    t =    26.02s Ignoring failure to get hierarchy for remote element in process 59828 (Error getting main window kAXErrorServerNotFound)
    t =    26.03s Ignoring failure to get hierarchy for remote element in process 59828 (Error getting main window kAXErrorServerNotFound)
    t =    26.04s                     Capturing element debug description
    t =    26.04s                         Requesting snapshot of accessibility hierarchy for app with pid 58842
    t =    26.12s                         Find: Descendants matching type BannerNotification
    t =    26.13s                         Find: Identity Binding
    t =    26.13s                         Requesting snapshot of accessibility hierarchy for app with pid 58842
    t =    26.20s                         Find: Descendants matching type BannerNotification
    t =    26.21s                         Requesting snapshot of accessibility hierarchy for app with pid 58842
    t =    27.01s                 Checking `Expect predicate `existsNoRetry == 0` for object "NotificationShortLookView" BannerNotification`
    t =    27.01s                     Checking existence of `"NotificationShortLookView" BannerNotification`
    t =    27.07s Ignoring failure to get hierarchy for remote element in process 59828 (Error getting main window kAXErrorServerNotFound)
    t =    27.07s Ignoring failure to get hierarchy for remote element in process 59828 (Error getting main window kAXErrorServerNotFound)
    t =    27.08s                     Capturing element debug description
    t =    27.09s                         Requesting snapshot of accessibility hierarchy for app with pid 58842
    t =    27.17s                         Find: Descendants matching type BannerNotification
    t =    27.18s                         Find: Identity Binding
    t =    27.18s                         Requesting snapshot of accessibility hierarchy for app with pid 58842
    t =    27.26s                         Find: Descendants matching type BannerNotification
    t =    27.27s                         Requesting snapshot of accessibility hierarchy for app with pid 58842
    t =    27.96s                 Checking `Expect predicate `existsNoRetry == 0` for object "NotificationShortLookView" BannerNotification`
    t =    27.96s                     Checking existence of `"NotificationShortLookView" BannerNotification`
    t =    28.02s Ignoring failure to get hierarchy for remote element in process 59828 (Error getting main window kAXErrorServerNotFound)
    t =    28.03s Ignoring failure to get hierarchy for remote element in process 59828 (Error getting main window kAXErrorServerNotFound)
    t =    28.03s                     Capturing element debug description
    t =    28.04s                         Requesting snapshot of accessibility hierarchy for app with pid 58842
    t =    28.12s                         Find: Descendants matching type BannerNotification
    t =    28.12s                         Find: Identity Binding
    t =    28.12s                         Requesting snapshot of accessibility hierarchy for app with pid 58842
    t =    28.19s                         Find: Descendants matching type BannerNotification
    t =    28.19s                         Requesting snapshot of accessibility hierarchy for app with pid 58842
    t =    28.98s                 Checking `Expect predicate `existsNoRetry == 0` for object "NotificationShortLookView" BannerNotification`
    t =    28.99s                     Checking existence of `"NotificationShortLookView" BannerNotification`
    t =    29.04s Ignoring failure to get hierarchy for remote element in process 59828 (Error getting main window kAXErrorServerNotFound)
    t =    29.04s Ignoring failure to get hierarchy for remote element in process 59828 (Error getting main window kAXErrorServerNotFound)
    t =    29.06s         Verifying handling...
    t =    29.12s Confirmed successful handling of interrupting element
    t =    29.13s     Synthesize event
    t =    29.43s     Wait for life.soullab.voicekernel.k00 to idle
    t =    31.66s Terminate life.soullab.voicekernel.k00:60230
    t =    32.70s Wait for life.soullab.voicekernel.k00 to become Not Running
    t =    32.70s Tear Down
Test Case '-[DriverUITests.K00DriverTests testOneSample]' passed (32.770 seconds).
Test Suite 'K00DriverTests' passed at 2026-09-13 12:55:33.016.
	 Executed 1 test, with 0 failures (0 unexpected) in 32.770 (32.773) seconds
Test Suite 'DriverUITests.xctest' passed at 2026-09-13 12:55:33.021.
	 Executed 1 test, with 0 failures (0 unexpected) in 32.770 (32.778) seconds
Test Suite 'Selected tests' passed at 2026-09-13 12:55:33.023.
	 Executed 1 test, with 0 failures (0 unexpected) in 32.770 (32.781) seconds
2026-09-13 12:55:33.095 xcodebuild[56863:27643055] [MT] IDERunDestination: Supported platforms for the buildables in the current scheme is empty.
2026-09-13 12:55:33.368 xcodebuild[56863:27643055] [MT] IDETestOperationsObserverDebug: 35.583 elapsed -- Testing started completed.
2026-09-13 12:55:33.368 xcodebuild[56863:27643055] [MT] IDETestOperationsObserverDebug: 0.000 sec, +0.000 sec -- start
2026-09-13 12:55:33.368 xcodebuild[56863:27643055] [MT] IDETestOperationsObserverDebug: 35.583 sec, +35.583 sec -- end

Test session results, code coverage, and logs:
	/Users/soullab/Library/Developer/Xcode/DerivedData/VoiceKernelDriver-aymgbbbrkwkeaubihqwipvkrbtgg/Logs/Test/Test-DriverUITests-2026.09.13_12-54-57--0400.xcresult

** TEST EXECUTE SUCCEEDED **

Testing started
