Command line invocation:
    /Applications/Xcode.app/Contents/Developer/usr/bin/xcodebuild test-without-building -xctestrun /private/tmp/voice-fire-8cfa/ios/VoiceKernelDriver/.derived/Build/Products/DriverUITests_iphoneos26.2-arm64.xctestrun -destination id=00008140-00163D9922E0801C -collect-test-diagnostics never "-only-testing:DriverUITests/K00DriverTests/testOneSample"

2026-09-13 13:08:13.839 xcodebuild[61348:27697712] [MT] IDERunDestination: Supported platforms for the buildables in the current scheme is empty.
2026-09-13 13:08:13.842 xcodebuild[61348:27697712] [MT] IDERunDestination: Supported platforms for the buildables in the current scheme is empty.
2026-09-13 13:08:13.941 xcodebuild[61348:27697712] [MT] IDERunDestination: Supported platforms for the buildables in the current scheme is empty.
--- xcodebuild: WARNING: Using the first of multiple matching destinations:
{ platform:iOS, arch:arm64e, id:00008140-00163D9922E0801C, name:Kelly Nezat’s iPhone }
{ platform:iOS, arch:arm64, id:00008140-00163D9922E0801C, name:Kelly Nezat’s iPhone }
2026-09-13 13:08:14.170 xcodebuild[61348:27697712] [MT] IDERunDestination: Supported platforms for the buildables in the current scheme is empty.
2026-09-13 13:08:15.989335-0400 DriverUITests-Runner[60438:13479387] [Default] Running tests...
    t =      nans Interface orientation changed to Portrait
Test Suite 'Selected tests' started at 2026-09-13 13:08:16.466.
Test Suite 'DriverUITests.xctest' started at 2026-09-13 13:08:16.467.
Test Suite 'K00DriverTests' started at 2026-09-13 13:08:16.467.
Test Case '-[DriverUITests.K00DriverTests testOneSample]' started.
    t =     0.00s Start Test at 2026-09-13 13:08:16.468
    t =     0.02s Set Up
    t =     0.03s Open life.soullab.voicekernel.k00
    t =     0.03s     Launch life.soullab.voicekernel.k00
    t =     0.12s         Setting up automation session
    t =     0.18s         Wait for life.soullab.voicekernel.k00 to idle
2026-09-13 13:08:16.632 xcodebuild[61348:27697712] [MT] IDERunDestination: Supported platforms for the buildables in the current scheme is empty.
    t =     1.29s Wait for life.soullab.voicekernel.k00 to become Running Foreground
    t =     1.29s Waiting 10.0s for "Enter conversation" Button to exist
    t =     2.29s     Checking `Expect predicate `existsNoRetry == 1` for object "Enter conversation" Button`
    t =     2.30s         Checking existence of `"Enter conversation" Button`
    t =     2.39s Checking existence of `"Voice processing: ON (default)" Button`
    t =     2.42s Checking existence of `"Voice processing: OFF (control run)" Button`
    t =     2.75s Waiting 3.0s for "Voice processing: ON (default)" Button to exist
    t =     3.78s     Checking `Expect predicate `existsNoRetry == 1` for object "Voice processing: ON (default)" Button`
    t =     3.78s         Checking existence of `"Voice processing: ON (default)" Button`
    t =     3.84s Waiting 5.0s for "Enter conversation" Button to exist
    t =     4.84s     Checking `Expect predicate `existsNoRetry == 1` for object "Enter conversation" Button`
    t =     4.84s         Checking existence of `"Enter conversation" Button`
    t =     4.90s Tap "Enter conversation" Button
    t =     4.91s     Wait for life.soullab.voicekernel.k00 to idle
    t =     4.91s     Find the "Enter conversation" Button
    t =     5.05s     Check for interrupting elements affecting "Enter conversation" Button
    t =     5.13s     Synthesize event
    t =     5.54s     Wait for life.soullab.voicekernel.k00 to idle
    t =    20.56s Waiting 5.0s for "Export journal" Button to exist
    t =    21.58s     Checking `Expect predicate `existsNoRetry == 1` for object "Export journal" Button`
    t =    21.59s         Checking existence of `"Export journal" Button`
    t =    21.65s Tap "Export journal" Button
    t =    21.65s     Wait for life.soullab.voicekernel.k00 to idle
    t =    21.66s     Find the "Export journal" Button
    t =    21.69s     Check for interrupting elements affecting "Export journal" Button
    t =    21.74s     Synthesize event
    t =    22.04s     Wait for life.soullab.voicekernel.k00 to idle
    t =    24.25s Terminate life.soullab.voicekernel.k00:60439
    t =    25.34s Wait for life.soullab.voicekernel.k00 to become Not Running
    t =    25.34s Tear Down
Test Case '-[DriverUITests.K00DriverTests testOneSample]' passed (25.406 seconds).
Test Suite 'K00DriverTests' passed at 2026-09-13 13:08:41.874.
	 Executed 1 test, with 0 failures (0 unexpected) in 25.406 (25.407) seconds
Test Suite 'DriverUITests.xctest' passed at 2026-09-13 13:08:41.877.
	 Executed 1 test, with 0 failures (0 unexpected) in 25.406 (25.410) seconds
Test Suite 'Selected tests' passed at 2026-09-13 13:08:41.879.
	 Executed 1 test, with 0 failures (0 unexpected) in 25.406 (25.413) seconds
2026-09-13 13:08:41.967 xcodebuild[61348:27697712] [MT] IDERunDestination: Supported platforms for the buildables in the current scheme is empty.
2026-09-13 13:08:42.146 xcodebuild[61348:27697712] [MT] IDETestOperationsObserverDebug: 27.975 elapsed -- Testing started completed.
2026-09-13 13:08:42.146 xcodebuild[61348:27697712] [MT] IDETestOperationsObserverDebug: 0.000 sec, +0.000 sec -- start
2026-09-13 13:08:42.146 xcodebuild[61348:27697712] [MT] IDETestOperationsObserverDebug: 27.975 sec, +27.975 sec -- end

Test session results, code coverage, and logs:
	/Users/soullab/Library/Developer/Xcode/DerivedData/VoiceKernelDriver-fvmhusrsqrandghbrfneudukfhkk/Logs/Test/Test-DriverUITests-2026.09.13_13-08-14--0400.xcresult

** TEST EXECUTE SUCCEEDED **

Testing started
