Command line invocation:
    /Applications/Xcode.app/Contents/Developer/usr/bin/xcodebuild test-without-building -xctestrun /private/tmp/voice-fire-8cfa/ios/VoiceKernelDriver/.derived/Build/Products/DriverUITests_iphoneos26.2-arm64.xctestrun -destination id=00008140-00163D9922E0801C -collect-test-diagnostics never "-only-testing:DriverUITests/K00DriverTests/testOneSample"

2026-09-13 13:01:38.361 xcodebuild[58703:27672972] [MT] IDERunDestination: Supported platforms for the buildables in the current scheme is empty.
2026-09-13 13:01:38.365 xcodebuild[58703:27672972] [MT] IDERunDestination: Supported platforms for the buildables in the current scheme is empty.
2026-09-13 13:01:38.463 xcodebuild[58703:27672972] [MT] IDERunDestination: Supported platforms for the buildables in the current scheme is empty.
--- xcodebuild: WARNING: Using the first of multiple matching destinations:
{ platform:iOS, arch:arm64e, id:00008140-00163D9922E0801C, name:Kelly Nezat’s iPhone }
{ platform:iOS, arch:arm64, id:00008140-00163D9922E0801C, name:Kelly Nezat’s iPhone }
2026-09-13 13:01:38.691 xcodebuild[58703:27672972] [MT] IDERunDestination: Supported platforms for the buildables in the current scheme is empty.
2026-09-13 13:01:38.901 xcodebuild[58703:27672972] [MT] IDERunDestination: Supported platforms for the buildables in the current scheme is empty.
2026-09-13 13:01:40.581095-0400 DriverUITests-Runner[60381:13466761] [Default] Running tests...
    t =      nans Interface orientation changed to Portrait
Test Suite 'Selected tests' started at 2026-09-13 13:01:41.050.
Test Suite 'DriverUITests.xctest' started at 2026-09-13 13:01:41.051.
Test Suite 'K00DriverTests' started at 2026-09-13 13:01:41.051.
Test Case '-[DriverUITests.K00DriverTests testOneSample]' started.
    t =     0.00s Start Test at 2026-09-13 13:01:41.052
    t =     0.02s Set Up
    t =     0.02s Open life.soullab.voicekernel.k00
    t =     0.02s     Launch life.soullab.voicekernel.k00
    t =     0.11s         Setting up automation session
    t =     0.19s         Wait for life.soullab.voicekernel.k00 to idle
2026-09-13 13:01:41.206 xcodebuild[58703:27672972] [MT] IDERunDestination: Supported platforms for the buildables in the current scheme is empty.
    t =     1.28s Wait for life.soullab.voicekernel.k00 to become Running Foreground
    t =     1.29s Waiting 10.0s for "Enter conversation" Button to exist
    t =     2.34s     Checking `Expect predicate `existsNoRetry == 1` for object "Enter conversation" Button`
    t =     2.34s         Checking existence of `"Enter conversation" Button`
    t =     2.44s Checking existence of `"Voice processing: ON (default)" Button`
    t =     2.47s Checking existence of `"Voice processing: OFF (control run)" Button`
    t =     2.79s Waiting 3.0s for "Voice processing: ON (default)" Button to exist
    t =     3.80s     Checking `Expect predicate `existsNoRetry == 1` for object "Voice processing: ON (default)" Button`
    t =     3.80s         Checking existence of `"Voice processing: ON (default)" Button`
    t =     3.87s Waiting 5.0s for "Enter conversation" Button to exist
    t =     4.88s     Checking `Expect predicate `existsNoRetry == 1` for object "Enter conversation" Button`
    t =     4.89s         Checking existence of `"Enter conversation" Button`
    t =     4.95s Tap "Enter conversation" Button
    t =     4.95s     Wait for life.soullab.voicekernel.k00 to idle
    t =     4.96s     Find the "Enter conversation" Button
    t =     5.00s     Check for interrupting elements affecting "Enter conversation" Button
    t =     5.05s     Synthesize event
    t =     5.35s     Wait for life.soullab.voicekernel.k00 to idle
2026-09-13 13:02:00.136 xcodebuild[58703:27672972] [MT] IDERunDestination: Supported platforms for the buildables in the current scheme is empty.
    t =    20.36s Waiting 5.0s for "Export journal" Button to exist
    t =    21.39s     Checking `Expect predicate `existsNoRetry == 1` for object "Export journal" Button`
    t =    21.40s         Checking existence of `"Export journal" Button`
    t =    21.45s Tap "Export journal" Button
    t =    21.45s     Wait for life.soullab.voicekernel.k00 to idle
    t =    21.46s     Find the "Export journal" Button
    t =    21.50s     Check for interrupting elements affecting "Export journal" Button
    t =    21.54s     Synthesize event
    t =    21.83s     Wait for life.soullab.voicekernel.k00 to idle
    t =    24.06s Terminate life.soullab.voicekernel.k00:60382
    t =    25.13s Wait for life.soullab.voicekernel.k00 to become Not Running
    t =    25.13s Tear Down
Test Case '-[DriverUITests.K00DriverTests testOneSample]' passed (25.236 seconds).
Test Suite 'K00DriverTests' passed at 2026-09-13 13:02:06.290.
	 Executed 1 test, with 0 failures (0 unexpected) in 25.236 (25.239) seconds
Test Suite 'DriverUITests.xctest' passed at 2026-09-13 13:02:06.293.
	 Executed 1 test, with 0 failures (0 unexpected) in 25.236 (25.242) seconds
Test Suite 'Selected tests' passed at 2026-09-13 13:02:06.295.
	 Executed 1 test, with 0 failures (0 unexpected) in 25.236 (25.245) seconds
2026-09-13 13:02:06.371 xcodebuild[58703:27672972] [MT] IDERunDestination: Supported platforms for the buildables in the current scheme is empty.
2026-09-13 13:02:06.560 xcodebuild[58703:27672972] [MT] IDETestOperationsObserverDebug: 27.868 elapsed -- Testing started completed.
2026-09-13 13:02:06.560 xcodebuild[58703:27672972] [MT] IDETestOperationsObserverDebug: 0.000 sec, +0.000 sec -- start
2026-09-13 13:02:06.560 xcodebuild[58703:27672972] [MT] IDETestOperationsObserverDebug: 27.868 sec, +27.868 sec -- end

Test session results, code coverage, and logs:
	/Users/soullab/Library/Developer/Xcode/DerivedData/VoiceKernelDriver-bthdsymfshtpwwdwaoknwuyrzliq/Logs/Test/Test-DriverUITests-2026.09.13_13-01-38--0400.xcresult

** TEST EXECUTE SUCCEEDED **

Testing started
