Command line invocation:
    /Applications/Xcode.app/Contents/Developer/usr/bin/xcodebuild test-without-building -xctestrun /private/tmp/voice-fire-8cfa/ios/VoiceKernelDriver/.derived/Build/Products/DriverUITests_iphoneos26.2-arm64.xctestrun -destination id=00008140-00163D9922E0801C -collect-test-diagnostics never "-only-testing:DriverUITests/K00DriverTests/testOneSample"

2026-09-13 12:49:31.138 xcodebuild[56282:27625450] [MT] IDERunDestination: Supported platforms for the buildables in the current scheme is empty.
2026-09-13 12:49:31.141 xcodebuild[56282:27625450] [MT] IDERunDestination: Supported platforms for the buildables in the current scheme is empty.
2026-09-13 12:49:31.241 xcodebuild[56282:27625450] [MT] IDERunDestination: Supported platforms for the buildables in the current scheme is empty.
--- xcodebuild: WARNING: Using the first of multiple matching destinations:
{ platform:iOS, arch:arm64e, id:00008140-00163D9922E0801C, name:Kelly Nezat’s iPhone }
{ platform:iOS, arch:arm64, id:00008140-00163D9922E0801C, name:Kelly Nezat’s iPhone }
2026-09-13 12:49:31.458 xcodebuild[56282:27625450] [MT] IDERunDestination: Supported platforms for the buildables in the current scheme is empty.
2026-09-13 12:49:31.645 xcodebuild[56282:27625450] [MT] IDERunDestination: Supported platforms for the buildables in the current scheme is empty.
2026-09-13 12:49:33.253796-0400 DriverUITests-Runner[60188:13445556] [Default] Running tests...
    t =      nans Interface orientation changed to Portrait
Test Suite 'Selected tests' started at 2026-09-13 12:49:33.732.
Test Suite 'DriverUITests.xctest' started at 2026-09-13 12:49:33.733.
Test Suite 'K00DriverTests' started at 2026-09-13 12:49:33.733.
Test Case '-[DriverUITests.K00DriverTests testOneSample]' started.
    t =     0.00s Start Test at 2026-09-13 12:49:33.734
    t =     0.02s Set Up
    t =     0.02s Open life.soullab.voicekernel.k00
    t =     0.03s     Launch life.soullab.voicekernel.k00
    t =     0.11s         Setting up automation session
    t =     0.19s         Wait for life.soullab.voicekernel.k00 to idle
2026-09-13 12:49:33.892 xcodebuild[56282:27625450] [MT] IDERunDestination: Supported platforms for the buildables in the current scheme is empty.
    t =     1.27s Wait for life.soullab.voicekernel.k00 to become Running Foreground
    t =     1.28s Waiting 10.0s for "Enter conversation" Button to exist
    t =     2.31s     Checking `Expect predicate `existsNoRetry == 1` for object "Enter conversation" Button`
    t =     2.31s         Checking existence of `"Enter conversation" Button`
    t =     2.40s Checking existence of `"Voice processing: ON (default)" Button`
    t =     2.43s Checking existence of `"Voice processing: OFF (control run)" Button`
    t =     2.75s Waiting 3.0s for "Voice processing: ON (default)" Button to exist
    t =     3.77s     Checking `Expect predicate `existsNoRetry == 1` for object "Voice processing: ON (default)" Button`
    t =     3.78s         Checking existence of `"Voice processing: ON (default)" Button`
    t =     3.84s Waiting 5.0s for "Enter conversation" Button to exist
    t =     4.86s     Checking `Expect predicate `existsNoRetry == 1` for object "Enter conversation" Button`
    t =     4.86s         Checking existence of `"Enter conversation" Button`
    t =     4.92s Tap "Enter conversation" Button
    t =     4.92s     Wait for life.soullab.voicekernel.k00 to idle
    t =     4.92s     Find the "Enter conversation" Button
    t =     4.96s     Check for interrupting elements affecting "Enter conversation" Button
    t =     5.00s     Synthesize event
    t =     5.29s     Wait for life.soullab.voicekernel.k00 to idle
    t =    20.31s Waiting 5.0s for "Export journal" Button to exist
    t =    21.34s     Checking `Expect predicate `existsNoRetry == 1` for object "Export journal" Button`
    t =    21.34s         Checking existence of `"Export journal" Button`
    t =    21.41s Tap "Export journal" Button
    t =    21.41s     Wait for life.soullab.voicekernel.k00 to idle
    t =    21.42s     Find the "Export journal" Button
    t =    21.46s     Check for interrupting elements affecting "Export journal" Button
    t =    21.50s     Synthesize event
    t =    21.80s     Wait for life.soullab.voicekernel.k00 to idle
    t =    24.02s Terminate life.soullab.voicekernel.k00:60189
    t =    25.04s Wait for life.soullab.voicekernel.k00 to become Not Running
    t =    25.05s Tear Down
Test Case '-[DriverUITests.K00DriverTests testOneSample]' passed (25.097 seconds).
Test Suite 'K00DriverTests' passed at 2026-09-13 12:49:58.832.
	 Executed 1 test, with 0 failures (0 unexpected) in 25.097 (25.099) seconds
Test Suite 'DriverUITests.xctest' passed at 2026-09-13 12:49:58.837.
	 Executed 1 test, with 0 failures (0 unexpected) in 25.097 (25.104) seconds
Test Suite 'Selected tests' passed at 2026-09-13 12:49:58.843.
	 Executed 1 test, with 0 failures (0 unexpected) in 25.097 (25.110) seconds
2026-09-13 12:49:58.914 xcodebuild[56282:27625450] [MT] IDERunDestination: Supported platforms for the buildables in the current scheme is empty.
2026-09-13 12:49:59.089 xcodebuild[56282:27625450] [MT] IDETestOperationsObserverDebug: 27.630 elapsed -- Testing started completed.
2026-09-13 12:49:59.089 xcodebuild[56282:27625450] [MT] IDETestOperationsObserverDebug: 0.000 sec, +0.000 sec -- start
2026-09-13 12:49:59.089 xcodebuild[56282:27625450] [MT] IDETestOperationsObserverDebug: 27.630 sec, +27.630 sec -- end

Test session results, code coverage, and logs:
	/Users/soullab/Library/Developer/Xcode/DerivedData/VoiceKernelDriver-eqoypxsmlsuqsydueuqmfvvspaam/Logs/Test/Test-DriverUITests-2026.09.13_12-49-31--0400.xcresult

** TEST EXECUTE SUCCEEDED **

Testing started
