Command line invocation:
    /Applications/Xcode.app/Contents/Developer/usr/bin/xcodebuild test-without-building -xctestrun /private/tmp/voice-fire-8cfa/ios/VoiceKernelDriver/.derived/Build/Products/DriverUITests_iphoneos26.2-arm64.xctestrun -destination id=00008140-00163D9922E0801C -collect-test-diagnostics never "-only-testing:DriverUITests/K00DriverTests/testOneSample"

2026-09-13 13:00:48.912 xcodebuild[58278:27669521] [MT] IDERunDestination: Supported platforms for the buildables in the current scheme is empty.
2026-09-13 13:00:48.916 xcodebuild[58278:27669521] [MT] IDERunDestination: Supported platforms for the buildables in the current scheme is empty.
2026-09-13 13:00:49.014 xcodebuild[58278:27669521] [MT] IDERunDestination: Supported platforms for the buildables in the current scheme is empty.
--- xcodebuild: WARNING: Using the first of multiple matching destinations:
{ platform:iOS, arch:arm64e, id:00008140-00163D9922E0801C, name:Kelly Nezat’s iPhone }
{ platform:iOS, arch:arm64, id:00008140-00163D9922E0801C, name:Kelly Nezat’s iPhone }
2026-09-13 13:00:49.547 xcodebuild[58278:27669521] [MT] IDERunDestination: Supported platforms for the buildables in the current scheme is empty.
2026-09-13 13:00:49.762 xcodebuild[58278:27669521] [MT] IDERunDestination: Supported platforms for the buildables in the current scheme is empty.
2026-09-13 13:00:52.305712-0400 DriverUITests-Runner[60375:13465342] [Default] Running tests...
    t =      nans Interface orientation changed to Portrait
Test Suite 'Selected tests' started at 2026-09-13 13:00:53.199.
Test Suite 'DriverUITests.xctest' started at 2026-09-13 13:00:53.199.
Test Suite 'K00DriverTests' started at 2026-09-13 13:00:53.199.
Test Case '-[DriverUITests.K00DriverTests testOneSample]' started.
    t =     0.00s Start Test at 2026-09-13 13:00:53.200
    t =     0.03s Set Up
    t =     0.03s Open life.soullab.voicekernel.k00
    t =     0.03s     Launch life.soullab.voicekernel.k00
    t =     0.07s         Setting up automation session
2026-09-13 13:00:53.388 xcodebuild[58278:27669521] [MT] IDERunDestination: Supported platforms for the buildables in the current scheme is empty.
    t =     0.26s         Wait for life.soullab.voicekernel.k00 to idle
    t =     1.49s Wait for life.soullab.voicekernel.k00 to become Running Foreground
    t =     1.49s Waiting 10.0s for "Enter conversation" Button to exist
    t =     2.50s     Checking `Expect predicate `existsNoRetry == 1` for object "Enter conversation" Button`
    t =     2.50s         Checking existence of `"Enter conversation" Button`
    t =     2.61s Checking existence of `"Voice processing: ON (default)" Button`
    t =     2.63s Checking existence of `"Voice processing: OFF (control run)" Button`
    t =     2.96s Waiting 3.0s for "Voice processing: ON (default)" Button to exist
    t =     3.97s     Checking `Expect predicate `existsNoRetry == 1` for object "Voice processing: ON (default)" Button`
    t =     3.97s         Checking existence of `"Voice processing: ON (default)" Button`
    t =     4.03s Waiting 5.0s for "Enter conversation" Button to exist
    t =     5.05s     Checking `Expect predicate `existsNoRetry == 1` for object "Enter conversation" Button`
    t =     5.05s         Checking existence of `"Enter conversation" Button`
    t =     5.11s Tap "Enter conversation" Button
    t =     5.11s     Wait for life.soullab.voicekernel.k00 to idle
    t =     5.12s     Find the "Enter conversation" Button
    t =     5.16s     Check for interrupting elements affecting "Enter conversation" Button
    t =     5.21s     Synthesize event
    t =     5.51s     Wait for life.soullab.voicekernel.k00 to idle
2026-09-13 13:01:00.130 xcodebuild[58278:27669521] [MT] IDERunDestination: Supported platforms for the buildables in the current scheme is empty.
    t =    20.52s Waiting 5.0s for "Export journal" Button to exist
    t =    21.54s     Checking `Expect predicate `existsNoRetry == 1` for object "Export journal" Button`
    t =    21.54s         Checking existence of `"Export journal" Button`
    t =    21.61s Tap "Export journal" Button
    t =    21.61s     Wait for life.soullab.voicekernel.k00 to idle
    t =    21.63s     Find the "Export journal" Button
    t =    21.67s     Check for interrupting elements affecting "Export journal" Button
    t =    21.71s     Synthesize event
    t =    22.01s     Wait for life.soullab.voicekernel.k00 to idle
    t =    24.23s Terminate life.soullab.voicekernel.k00:60377
    t =    25.31s Wait for life.soullab.voicekernel.k00 to become Not Running
    t =    25.32s Tear Down
Test Case '-[DriverUITests.K00DriverTests testOneSample]' passed (25.369 seconds).
Test Suite 'K00DriverTests' passed at 2026-09-13 13:01:18.570.
	 Executed 1 test, with 0 failures (0 unexpected) in 25.369 (25.371) seconds
Test Suite 'DriverUITests.xctest' passed at 2026-09-13 13:01:18.573.
	 Executed 1 test, with 0 failures (0 unexpected) in 25.369 (25.373) seconds
Test Suite 'Selected tests' passed at 2026-09-13 13:01:18.575.
	 Executed 1 test, with 0 failures (0 unexpected) in 25.369 (25.376) seconds
2026-09-13 13:01:18.655 xcodebuild[58278:27669521] [MT] IDERunDestination: Supported platforms for the buildables in the current scheme is empty.
2026-09-13 13:01:18.827 xcodebuild[58278:27669521] [MT] IDETestOperationsObserverDebug: 29.279 elapsed -- Testing started completed.
2026-09-13 13:01:18.827 xcodebuild[58278:27669521] [MT] IDETestOperationsObserverDebug: 0.000 sec, +0.000 sec -- start
2026-09-13 13:01:18.827 xcodebuild[58278:27669521] [MT] IDETestOperationsObserverDebug: 29.279 sec, +29.279 sec -- end

Test session results, code coverage, and logs:
	/Users/soullab/Library/Developer/Xcode/DerivedData/VoiceKernelDriver-cxnmayoktgqtiueiipkcooknxosc/Logs/Test/Test-DriverUITests-2026.09.13_13-00-49--0400.xcresult

** TEST EXECUTE SUCCEEDED **

Testing started
