Command line invocation:
    /Applications/Xcode.app/Contents/Developer/usr/bin/xcodebuild test-without-building -xctestrun /private/tmp/voice-fire-8cfa/ios/VoiceKernelDriver/.derived/Build/Products/DriverUITests_iphoneos26.2-arm64.xctestrun -destination id=00008140-00163D9922E0801C -collect-test-diagnostics never "-only-testing:DriverUITests/K00DriverTests/testOneSample"

2026-09-13 12:46:29.481 xcodebuild[55994:27615492] [MT] IDERunDestination: Supported platforms for the buildables in the current scheme is empty.
2026-09-13 12:46:29.484 xcodebuild[55994:27615492] [MT] IDERunDestination: Supported platforms for the buildables in the current scheme is empty.
2026-09-13 12:46:29.583 xcodebuild[55994:27615492] [MT] IDERunDestination: Supported platforms for the buildables in the current scheme is empty.
--- xcodebuild: WARNING: Using the first of multiple matching destinations:
{ platform:iOS, arch:arm64e, id:00008140-00163D9922E0801C, name:Kelly Nezat’s iPhone }
{ platform:iOS, arch:arm64, id:00008140-00163D9922E0801C, name:Kelly Nezat’s iPhone }
2026-09-13 12:46:29.813 xcodebuild[55994:27615492] [MT] IDERunDestination: Supported platforms for the buildables in the current scheme is empty.
2026-09-13 12:46:30.012 xcodebuild[55994:27615492] [MT] IDERunDestination: Supported platforms for the buildables in the current scheme is empty.
2026-09-13 12:46:31.656719-0400 DriverUITests-Runner[60169:13440074] [Default] Running tests...
    t =      nans Interface orientation changed to Portrait
Test Suite 'Selected tests' started at 2026-09-13 12:46:32.124.
Test Suite 'DriverUITests.xctest' started at 2026-09-13 12:46:32.125.
Test Suite 'K00DriverTests' started at 2026-09-13 12:46:32.125.
Test Case '-[DriverUITests.K00DriverTests testOneSample]' started.
    t =     0.00s Start Test at 2026-09-13 12:46:32.126
    t =     0.02s Set Up
    t =     0.03s Open life.soullab.voicekernel.k00
    t =     0.03s     Launch life.soullab.voicekernel.k00
    t =     0.12s         Setting up automation session
    t =     0.18s         Wait for life.soullab.voicekernel.k00 to idle
2026-09-13 12:46:32.289 xcodebuild[55994:27615492] [MT] IDERunDestination: Supported platforms for the buildables in the current scheme is empty.
    t =     1.28s Wait for life.soullab.voicekernel.k00 to become Running Foreground
    t =     1.29s Waiting 10.0s for "Enter conversation" Button to exist
    t =     2.31s     Checking `Expect predicate `existsNoRetry == 1` for object "Enter conversation" Button`
    t =     2.31s         Checking existence of `"Enter conversation" Button`
    t =     2.41s Checking existence of `"Voice processing: ON (default)" Button`
    t =     2.44s Checking existence of `"Voice processing: OFF (control run)" Button`
    t =     2.76s Waiting 3.0s for "Voice processing: ON (default)" Button to exist
    t =     3.78s     Checking `Expect predicate `existsNoRetry == 1` for object "Voice processing: ON (default)" Button`
    t =     3.78s         Checking existence of `"Voice processing: ON (default)" Button`
    t =     3.84s Waiting 5.0s for "Enter conversation" Button to exist
    t =     4.84s     Checking `Expect predicate `existsNoRetry == 1` for object "Enter conversation" Button`
    t =     4.85s         Checking existence of `"Enter conversation" Button`
    t =     4.91s Tap "Enter conversation" Button
    t =     4.91s     Wait for life.soullab.voicekernel.k00 to idle
    t =     4.91s     Find the "Enter conversation" Button
    t =     4.96s     Check for interrupting elements affecting "Enter conversation" Button
    t =     5.01s     Synthesize event
    t =     5.31s     Wait for life.soullab.voicekernel.k00 to idle
    t =    20.33s Waiting 5.0s for "Export journal" Button to exist
    t =    21.35s     Checking `Expect predicate `existsNoRetry == 1` for object "Export journal" Button`
    t =    21.36s         Checking existence of `"Export journal" Button`
    t =    21.40s Tap "Export journal" Button
    t =    21.40s     Wait for life.soullab.voicekernel.k00 to idle
    t =    21.41s     Find the "Export journal" Button
    t =    21.45s     Check for interrupting elements affecting "Export journal" Button
    t =    21.48s     Synthesize event
    t =    21.78s     Wait for life.soullab.voicekernel.k00 to idle
    t =    24.07s Terminate life.soullab.voicekernel.k00:60170
    t =    25.15s Wait for life.soullab.voicekernel.k00 to become Not Running
    t =    25.15s Tear Down
Test Case '-[DriverUITests.K00DriverTests testOneSample]' passed (25.198 seconds).
Test Suite 'K00DriverTests' passed at 2026-09-13 12:46:57.325.
	 Executed 1 test, with 0 failures (0 unexpected) in 25.198 (25.200) seconds
Test Suite 'DriverUITests.xctest' passed at 2026-09-13 12:46:57.326.
	 Executed 1 test, with 0 failures (0 unexpected) in 25.198 (25.202) seconds
Test Suite 'Selected tests' passed at 2026-09-13 12:46:57.333.
	 Executed 1 test, with 0 failures (0 unexpected) in 25.198 (25.209) seconds
2026-09-13 12:46:57.434 xcodebuild[55994:27615492] [MT] IDERunDestination: Supported platforms for the buildables in the current scheme is empty.
2026-09-13 12:46:57.597 xcodebuild[55994:27615492] [MT] IDETestOperationsObserverDebug: 27.783 elapsed -- Testing started completed.
2026-09-13 12:46:57.597 xcodebuild[55994:27615492] [MT] IDETestOperationsObserverDebug: 0.000 sec, +0.000 sec -- start
2026-09-13 12:46:57.597 xcodebuild[55994:27615492] [MT] IDETestOperationsObserverDebug: 27.783 sec, +27.783 sec -- end

Test session results, code coverage, and logs:
	/Users/soullab/Library/Developer/Xcode/DerivedData/VoiceKernelDriver-evqidcpanbtuccgiqxwhbictfhwv/Logs/Test/Test-DriverUITests-2026.09.13_12-46-29--0400.xcresult

** TEST EXECUTE SUCCEEDED **

Testing started
