Command line invocation:
    /Applications/Xcode.app/Contents/Developer/usr/bin/xcodebuild test-without-building -xctestrun /private/tmp/voice-fire-8cfa/ios/VoiceKernelDriver/.derived/Build/Products/DriverUITests_iphoneos26.2-arm64.xctestrun -destination id=00008140-00163D9922E0801C -collect-test-diagnostics never "-only-testing:DriverUITests/K00DriverTests/testOneSample"

2026-09-13 12:52:36.362 xcodebuild[56599:27635388] [MT] IDERunDestination: Supported platforms for the buildables in the current scheme is empty.
2026-09-13 12:52:36.366 xcodebuild[56599:27635388] [MT] IDERunDestination: Supported platforms for the buildables in the current scheme is empty.
2026-09-13 12:52:36.464 xcodebuild[56599:27635388] [MT] IDERunDestination: Supported platforms for the buildables in the current scheme is empty.
--- xcodebuild: WARNING: Using the first of multiple matching destinations:
{ platform:iOS, arch:arm64e, id:00008140-00163D9922E0801C, name:Kelly Nezat’s iPhone }
{ platform:iOS, arch:arm64, id:00008140-00163D9922E0801C, name:Kelly Nezat’s iPhone }
2026-09-13 12:52:36.704 xcodebuild[56599:27635388] [MT] IDERunDestination: Supported platforms for the buildables in the current scheme is empty.
2026-09-13 12:52:36.905 xcodebuild[56599:27635388] [MT] IDERunDestination: Supported platforms for the buildables in the current scheme is empty.
2026-09-13 12:52:38.475434-0400 DriverUITests-Runner[60201:13450970] [Default] Running tests...
    t =      nans Interface orientation changed to Portrait
Test Suite 'Selected tests' started at 2026-09-13 12:52:38.952.
Test Suite 'DriverUITests.xctest' started at 2026-09-13 12:52:38.952.
Test Suite 'K00DriverTests' started at 2026-09-13 12:52:38.953.
Test Case '-[DriverUITests.K00DriverTests testOneSample]' started.
    t =     0.00s Start Test at 2026-09-13 12:52:38.953
    t =     0.02s Set Up
    t =     0.03s Open life.soullab.voicekernel.k00
    t =     0.03s     Launch life.soullab.voicekernel.k00
    t =     0.11s         Setting up automation session
    t =     0.19s         Wait for life.soullab.voicekernel.k00 to idle
2026-09-13 12:52:39.124 xcodebuild[56599:27635388] [MT] IDERunDestination: Supported platforms for the buildables in the current scheme is empty.
    t =     1.29s Wait for life.soullab.voicekernel.k00 to become Running Foreground
    t =     1.30s Waiting 10.0s for "Enter conversation" Button to exist
    t =     2.34s     Checking `Expect predicate `existsNoRetry == 1` for object "Enter conversation" Button`
    t =     2.34s         Checking existence of `"Enter conversation" Button`
    t =     2.43s Checking existence of `"Voice processing: ON (default)" Button`
    t =     2.46s Checking existence of `"Voice processing: OFF (control run)" Button`
    t =     2.79s Waiting 3.0s for "Voice processing: ON (default)" Button to exist
    t =     3.82s     Checking `Expect predicate `existsNoRetry == 1` for object "Voice processing: ON (default)" Button`
    t =     3.82s         Checking existence of `"Voice processing: ON (default)" Button`
    t =     3.89s Waiting 5.0s for "Enter conversation" Button to exist
    t =     4.91s     Checking `Expect predicate `existsNoRetry == 1` for object "Enter conversation" Button`
    t =     4.91s         Checking existence of `"Enter conversation" Button`
    t =     4.97s Tap "Enter conversation" Button
    t =     4.97s     Wait for life.soullab.voicekernel.k00 to idle
    t =     4.98s     Find the "Enter conversation" Button
    t =     5.01s     Check for interrupting elements affecting "Enter conversation" Button
    t =     5.06s     Synthesize event
    t =     5.36s     Wait for life.soullab.voicekernel.k00 to idle
    t =    20.37s Waiting 5.0s for "Export journal" Button to exist
    t =    21.39s     Checking `Expect predicate `existsNoRetry == 1` for object "Export journal" Button`
    t =    21.40s         Checking existence of `"Export journal" Button`
    t =    21.46s Tap "Export journal" Button
    t =    21.46s     Wait for life.soullab.voicekernel.k00 to idle
    t =    21.47s     Find the "Export journal" Button
    t =    21.51s     Check for interrupting elements affecting "Export journal" Button
    t =    21.55s     Synthesize event
    t =    21.96s     Wait for life.soullab.voicekernel.k00 to idle
    t =    24.18s Terminate life.soullab.voicekernel.k00:60202
    t =    25.25s Wait for life.soullab.voicekernel.k00 to become Not Running
    t =    25.25s Tear Down
Test Case '-[DriverUITests.K00DriverTests testOneSample]' passed (25.302 seconds).
Test Suite 'K00DriverTests' passed at 2026-09-13 12:53:04.256.
	 Executed 1 test, with 0 failures (0 unexpected) in 25.302 (25.304) seconds
Test Suite 'DriverUITests.xctest' passed at 2026-09-13 12:53:04.259.
	 Executed 1 test, with 0 failures (0 unexpected) in 25.302 (25.306) seconds
Test Suite 'Selected tests' passed at 2026-09-13 12:53:04.262.
	 Executed 1 test, with 0 failures (0 unexpected) in 25.302 (25.310) seconds
2026-09-13 12:53:04.335 xcodebuild[56599:27635388] [MT] IDERunDestination: Supported platforms for the buildables in the current scheme is empty.
2026-09-13 12:53:04.521 xcodebuild[56599:27635388] [MT] IDETestOperationsObserverDebug: 27.815 elapsed -- Testing started completed.
2026-09-13 12:53:04.521 xcodebuild[56599:27635388] [MT] IDETestOperationsObserverDebug: 0.000 sec, +0.000 sec -- start
2026-09-13 12:53:04.521 xcodebuild[56599:27635388] [MT] IDETestOperationsObserverDebug: 27.815 sec, +27.815 sec -- end

Test session results, code coverage, and logs:
	/Users/soullab/Library/Developer/Xcode/DerivedData/VoiceKernelDriver-eojixdsvnomzhogxfrarvoocelfp/Logs/Test/Test-DriverUITests-2026.09.13_12-52-36--0400.xcresult

** TEST EXECUTE SUCCEEDED **

Testing started
