Command line invocation:
    /Applications/Xcode.app/Contents/Developer/usr/bin/xcodebuild test-without-building -xctestrun /private/tmp/voice-fire-8cfa/ios/VoiceKernelDriver/.derived/Build/Products/DriverUITests_iphoneos26.2-arm64.xctestrun -destination id=00008140-00163D9922E0801C -collect-test-diagnostics never "-only-testing:DriverUITests/K00DriverTests/testOneSample"

2026-09-13 13:04:54.260 xcodebuild[60049:27686249] [MT] IDERunDestination: Supported platforms for the buildables in the current scheme is empty.
2026-09-13 13:04:54.264 xcodebuild[60049:27686249] [MT] IDERunDestination: Supported platforms for the buildables in the current scheme is empty.
2026-09-13 13:04:54.362 xcodebuild[60049:27686249] [MT] IDERunDestination: Supported platforms for the buildables in the current scheme is empty.
--- xcodebuild: WARNING: Using the first of multiple matching destinations:
{ platform:iOS, arch:arm64e, id:00008140-00163D9922E0801C, name:Kelly Nezat’s iPhone }
{ platform:iOS, arch:arm64, id:00008140-00163D9922E0801C, name:Kelly Nezat’s iPhone }
2026-09-13 13:04:54.605 xcodebuild[60049:27686249] [MT] IDERunDestination: Supported platforms for the buildables in the current scheme is empty.
2026-09-13 13:04:54.800 xcodebuild[60049:27686249] [MT] IDERunDestination: Supported platforms for the buildables in the current scheme is empty.
2026-09-13 13:04:56.434619-0400 DriverUITests-Runner[60407:13473178] [Default] Running tests...
    t =      nans Interface orientation changed to Portrait
Test Suite 'Selected tests' started at 2026-09-13 13:04:56.906.
Test Suite 'DriverUITests.xctest' started at 2026-09-13 13:04:56.907.
Test Suite 'K00DriverTests' started at 2026-09-13 13:04:56.907.
Test Case '-[DriverUITests.K00DriverTests testOneSample]' started.
    t =     0.00s Start Test at 2026-09-13 13:04:56.908
    t =     0.02s Set Up
    t =     0.03s Open life.soullab.voicekernel.k00
    t =     0.03s     Launch life.soullab.voicekernel.k00
    t =     0.12s         Setting up automation session
    t =     0.19s         Wait for life.soullab.voicekernel.k00 to idle
2026-09-13 13:04:57.073 xcodebuild[60049:27686249] [MT] IDERunDestination: Supported platforms for the buildables in the current scheme is empty.
    t =     1.28s Wait for life.soullab.voicekernel.k00 to become Running Foreground
    t =     1.29s Waiting 10.0s for "Enter conversation" Button to exist
    t =     2.32s     Checking `Expect predicate `existsNoRetry == 1` for object "Enter conversation" Button`
    t =     2.32s         Checking existence of `"Enter conversation" Button`
    t =     2.42s Checking existence of `"Voice processing: ON (default)" Button`
    t =     2.45s Checking existence of `"Voice processing: OFF (control run)" Button`
    t =     2.78s Waiting 3.0s for "Voice processing: ON (default)" Button to exist
2026-09-13 13:05:00.137 xcodebuild[60049:27686249] [MT] IDERunDestination: Supported platforms for the buildables in the current scheme is empty.
    t =     3.79s     Checking `Expect predicate `existsNoRetry == 1` for object "Voice processing: ON (default)" Button`
    t =     3.79s         Checking existence of `"Voice processing: ON (default)" Button`
    t =     3.85s Waiting 5.0s for "Enter conversation" Button to exist
    t =     4.87s     Checking `Expect predicate `existsNoRetry == 1` for object "Enter conversation" Button`
    t =     4.88s         Checking existence of `"Enter conversation" Button`
    t =     4.94s Tap "Enter conversation" Button
    t =     4.94s     Wait for life.soullab.voicekernel.k00 to idle
    t =     4.94s     Find the "Enter conversation" Button
    t =     4.98s     Check for interrupting elements affecting "Enter conversation" Button
    t =     5.02s     Synthesize event
    t =     5.32s     Wait for life.soullab.voicekernel.k00 to idle
    t =    20.35s Waiting 5.0s for "Export journal" Button to exist
    t =    21.39s     Checking `Expect predicate `existsNoRetry == 1` for object "Export journal" Button`
    t =    21.39s         Checking existence of `"Export journal" Button`
    t =    21.45s Tap "Export journal" Button
    t =    21.45s     Wait for life.soullab.voicekernel.k00 to idle
    t =    21.46s     Find the "Export journal" Button
    t =    21.50s     Check for interrupting elements affecting "Export journal" Button
    t =    21.55s     Synthesize event
    t =    21.86s     Wait for life.soullab.voicekernel.k00 to idle
    t =    24.06s Terminate life.soullab.voicekernel.k00:60408
    t =    25.16s Wait for life.soullab.voicekernel.k00 to become Not Running
    t =    25.16s Tear Down
Test Case '-[DriverUITests.K00DriverTests testOneSample]' passed (25.231 seconds).
Test Suite 'K00DriverTests' passed at 2026-09-13 13:05:22.140.
	 Executed 1 test, with 0 failures (0 unexpected) in 25.231 (25.232) seconds
Test Suite 'DriverUITests.xctest' passed at 2026-09-13 13:05:22.142.
	 Executed 1 test, with 0 failures (0 unexpected) in 25.231 (25.235) seconds
Test Suite 'Selected tests' passed at 2026-09-13 13:05:22.144.
	 Executed 1 test, with 0 failures (0 unexpected) in 25.231 (25.238) seconds
2026-09-13 13:05:22.220 xcodebuild[60049:27686249] [MT] IDERunDestination: Supported platforms for the buildables in the current scheme is empty.
2026-09-13 13:05:22.416 xcodebuild[60049:27686249] [MT] IDETestOperationsObserverDebug: 27.810 elapsed -- Testing started completed.
2026-09-13 13:05:22.416 xcodebuild[60049:27686249] [MT] IDETestOperationsObserverDebug: 0.000 sec, +0.000 sec -- start
2026-09-13 13:05:22.416 xcodebuild[60049:27686249] [MT] IDETestOperationsObserverDebug: 27.810 sec, +27.810 sec -- end

Test session results, code coverage, and logs:
	/Users/soullab/Library/Developer/Xcode/DerivedData/VoiceKernelDriver-dwbicnnvdigbbjfjtjlzjbsoexys/Logs/Test/Test-DriverUITests-2026.09.13_13-04-54--0400.xcresult

** TEST EXECUTE SUCCEEDED **

Testing started
