Command line invocation:
    /Applications/Xcode.app/Contents/Developer/usr/bin/xcodebuild test-without-building -xctestrun /private/tmp/voice-fire-8cfa/ios/VoiceKernelDriver/.derived/Build/Products/DriverUITests_iphoneos26.2-arm64.xctestrun -destination id=00008140-00163D9922E0801C -collect-test-diagnostics never "-only-testing:DriverUITests/K00DriverTests/testOneSample"

2026-09-13 12:43:00.578 xcodebuild[55655:27604464] [MT] IDERunDestination: Supported platforms for the buildables in the current scheme is empty.
2026-09-13 12:43:00.581 xcodebuild[55655:27604464] [MT] IDERunDestination: Supported platforms for the buildables in the current scheme is empty.
2026-09-13 12:43:00.681 xcodebuild[55655:27604464] [MT] IDERunDestination: Supported platforms for the buildables in the current scheme is empty.
--- xcodebuild: WARNING: Using the first of multiple matching destinations:
{ platform:iOS, arch:arm64e, id:00008140-00163D9922E0801C, name:Kelly Nezat’s iPhone }
{ platform:iOS, arch:arm64, id:00008140-00163D9922E0801C, name:Kelly Nezat’s iPhone }
2026-09-13 12:43:01.208 xcodebuild[55655:27604464] [MT] IDERunDestination: Supported platforms for the buildables in the current scheme is empty.
2026-09-13 12:43:06.787569-0400 DriverUITests-Runner[60125:13434116] [Default] Running tests...
2026-09-13 12:43:12.608 xcodebuild[55655:27604464] [MT] IDERunDestination: Supported platforms for the buildables in the current scheme is empty.
    t =      nans Interface orientation changed to Portrait
Test Suite 'Selected tests' started at 2026-09-13 12:43:14.799.
Test Suite 'DriverUITests.xctest' started at 2026-09-13 12:43:14.799.
Test Suite 'K00DriverTests' started at 2026-09-13 12:43:14.799.
Test Case '-[DriverUITests.K00DriverTests testOneSample]' started.
    t =     0.00s Start Test at 2026-09-13 12:43:14.800
    t =     0.02s Set Up
    t =     0.03s Open life.soullab.voicekernel.k00
    t =     0.03s     Launch life.soullab.voicekernel.k00
2026-09-13 12:43:14.919 xcodebuild[55655:27604464] [MT] IDERunDestination: Supported platforms for the buildables in the current scheme is empty.
    t =     0.24s         Setting up automation session
    t =     0.36s         Wait for life.soullab.voicekernel.k00 to idle
2026-09-13 12:43:15.536 xcodebuild[55655:27604464] [MT] IDERunDestination: Supported platforms for the buildables in the current scheme is empty.
    t =     1.59s Wait for life.soullab.voicekernel.k00 to become Running Foreground
    t =     1.60s Waiting 10.0s for "Enter conversation" Button to exist
    t =     1.60s     Device orientation changed to Face Up
    t =     2.64s     Checking `Expect predicate `existsNoRetry == 1` for object "Enter conversation" Button`
    t =     2.64s         Checking existence of `"Enter conversation" Button`
    t =     2.74s Checking existence of `"Voice processing: ON (default)" Button`
    t =     2.78s Checking existence of `"Voice processing: OFF (control run)" Button`
    t =     3.11s Waiting 3.0s for "Voice processing: ON (default)" Button to exist
    t =     4.14s     Checking `Expect predicate `existsNoRetry == 1` for object "Voice processing: ON (default)" Button`
    t =     4.14s         Checking existence of `"Voice processing: ON (default)" Button`
    t =     4.21s Waiting 5.0s for "Enter conversation" Button to exist
    t =     5.24s     Checking `Expect predicate `existsNoRetry == 1` for object "Enter conversation" Button`
    t =     5.24s         Checking existence of `"Enter conversation" Button`
    t =     5.31s Tap "Enter conversation" Button
    t =     5.31s     Wait for life.soullab.voicekernel.k00 to idle
    t =     5.32s     Find the "Enter conversation" Button
    t =     5.36s     Check for interrupting elements affecting "Enter conversation" Button
    t =     5.42s     Synthesize event
    t =     5.73s     Wait for life.soullab.voicekernel.k00 to idle
    t =    20.74s Waiting 5.0s for "Export journal" Button to exist
    t =    21.76s     Checking `Expect predicate `existsNoRetry == 1` for object "Export journal" Button`
    t =    21.76s         Checking existence of `"Export journal" Button`
    t =    21.83s Tap "Export journal" Button
    t =    21.83s     Wait for life.soullab.voicekernel.k00 to idle
    t =    21.84s     Find the "Export journal" Button
    t =    21.87s     Check for interrupting elements affecting "Export journal" Button
    t =    21.91s     Synthesize event
    t =    22.20s     Wait for life.soullab.voicekernel.k00 to idle
    t =    24.69s Terminate life.soullab.voicekernel.k00:60140
    t =    25.77s Wait for life.soullab.voicekernel.k00 to become Not Running
    t =    25.78s Tear Down
Test Case '-[DriverUITests.K00DriverTests testOneSample]' passed (25.852 seconds).
Test Suite 'K00DriverTests' passed at 2026-09-13 12:43:40.656.
	 Executed 1 test, with 0 failures (0 unexpected) in 25.852 (25.856) seconds
Test Suite 'DriverUITests.xctest' passed at 2026-09-13 12:43:40.660.
	 Executed 1 test, with 0 failures (0 unexpected) in 25.852 (25.861) seconds
Test Suite 'Selected tests' passed at 2026-09-13 12:43:40.663.
	 Executed 1 test, with 0 failures (0 unexpected) in 25.852 (25.865) seconds
2026-09-13 12:43:40.677 xcodebuild[55655:27604464] [MT] IDERunDestination: Supported platforms for the buildables in the current scheme is empty.
2026-09-13 12:43:40.931 xcodebuild[55655:27604464] [MT] IDETestOperationsObserverDebug: 39.722 elapsed -- Testing started completed.
2026-09-13 12:43:40.931 xcodebuild[55655:27604464] [MT] IDETestOperationsObserverDebug: 0.000 sec, +0.000 sec -- start
2026-09-13 12:43:40.931 xcodebuild[55655:27604464] [MT] IDETestOperationsObserverDebug: 39.722 sec, +39.722 sec -- end

Test session results, code coverage, and logs:
	/Users/soullab/Library/Developer/Xcode/DerivedData/VoiceKernelDriver-dobfyglffmqhlvgvbxmwyuabkttj/Logs/Test/Test-DriverUITests-2026.09.13_12-43-00--0400.xcresult

** TEST EXECUTE SUCCEEDED **

Testing started
