Command line invocation:
    /Applications/Xcode.app/Contents/Developer/usr/bin/xcodebuild test-without-building -xctestrun /private/tmp/voice-fire-8cfa/ios/VoiceKernelDriver/.derived/Build/Products/DriverUITests_iphoneos26.2-arm64.xctestrun -destination id=00008140-00163D9922E0801C -collect-test-diagnostics never "-only-testing:DriverUITests/K00DriverTests/testOneSample"

2026-09-13 13:02:25.964 xcodebuild[58993:27676052] [MT] IDERunDestination: Supported platforms for the buildables in the current scheme is empty.
2026-09-13 13:02:25.967 xcodebuild[58993:27676052] [MT] IDERunDestination: Supported platforms for the buildables in the current scheme is empty.
2026-09-13 13:02:26.065 xcodebuild[58993:27676052] [MT] IDERunDestination: Supported platforms for the buildables in the current scheme is empty.
--- xcodebuild: WARNING: Using the first of multiple matching destinations:
{ platform:iOS, arch:arm64e, id:00008140-00163D9922E0801C, name:Kelly Nezat’s iPhone }
{ platform:iOS, arch:arm64, id:00008140-00163D9922E0801C, name:Kelly Nezat’s iPhone }
2026-09-13 13:02:26.301 xcodebuild[58993:27676052] [MT] IDERunDestination: Supported platforms for the buildables in the current scheme is empty.
2026-09-13 13:02:26.494 xcodebuild[58993:27676052] [MT] IDERunDestination: Supported platforms for the buildables in the current scheme is empty.
2026-09-13 13:02:28.171386-0400 DriverUITests-Runner[60384:13468220] [Default] Running tests...
2026-09-13 13:02:28.404621-0400 DriverUITests-Runner[60384:13468258] [General] Failed to send CA Event for app launch measurements for ca_event_type: 1 event_name: com.apple.app_launch_measurement.ExtendedLaunchMetrics
    t =      nans Interface orientation changed to Portrait
Test Suite 'Selected tests' started at 2026-09-13 13:02:28.682.
Test Suite 'DriverUITests.xctest' started at 2026-09-13 13:02:28.682.
Test Suite 'K00DriverTests' started at 2026-09-13 13:02:28.682.
Test Case '-[DriverUITests.K00DriverTests testOneSample]' started.
    t =     0.00s Start Test at 2026-09-13 13:02:28.683
    t =     0.02s Set Up
    t =     0.02s Open life.soullab.voicekernel.k00
    t =     0.02s     Launch life.soullab.voicekernel.k00
    t =     0.10s         Setting up automation session
    t =     0.18s         Wait for life.soullab.voicekernel.k00 to idle
2026-09-13 13:02:28.858 xcodebuild[58993:27676052] [MT] IDERunDestination: Supported platforms for the buildables in the current scheme is empty.
    t =     1.26s Wait for life.soullab.voicekernel.k00 to become Running Foreground
    t =     1.27s Waiting 10.0s for "Enter conversation" Button to exist
    t =     2.32s     Checking `Expect predicate `existsNoRetry == 1` for object "Enter conversation" Button`
    t =     2.32s         Checking existence of `"Enter conversation" Button`
    t =     2.42s Checking existence of `"Voice processing: ON (default)" Button`
    t =     2.45s Checking existence of `"Voice processing: OFF (control run)" Button`
    t =     2.78s Waiting 3.0s for "Voice processing: ON (default)" Button to exist
    t =     3.80s     Checking `Expect predicate `existsNoRetry == 1` for object "Voice processing: ON (default)" Button`
    t =     3.81s         Checking existence of `"Voice processing: ON (default)" Button`
    t =     3.88s Waiting 5.0s for "Enter conversation" Button to exist
    t =     4.90s     Checking `Expect predicate `existsNoRetry == 1` for object "Enter conversation" Button`
    t =     4.91s         Checking existence of `"Enter conversation" Button`
    t =     4.97s Tap "Enter conversation" Button
    t =     4.97s     Wait for life.soullab.voicekernel.k00 to idle
    t =     4.97s     Find the "Enter conversation" Button
    t =     5.01s     Check for interrupting elements affecting "Enter conversation" Button
    t =     5.05s     Synthesize event
    t =     5.35s     Wait for life.soullab.voicekernel.k00 to idle
    t =    20.36s Waiting 5.0s for "Export journal" Button to exist
    t =    21.38s     Checking `Expect predicate `existsNoRetry == 1` for object "Export journal" Button`
    t =    21.39s         Checking existence of `"Export journal" Button`
    t =    21.45s Tap "Export journal" Button
    t =    21.45s     Wait for life.soullab.voicekernel.k00 to idle
    t =    21.45s     Find the "Export journal" Button
    t =    21.48s     Check for interrupting elements affecting "Export journal" Button
    t =    21.52s     Synthesize event
    t =    21.81s     Wait for life.soullab.voicekernel.k00 to idle
    t =    24.04s Terminate life.soullab.voicekernel.k00:60385
    t =    25.09s Wait for life.soullab.voicekernel.k00 to become Not Running
    t =    25.09s Tear Down
Test Case '-[DriverUITests.K00DriverTests testOneSample]' passed (25.154 seconds).
Test Suite 'K00DriverTests' passed at 2026-09-13 13:02:53.838.
	 Executed 1 test, with 0 failures (0 unexpected) in 25.154 (25.156) seconds
Test Suite 'DriverUITests.xctest' passed at 2026-09-13 13:02:53.839.
	 Executed 1 test, with 0 failures (0 unexpected) in 25.154 (25.157) seconds
Test Suite 'Selected tests' passed at 2026-09-13 13:02:53.841.
	 Executed 1 test, with 0 failures (0 unexpected) in 25.154 (25.159) seconds
2026-09-13 13:02:53.916 xcodebuild[58993:27676052] [MT] IDERunDestination: Supported platforms for the buildables in the current scheme is empty.
2026-09-13 13:02:54.110 xcodebuild[58993:27676052] [MT] IDETestOperationsObserverDebug: 27.808 elapsed -- Testing started completed.
2026-09-13 13:02:54.110 xcodebuild[58993:27676052] [MT] IDETestOperationsObserverDebug: 0.000 sec, +0.000 sec -- start
2026-09-13 13:02:54.110 xcodebuild[58993:27676052] [MT] IDETestOperationsObserverDebug: 27.808 sec, +27.808 sec -- end

Test session results, code coverage, and logs:
	/Users/soullab/Library/Developer/Xcode/DerivedData/VoiceKernelDriver-gzistvqyxrqitgdjrruguybrdiys/Logs/Test/Test-DriverUITests-2026.09.13_13-02-26--0400.xcresult

** TEST EXECUTE SUCCEEDED **

Testing started
