Command line invocation:
    /Applications/Xcode.app/Contents/Developer/usr/bin/xcodebuild test-without-building -xctestrun /private/tmp/voice-fire-8cfa/ios/VoiceKernelDriver/.derived/Build/Products/DriverUITests_iphoneos26.2-arm64.xctestrun -destination id=00008140-00163D9922E0801C -collect-test-diagnostics never "-only-testing:DriverUITests/K00DriverTests/testOneSample"

2026-09-13 13:06:33.528 xcodebuild[60677:27691871] [MT] IDERunDestination: Supported platforms for the buildables in the current scheme is empty.
2026-09-13 13:06:33.531 xcodebuild[60677:27691871] [MT] IDERunDestination: Supported platforms for the buildables in the current scheme is empty.
2026-09-13 13:06:33.631 xcodebuild[60677:27691871] [MT] IDERunDestination: Supported platforms for the buildables in the current scheme is empty.
--- xcodebuild: WARNING: Using the first of multiple matching destinations:
{ platform:iOS, arch:arm64e, id:00008140-00163D9922E0801C, name:Kelly Nezat’s iPhone }
{ platform:iOS, arch:arm64, id:00008140-00163D9922E0801C, name:Kelly Nezat’s iPhone }
2026-09-13 13:06:33.861 xcodebuild[60677:27691871] [MT] IDERunDestination: Supported platforms for the buildables in the current scheme is empty.
2026-09-13 13:06:35.660942-0400 DriverUITests-Runner[60427:13476174] [Default] Running tests...
    t =      nans Interface orientation changed to Portrait
Test Suite 'Selected tests' started at 2026-09-13 13:06:36.137.
Test Suite 'DriverUITests.xctest' started at 2026-09-13 13:06:36.138.
Test Suite 'K00DriverTests' started at 2026-09-13 13:06:36.138.
Test Case '-[DriverUITests.K00DriverTests testOneSample]' started.
    t =     0.00s Start Test at 2026-09-13 13:06:36.139
    t =     0.02s Set Up
    t =     0.02s Open life.soullab.voicekernel.k00
    t =     0.02s     Launch life.soullab.voicekernel.k00
    t =     0.12s         Setting up automation session
    t =     0.18s         Wait for life.soullab.voicekernel.k00 to idle
2026-09-13 13:06:36.292 xcodebuild[60677:27691871] [MT] IDERunDestination: Supported platforms for the buildables in the current scheme is empty.
    t =     1.27s Wait for life.soullab.voicekernel.k00 to become Running Foreground
    t =     1.27s Waiting 10.0s for "Enter conversation" Button to exist
    t =     2.30s     Checking `Expect predicate `existsNoRetry == 1` for object "Enter conversation" Button`
    t =     2.30s         Checking existence of `"Enter conversation" Button`
    t =     2.40s Checking existence of `"Voice processing: ON (default)" Button`
    t =     2.43s Checking existence of `"Voice processing: OFF (control run)" Button`
    t =     2.76s Waiting 3.0s for "Voice processing: ON (default)" Button to exist
    t =     3.79s     Checking `Expect predicate `existsNoRetry == 1` for object "Voice processing: ON (default)" Button`
    t =     3.79s         Checking existence of `"Voice processing: ON (default)" Button`
    t =     3.86s Waiting 5.0s for "Enter conversation" Button to exist
    t =     4.87s     Checking `Expect predicate `existsNoRetry == 1` for object "Enter conversation" Button`
    t =     4.87s         Checking existence of `"Enter conversation" Button`
    t =     4.93s Tap "Enter conversation" Button
    t =     4.94s     Wait for life.soullab.voicekernel.k00 to idle
    t =     4.94s     Find the "Enter conversation" Button
    t =     4.98s     Check for interrupting elements affecting "Enter conversation" Button
    t =     5.02s     Synthesize event
    t =     5.33s     Wait for life.soullab.voicekernel.k00 to idle
    t =    20.34s Waiting 5.0s for "Export journal" Button to exist
    t =    21.38s     Checking `Expect predicate `existsNoRetry == 1` for object "Export journal" Button`
    t =    21.38s         Checking existence of `"Export journal" Button`
    t =    21.43s Tap "Export journal" Button
    t =    21.43s     Wait for life.soullab.voicekernel.k00 to idle
    t =    21.44s     Find the "Export journal" Button
    t =    21.58s     Check for interrupting elements affecting "Export journal" Button
    t =    21.65s     Synthesize event
    t =    21.96s     Wait for life.soullab.voicekernel.k00 to idle
    t =    24.21s Terminate life.soullab.voicekernel.k00:60428
    t =    25.29s Wait for life.soullab.voicekernel.k00 to become Not Running
    t =    25.30s Tear Down
Test Case '-[DriverUITests.K00DriverTests testOneSample]' passed (25.345 seconds).
Test Suite 'K00DriverTests' passed at 2026-09-13 13:07:01.484.
	 Executed 1 test, with 0 failures (0 unexpected) in 25.345 (25.346) seconds
Test Suite 'DriverUITests.xctest' passed at 2026-09-13 13:07:01.484.
	 Executed 1 test, with 0 failures (0 unexpected) in 25.345 (25.346) seconds
Test Suite 'Selected tests' passed at 2026-09-13 13:07:01.485.
	 Executed 1 test, with 0 failures (0 unexpected) in 25.345 (25.348) seconds
2026-09-13 13:07:01.599 xcodebuild[60677:27691871] [MT] IDERunDestination: Supported platforms for the buildables in the current scheme is empty.
2026-09-13 13:07:01.772 xcodebuild[60677:27691871] [MT] IDETestOperationsObserverDebug: 27.911 elapsed -- Testing started completed.
2026-09-13 13:07:01.772 xcodebuild[60677:27691871] [MT] IDETestOperationsObserverDebug: 0.000 sec, +0.000 sec -- start
2026-09-13 13:07:01.772 xcodebuild[60677:27691871] [MT] IDETestOperationsObserverDebug: 27.911 sec, +27.911 sec -- end

Test session results, code coverage, and logs:
	/Users/soullab/Library/Developer/Xcode/DerivedData/VoiceKernelDriver-ewqvnuhcjgyzupchoikmdelaxpyq/Logs/Test/Test-DriverUITests-2026.09.13_13-06-33--0400.xcresult

** TEST EXECUTE SUCCEEDED **

Testing started
