Command line invocation:
    /Applications/Xcode.app/Contents/Developer/usr/bin/xcodebuild test-without-building -xctestrun /private/tmp/voice-fire-8cfa/ios/VoiceKernelDriver/.derived/Build/Products/DriverUITests_iphoneos26.2-arm64.xctestrun -destination id=00008140-00163D9922E0801C -collect-test-diagnostics never "-only-testing:DriverUITests/K00DriverTests/testOneSample"

2026-09-13 12:51:03.935 xcodebuild[56445:27630249] [MT] IDERunDestination: Supported platforms for the buildables in the current scheme is empty.
2026-09-13 12:51:03.939 xcodebuild[56445:27630249] [MT] IDERunDestination: Supported platforms for the buildables in the current scheme is empty.
2026-09-13 12:51:04.038 xcodebuild[56445:27630249] [MT] IDERunDestination: Supported platforms for the buildables in the current scheme is empty.
--- xcodebuild: WARNING: Using the first of multiple matching destinations:
{ platform:iOS, arch:arm64e, id:00008140-00163D9922E0801C, name:Kelly Nezat’s iPhone }
{ platform:iOS, arch:arm64, id:00008140-00163D9922E0801C, name:Kelly Nezat’s iPhone }
2026-09-13 12:51:04.270 xcodebuild[56445:27630249] [MT] IDERunDestination: Supported platforms for the buildables in the current scheme is empty.
2026-09-13 12:51:04.468 xcodebuild[56445:27630249] [MT] IDERunDestination: Supported platforms for the buildables in the current scheme is empty.
2026-09-13 12:51:06.031559-0400 DriverUITests-Runner[60194:13448152] [Default] Running tests...
    t =      nans Interface orientation changed to Portrait
Test Suite 'Selected tests' started at 2026-09-13 12:51:06.505.
Test Suite 'DriverUITests.xctest' started at 2026-09-13 12:51:06.506.
Test Suite 'K00DriverTests' started at 2026-09-13 12:51:06.506.
Test Case '-[DriverUITests.K00DriverTests testOneSample]' started.
    t =     0.00s Start Test at 2026-09-13 12:51:06.507
    t =     0.02s Set Up
    t =     0.02s Open life.soullab.voicekernel.k00
    t =     0.03s     Launch life.soullab.voicekernel.k00
    t =     0.11s         Setting up automation session
    t =     0.18s         Wait for life.soullab.voicekernel.k00 to idle
2026-09-13 12:51:06.657 xcodebuild[56445:27630249] [MT] IDERunDestination: Supported platforms for the buildables in the current scheme is empty.
    t =     1.27s Wait for life.soullab.voicekernel.k00 to become Running Foreground
    t =     1.27s Waiting 10.0s for "Enter conversation" Button to exist
    t =     2.29s     Checking `Expect predicate `existsNoRetry == 1` for object "Enter conversation" Button`
    t =     2.29s         Checking existence of `"Enter conversation" Button`
    t =     2.39s Checking existence of `"Voice processing: ON (default)" Button`
    t =     2.41s Checking existence of `"Voice processing: OFF (control run)" Button`
    t =     2.74s Waiting 3.0s for "Voice processing: ON (default)" Button to exist
    t =     3.75s     Checking `Expect predicate `existsNoRetry == 1` for object "Voice processing: ON (default)" Button`
    t =     3.75s         Checking existence of `"Voice processing: ON (default)" Button`
    t =     3.81s Waiting 5.0s for "Enter conversation" Button to exist
    t =     4.82s     Checking `Expect predicate `existsNoRetry == 1` for object "Enter conversation" Button`
    t =     4.83s         Checking existence of `"Enter conversation" Button`
    t =     4.89s Tap "Enter conversation" Button
    t =     4.89s     Wait for life.soullab.voicekernel.k00 to idle
    t =     4.89s     Find the "Enter conversation" Button
    t =     4.93s     Check for interrupting elements affecting "Enter conversation" Button
    t =     4.97s     Synthesize event
    t =     5.26s     Wait for life.soullab.voicekernel.k00 to idle
    t =    20.28s Waiting 5.0s for "Export journal" Button to exist
    t =    21.30s     Checking `Expect predicate `existsNoRetry == 1` for object "Export journal" Button`
    t =    21.30s         Checking existence of `"Export journal" Button`
    t =    21.37s Tap "Export journal" Button
    t =    21.37s     Wait for life.soullab.voicekernel.k00 to idle
    t =    21.38s     Find the "Export journal" Button
    t =    21.41s     Check for interrupting elements affecting "Export journal" Button
    t =    21.46s     Synthesize event
    t =    21.76s     Wait for life.soullab.voicekernel.k00 to idle
    t =    23.99s Terminate life.soullab.voicekernel.k00:60195
    t =    25.07s Wait for life.soullab.voicekernel.k00 to become Not Running
    t =    25.07s Tear Down
Test Case '-[DriverUITests.K00DriverTests testOneSample]' passed (25.125 seconds).
Test Suite 'K00DriverTests' passed at 2026-09-13 12:51:31.633.
	 Executed 1 test, with 0 failures (0 unexpected) in 25.125 (25.126) seconds
Test Suite 'DriverUITests.xctest' passed at 2026-09-13 12:51:31.634.
	 Executed 1 test, with 0 failures (0 unexpected) in 25.125 (25.128) seconds
Test Suite 'Selected tests' passed at 2026-09-13 12:51:31.634.
	 Executed 1 test, with 0 failures (0 unexpected) in 25.125 (25.129) seconds
2026-09-13 12:51:31.717 xcodebuild[56445:27630249] [MT] IDERunDestination: Supported platforms for the buildables in the current scheme is empty.
2026-09-13 12:51:31.905 xcodebuild[56445:27630249] [MT] IDETestOperationsObserverDebug: 27.633 elapsed -- Testing started completed.
2026-09-13 12:51:31.905 xcodebuild[56445:27630249] [MT] IDETestOperationsObserverDebug: 0.000 sec, +0.000 sec -- start
2026-09-13 12:51:31.905 xcodebuild[56445:27630249] [MT] IDETestOperationsObserverDebug: 27.633 sec, +27.633 sec -- end

Test session results, code coverage, and logs:
	/Users/soullab/Library/Developer/Xcode/DerivedData/VoiceKernelDriver-fngqthfuktxvvcaqjcmcbrokybvc/Logs/Test/Test-DriverUITests-2026.09.13_12-51-04--0400.xcresult

** TEST EXECUTE SUCCEEDED **

Testing started
