Command line invocation:
    /Applications/Xcode.app/Contents/Developer/usr/bin/xcodebuild test-without-building -xctestrun /private/tmp/voice-fire-8cfa/ios/VoiceKernelDriver/.derived/Build/Products/DriverUITests_iphoneos26.2-arm64.xctestrun -destination id=00008140-00163D9922E0801C -collect-test-diagnostics never "-only-testing:DriverUITests/K00DriverTests/testOneSample"

2026-09-13 13:03:14.207 xcodebuild[59376:27679645] [MT] IDERunDestination: Supported platforms for the buildables in the current scheme is empty.
2026-09-13 13:03:14.210 xcodebuild[59376:27679645] [MT] IDERunDestination: Supported platforms for the buildables in the current scheme is empty.
2026-09-13 13:03:14.309 xcodebuild[59376:27679645] [MT] IDERunDestination: Supported platforms for the buildables in the current scheme is empty.
--- xcodebuild: WARNING: Using the first of multiple matching destinations:
{ platform:iOS, arch:arm64e, id:00008140-00163D9922E0801C, name:Kelly Nezat’s iPhone }
{ platform:iOS, arch:arm64, id:00008140-00163D9922E0801C, name:Kelly Nezat’s iPhone }
2026-09-13 13:03:14.549 xcodebuild[59376:27679645] [MT] IDERunDestination: Supported platforms for the buildables in the current scheme is empty.
2026-09-13 13:03:14.739 xcodebuild[59376:27679645] [MT] IDERunDestination: Supported platforms for the buildables in the current scheme is empty.
2026-09-13 13:03:17.581634-0400 DriverUITests-Runner[60397:13469944] [Default] Running tests...
    t =      nans Interface orientation changed to Portrait
Test Suite 'Selected tests' started at 2026-09-13 13:03:18.185.
Test Suite 'DriverUITests.xctest' started at 2026-09-13 13:03:18.186.
Test Suite 'K00DriverTests' started at 2026-09-13 13:03:18.186.
Test Case '-[DriverUITests.K00DriverTests testOneSample]' started.
    t =     0.00s Start Test at 2026-09-13 13:03:18.187
    t =     0.01s Set Up
    t =     0.02s Open life.soullab.voicekernel.k00
    t =     0.02s     Launch life.soullab.voicekernel.k00
    t =     0.15s         Setting up automation session
2026-09-13 13:03:18.331 xcodebuild[59376:27679645] [MT] IDERunDestination: Supported platforms for the buildables in the current scheme is empty.
    t =     0.39s         Wait for life.soullab.voicekernel.k00 to idle
    t =     1.76s Wait for life.soullab.voicekernel.k00 to become Running Foreground
    t =     1.77s Waiting 10.0s for "Enter conversation" Button to exist
    t =     2.82s     Checking `Expect predicate `existsNoRetry == 1` for object "Enter conversation" Button`
    t =     2.82s         Checking existence of `"Enter conversation" Button`
    t =     2.94s Checking existence of `"Voice processing: ON (default)" Button`
    t =     2.97s Checking existence of `"Voice processing: OFF (control run)" Button`
    t =     3.29s Waiting 3.0s for "Voice processing: ON (default)" Button to exist
    t =     4.34s     Checking `Expect predicate `existsNoRetry == 1` for object "Voice processing: ON (default)" Button`
    t =     4.34s         Checking existence of `"Voice processing: ON (default)" Button`
    t =     4.40s Waiting 5.0s for "Enter conversation" Button to exist
    t =     5.43s     Checking `Expect predicate `existsNoRetry == 1` for object "Enter conversation" Button`
    t =     5.43s         Checking existence of `"Enter conversation" Button`
    t =     5.50s Tap "Enter conversation" Button
    t =     5.50s     Wait for life.soullab.voicekernel.k00 to idle
    t =     5.50s     Find the "Enter conversation" Button
    t =     5.55s     Check for interrupting elements affecting "Enter conversation" Button
    t =     5.61s     Synthesize event
    t =     5.92s     Wait for life.soullab.voicekernel.k00 to idle
    t =    20.94s Waiting 5.0s for "Export journal" Button to exist
    t =    21.96s     Checking `Expect predicate `existsNoRetry == 1` for object "Export journal" Button`
    t =    21.97s         Checking existence of `"Export journal" Button`
    t =    22.03s Tap "Export journal" Button
    t =    22.03s     Wait for life.soullab.voicekernel.k00 to idle
    t =    22.04s     Find the "Export journal" Button
    t =    22.08s     Check for interrupting elements affecting "Export journal" Button
    t =    22.12s     Synthesize event
    t =    22.43s     Wait for life.soullab.voicekernel.k00 to idle
    t =    24.62s Terminate life.soullab.voicekernel.k00:60398
    t =    25.64s Wait for life.soullab.voicekernel.k00 to become Not Running
    t =    25.64s Tear Down
Test Case '-[DriverUITests.K00DriverTests testOneSample]' passed (25.743 seconds).
Test Suite 'K00DriverTests' passed at 2026-09-13 13:03:43.931.
	 Executed 1 test, with 0 failures (0 unexpected) in 25.743 (25.745) seconds
Test Suite 'DriverUITests.xctest' passed at 2026-09-13 13:03:43.932.
	 Executed 1 test, with 0 failures (0 unexpected) in 25.743 (25.746) seconds
Test Suite 'Selected tests' passed at 2026-09-13 13:03:43.936.
	 Executed 1 test, with 0 failures (0 unexpected) in 25.743 (25.751) seconds
2026-09-13 13:03:44.009 xcodebuild[59376:27679645] [MT] IDERunDestination: Supported platforms for the buildables in the current scheme is empty.
2026-09-13 13:03:44.220 xcodebuild[59376:27679645] [MT] IDETestOperationsObserverDebug: 29.671 elapsed -- Testing started completed.
2026-09-13 13:03:44.220 xcodebuild[59376:27679645] [MT] IDETestOperationsObserverDebug: 0.000 sec, +0.000 sec -- start
2026-09-13 13:03:44.220 xcodebuild[59376:27679645] [MT] IDETestOperationsObserverDebug: 29.671 sec, +29.671 sec -- end

Test session results, code coverage, and logs:
	/Users/soullab/Library/Developer/Xcode/DerivedData/VoiceKernelDriver-hhnbnuujcsgcjxdwcpiylubleqfh/Logs/Test/Test-DriverUITests-2026.09.13_13-03-14--0400.xcresult

** TEST EXECUTE SUCCEEDED **

Testing started
