Command line invocation:
    /Applications/Xcode.app/Contents/Developer/usr/bin/xcodebuild test-without-building -xctestrun /private/tmp/voice-fire-8cfa/ios/VoiceKernelDriver/.derived/Build/Products/DriverUITests_iphoneos26.2-arm64.xctestrun -destination id=00008140-00163D9922E0801C -collect-test-diagnostics never "-only-testing:DriverUITests/K00DriverTests/testOneSample"

2026-09-13 13:09:04.167 xcodebuild[61683:27700534] [MT] IDERunDestination: Supported platforms for the buildables in the current scheme is empty.
2026-09-13 13:09:04.170 xcodebuild[61683:27700534] [MT] IDERunDestination: Supported platforms for the buildables in the current scheme is empty.
2026-09-13 13:09:04.269 xcodebuild[61683:27700534] [MT] IDERunDestination: Supported platforms for the buildables in the current scheme is empty.
--- xcodebuild: WARNING: Using the first of multiple matching destinations:
{ platform:iOS, arch:arm64e, id:00008140-00163D9922E0801C, name:Kelly Nezat’s iPhone }
{ platform:iOS, arch:arm64, id:00008140-00163D9922E0801C, name:Kelly Nezat’s iPhone }
2026-09-13 13:09:04.495 xcodebuild[61683:27700534] [MT] IDERunDestination: Supported platforms for the buildables in the current scheme is empty.
2026-09-13 13:09:04.688 xcodebuild[61683:27700534] [MT] IDERunDestination: Supported platforms for the buildables in the current scheme is empty.
2026-09-13 13:09:06.295008-0400 DriverUITests-Runner[60443:13480892] [Default] Running tests...
    t =      nans Interface orientation changed to Portrait
Test Suite 'Selected tests' started at 2026-09-13 13:09:06.762.
Test Suite 'DriverUITests.xctest' started at 2026-09-13 13:09:06.762.
Test Suite 'K00DriverTests' started at 2026-09-13 13:09:06.762.
Test Case '-[DriverUITests.K00DriverTests testOneSample]' started.
    t =     0.00s Start Test at 2026-09-13 13:09:06.763
    t =     0.02s Set Up
    t =     0.03s Open life.soullab.voicekernel.k00
    t =     0.03s     Launch life.soullab.voicekernel.k00
    t =     0.12s         Setting up automation session
    t =     0.19s         Wait for life.soullab.voicekernel.k00 to idle
2026-09-13 13:09:06.938 xcodebuild[61683:27700534] [MT] IDERunDestination: Supported platforms for the buildables in the current scheme is empty.
    t =     1.29s Wait for life.soullab.voicekernel.k00 to become Running Foreground
    t =     1.30s Waiting 10.0s for "Enter conversation" Button to exist
    t =     2.32s     Checking `Expect predicate `existsNoRetry == 1` for object "Enter conversation" Button`
    t =     2.32s         Checking existence of `"Enter conversation" Button`
    t =     2.41s Checking existence of `"Voice processing: ON (default)" Button`
    t =     2.44s Checking existence of `"Voice processing: OFF (control run)" Button`
    t =     2.77s Waiting 3.0s for "Voice processing: ON (default)" Button to exist
    t =     3.78s     Checking `Expect predicate `existsNoRetry == 1` for object "Voice processing: ON (default)" Button`
    t =     3.79s         Checking existence of `"Voice processing: ON (default)" Button`
    t =     3.85s Waiting 5.0s for "Enter conversation" Button to exist
    t =     4.88s     Checking `Expect predicate `existsNoRetry == 1` for object "Enter conversation" Button`
    t =     4.88s         Checking existence of `"Enter conversation" Button`
    t =     4.95s Tap "Enter conversation" Button
    t =     4.95s     Wait for life.soullab.voicekernel.k00 to idle
    t =     4.96s     Find the "Enter conversation" Button
    t =     5.00s     Check for interrupting elements affecting "Enter conversation" Button
    t =     5.04s     Synthesize event
    t =     5.33s     Wait for life.soullab.voicekernel.k00 to idle
    t =    20.35s Waiting 5.0s for "Export journal" Button to exist
    t =    21.38s     Checking `Expect predicate `existsNoRetry == 1` for object "Export journal" Button`
    t =    21.38s         Checking existence of `"Export journal" Button`
    t =    21.42s Tap "Export journal" Button
    t =    21.43s     Wait for life.soullab.voicekernel.k00 to idle
    t =    21.45s     Find the "Export journal" Button
    t =    21.48s     Check for interrupting elements affecting "Export journal" Button
    t =    21.53s     Synthesize event
    t =    21.83s     Wait for life.soullab.voicekernel.k00 to idle
    t =    24.06s Terminate life.soullab.voicekernel.k00:60444
    t =    25.15s Wait for life.soullab.voicekernel.k00 to become Not Running
    t =    25.15s Tear Down
Test Case '-[DriverUITests.K00DriverTests testOneSample]' passed (25.216 seconds).
Test Suite 'K00DriverTests' passed at 2026-09-13 13:09:31.980.
	 Executed 1 test, with 0 failures (0 unexpected) in 25.216 (25.218) seconds
Test Suite 'DriverUITests.xctest' passed at 2026-09-13 13:09:31.982.
	 Executed 1 test, with 0 failures (0 unexpected) in 25.216 (25.220) seconds
Test Suite 'Selected tests' passed at 2026-09-13 13:09:31.984.
	 Executed 1 test, with 0 failures (0 unexpected) in 25.216 (25.222) seconds
2026-09-13 13:09:32.078 xcodebuild[61683:27700534] [MT] IDERunDestination: Supported platforms for the buildables in the current scheme is empty.
2026-09-13 13:09:32.244 xcodebuild[61683:27700534] [MT] IDETestOperationsObserverDebug: 27.748 elapsed -- Testing started completed.
2026-09-13 13:09:32.244 xcodebuild[61683:27700534] [MT] IDETestOperationsObserverDebug: 0.000 sec, +0.000 sec -- start
2026-09-13 13:09:32.244 xcodebuild[61683:27700534] [MT] IDETestOperationsObserverDebug: 27.748 sec, +27.748 sec -- end

Test session results, code coverage, and logs:
	/Users/soullab/Library/Developer/Xcode/DerivedData/VoiceKernelDriver-gphimqhjcjsbwifmdctviqpjlvmr/Logs/Test/Test-DriverUITests-2026.09.13_13-09-04--0400.xcresult

** TEST EXECUTE SUCCEEDED **

Testing started
