Command line invocation:
    /Applications/Xcode.app/Contents/Developer/usr/bin/xcodebuild test-without-building -xctestrun /private/tmp/voice-fire-8cfa/ios/VoiceKernelDriver/.derived/Build/Products/DriverUITests_iphoneos26.2-arm64.xctestrun -destination id=00008140-00163D9922E0801C -collect-test-diagnostics never "-only-testing:DriverUITests/K00DriverTests/testOneSample"

2026-09-13 13:05:43.627 xcodebuild[60358:27688916] [MT] IDERunDestination: Supported platforms for the buildables in the current scheme is empty.
2026-09-13 13:05:43.630 xcodebuild[60358:27688916] [MT] IDERunDestination: Supported platforms for the buildables in the current scheme is empty.
2026-09-13 13:05:43.728 xcodebuild[60358:27688916] [MT] IDERunDestination: Supported platforms for the buildables in the current scheme is empty.
--- xcodebuild: WARNING: Using the first of multiple matching destinations:
{ platform:iOS, arch:arm64e, id:00008140-00163D9922E0801C, name:Kelly Nezat’s iPhone }
{ platform:iOS, arch:arm64, id:00008140-00163D9922E0801C, name:Kelly Nezat’s iPhone }
2026-09-13 13:05:43.974 xcodebuild[60358:27688916] [MT] IDERunDestination: Supported platforms for the buildables in the current scheme is empty.
2026-09-13 13:05:44.180 xcodebuild[60358:27688916] [MT] IDERunDestination: Supported platforms for the buildables in the current scheme is empty.
2026-09-13 13:05:45.781144-0400 DriverUITests-Runner[60415:13474786] [Default] Running tests...
    t =      nans Interface orientation changed to Portrait
Test Suite 'Selected tests' started at 2026-09-13 13:05:46.262.
Test Suite 'DriverUITests.xctest' started at 2026-09-13 13:05:46.263.
Test Suite 'K00DriverTests' started at 2026-09-13 13:05:46.263.
Test Case '-[DriverUITests.K00DriverTests testOneSample]' started.
    t =     0.00s Start Test at 2026-09-13 13:05:46.264
    t =     0.02s Set Up
    t =     0.03s Open life.soullab.voicekernel.k00
    t =     0.03s     Launch life.soullab.voicekernel.k00
    t =     0.12s         Setting up automation session
    t =     0.19s         Wait for life.soullab.voicekernel.k00 to idle
2026-09-13 13:05:46.432 xcodebuild[60358:27688916] [MT] IDERunDestination: Supported platforms for the buildables in the current scheme is empty.
    t =     1.30s Wait for life.soullab.voicekernel.k00 to become Running Foreground
    t =     1.31s Waiting 10.0s for "Enter conversation" Button to exist
    t =     2.34s     Checking `Expect predicate `existsNoRetry == 1` for object "Enter conversation" Button`
    t =     2.34s         Checking existence of `"Enter conversation" Button`
    t =     2.44s Checking existence of `"Voice processing: ON (default)" Button`
    t =     2.47s Checking existence of `"Voice processing: OFF (control run)" Button`
    t =     2.79s Waiting 3.0s for "Voice processing: ON (default)" Button to exist
    t =     3.79s     Checking `Expect predicate `existsNoRetry == 1` for object "Voice processing: ON (default)" Button`
    t =     3.79s         Checking existence of `"Voice processing: ON (default)" Button`
    t =     3.86s Waiting 5.0s for "Enter conversation" Button to exist
    t =     4.89s     Checking `Expect predicate `existsNoRetry == 1` for object "Enter conversation" Button`
    t =     4.89s         Checking existence of `"Enter conversation" Button`
    t =     4.95s Tap "Enter conversation" Button
    t =     4.96s     Wait for life.soullab.voicekernel.k00 to idle
    t =     4.96s     Find the "Enter conversation" Button
    t =     5.00s     Check for interrupting elements affecting "Enter conversation" Button
    t =     5.04s     Synthesize event
    t =     5.46s     Wait for life.soullab.voicekernel.k00 to idle
2026-09-13 13:06:00.127 xcodebuild[60358:27688916] [MT] IDERunDestination: Supported platforms for the buildables in the current scheme is empty.
    t =    20.47s Waiting 5.0s for "Export journal" Button to exist
    t =    21.50s     Checking `Expect predicate `existsNoRetry == 1` for object "Export journal" Button`
    t =    21.50s         Checking existence of `"Export journal" Button`
    t =    21.53s Tap "Export journal" Button
    t =    21.53s     Wait for life.soullab.voicekernel.k00 to idle
    t =    21.54s     Find the "Export journal" Button
    t =    21.56s     Check for interrupting elements affecting "Export journal" Button
    t =    21.62s     Synthesize event
    t =    21.92s     Wait for life.soullab.voicekernel.k00 to idle
    t =    24.15s Terminate life.soullab.voicekernel.k00:60416
    t =    25.19s Wait for life.soullab.voicekernel.k00 to become Not Running
    t =    25.19s Tear Down
Test Case '-[DriverUITests.K00DriverTests testOneSample]' passed (25.262 seconds).
Test Suite 'K00DriverTests' passed at 2026-09-13 13:06:11.529.
	 Executed 1 test, with 0 failures (0 unexpected) in 25.262 (25.266) seconds
Test Suite 'DriverUITests.xctest' passed at 2026-09-13 13:06:11.536.
	 Executed 1 test, with 0 failures (0 unexpected) in 25.262 (25.273) seconds
Test Suite 'Selected tests' passed at 2026-09-13 13:06:11.541.
	 Executed 1 test, with 0 failures (0 unexpected) in 25.262 (25.279) seconds
2026-09-13 13:06:11.612 xcodebuild[60358:27688916] [MT] IDERunDestination: Supported platforms for the buildables in the current scheme is empty.
2026-09-13 13:06:11.795 xcodebuild[60358:27688916] [MT] IDETestOperationsObserverDebug: 27.820 elapsed -- Testing started completed.
2026-09-13 13:06:11.795 xcodebuild[60358:27688916] [MT] IDETestOperationsObserverDebug: 0.000 sec, +0.000 sec -- start
2026-09-13 13:06:11.795 xcodebuild[60358:27688916] [MT] IDETestOperationsObserverDebug: 27.820 sec, +27.820 sec -- end

Test session results, code coverage, and logs:
	/Users/soullab/Library/Developer/Xcode/DerivedData/VoiceKernelDriver-bgfsancyurldpiacnucfnjmswklo/Logs/Test/Test-DriverUITests-2026.09.13_13-05-43--0400.xcresult

** TEST EXECUTE SUCCEEDED **

Testing started
