Command line invocation:
    /Applications/Xcode.app/Contents/Developer/usr/bin/xcodebuild test-without-building -xctestrun /private/tmp/voice-fire-8cfa/ios/VoiceKernelDriver/.derived/Build/Products/DriverUITests_iphoneos26.2-arm64.xctestrun -destination id=00008140-00163D9922E0801C -collect-test-diagnostics never "-only-testing:DriverUITests/K00DriverTests/testOneSample"

2026-09-13 12:50:17.816 xcodebuild[56358:27627747] [MT] IDERunDestination: Supported platforms for the buildables in the current scheme is empty.
2026-09-13 12:50:17.820 xcodebuild[56358:27627747] [MT] IDERunDestination: Supported platforms for the buildables in the current scheme is empty.
2026-09-13 12:50:17.918 xcodebuild[56358:27627747] [MT] IDERunDestination: Supported platforms for the buildables in the current scheme is empty.
--- xcodebuild: WARNING: Using the first of multiple matching destinations:
{ platform:iOS, arch:arm64e, id:00008140-00163D9922E0801C, name:Kelly Nezat’s iPhone }
{ platform:iOS, arch:arm64, id:00008140-00163D9922E0801C, name:Kelly Nezat’s iPhone }
2026-09-13 12:50:18.162 xcodebuild[56358:27627747] [MT] IDERunDestination: Supported platforms for the buildables in the current scheme is empty.
2026-09-13 12:50:19.855881-0400 DriverUITests-Runner[60191:13446784] [Default] Running tests...
    t =      nans Interface orientation changed to Portrait
Test Suite 'Selected tests' started at 2026-09-13 12:50:20.314.
Test Suite 'DriverUITests.xctest' started at 2026-09-13 12:50:20.315.
Test Suite 'K00DriverTests' started at 2026-09-13 12:50:20.315.
Test Case '-[DriverUITests.K00DriverTests testOneSample]' started.
    t =     0.00s Start Test at 2026-09-13 12:50:20.316
    t =     0.02s Set Up
    t =     0.02s Open life.soullab.voicekernel.k00
    t =     0.02s     Launch life.soullab.voicekernel.k00
    t =     0.11s         Setting up automation session
    t =     0.18s         Wait for life.soullab.voicekernel.k00 to idle
2026-09-13 12:50:20.450 xcodebuild[56358:27627747] [MT] IDERunDestination: Supported platforms for the buildables in the current scheme is empty.
    t =     1.27s Wait for life.soullab.voicekernel.k00 to become Running Foreground
    t =     1.28s Waiting 10.0s for "Enter conversation" Button to exist
    t =     2.31s     Checking `Expect predicate `existsNoRetry == 1` for object "Enter conversation" Button`
    t =     2.31s         Checking existence of `"Enter conversation" Button`
    t =     2.41s Checking existence of `"Voice processing: ON (default)" Button`
    t =     2.44s Checking existence of `"Voice processing: OFF (control run)" Button`
    t =     2.76s Waiting 3.0s for "Voice processing: ON (default)" Button to exist
    t =     3.80s     Checking `Expect predicate `existsNoRetry == 1` for object "Voice processing: ON (default)" Button`
    t =     3.80s         Checking existence of `"Voice processing: ON (default)" Button`
    t =     3.86s Waiting 5.0s for "Enter conversation" Button to exist
    t =     4.86s     Checking `Expect predicate `existsNoRetry == 1` for object "Enter conversation" Button`
    t =     4.86s         Checking existence of `"Enter conversation" Button`
    t =     4.92s Tap "Enter conversation" Button
    t =     4.92s     Wait for life.soullab.voicekernel.k00 to idle
    t =     4.93s     Find the "Enter conversation" Button
    t =     4.97s     Check for interrupting elements affecting "Enter conversation" Button
    t =     5.01s     Synthesize event
    t =     5.43s     Wait for life.soullab.voicekernel.k00 to idle
    t =    20.44s Waiting 5.0s for "Export journal" Button to exist
    t =    21.48s     Checking `Expect predicate `existsNoRetry == 1` for object "Export journal" Button`
    t =    21.48s         Checking existence of `"Export journal" Button`
    t =    21.54s Tap "Export journal" Button
    t =    21.54s     Wait for life.soullab.voicekernel.k00 to idle
    t =    21.55s     Find the "Export journal" Button
    t =    21.58s     Check for interrupting elements affecting "Export journal" Button
    t =    21.63s     Synthesize event
    t =    21.93s     Wait for life.soullab.voicekernel.k00 to idle
    t =    24.14s Terminate life.soullab.voicekernel.k00:60192
    t =    25.23s Wait for life.soullab.voicekernel.k00 to become Not Running
    t =    25.23s Tear Down
Test Case '-[DriverUITests.K00DriverTests testOneSample]' passed (25.270 seconds).
Test Suite 'K00DriverTests' passed at 2026-09-13 12:50:45.587.
	 Executed 1 test, with 0 failures (0 unexpected) in 25.270 (25.272) seconds
Test Suite 'DriverUITests.xctest' passed at 2026-09-13 12:50:45.590.
	 Executed 1 test, with 0 failures (0 unexpected) in 25.270 (25.275) seconds
Test Suite 'Selected tests' passed at 2026-09-13 12:50:45.592.
	 Executed 1 test, with 0 failures (0 unexpected) in 25.270 (25.278) seconds
2026-09-13 12:50:45.690 xcodebuild[56358:27627747] [MT] IDERunDestination: Supported platforms for the buildables in the current scheme is empty.
2026-09-13 12:50:45.855 xcodebuild[56358:27627747] [MT] IDETestOperationsObserverDebug: 27.692 elapsed -- Testing started completed.
2026-09-13 12:50:45.855 xcodebuild[56358:27627747] [MT] IDETestOperationsObserverDebug: 0.000 sec, +0.000 sec -- start
2026-09-13 12:50:45.855 xcodebuild[56358:27627747] [MT] IDETestOperationsObserverDebug: 27.692 sec, +27.692 sec -- end

Test session results, code coverage, and logs:
	/Users/soullab/Library/Developer/Xcode/DerivedData/VoiceKernelDriver-eauxsyueztbejgfkcrhibsmlebsk/Logs/Test/Test-DriverUITests-2026.09.13_12-50-17--0400.xcresult

** TEST EXECUTE SUCCEEDED **

Testing started
