Command line invocation:
    /Applications/Xcode.app/Contents/Developer/usr/bin/xcodebuild test-without-building -xctestrun /private/tmp/voice-fire-8cfa/ios/VoiceKernelDriver/.derived/Build/Products/DriverUITests_iphoneos26.2-arm64.xctestrun -destination id=00008140-00163D9922E0801C -collect-test-diagnostics never "-only-testing:DriverUITests/K00DriverTests/testOneSample"

2026-09-13 12:54:09.952 xcodebuild[56747:27640320] [MT] IDERunDestination: Supported platforms for the buildables in the current scheme is empty.
2026-09-13 12:54:09.955 xcodebuild[56747:27640320] [MT] IDERunDestination: Supported platforms for the buildables in the current scheme is empty.
2026-09-13 12:54:10.054 xcodebuild[56747:27640320] [MT] IDERunDestination: Supported platforms for the buildables in the current scheme is empty.
--- xcodebuild: WARNING: Using the first of multiple matching destinations:
{ platform:iOS, arch:arm64e, id:00008140-00163D9922E0801C, name:Kelly Nezat’s iPhone }
{ platform:iOS, arch:arm64, id:00008140-00163D9922E0801C, name:Kelly Nezat’s iPhone }
2026-09-13 12:54:10.288 xcodebuild[56747:27640320] [MT] IDERunDestination: Supported platforms for the buildables in the current scheme is empty.
2026-09-13 12:54:10.478 xcodebuild[56747:27640320] [MT] IDERunDestination: Supported platforms for the buildables in the current scheme is empty.
2026-09-13 12:54:12.441281-0400 DriverUITests-Runner[60219:13454054] [Default] Running tests...
    t =      nans Interface orientation changed to Portrait
Test Suite 'Selected tests' started at 2026-09-13 12:54:13.024.
Test Suite 'DriverUITests.xctest' started at 2026-09-13 12:54:13.024.
Test Suite 'K00DriverTests' started at 2026-09-13 12:54:13.024.
Test Case '-[DriverUITests.K00DriverTests testOneSample]' started.
    t =     0.00s Start Test at 2026-09-13 12:54:13.025
    t =     0.02s Set Up
    t =     0.02s Open life.soullab.voicekernel.k00
    t =     0.02s     Launch life.soullab.voicekernel.k00
    t =     0.12s         Setting up automation session
    t =     0.19s         Wait for life.soullab.voicekernel.k00 to idle
2026-09-13 12:54:13.194 xcodebuild[56747:27640320] [MT] IDERunDestination: Supported platforms for the buildables in the current scheme is empty.
    t =     1.31s Wait for life.soullab.voicekernel.k00 to become Running Foreground
    t =     1.32s Waiting 10.0s for "Enter conversation" Button to exist
    t =     2.34s     Checking `Expect predicate `existsNoRetry == 1` for object "Enter conversation" Button`
    t =     2.34s         Checking existence of `"Enter conversation" Button`
    t =     2.44s Checking existence of `"Voice processing: ON (default)" Button`
    t =     2.46s Checking existence of `"Voice processing: OFF (control run)" Button`
    t =     2.79s Waiting 3.0s for "Voice processing: ON (default)" Button to exist
    t =     3.81s     Checking `Expect predicate `existsNoRetry == 1` for object "Voice processing: ON (default)" Button`
    t =     3.81s         Checking existence of `"Voice processing: ON (default)" Button`
    t =     3.87s Waiting 5.0s for "Enter conversation" Button to exist
    t =     4.89s     Checking `Expect predicate `existsNoRetry == 1` for object "Enter conversation" Button`
    t =     4.89s         Checking existence of `"Enter conversation" Button`
    t =     4.95s Tap "Enter conversation" Button
    t =     4.96s     Wait for life.soullab.voicekernel.k00 to idle
    t =     4.96s     Find the "Enter conversation" Button
    t =     5.10s     Check for interrupting elements affecting "Enter conversation" Button
    t =     5.18s     Synthesize event
    t =     5.48s     Wait for life.soullab.voicekernel.k00 to idle
    t =    20.50s Waiting 5.0s for "Export journal" Button to exist
    t =    21.52s     Checking `Expect predicate `existsNoRetry == 1` for object "Export journal" Button`
    t =    21.52s         Checking existence of `"Export journal" Button`
    t =    21.58s Tap "Export journal" Button
    t =    21.58s     Wait for life.soullab.voicekernel.k00 to idle
    t =    21.59s     Find the "Export journal" Button
    t =    21.63s     Check for interrupting elements affecting "Export journal" Button
    t =    21.66s     Synthesize event
    t =    21.96s     Wait for life.soullab.voicekernel.k00 to idle
    t =    24.43s Terminate life.soullab.voicekernel.k00:60221
    t =    25.47s Wait for life.soullab.voicekernel.k00 to become Not Running
    t =    25.47s Tear Down
Test Case '-[DriverUITests.K00DriverTests testOneSample]' passed (25.520 seconds).
Test Suite 'K00DriverTests' passed at 2026-09-13 12:54:38.546.
	 Executed 1 test, with 0 failures (0 unexpected) in 25.520 (25.522) seconds
Test Suite 'DriverUITests.xctest' passed at 2026-09-13 12:54:38.552.
	 Executed 1 test, with 0 failures (0 unexpected) in 25.520 (25.528) seconds
Test Suite 'Selected tests' passed at 2026-09-13 12:54:38.554.
	 Executed 1 test, with 0 failures (0 unexpected) in 25.520 (25.530) seconds
2026-09-13 12:54:38.661 xcodebuild[56747:27640320] [MT] IDERunDestination: Supported platforms for the buildables in the current scheme is empty.
2026-09-13 12:54:38.835 xcodebuild[56747:27640320] [MT] IDETestOperationsObserverDebug: 28.546 elapsed -- Testing started completed.
2026-09-13 12:54:38.835 xcodebuild[56747:27640320] [MT] IDETestOperationsObserverDebug: 0.000 sec, +0.000 sec -- start
2026-09-13 12:54:38.835 xcodebuild[56747:27640320] [MT] IDETestOperationsObserverDebug: 28.546 sec, +28.546 sec -- end

Test session results, code coverage, and logs:
	/Users/soullab/Library/Developer/Xcode/DerivedData/VoiceKernelDriver-fmilaqrtdwlfrudmodyfetxansuo/Logs/Test/Test-DriverUITests-2026.09.13_12-54-10--0400.xcresult

** TEST EXECUTE SUCCEEDED **

Testing started
